Archive member included because of file (symbol)

contiki-OrisenStamp.a(rimeaddr.o)
                              syncSensor.co (rimeaddr_copy)
contiki-OrisenStamp.a(rime.o)
                              obj_OrisenStamp/contiki-stamp-main.o (rime_driver)
contiki-OrisenStamp.a(rimestats.o)
                              contiki-OrisenStamp.a(rime.o) (rimestats)
contiki-OrisenStamp.a(announcement.o)
                              contiki-OrisenStamp.a(rime.o) (announcement_init)
contiki-OrisenStamp.a(broadcast-annou)
                              contiki-OrisenStamp.a(rime.o) (broadcast_announcement_init)
contiki-OrisenStamp.a(broadcast.o)
                              contiki-OrisenStamp.a(broadcast-annou) (broadcast_send)
contiki-OrisenStamp.a(abc.o)  contiki-OrisenStamp.a(rime.o) (abc_input)
contiki-OrisenStamp.a(collect.o)
                              syncSensor.co (collect_parent)
contiki-OrisenStamp.a(collect-neighbo)
                              contiki-OrisenStamp.a(collect.o) (collect_neighbor_list)
contiki-OrisenStamp.a(collect-link-es)
                              contiki-OrisenStamp.a(collect-neighbo) (collect_link_estimate_new)
contiki-OrisenStamp.a(chameleon.o)
                              contiki-OrisenStamp.a(rime.o) (chameleon_parse)
contiki-OrisenStamp.a(channel.o)
                              contiki-OrisenStamp.a(abc.o) (channel_close)
contiki-OrisenStamp.a(chameleon-bitop)
                              contiki-OrisenStamp.a(chameleon.o) (chameleon_bitopt)
contiki-OrisenStamp.a(nullrdc.o)
                              obj_OrisenStamp/contiki-stamp-main.o (nullrdc_driver)
contiki-OrisenStamp.a(mac.o)  contiki-OrisenStamp.a(nullrdc.o) (mac_call_sent_callback)
contiki-OrisenStamp.a(framer-802154.o)
                              contiki-OrisenStamp.a(nullrdc.o) (framer_802154)
contiki-OrisenStamp.a(csma.o)
                              obj_OrisenStamp/contiki-stamp-main.o (csma_driver)
contiki-OrisenStamp.a(process.o)
                              obj_OrisenStamp/contiki-stamp-main.o (process_init)
contiki-OrisenStamp.a(autostart.o)
                              obj_OrisenStamp/contiki-stamp-main.o (autostart_start)
contiki-OrisenStamp.a(serial-line.o)
                              obj_OrisenStamp/contiki-stamp-main.o (serial_line_init)
contiki-OrisenStamp.a(memb.o)
                              contiki-OrisenStamp.a(collect-neighbo) (memb_alloc)
contiki-OrisenStamp.a(timer.o)
                              contiki-OrisenStamp.a(collect-neighbo) (timer_expired)
contiki-OrisenStamp.a(list.o)
                              contiki-OrisenStamp.a(announcement.o) (list_init)
contiki-OrisenStamp.a(etimer.o)
                              syncSensor.co (etimer_expired)
contiki-OrisenStamp.a(ctimer.o)
                              contiki-OrisenStamp.a(broadcast-annou) (ctimer_stop)
contiki-OrisenStamp.a(random.o)
                              contiki-OrisenStamp.a(broadcast-annou) (random_rand)
contiki-OrisenStamp.a(ringbuf.o)
                              contiki-OrisenStamp.a(serial-line.o) (ringbuf_init)
contiki-OrisenStamp.a(packetbuf.o)
                              contiki-OrisenStamp.a(collect.o) (packetbuf_hdrreduce)
contiki-OrisenStamp.a(queuebuf.o)
                              contiki-OrisenStamp.a(collect.o) (queuebuf_to_packetbuf)
contiki-OrisenStamp.a(packetqueue.o)
                              contiki-OrisenStamp.a(collect.o) (packetqueue_queuebuf)
contiki-OrisenStamp.a(clock.o)
                              obj_OrisenStamp/contiki-stamp-main.o (clock_init)
contiki-OrisenStamp.a(button-sensor.o)
                              syncSensor.co (button_sensor)
contiki-OrisenStamp.a(sensors.o)
                              contiki-OrisenStamp.a(button-sensor.o) (sensors_changed)
contiki-OrisenStamp.a(RTC.o)  obj_OrisenStamp/contiki-stamp-main.o (RTC_init)
contiki-OrisenStamp.a(kbi_events.o)
                              obj_OrisenStamp/contiki-stamp-main.o (kbi_event_process)
contiki-OrisenStamp.a(io-pins.o)
                              obj_OrisenStamp/contiki-stamp-main.o (ioPins_init)
contiki-OrisenStamp.a(contiki-crm.o)
                              obj_OrisenStamp/contiki-stamp-main.o (cal_ring_osc)
contiki-OrisenStamp.a(contiki-maca.o)
                              contiki-OrisenStamp.a(nullrdc.o) (contiki_maca_driver)
contiki-OrisenStamp.a(contiki-misc.o)
                              contiki-OrisenStamp.a(random.o) (srand)
contiki-OrisenStamp.a(leds.o)
                              syncSensor.co (leds_off)
contiki-OrisenStamp.a(contiki-uart.o)
                              obj_OrisenStamp/contiki-stamp-main.o (uart1_set_input)
contiki-OrisenStamp.a(dbg-printf.o)
                              syncSensor.co (printf)
contiki-OrisenStamp.a(dbg-sprintf.o)
                              syncSensor.co (sprintf)
contiki-OrisenStamp.a(strformat.o)
                              contiki-OrisenStamp.a(dbg-printf.o) (format_str_v)
[...]
Memory Configuration

Name             Origin             Length             Attributes
ram              0x00400000         0x00018000         xrw
*default*        0x00000000         0xffffffff

Linker script and memory map

LOAD syncSensor.co
LOAD obj_OrisenStamp/contiki-stamp-main.o
LOAD obj_OrisenStamp/start.o
LOAD contiki-OrisenStamp.a
LOAD contiki-OrisenStamp.a
START GROUP
LOAD /home/user/CodeSourcery/Sourcery_G++_Lite/bin/../lib/gcc/arm-none-eabi/4.3.2/libgcc.a
LOAD /home/user/CodeSourcery/Sourcery_G++_Lite/bin/../lib/gcc/arm-none-eabi/4.3.2/../../../../arm-none-eabi/lib/libc.a
END GROUP
                0x00000400                SYS_STACK_SIZE = 0x400
                0x00000100                IRQ_STACK_SIZE = 0x100
                0x00000100                FIQ_STACK_SIZE = 0x100
                0x00000100                SVC_STACK_SIZE = 0x100
                0x00000010                ABT_STACK_SIZE = 0x10
                0x00000010                UND_STACK_SIZE = 0x10
                0x00001000                HEAP_SIZE = 0x1000
                0x00400000                PROVIDE (__executable_start, 0x400000)
                0x00400000                . = 0x400000

.text           0x00400000     0xa990
 *(.start)
 .start         0x00400000      0x8b4 obj_OrisenStamp/start.o
                0x00400890                _bss_start
                0x00400894                _bss_end
                0x00400000                _start
 *(.irq)
 .irq           0x004008b4      0x214 contiki-OrisenStamp.a(isr.o)
                0x004008b4                irq
 *(.text .stub .text.* .gnu.linkonce.t.*)
 .text.process_thread_ledflasher_process
                0x00400ac8       0x78 syncSensor.co
 .text.process_thread_pairing_process
                0x00400b40       0xf4 syncSensor.co
 .text.recv     0x00400c34       0x4c syncSensor.co
 .text.process_thread_uart_process
                0x00400c80      0x230 syncSensor.co
 .text.process_thread_example_collect_process
                0x00400eb0      0x1cc syncSensor.co
 .text.sd_card_switch_init
                0x0040107c       0x44 obj_OrisenStamp/contiki-stamp-main.o
                0x0040107c                sd_card_switch_init
                0x00401084                .real_start_ofsd_card_switch_init
 .text.kbi4_init
                0x004010c0       0x64 obj_OrisenStamp/contiki-stamp-main.o
                0x004010c8                .real_start_ofkbi4_init
                0x004010c0                kbi4_init
 .text.kbi5_init
                0x00401124       0x68 obj_OrisenStamp/contiki-stamp-main.o
                0x00401124                kbi5_init
                0x0040112c                .real_start_ofkbi5_init
 .text.print_welcome
                0x0040118c       0x40 obj_OrisenStamp/contiki-stamp-main.o
                0x0040118c                print_welcome
                0x00401194                .real_start_ofprint_welcome
 .text.set_rimeaddr
                0x004011cc      0x104 obj_OrisenStamp/contiki-stamp-main.o
                0x004011cc                set_rimeaddr
                0x004011d4                .real_start_ofset_rimeaddr
 .text.stamp_init
                0x004012d0       0xc4 obj_OrisenStamp/contiki-stamp-main.o
                0x004012d8                .real_start_ofstamp_init
                0x004012d0                stamp_init
 .text.init_lowlevel
                0x00401394       0x60 obj_OrisenStamp/contiki-stamp-main.o
                0x00401394                init_lowlevel
                0x0040139c                .real_start_ofinit_lowlevel
 .text.main     0x004013f4      0x1e0 obj_OrisenStamp/contiki-stamp-main.o
                0x004013fc                .real_start_ofmain
                0x004013f4                main
 .text.rimeaddr_copy
                0x004015d4       0x1c contiki-OrisenStamp.a(rimeaddr.o)
                0x004015d4                rimeaddr_copy
                0x004015dc                .real_start_ofrimeaddr_copy
 .text.rimeaddr_cmp
                0x004015f0       0x2c contiki-OrisenStamp.a(rimeaddr.o)
                0x004015f8                .real_start_ofrimeaddr_cmp
                0x004015f0                rimeaddr_cmp
 .text.rimeaddr_set_node_addr
                0x0040161c       0x28 contiki-OrisenStamp.a(rimeaddr.o)
                0x0040161c                rimeaddr_set_node_addr
                0x00401624                .real_start_ofrimeaddr_set_node_addr
 .text.input    0x00401644       0x60 contiki-OrisenStamp.a(rime.o)
 .text.init     0x004016a4       0x50 contiki-OrisenStamp.a(rime.o)
 .text.rime_output
                0x004016f4       0x50 contiki-OrisenStamp.a(rime.o)
                0x004016fc                .real_start_ofrime_output
                0x004016f4                rime_output
 .text.packet_sent
                0x00401744       0x50 contiki-OrisenStamp.a(rime.o)
 .text.announcement_set_value
                0x00401794       0x3c contiki-OrisenStamp.a(announcement.o)
                0x00401794                announcement_set_value
                0x0040179c                .real_start_ofannouncement_set_value
 .text.announcement_bump
                0x004017d0       0x38 contiki-OrisenStamp.a(announcement.o)
                0x004017d8                .real_start_ofannouncement_bump
                0x004017d0                announcement_bump
 .text.announcement_register_observer_callback
                0x00401808       0x14 contiki-OrisenStamp.a(announcement.o)
                0x00401808                announcement_register_observer_callback
                0x00401810                .real_start_ofannouncement_register_observer_callback
 .text.announcement_list
                0x0040181c       0x24 contiki-OrisenStamp.a(announcement.o)
                0x00401824                .real_start_ofannouncement_list
                0x0040181c                announcement_list
 .text.announcement_heard
                0x00401840       0x50 contiki-OrisenStamp.a(announcement.o)
                0x00401840                announcement_heard
                0x00401848                .real_start_ofannouncement_heard
 .text.announcement_register
                0x00401890       0x50 contiki-OrisenStamp.a(announcement.o)
                0x00401898                .real_start_ofannouncement_register
                0x00401890                announcement_register
 .text.announcement_init
                0x004018e0       0x24 contiki-OrisenStamp.a(announcement.o)
                0x004018e8                .real_start_ofannouncement_init
                0x004018e0                announcement_init
 .text.adv_packet_sent
                0x00401904        0x4 contiki-OrisenStamp.a(broadcast-annou)
 .text.broadcast_announcement_init
                0x00401908       0x54 contiki-OrisenStamp.a(broadcast-annou)
                0x00401910                .real_start_ofbroadcast_announcement_init
                0x00401908                broadcast_announcement_init
 .text.adv_packet_received
                0x0040195c       0x7c contiki-OrisenStamp.a(broadcast-annou)
 .text.set_timers
                0x004019d8       0x54 contiki-OrisenStamp.a(broadcast-annou)
 .text.new_announcement
                0x00401a2c       0x28 contiki-OrisenStamp.a(broadcast-annou)
 .text.send_timer
                0x00401a54       0x2c contiki-OrisenStamp.a(broadcast-annou)
 .text.send_adv
                0x00401a80       0x8c contiki-OrisenStamp.a(broadcast-annou)
 .text.sent_by_abc
                0x00401b0c       0x18 contiki-OrisenStamp.a(broadcast.o)
 .text.broadcast_send
                0x00401b24       0x38 contiki-OrisenStamp.a(broadcast.o)
                0x00401b24                broadcast_send
                0x00401b2c                .real_start_ofbroadcast_send
 .text.recv_from_abc
                0x00401b5c       0x30 contiki-OrisenStamp.a(broadcast.o)
 .text.broadcast_open
                0x00401b8c       0x40 contiki-OrisenStamp.a(broadcast.o)
                0x00401b8c                broadcast_open
                0x00401b94                .real_start_ofbroadcast_open
 .text.abc_input
                0x00401bcc       0x1c contiki-OrisenStamp.a(abc.o)
                0x00401bcc                abc_input
                0x00401bd4                .real_start_ofabc_input
 .text.abc_sent
                0x00401be8       0x20 contiki-OrisenStamp.a(abc.o)
                0x00401be8                abc_sent
                0x00401bf0                .real_start_ofabc_sent
 .text.abc_send
                0x00401c08       0x20 contiki-OrisenStamp.a(abc.o)
                0x00401c08                abc_send
                0x00401c10                .real_start_ofabc_send
 .text.abc_open
                0x00401c28       0x38 contiki-OrisenStamp.a(abc.o)
                0x00401c28                abc_open
                0x00401c30                .real_start_ofabc_open
 .text.packetbuf_set_attr
                0x00401c60       0x10 contiki-OrisenStamp.a(collect.o)
 .text.packetbuf_addr
                0x00401c70       0x10 contiki-OrisenStamp.a(collect.o)
 .text.collect_parent
                0x00401c80        0xc contiki-OrisenStamp.a(collect.o)
                0x00401c88                .real_start_ofcollect_parent
                0x00401c80                collect_parent
 .text.packetbuf_set_addr
                0x00401c8c       0x28 contiki-OrisenStamp.a(collect.o)
 .text.bump_advertisement
                0x00401cb4       0x18 contiki-OrisenStamp.a(collect.o)
 .text.send_packet
                0x00401ccc       0x48 contiki-OrisenStamp.a(collect.o)
 .text.send_queued_packet
                0x00401d14      0x10c contiki-OrisenStamp.a(collect.o)
 .text.update_rtmetric
                0x00401e20      0x124 contiki-OrisenStamp.a(collect.o)
 .text.send_next_packet
                0x00401f44       0x48 contiki-OrisenStamp.a(collect.o)
 .text.set_keepalive_timer
                0x00401f8c       0x5c contiki-OrisenStamp.a(collect.o)
 .text.timedout
                0x00401fe8       0x90 contiki-OrisenStamp.a(collect.o)
 .text.retransmit_callback
                0x00402078      0x128 contiki-OrisenStamp.a(collect.o)
 .text.retransmit_not_sent_callback
                0x004021a0       0x20 contiki-OrisenStamp.a(collect.o)
 .text.node_packet_sent
                0x004021c0       0x7c contiki-OrisenStamp.a(collect.o)
 .text.enqueue_dummy_packet
                0x0040223c       0x9c contiki-OrisenStamp.a(collect.o)
 .text.send_keepalive
                0x004022d8       0x54 contiki-OrisenStamp.a(collect.o)
 .text.collect_send
                0x0040232c      0x148 contiki-OrisenStamp.a(collect.o)
                0x00402334                .real_start_ofcollect_send
                0x0040232c                collect_send
 .text.collect_open
                0x00402474      0x104 contiki-OrisenStamp.a(collect.o)
                0x00402474                collect_open
                0x0040247c                .real_start_ofcollect_open
 .text.add_packet_to_recent_packets
                0x00402578       0x68 contiki-OrisenStamp.a(collect.o)
 .text.send_ack
                0x004025e0       0xac contiki-OrisenStamp.a(collect.o)
 .text.node_packet_received
                0x0040268c      0x3d8 contiki-OrisenStamp.a(collect.o)
 .text.proactive_probing_callback
                0x00402a64      0x100 contiki-OrisenStamp.a(collect.o)
 .text.received_announcement
                0x00402b64       0xc4 contiki-OrisenStamp.a(collect.o)
 .text.collect_neighbor_list
                0x00402c28        0xc contiki-OrisenStamp.a(collect-neighbo)
                0x00402c30                .real_start_ofcollect_neighbor_list
                0x00402c28                collect_neighbor_list
 .text.collect_neighbor_update_rtmetric
                0x00402c34       0x18 contiki-OrisenStamp.a(collect-neighbo)
                0x00402c3c                .real_start_ofcollect_neighbor_update_rtmetric
                0x00402c34                collect_neighbor_update_rtmetric
 .text.collect_neighbor_rtmetric
                0x00402c4c        0xc contiki-OrisenStamp.a(collect-neighbo)
                0x00402c54                .real_start_ofcollect_neighbor_rtmetric
                0x00402c4c                collect_neighbor_rtmetric
 .text.collect_neighbor_set_congested
                0x00402c58       0x28 contiki-OrisenStamp.a(collect-neighbo)
                0x00402c60                .real_start_ofcollect_neighbor_set_congested
                0x00402c58                collect_neighbor_set_congested
 .text.collect_neighbor_rtmetric_link_estimate
                0x00402c80       0x28 contiki-OrisenStamp.a(collect-neighbo)
                0x00402c80                collect_neighbor_rtmetric_link_estimate
                0x00402c88                .real_start_ofcollect_neighbor_rtmetric_link_estimate
 .text.collect_neighbor_tx
                0x00402ca8       0x2c contiki-OrisenStamp.a(collect-neighbo)
                0x00402cb0                .real_start_ofcollect_neighbor_tx
                0x00402ca8                collect_neighbor_tx
 .text.collect_neighbor_tx_fail
                0x00402cd4       0x2c contiki-OrisenStamp.a(collect-neighbo)
                0x00402cd4                collect_neighbor_tx_fail
                0x00402cdc                .real_start_ofcollect_neighbor_tx_fail
 .text.collect_neighbor_list_best
                0x00402d00       0x5c contiki-OrisenStamp.a(collect-neighbo)
                0x00402d08                .real_start_ofcollect_neighbor_list_best
                0x00402d00                collect_neighbor_list_best
 .text.collect_neighbor_list_find
                0x00402d5c       0x48 contiki-OrisenStamp.a(collect-neighbo)
                0x00402d64                .real_start_ofcollect_neighbor_list_find
                0x00402d5c                collect_neighbor_list_find
 .text.collect_neighbor_list_add
                0x00402da4       0xd0 contiki-OrisenStamp.a(collect-neighbo)
                0x00402dac                .real_start_ofcollect_neighbor_list_add
                0x00402da4                collect_neighbor_list_add
 .text.collect_neighbor_list_new
                0x00402e74       0x44 contiki-OrisenStamp.a(collect-neighbo)
                0x00402e7c                .real_start_ofcollect_neighbor_list_new
                0x00402e74                collect_neighbor_list_new
 .text.periodic
                0x00402eb8       0xac contiki-OrisenStamp.a(collect-neighbo)
 .text.collect_neighbor_init
                0x00402f64       0x34 contiki-OrisenStamp.a(collect-neighbo)
                0x00402f6c                .real_start_ofcollect_neighbor_init
                0x00402f64                collect_neighbor_init
 .text.collect_link_estimate_new
                0x00402f98       0x14 contiki-OrisenStamp.a(collect-link-es)
                0x00402f98                collect_link_estimate_new
                0x00402fa0                .real_start_ofcollect_link_estimate_new
 .text.collect_link_estimate_update_tx
                0x00402fac       0x3c contiki-OrisenStamp.a(collect-link-es)
                0x00402fb4                .real_start_ofcollect_link_estimate_update_tx
                0x00402fac                collect_link_estimate_update_tx
 .text.collect_link_estimate_update_tx_fail
                0x00402fe8       0x24 contiki-OrisenStamp.a(collect-link-es)
                0x00402ff0                .real_start_ofcollect_link_estimate_update_tx_fail
                0x00402fe8                collect_link_estimate_update_tx_fail
 .text.collect_link_estimate
                0x0040300c       0x1c contiki-OrisenStamp.a(collect-link-es)
                0x00403014                .real_start_ofcollect_link_estimate
                0x0040300c                collect_link_estimate
 .text.collect_link_estimate_num_estimates
                0x00403028       0x14 contiki-OrisenStamp.a(collect-link-es)
                0x00403028                collect_link_estimate_num_estimates
                0x00403030                .real_start_ofcollect_link_estimate_num_estimates
 .text.packetbuf_set_attr
                0x0040303c       0x10 contiki-OrisenStamp.a(chameleon.o)
 .text.chameleon_parse
                0x0040304c       0x38 contiki-OrisenStamp.a(chameleon.o)
                0x0040304c                chameleon_parse
                0x00403054                .real_start_ofchameleon_parse
 .text.chameleon_create
                0x00403084       0x38 contiki-OrisenStamp.a(chameleon.o)
                0x00403084                chameleon_create
                0x0040308c                .real_start_ofchameleon_create
 .text.chameleon_hdrsize
                0x004030bc       0x20 contiki-OrisenStamp.a(chameleon.o)
                0x004030bc                chameleon_hdrsize
                0x004030c4                .real_start_ofchameleon_hdrsize
 .text.chameleon_init
                0x004030dc       0x20 contiki-OrisenStamp.a(chameleon.o)
                0x004030dc                chameleon_init
                0x004030e4                .real_start_ofchameleon_init
 .text.channel_lookup
                0x004030fc       0x38 contiki-OrisenStamp.a(channel.o)
                0x004030fc                channel_lookup
                0x00403104                .real_start_ofchannel_lookup
 .text.channel_open
                0x00403134       0x2c contiki-OrisenStamp.a(channel.o)
                0x00403134                channel_open
                0x0040313c                .real_start_ofchannel_open
 .text.channel_set_attributes
                0x00403160       0x38 contiki-OrisenStamp.a(channel.o)
                0x00403160                channel_set_attributes
                0x00403168                .real_start_ofchannel_set_attributes
 .text.channel_init
                0x00403198       0x24 contiki-OrisenStamp.a(channel.o)
                0x004031a0                .real_start_ofchannel_init
                0x00403198                channel_init
 .text.get_bits_in_byte
                0x004031bc       0x2c contiki-OrisenStamp.a(chameleon-bitop)
                0x004031bc                get_bits_in_byte
                0x004031c4                .real_start_ofget_bits_in_byte
 .text.get_bits
                0x004031e8       0x9c contiki-OrisenStamp.a(chameleon-bitop)
                0x004031f0                .real_start_ofget_bits
                0x004031e8                get_bits
 .text.header_size
                0x00403284       0x18 contiki-OrisenStamp.a(chameleon-bitop)
 .text.set_bits_in_byte
                0x0040329c       0x2c contiki-OrisenStamp.a(chameleon-bitop)
                0x004032a4                .real_start_ofset_bits_in_byte
                0x0040329c                set_bits_in_byte
 .text.set_bits
                0x004032c8       0xa8 contiki-OrisenStamp.a(chameleon-bitop)
                0x004032c8                set_bits
                0x004032d0                .real_start_ofset_bits
 .text.pack_header
                0x00403370       0xb8 contiki-OrisenStamp.a(chameleon-bitop)
 .text.unpack_header
                0x00403428       0xec contiki-OrisenStamp.a(chameleon-bitop)
 .text.packetbuf_addr
                0x00403514       0x10 contiki-OrisenStamp.a(nullrdc.o)
 .text.on       0x00403524       0x18 contiki-OrisenStamp.a(nullrdc.o)
 .text.off      0x0040353c       0x20 contiki-OrisenStamp.a(nullrdc.o)
 .text.channel_check_interval
                0x0040355c        0x4 contiki-OrisenStamp.a(nullrdc.o)
 .text.init     0x00403560       0x18 contiki-OrisenStamp.a(nullrdc.o)
 .text.packet_input
                0x00403578       0x60 contiki-OrisenStamp.a(nullrdc.o)
 .text.send_packet
                0x004035d8       0x90 contiki-OrisenStamp.a(nullrdc.o)
 .text.send_list
                0x00403668       0x30 contiki-OrisenStamp.a(nullrdc.o)
 .text.mac_call_sent_callback
                0x00403698       0x24 contiki-OrisenStamp.a(mac.o)
                0x004036a0                .real_start_ofmac_call_sent_callback
                0x00403698                mac_call_sent_callback
 .text.packetbuf_set_attr
                0x004036bc       0x10 contiki-OrisenStamp.a(framer-802154.o)
 .text.packetbuf_addr
                0x004036cc       0x10 contiki-OrisenStamp.a(framer-802154.o)
 .text.packetbuf_set_addr
                0x004036dc       0x28 contiki-OrisenStamp.a(framer-802154.o)
 .text.parse    0x00403704       0xc8 contiki-OrisenStamp.a(framer-802154.o)
 .text.create   0x004037cc      0x15c contiki-OrisenStamp.a(framer-802154.o)
 .text.packetbuf_addr
                0x00403928       0x10 contiki-OrisenStamp.a(csma.o)
 .text.default_timebase
                0x00403938       0x20 contiki-OrisenStamp.a(csma.o)
 .text.input_packet
                0x00403958       0x18 contiki-OrisenStamp.a(csma.o)
 .text.on       0x00403970       0x18 contiki-OrisenStamp.a(csma.o)
 .text.off      0x00403988       0x18 contiki-OrisenStamp.a(csma.o)
 .text.channel_check_interval
                0x004039a0       0x20 contiki-OrisenStamp.a(csma.o)
 .text.transmit_packet_list
                0x004039c0       0x38 contiki-OrisenStamp.a(csma.o)
 .text.send_packet
                0x004039f8      0x1cc contiki-OrisenStamp.a(csma.o)
 .text.free_first_packet
                0x00403bc4       0xc4 contiki-OrisenStamp.a(csma.o)
 .text.packet_sent
                0x00403c88       0xf0 contiki-OrisenStamp.a(csma.o)
 .text.init     0x00403d78       0x30 contiki-OrisenStamp.a(csma.o)
 .text.process_alloc_event
                0x00403da8       0x18 contiki-OrisenStamp.a(process.o)
                0x00403db0                .real_start_ofprocess_alloc_event
                0x00403da8                process_alloc_event
 .text.process_init
                0x00403dc0       0x40 contiki-OrisenStamp.a(process.o)
                0x00403dc0                process_init
                0x00403dc8                .real_start_ofprocess_init
 .text.process_post
                0x00403e00       0x68 contiki-OrisenStamp.a(process.o)
                0x00403e00                process_post
                0x00403e08                .real_start_ofprocess_post
 .text.process_poll
                0x00403e68       0x2c contiki-OrisenStamp.a(process.o)
                0x00403e68                process_poll
                0x00403e70                .real_start_ofprocess_poll
 .text.process_is_running
                0x00403e94       0x10 contiki-OrisenStamp.a(process.o)
                0x00403e94                process_is_running
                0x00403e9c                .real_start_ofprocess_is_running
 .text.exit_process
                0x00403ea4       0xa4 contiki-OrisenStamp.a(process.o)
 .text.call_process
                0x00403f48       0x50 contiki-OrisenStamp.a(process.o)
 .text.process_post_synch
                0x00403f98       0x28 contiki-OrisenStamp.a(process.o)
                0x00403fa0                .real_start_ofprocess_post_synch
                0x00403f98                process_post_synch
 .text.process_start
                0x00403fc0       0x44 contiki-OrisenStamp.a(process.o)
                0x00403fc8                .real_start_ofprocess_start
                0x00403fc0                process_start
 .text.do_poll  0x00404004       0x44 contiki-OrisenStamp.a(process.o)
 .text.process_run
                0x00404048       0xdc contiki-OrisenStamp.a(process.o)
                0x00404050                .real_start_ofprocess_run
                0x00404048                process_run
 .text.process_exit
                0x00404124       0x28 contiki-OrisenStamp.a(process.o)
                0x0040412c                .real_start_ofprocess_exit
                0x00404124                process_exit
 .text.autostart_start
                0x0040414c       0x2c contiki-OrisenStamp.a(autostart.o)
                0x00404154                .real_start_ofautostart_start
                0x0040414c                autostart_start
 .text.process_thread_serial_line_process
                0x00404178       0xb4 contiki-OrisenStamp.a(serial-line.o)
 .text.serial_line_init
                0x0040422c       0x40 contiki-OrisenStamp.a(serial-line.o)
                0x00404234                .real_start_ofserial_line_init
                0x0040422c                serial_line_init
 .text.serial_line_input_byte
                0x0040426c       0x68 contiki-OrisenStamp.a(serial-line.o)
                0x00404274                .real_start_ofserial_line_input_byte
                0x0040426c                serial_line_input_byte
 .text.memb_alloc
                0x004042d4       0x38 contiki-OrisenStamp.a(memb.o)
                0x004042dc                .real_start_ofmemb_alloc
                0x004042d4                memb_alloc
 .text.memb_free
                0x0040430c       0x40 contiki-OrisenStamp.a(memb.o)
                0x0040430c                memb_free
                0x00404314                .real_start_ofmemb_free
 .text.memb_inmemb
                0x0040434c       0x34 contiki-OrisenStamp.a(memb.o)
                0x00404354                .real_start_ofmemb_inmemb
                0x0040434c                memb_inmemb
 .text.memb_init
                0x00404380       0x34 contiki-OrisenStamp.a(memb.o)
                0x00404388                .real_start_ofmemb_init
                0x00404380                memb_init
 .text.timer_expired
                0x004043b4       0x30 contiki-OrisenStamp.a(timer.o)
                0x004043b4                timer_expired
                0x004043bc                .real_start_oftimer_expired
 .text.timer_set
                0x004043e4       0x24 contiki-OrisenStamp.a(timer.o)
                0x004043ec                .real_start_oftimer_set
                0x004043e4                timer_set
 .text.list_init
                0x00404408       0x10 contiki-OrisenStamp.a(list.o)
                0x00404410                .real_start_oflist_init
                0x00404408                list_init
 .text.list_head
                0x00404418        0xc contiki-OrisenStamp.a(list.o)
                0x00404418                list_head
                0x00404420                .real_start_oflist_head
 .text.list_tail
                0x00404424       0x20 contiki-OrisenStamp.a(list.o)
                0x00404424                list_tail
                0x0040442c                .real_start_oflist_tail
 .text.list_pop
                0x00404444       0x1c contiki-OrisenStamp.a(list.o)
                0x0040444c                .real_start_oflist_pop
                0x00404444                list_pop
 .text.list_remove
                0x00404460       0x38 contiki-OrisenStamp.a(list.o)
                0x00404468                .real_start_oflist_remove
                0x00404460                list_remove
 .text.list_push
                0x00404498       0x28 contiki-OrisenStamp.a(list.o)
                0x00404498                list_push
                0x004044a0                .real_start_oflist_push
 .text.list_add
                0x004044c0       0x3c contiki-OrisenStamp.a(list.o)
                0x004044c0                list_add
                0x004044c8                .real_start_oflist_add
 .text.list_length
                0x004044fc       0x1c contiki-OrisenStamp.a(list.o)
                0x004044fc                list_length
                0x00404504                .real_start_oflist_length
 .text.list_item_next
                0x00404518       0x14 contiki-OrisenStamp.a(list.o)
                0x00404518                list_item_next
                0x00404520                .real_start_oflist_item_next
 .text.etimer_expired
                0x0040452c       0x10 contiki-OrisenStamp.a(etimer.o)
                0x00404534                .real_start_ofetimer_expired
                0x0040452c                etimer_expired
 .text.etimer_pending
                0x0040453c       0x18 contiki-OrisenStamp.a(etimer.o)
                0x0040453c                etimer_pending
                0x00404544                .real_start_ofetimer_pending
 .text.etimer_next_expiration_time
                0x00404554       0x2c contiki-OrisenStamp.a(etimer.o)
                0x00404554                etimer_next_expiration_time
                0x0040455c                .real_start_ofetimer_next_expiration_time
 .text.update_time
                0x00404580       0x54 contiki-OrisenStamp.a(etimer.o)
 .text.etimer_stop
                0x004045d4       0x4c contiki-OrisenStamp.a(etimer.o)
                0x004045d4                etimer_stop
                0x004045dc                .real_start_ofetimer_stop
 .text.etimer_request_poll
                0x00404620       0x24 contiki-OrisenStamp.a(etimer.o)
                0x00404628                .real_start_ofetimer_request_poll
                0x00404620                etimer_request_poll
 .text.process_thread_etimer_process
                0x00404644       0xc8 contiki-OrisenStamp.a(etimer.o)
 .text.add_timer
                0x0040470c       0x50 contiki-OrisenStamp.a(etimer.o)
 .text.etimer_set
                0x0040475c       0x2c contiki-OrisenStamp.a(etimer.o)
                0x0040475c                etimer_set
                0x00404764                .real_start_ofetimer_set
 .text.process_thread_ctimer_process
                0x00404788       0xa8 contiki-OrisenStamp.a(ctimer.o)
 .text.ctimer_stop
                0x00404830       0x48 contiki-OrisenStamp.a(ctimer.o)
                0x00404838                .real_start_ofctimer_stop
                0x00404830                ctimer_stop
 .text.ctimer_set
                0x00404878       0x74 contiki-OrisenStamp.a(ctimer.o)
                0x00404878                ctimer_set
                0x00404880                .real_start_ofctimer_set
 .text.ctimer_init
                0x004048ec       0x40 contiki-OrisenStamp.a(ctimer.o)
                0x004048f4                .real_start_ofctimer_init
                0x004048ec                ctimer_init
 .text.random_rand
                0x0040492c       0x24 contiki-OrisenStamp.a(random.o)
                0x0040492c                random_rand
                0x00404934                .real_start_ofrandom_rand
 .text.ringbuf_init
                0x00404950       0x18 contiki-OrisenStamp.a(ringbuf.o)
                0x00404950                ringbuf_init
                0x00404958                .real_start_ofringbuf_init
 .text.ringbuf_put
                0x00404968       0x34 contiki-OrisenStamp.a(ringbuf.o)
                0x00404968                ringbuf_put
                0x00404970                .real_start_ofringbuf_put
 .text.ringbuf_get
                0x0040499c       0x30 contiki-OrisenStamp.a(ringbuf.o)
                0x0040499c                ringbuf_get
                0x004049a4                .real_start_ofringbuf_get
 .text.packetbuf_hdrreduce
                0x004049cc       0x38 contiki-OrisenStamp.a(packetbuf.o)
                0x004049d4                .real_start_ofpacketbuf_hdrreduce
                0x004049cc                packetbuf_hdrreduce
 .text.packetbuf_set_datalen
                0x00404a04       0x14 contiki-OrisenStamp.a(packetbuf.o)
                0x00404a04                packetbuf_set_datalen
                0x00404a0c                .real_start_ofpacketbuf_set_datalen
 .text.packetbuf_dataptr
                0x00404a18       0x20 contiki-OrisenStamp.a(packetbuf.o)
                0x00404a20                .real_start_ofpacketbuf_dataptr
                0x00404a18                packetbuf_dataptr
 .text.packetbuf_hdrptr
                0x00404a38       0x1c contiki-OrisenStamp.a(packetbuf.o)
                0x00404a38                packetbuf_hdrptr
                0x00404a40                .real_start_ofpacketbuf_hdrptr
 .text.packetbuf_is_reference
                0x00404a54       0x24 contiki-OrisenStamp.a(packetbuf.o)
                0x00404a54                packetbuf_is_reference
                0x00404a5c                .real_start_ofpacketbuf_is_reference
 .text.packetbuf_reference_ptr
                0x00404a78       0x14 contiki-OrisenStamp.a(packetbuf.o)
                0x00404a78                packetbuf_reference_ptr
                0x00404a80                .real_start_ofpacketbuf_reference_ptr
 .text.packetbuf_datalen
                0x00404a8c       0x14 contiki-OrisenStamp.a(packetbuf.o)
                0x00404a8c                packetbuf_datalen
                0x00404a94                .real_start_ofpacketbuf_datalen
 .text.packetbuf_hdrlen
                0x00404aa0       0x1c contiki-OrisenStamp.a(packetbuf.o)
                0x00404aa0                packetbuf_hdrlen
                0x00404aa8                .real_start_ofpacketbuf_hdrlen
 .text.packetbuf_totlen
                0x00404abc       0x2c contiki-OrisenStamp.a(packetbuf.o)
                0x00404abc                packetbuf_totlen
                0x00404ac4                .real_start_ofpacketbuf_totlen
 .text.packetbuf_hdralloc
                0x00404ae8       0x3c contiki-OrisenStamp.a(packetbuf.o)
                0x00404af0                .real_start_ofpacketbuf_hdralloc
                0x00404ae8                packetbuf_hdralloc
 .text.packetbuf_attr_copyfrom
                0x00404b24       0x3c contiki-OrisenStamp.a(packetbuf.o)
                0x00404b24                packetbuf_attr_copyfrom
                0x00404b2c                .real_start_ofpacketbuf_attr_copyfrom
 .text.packetbuf_attr_copyto
                0x00404b60       0x38 contiki-OrisenStamp.a(packetbuf.o)
                0x00404b60                packetbuf_attr_copyto
                0x00404b68                .real_start_ofpacketbuf_attr_copyto
 .text.packetbuf_copyto
                0x00404b98       0x74 contiki-OrisenStamp.a(packetbuf.o)
                0x00404b98                packetbuf_copyto
                0x00404ba0                .real_start_ofpacketbuf_copyto
 .text.packetbuf_copyto_hdr
                0x00404c0c       0x3c contiki-OrisenStamp.a(packetbuf.o)
                0x00404c0c                packetbuf_copyto_hdr
                0x00404c14                .real_start_ofpacketbuf_copyto_hdr
 .text.packetbuf_compact
                0x00404c48       0x7c contiki-OrisenStamp.a(packetbuf.o)
                0x00404c50                .real_start_ofpacketbuf_compact
                0x00404c48                packetbuf_compact
 .text.packetbuf_attr_clear
                0x00404cc4       0x60 contiki-OrisenStamp.a(packetbuf.o)
                0x00404ccc                .real_start_ofpacketbuf_attr_clear
                0x00404cc4                packetbuf_attr_clear
 .text.packetbuf_clear
                0x00404d24       0x4c contiki-OrisenStamp.a(packetbuf.o)
                0x00404d2c                .real_start_ofpacketbuf_clear
                0x00404d24                packetbuf_clear
 .text.packetbuf_copyfrom
                0x00404d70       0x50 contiki-OrisenStamp.a(packetbuf.o)
                0x00404d70                packetbuf_copyfrom
                0x00404d78                .real_start_ofpacketbuf_copyfrom
 .text.queuebuf_to_packetbuf
                0x00404dc0       0xa0 contiki-OrisenStamp.a(queuebuf.o)
                0x00404dc8                .real_start_ofqueuebuf_to_packetbuf
                0x00404dc0                queuebuf_to_packetbuf
 .text.queuebuf_free
                0x00404e60       0x6c contiki-OrisenStamp.a(queuebuf.o)
                0x00404e60                queuebuf_free
                0x00404e68                .real_start_ofqueuebuf_free
 .text.queuebuf_update_attr_from_packetbuf
                0x00404ecc       0x28 contiki-OrisenStamp.a(queuebuf.o)
                0x00404ecc                queuebuf_update_attr_from_packetbuf
                0x00404ed4                .real_start_ofqueuebuf_update_attr_from_packetbuf
 .text.queuebuf_new_from_packetbuf
                0x00404ef4       0xb0 contiki-OrisenStamp.a(queuebuf.o)
                0x00404ef4                queuebuf_new_from_packetbuf
                0x00404efc                .real_start_ofqueuebuf_new_from_packetbuf
 .text.queuebuf_init
                0x00404fa4       0x38 contiki-OrisenStamp.a(queuebuf.o)
                0x00404fa4                queuebuf_init
                0x00404fac                .real_start_ofqueuebuf_init
 .text.packetqueue_queuebuf
                0x00404fdc       0x14 contiki-OrisenStamp.a(packetqueue.o)
                0x00404fdc                packetqueue_queuebuf
                0x00404fe4                .real_start_ofpacketqueue_queuebuf
 .text.packetqueue_len
                0x00404ff0       0x24 contiki-OrisenStamp.a(packetqueue.o)
                0x00404ff0                packetqueue_len
                0x00404ff8                .real_start_ofpacketqueue_len
 .text.packetqueue_first
                0x00405014       0x24 contiki-OrisenStamp.a(packetqueue.o)
                0x00405014                packetqueue_first
                0x0040501c                .real_start_ofpacketqueue_first
 .text.packetqueue_dequeue
                0x00405038       0x64 contiki-OrisenStamp.a(packetqueue.o)
                0x00405038                packetqueue_dequeue
                0x00405040                .real_start_ofpacketqueue_dequeue
 .text.remove_queued_packet
                0x0040509c       0x48 contiki-OrisenStamp.a(packetqueue.o)
 .text.packetqueue_enqueue_packetbuf
                0x004050e4       0x80 contiki-OrisenStamp.a(packetqueue.o)
                0x004050ec                .real_start_ofpacketqueue_enqueue_packetbuf
                0x004050e4                packetqueue_enqueue_packetbuf
 .text.clock_init
                0x00405164       0x50 contiki-OrisenStamp.a(clock.o)
                0x00405164                clock_init
                0x0040516c                .real_start_ofclock_init
 .text.clock_time
                0x004051b4       0x14 contiki-OrisenStamp.a(clock.o)
                0x004051bc                .real_start_ofclock_time
                0x004051b4                clock_time
 .text.clock_seconds
                0x004051c8       0x14 contiki-OrisenStamp.a(clock.o)
                0x004051c8                clock_seconds
                0x004051d0                .real_start_ofclock_seconds
 .text.clock_delay_usec
                0x004051dc       0x44 contiki-OrisenStamp.a(clock.o)
                0x004051dc                clock_delay_usec
                0x004051e4                .real_start_ofclock_delay_usec
 .text.clock_delay_msec
                0x00405220       0x30 contiki-OrisenStamp.a(clock.o)
                0x00405220                clock_delay_msec
                0x00405228                .real_start_ofclock_delay_msec
 .text.tmr0_isr
                0x00405250       0xa0 contiki-OrisenStamp.a(clock.o)
                0x00405258                .real_start_oftmr0_isr
                0x00405250                tmr0_isr
 .text.status   0x004052f0       0x1c contiki-OrisenStamp.a(button-sensor.o)
 .text.configure
                0x0040530c       0x4c contiki-OrisenStamp.a(button-sensor.o)
 .text.value    0x00405358       0x30 contiki-OrisenStamp.a(button-sensor.o)
 .text.kbi4_isr
                0x00405388       0x34 contiki-OrisenStamp.a(button-sensor.o)
                0x00405388                kbi4_isr
                0x00405390                .real_start_ofkbi4_isr
 .text.get_sensor_index
                0x004053bc       0x28 contiki-OrisenStamp.a(sensors.o)
 .text.process_thread_sensors_process
                0x004053e4       0xec contiki-OrisenStamp.a(sensors.o)
 .text.sensors_changed
                0x004054d0       0x40 contiki-OrisenStamp.a(sensors.o)
                0x004054d8                .real_start_ofsensors_changed
                0x004054d0                sensors_changed
 .text.M41T62_writeRegN
                0x00405510       0x30 contiki-OrisenStamp.a(RTC.o)
                0x00405518                .real_start_ofM41T62_writeRegN
                0x00405510                M41T62_writeRegN
 .text.M41T62_writeReg
                0x00405540       0x58 contiki-OrisenStamp.a(RTC.o)
                0x00405548                .real_start_ofM41T62_writeReg
                0x00405540                M41T62_writeReg
 .text.M41T62_readRegN
                0x00405598       0x58 contiki-OrisenStamp.a(RTC.o)
                0x00405598                M41T62_readRegN
                0x004055a0                .real_start_ofM41T62_readRegN
 .text.RTC_resetRegisters
                0x004055f0       0x74 contiki-OrisenStamp.a(RTC.o)
                0x004055f8                .real_start_ofRTC_resetRegisters
                0x004055f0                RTC_resetRegisters
 .text.M41T62_readReg
                0x00405664       0x58 contiki-OrisenStamp.a(RTC.o)
                0x00405664                M41T62_readReg
                0x0040566c                .real_start_ofM41T62_readReg
 .text.process_thread_RTC_process
                0x004056bc       0x7c contiki-OrisenStamp.a(RTC.o)
 .text.RTC_start
                0x00405738       0x40 contiki-OrisenStamp.a(RTC.o)
                0x00405738                RTC_start
                0x00405740                .real_start_ofRTC_start
 .text.RTC_stop
                0x00405778       0x44 contiki-OrisenStamp.a(RTC.o)
                0x00405780                .real_start_ofRTC_stop
                0x00405778                RTC_stop
 .text.kbi5_isr
                0x004057bc       0x34 contiki-OrisenStamp.a(RTC.o)
                0x004057bc                kbi5_isr
                0x004057c4                .real_start_ofkbi5_isr
 .text.RTC_init
                0x004057f0       0xc0 contiki-OrisenStamp.a(RTC.o)
                0x004057f0                RTC_init
                0x004057f8                .real_start_ofRTC_init
 .text.kbi_event_init
                0x004058b0       0xcc contiki-OrisenStamp.a(kbi_events.o)
                0x004058b0                kbi_event_init
                0x004058b8                .real_start_ofkbi_event_init
 .text.process_thread_kbi_event_process
                0x0040597c       0xa4 contiki-OrisenStamp.a(kbi_events.o)
 .text.kbi7_isr
                0x00405a20       0x3c contiki-OrisenStamp.a(kbi_events.o)
                0x00405a20                kbi7_isr
                0x00405a28                .real_start_ofkbi7_isr
 .text.kbi6_isr
                0x00405a5c       0x3c contiki-OrisenStamp.a(kbi_events.o)
                0x00405a64                .real_start_ofkbi6_isr
                0x00405a5c                kbi6_isr
 .text.ioPins_configurePin
                0x00405a98      0x5d4 contiki-OrisenStamp.a(io-pins.o)
                0x00405aa0                .real_start_ofioPins_configurePin
                0x00405a98                ioPins_configurePin
 .text.ioPins_init
                0x0040606c       0x78 contiki-OrisenStamp.a(io-pins.o)
                0x0040606c                ioPins_init
                0x00406074                .real_start_ofioPins_init
 .text.cal_ring_osc
                0x004060e4       0x6c contiki-OrisenStamp.a(contiki-crm.o)
                0x004060e4                cal_ring_osc
                0x004060ec                .real_start_ofcal_ring_osc
 .text.packetbuf_set_attr
                0x00406150       0x10 contiki-OrisenStamp.a(contiki-maca.o)
 .text.contiki_maca_init
                0x00406160        0xc contiki-OrisenStamp.a(contiki-maca.o)
                0x00406168                .real_start_ofcontiki_maca_init
                0x00406160                contiki_maca_init
 .text.contiki_maca_channel_clear
                0x0040616c        0xc contiki-OrisenStamp.a(contiki-maca.o)
                0x00406174                .real_start_ofcontiki_maca_channel_clear
                0x0040616c                contiki_maca_channel_clear
 .text.contiki_maca_receiving_packet
                0x00406178        0xc contiki-OrisenStamp.a(contiki-maca.o)
                0x00406178                contiki_maca_receiving_packet
                0x00406180                .real_start_ofcontiki_maca_receiving_packet
 .text.contiki_maca_pending_packet
                0x00406184       0x18 contiki-OrisenStamp.a(contiki-maca.o)
                0x0040618c                .real_start_ofcontiki_maca_pending_packet
                0x00406184                contiki_maca_pending_packet
 .text.contiki_maca_on_request
                0x0040619c       0x20 contiki-OrisenStamp.a(contiki-maca.o)
                0x004061a4                .real_start_ofcontiki_maca_on_request
                0x0040619c                contiki_maca_on_request
 .text.contiki_maca_off_request
                0x004061bc       0x20 contiki-OrisenStamp.a(contiki-maca.o)
                0x004061bc                contiki_maca_off_request
                0x004061c4                .real_start_ofcontiki_maca_off_request
 .text.maca_rx_callback
                0x004061dc       0x24 contiki-OrisenStamp.a(contiki-maca.o)
                0x004061dc                maca_rx_callback
                0x004061e4                .real_start_ofmaca_rx_callback
 .text.contiki_maca_prepare
                0x00406200       0x44 contiki-OrisenStamp.a(contiki-maca.o)
                0x00406208                .real_start_ofcontiki_maca_prepare
                0x00406200                contiki_maca_prepare
 .text.contiki_maca_transmit
                0x00406244       0x58 contiki-OrisenStamp.a(contiki-maca.o)
                0x00406244                contiki_maca_transmit
                0x0040624c                .real_start_ofcontiki_maca_transmit
 .text.contiki_maca_send
                0x0040629c       0x4c contiki-OrisenStamp.a(contiki-maca.o)
                0x004062a4                .real_start_ofcontiki_maca_send
                0x0040629c                contiki_maca_send
 .text.contiki_maca_read
                0x004062e8       0x74 contiki-OrisenStamp.a(contiki-maca.o)
                0x004062f0                .real_start_ofcontiki_maca_read
                0x004062e8                contiki_maca_read
 .text.process_thread_contiki_maca_process
                0x0040635c       0xb4 contiki-OrisenStamp.a(contiki-maca.o)
 .text.rand     0x00406410       0x14 contiki-OrisenStamp.a(contiki-misc.o)
                0x00406410                rand
                0x00406418                .real_start_ofrand
 .text._sbrk    0x00406424       0x40 contiki-OrisenStamp.a(contiki-misc.o)
                0x00406424                _sbrk
                0x0040642c                .real_start_of_sbrk
 .text.show_leds
                0x00406464       0x28 contiki-OrisenStamp.a(leds.o)
 .text.leds_off
                0x0040648c       0x30 contiki-OrisenStamp.a(leds.o)
                0x0040648c                leds_off
                0x00406494                .real_start_ofleds_off
 .text.leds_on  0x004064bc       0x30 contiki-OrisenStamp.a(leds.o)
                0x004064bc                leds_on
                0x004064c4                .real_start_ofleds_on
 .text.leds_init
                0x004064ec       0x30 contiki-OrisenStamp.a(leds.o)
                0x004064f4                .real_start_ofleds_init
                0x004064ec                leds_init
 .text.uart1_set_input
                0x0040651c       0x14 contiki-OrisenStamp.a(contiki-uart.o)
                0x00406524                .real_start_ofuart1_set_input
                0x0040651c                uart1_set_input
 .text.printf   0x00406530       0x34 contiki-OrisenStamp.a(dbg-printf.o)
                0x00406530                printf
                0x00406538                .real_start_ofprintf
 .text.write_str
                0x00406564       0x20 contiki-OrisenStamp.a(dbg-printf.o)
 .text.sprintf  0x00406584       0x44 contiki-OrisenStamp.a(dbg-sprintf.o)
                0x0040658c                .real_start_ofsprintf
                0x00406584                sprintf
 .text.buffer_str
                0x004065c8       0x24 contiki-OrisenStamp.a(dbg-sprintf.o)
 .text.parse_uint
                0x004065ec       0x28 contiki-OrisenStamp.a(strformat.o)
 .text.output_uint_hex
                0x00406614       0x48 contiki-OrisenStamp.a(strformat.o)
 .text.fill_space
                0x0040665c       0x40 contiki-OrisenStamp.a(strformat.o)
 .text.format_str_v
                0x0040669c      0x760 contiki-OrisenStamp.a(strformat.o)
                0x0040669c                format_str_v
                0x004066a4                .real_start_offormat_str_v
 .text.adc_init
                0x00406dfc       0x8c contiki-OrisenStamp.a(adc.o)
                0x00406e04                .real_start_ofadc_init
                0x00406dfc                adc_init
 .text.gpio_data_get
                0x00406e88       0x34 contiki-OrisenStamp.a(gpio.o)
                0x00406e88                gpio_data_get
                0x00406e90                .real_start_ofgpio_data_get
 .text.gpio_select_function
                0x00406ebc       0x30 contiki-OrisenStamp.a(gpio-util.o)
                0x00406ec4                .real_start_ofgpio_select_function
                0x00406ebc                gpio_select_function
 .text.gpio_reg_set
                0x00406eec       0x20 contiki-OrisenStamp.a(gpio-util.o)
                0x00406eec                gpio_reg_set
                0x00406ef4                .real_start_ofgpio_reg_set
 .text.gpio_reg_clear
                0x00406f0c       0x20 contiki-OrisenStamp.a(gpio-util.o)
                0x00406f14                .real_start_ofgpio_reg_clear
                0x00406f0c                gpio_reg_clear
 .text.gpio_set_pad_dir
                0x00406f2c       0x44 contiki-OrisenStamp.a(gpio-util.o)
                0x00406f2c                gpio_set_pad_dir
                0x00406f34                .real_start_ofgpio_set_pad_dir
 .text.i2c_force_reset
                0x00406f70       0x24 contiki-OrisenStamp.a(i2c.o)
                0x00406f78                .real_start_ofi2c_force_reset
                0x00406f70                i2c_force_reset
 .text.i2c_busy
                0x00406f94       0x1c contiki-OrisenStamp.a(i2c.o)
                0x00406f94                i2c_busy
                0x00406f9c                .real_start_ofi2c_busy
 .text.i2c_transferred
                0x00406fb0       0x50 contiki-OrisenStamp.a(i2c.o)
                0x00406fb0                i2c_transferred
                0x00406fb8                .real_start_ofi2c_transferred
 .text.i2c_enable
                0x00407000       0x64 contiki-OrisenStamp.a(i2c.o)
                0x00407008                .real_start_ofi2c_enable
                0x00407000                i2c_enable
 .text.i2c_isr  0x00407064      0x114 contiki-OrisenStamp.a(i2c.o)
                0x0040706c                .real_start_ofi2c_isr
                0x00407064                i2c_isr
 .text.i2c_transmitinit
                0x00407178       0xc4 contiki-OrisenStamp.a(i2c.o)
                0x00407178                i2c_transmitinit
                0x00407180                .real_start_ofi2c_transmitinit
 .text.i2c_receiveinit
                0x0040723c       0xd0 contiki-OrisenStamp.a(i2c.o)
                0x0040723c                i2c_receiveinit
                0x00407244                .real_start_ofi2c_receiveinit
 .text.free_packet
                0x0040730c       0x64 contiki-OrisenStamp.a(maca.o)
                0x0040730c                free_packet
                0x00407314                .real_start_offree_packet
 .text.get_free_packet
                0x00407370       0x54 contiki-OrisenStamp.a(maca.o)
                0x00407370                get_free_packet
                0x00407378                .real_start_ofget_free_packet
 .text.post_receive
                0x004073c4       0xbc contiki-OrisenStamp.a(maca.o)
                0x004073c4                post_receive
                0x004073cc                .real_start_ofpost_receive
 .text.rx_packet
                0x00407480       0x54 contiki-OrisenStamp.a(maca.o)
                0x00407488                .real_start_ofrx_packet
                0x00407480                rx_packet
 .text.post_tx  0x004074d4       0xdc contiki-OrisenStamp.a(maca.o)
                0x004074d4                post_tx
                0x004074dc                .real_start_ofpost_tx
 .text.tx_packet
                0x004075b0       0x98 contiki-OrisenStamp.a(maca.o)
                0x004075b8                .real_start_oftx_packet
                0x004075b0                tx_packet
 .text.free_all_packets
                0x00407648       0x94 contiki-OrisenStamp.a(maca.o)
                0x00407650                .real_start_offree_all_packets
                0x00407648                free_all_packets
 .text.free_tx_head
                0x004076dc       0x64 contiki-OrisenStamp.a(maca.o)
                0x004076dc                free_tx_head
                0x004076e4                .real_start_offree_tx_head
 .text.add_to_rx
                0x00407740       0x70 contiki-OrisenStamp.a(maca.o)
                0x00407748                .real_start_ofadd_to_rx
                0x00407740                add_to_rx
 .text.insert_at_rx_head
                0x004077b0       0x70 contiki-OrisenStamp.a(maca.o)
                0x004077b8                .real_start_ofinsert_at_rx_head
                0x004077b0                insert_at_rx_head
 .text.init_phy
                0x00407820       0x68 contiki-OrisenStamp.a(maca.o)
                0x00407828                .real_start_ofinit_phy
                0x00407820                init_phy
 .text.reset_maca
                0x00407888       0x5c contiki-OrisenStamp.a(maca.o)
                0x00407888                reset_maca
                0x00407890                .real_start_ofreset_maca
 .text.flyback_init
                0x004078e4       0x3c contiki-OrisenStamp.a(maca.o)
                0x004078e4                flyback_init
                0x004078ec                .real_start_offlyback_init
 .text.get_ctov
                0x00407920       0x24 contiki-OrisenStamp.a(maca.o)
                0x00407928                .real_start_ofget_ctov
                0x00407920                get_ctov
 .text.set_power
                0x00407944       0x78 contiki-OrisenStamp.a(maca.o)
                0x00407944                set_power
                0x0040794c                .real_start_ofset_power
 .text.set_channel
                0x004079bc       0xc8 contiki-OrisenStamp.a(maca.o)
                0x004079bc                set_channel
                0x004079c4                .real_start_ofset_channel
 .text.exec_init_entry
                0x00407a84       0x88 contiki-OrisenStamp.a(maca.o)
                0x00407a84                exec_init_entry
                0x00407a8c                .real_start_ofexec_init_entry
 .text.init_from_flash
                0x00407b0c       0xe0 contiki-OrisenStamp.a(maca.o)
                0x00407b14                .real_start_ofinit_from_flash
                0x00407b0c                init_from_flash
 .text.radio_init
                0x00407bec      0x218 contiki-OrisenStamp.a(maca.o)
                0x00407bf4                .real_start_ofradio_init
                0x00407bec                radio_init
 .text.maca_init
                0x00407e04       0xbc contiki-OrisenStamp.a(maca.o)
                0x00407e0c                .real_start_ofmaca_init
                0x00407e04                maca_init
 .text.ResumeMACASync
                0x00407ec0       0xe0 contiki-OrisenStamp.a(maca.o)
                0x00407ec0                ResumeMACASync
                0x00407ec8                .real_start_ofResumeMACASync
 .text.decode_status
                0x00407fa0       0x48 contiki-OrisenStamp.a(maca.o)
                0x00407fa0                decode_status
                0x00407fa8                .real_start_ofdecode_status
 .text.check_maca
                0x00407fe8       0xc8 contiki-OrisenStamp.a(maca.o)
                0x00407fe8                check_maca
                0x00407ff0                .real_start_ofcheck_maca
 .text.maca_isr
                0x004080b0      0x1dc contiki-OrisenStamp.a(maca.o)
                0x004080b8                .real_start_ofmaca_isr
                0x004080b0                maca_isr
 .text.uart1_isr
                0x0040828c       0xc8 contiki-OrisenStamp.a(uart1.o)
                0x0040828c                uart1_isr
                0x00408294                .real_start_ofuart1_isr
 .text.uart1_putc
                0x00408354       0xa8 contiki-OrisenStamp.a(uart1.o)
                0x0040835c                .real_start_ofuart1_putc
                0x00408354                uart1_putc
 .text.uart1_getc
                0x004083fc       0x64 contiki-OrisenStamp.a(uart1.o)
                0x004083fc                uart1_getc
                0x00408404                .real_start_ofuart1_getc
 .text.uart2_isr
                0x00408460       0xc8 contiki-OrisenStamp.a(uart2.o)
                0x00408460                uart2_isr
                0x00408468                .real_start_ofuart2_isr
 .text.uart2_getc
                0x00408528       0x64 contiki-OrisenStamp.a(uart2.o)
                0x00408528                uart2_getc
                0x00408530                .real_start_ofuart2_getc
 .text.default_vreg_init
                0x0040858c       0x4c contiki-OrisenStamp.a(default_lowleve)
                0x00408594                .real_start_ofdefault_vreg_init
                0x0040858c                default_vreg_init
 .text.uart1_init
                0x004085d8       0xdc contiki-OrisenStamp.a(default_lowleve)
                0x004085d8                uart1_init
                0x004085e0                .real_start_ofuart1_init
 .text.uart2_init
                0x004086b4       0xd0 contiki-OrisenStamp.a(default_lowleve)
                0x004086b4                uart2_init
                0x004086bc                .real_start_ofuart2_init
 .text.sent_by_broadcast
                0x00408784       0x18 contiki-OrisenStamp.a(unicast.o)
 .text.unicast_send
                0x0040879c       0x34 contiki-OrisenStamp.a(unicast.o)
                0x0040879c                unicast_send
                0x004087a4                .real_start_ofunicast_send
 .text.unicast_open
                0x004087d0       0x40 contiki-OrisenStamp.a(unicast.o)
                0x004087d0                unicast_open
                0x004087d8                .real_start_ofunicast_open
 .text.recv_from_broadcast
                0x00408810       0x38 contiki-OrisenStamp.a(unicast.o)
 .text.addr_len
                0x00408848       0x18 contiki-OrisenStamp.a(frame802154.o)
 .text.frame802154_parse
                0x00408860      0x14c contiki-OrisenStamp.a(frame802154.o)
                0x00408868                .real_start_offrame802154_parse
                0x00408860                frame802154_parse
 .text.field_len
                0x004089ac       0x74 contiki-OrisenStamp.a(frame802154.o)
 .text.frame802154_create
                0x00408a20      0x114 contiki-OrisenStamp.a(frame802154.o)
                0x00408a20                frame802154_create
                0x00408a28                .real_start_offrame802154_create
 .text.frame802154_hdrlen
                0x00408b34       0x40 contiki-OrisenStamp.a(frame802154.o)
                0x00408b34                frame802154_hdrlen
                0x00408b3c                .real_start_offrame802154_hdrlen
 .text.dbg_send_bytes
                0x00408b74       0x3c contiki-OrisenStamp.a(debug-uart.o)
                0x00408b74                dbg_send_bytes
                0x00408b7c                .real_start_ofdbg_send_bytes
 .text.leds_arch_set
                0x00408bb0       0x54 contiki-OrisenStamp.a(leds-arch.o)
                0x00408bb8                .real_start_ofleds_arch_set
                0x00408bb0                leds_arch_set
 .text.leds_arch_init
                0x00408c04       0x68 contiki-OrisenStamp.a(leds-arch.o)
                0x00408c04                leds_arch_init
                0x00408c0c                .real_start_ofleds_arch_init
 .text          0x00408c6c      0x114 /home/user/CodeSourcery/Sourcery_G++_Lite/bin/../lib/gcc/arm-none-eabi/4.3.2/libgcc.a(_udivsi3.o)
                0x00408c6c                __udivsi3
                0x00408c6c                __aeabi_uidiv
                0x00408d60                __aeabi_uidivmod
 .text          0x00408d80      0x148 /home/user/CodeSourcery/Sourcery_G++_Lite/bin/../lib/gcc/arm-none-eabi/4.3.2/libgcc.a(_divsi3.o)
                0x00408d80                __aeabi_idiv
                0x00408d80                __divsi3
                0x00408ea8                __aeabi_idivmod
 .text          0x00408ec8        0x4 /home/user/CodeSourcery/Sourcery_G++_Lite/bin/../lib/gcc/arm-none-eabi/4.3.2/libgcc.a(_dvmd_tls.o)
                0x00408ec8                __aeabi_ldiv0
                0x00408ec8                __aeabi_idiv0
 .text          0x00408ecc       0x3c /home/user/CodeSourcery/Sourcery_G++_Lite/bin/../lib/gcc/arm-none-eabi/4.3.2/libgcc.a(_aeabi_uldivmod.o)
                0x00408ecc                __aeabi_uldivmod
 .text          0x00408f08       0x80 /home/user/CodeSourcery/Sourcery_G++_Lite/bin/../lib/gcc/arm-none-eabi/4.3.2/libgcc.a(bpabi.o)
                0x00408f08                __gnu_uldivmod_helper
                0x00408f48                __gnu_ldivmod_helper
 .text          0x00408f88      0x56c /home/user/CodeSourcery/Sourcery_G++_Lite/bin/../lib/gcc/arm-none-eabi/4.3.2/libgcc.a(_divdi3.o)
                0x00408f88                __divdi3
 .text          0x004094f4      0x4fc /home/user/CodeSourcery/Sourcery_G++_Lite/bin/../lib/gcc/arm-none-eabi/4.3.2/libgcc.a(_udivdi3.o)
                0x004094f4                __udivdi3
 .text          0x004099f0       0x40 /home/user/CodeSourcery/Sourcery_G++_Lite/bin/../lib/gcc/arm-none-eabi/4.3.2/../../../../arm-none-eabi/lib/libc.a(lib_a-malloc.o)
                0x00409a10                malloc
                0x004099f0                free
 .text          0x00409a30      0x72c /home/user/CodeSourcery/Sourcery_G++_Lite/bin/../lib/gcc/arm-none-eabi/4.3.2/../../../../arm-none-eabi/lib/libc.a(lib_a-mallocr.o)
                0x00409a30                _malloc_r
 .text          0x0040a15c       0xac /home/user/CodeSourcery/Sourcery_G++_Lite/bin/../lib/gcc/arm-none-eabi/4.3.2/../../../../arm-none-eabi/lib/libc.a(lib_a-memcmp.o)
                0x0040a15c                memcmp
 .text          0x0040a208       0xfc /home/user/CodeSourcery/Sourcery_G++_Lite/bin/../lib/gcc/arm-none-eabi/4.3.2/../../../../arm-none-eabi/lib/libc.a(lib_a-memcpy.o)
                0x0040a208                memcpy
 .text          0x0040a304       0xd0 /home/user/CodeSourcery/Sourcery_G++_Lite/bin/../lib/gcc/arm-none-eabi/4.3.2/../../../../arm-none-eabi/lib/libc.a(lib_a-memset.o)
                0x0040a304                memset
 .text          0x0040a3d4        0x8 /home/user/CodeSourcery/Sourcery_G++_Lite/bin/../lib/gcc/arm-none-eabi/4.3.2/../../../../arm-none-eabi/lib/libc.a(lib_a-mlock.o)
                0x0040a3d8                __malloc_unlock
                0x0040a3d4                __malloc_lock
 .text          0x0040a3dc       0x40 /home/user/CodeSourcery/Sourcery_G++_Lite/bin/../lib/gcc/arm-none-eabi/4.3.2/../../../../arm-none-eabi/lib/libc.a(lib_a-sbrkr.o)
                0x0040a3dc                _sbrk_r
 .text          0x0040a41c       0xa8 /home/user/CodeSourcery/Sourcery_G++_Lite/bin/../lib/gcc/arm-none-eabi/4.3.2/../../../../arm-none-eabi/lib/libc.a(lib_a-strcat.o)
                0x0040a41c                strcat
 .text          0x0040a4c4       0xb8 /home/user/CodeSourcery/Sourcery_G++_Lite/bin/../lib/gcc/arm-none-eabi/4.3.2/../../../../arm-none-eabi/lib/libc.a(lib_a-strcpy.o)
                0x0040a4c4                strcpy
 .text          0x0040a57c       0x9c /home/user/CodeSourcery/Sourcery_G++_Lite/bin/../lib/gcc/arm-none-eabi/4.3.2/../../../../arm-none-eabi/lib/libc.a(lib_a-strlen.o)
                0x0040a57c                strlen
 .text          0x0040a618      0x378 /home/user/CodeSourcery/Sourcery_G++_Lite/bin/../lib/gcc/arm-none-eabi/4.3.2/../../../../arm-none-eabi/lib/libc.a(lib_a-freer.o)
                0x0040a714                _free_r
                0x0040a618                _malloc_trim_r
 *(.gnu.warning)
 *(.glue_7t)
 .glue_7t       0x0040a990        0x0 syncSensor.co
 .glue_7t       0x0040a990        0x0 obj_OrisenStamp/contiki-stamp-main.o
 .glue_7t       0x0040a990        0x0 obj_OrisenStamp/start.o
 .glue_7t       0x0040a990        0x0 contiki-OrisenStamp.a(rimeaddr.o)
 .glue_7t       0x0040a990        0x0 contiki-OrisenStamp.a(rime.o)
 .glue_7t       0x0040a990        0x0 contiki-OrisenStamp.a(rimestats.o)
 .glue_7t       0x0040a990        0x0 contiki-OrisenStamp.a(announcement.o)
 .glue_7t       0x0040a990        0x0 contiki-OrisenStamp.a(broadcast-annou)
 .glue_7t       0x0040a990        0x0 contiki-OrisenStamp.a(broadcast.o)
 .glue_7t       0x0040a990        0x0 contiki-OrisenStamp.a(abc.o)
 .glue_7t       0x0040a990        0x0 contiki-OrisenStamp.a(collect.o)
 .glue_7t       0x0040a990        0x0 contiki-OrisenStamp.a(collect-neighbo)
 .glue_7t       0x0040a990        0x0 contiki-OrisenStamp.a(collect-link-es)
 .glue_7t       0x0040a990        0x0 contiki-OrisenStamp.a(chameleon.o)
 .glue_7t       0x0040a990        0x0 contiki-OrisenStamp.a(channel.o)
 .glue_7t       0x0040a990        0x0 contiki-OrisenStamp.a(chameleon-bitop)
 .glue_7t       0x0040a990        0x0 contiki-OrisenStamp.a(nullrdc.o)
 .glue_7t       0x0040a990        0x0 contiki-OrisenStamp.a(mac.o)
 .glue_7t       0x0040a990        0x0 contiki-OrisenStamp.a(framer-802154.o)
 .glue_7t       0x0040a990        0x0 contiki-OrisenStamp.a(csma.o)
 .glue_7t       0x0040a990        0x0 contiki-OrisenStamp.a(process.o)
 .glue_7t       0x0040a990        0x0 contiki-OrisenStamp.a(autostart.o)
 .glue_7t       0x0040a990        0x0 contiki-OrisenStamp.a(serial-line.o)
 .glue_7t       0x0040a990        0x0 contiki-OrisenStamp.a(memb.o)
 .glue_7t       0x0040a990        0x0 contiki-OrisenStamp.a(timer.o)
 .glue_7t       0x0040a990        0x0 contiki-OrisenStamp.a(list.o)
 .glue_7t       0x0040a990        0x0 contiki-OrisenStamp.a(etimer.o)
 .glue_7t       0x0040a990        0x0 contiki-OrisenStamp.a(ctimer.o)
 .glue_7t       0x0040a990        0x0 contiki-OrisenStamp.a(random.o)
 .glue_7t       0x0040a990        0x0 contiki-OrisenStamp.a(ringbuf.o)
 .glue_7t       0x0040a990        0x0 contiki-OrisenStamp.a(packetbuf.o)
 .glue_7t       0x0040a990        0x0 contiki-OrisenStamp.a(queuebuf.o)
 .glue_7t       0x0040a990        0x0 contiki-OrisenStamp.a(packetqueue.o)
 .glue_7t       0x0040a990        0x0 contiki-OrisenStamp.a(clock.o)
 .glue_7t       0x0040a990        0x0 contiki-OrisenStamp.a(button-sensor.o)
 .glue_7t       0x0040a990        0x0 contiki-OrisenStamp.a(sensors.o)
 .glue_7t       0x0040a990        0x0 contiki-OrisenStamp.a(RTC.o)
 .glue_7t       0x0040a990        0x0 contiki-OrisenStamp.a(kbi_events.o)
 .glue_7t       0x0040a990        0x0 contiki-OrisenStamp.a(io-pins.o)
 .glue_7t       0x0040a990        0x0 contiki-OrisenStamp.a(contiki-crm.o)
 .glue_7t       0x0040a990        0x0 contiki-OrisenStamp.a(contiki-maca.o)
 .glue_7t       0x0040a990        0x0 contiki-OrisenStamp.a(contiki-misc.o)
 .glue_7t       0x0040a990        0x0 contiki-OrisenStamp.a(leds.o)
 .glue_7t       0x0040a990        0x0 contiki-OrisenStamp.a(contiki-uart.o)
 .glue_7t       0x0040a990        0x0 contiki-OrisenStamp.a(dbg-printf.o)
 .glue_7t       0x0040a990        0x0 contiki-OrisenStamp.a(dbg-sprintf.o)
 .glue_7t       0x0040a990        0x0 contiki-OrisenStamp.a(strformat.o)
 .glue_7t       0x0040a990        0x0 contiki-OrisenStamp.a(adc.o)
 .glue_7t       0x0040a990        0x0 contiki-OrisenStamp.a(gpio.o)
 .glue_7t       0x0040a990        0x0 contiki-OrisenStamp.a(gpio-util.o)
 .glue_7t       0x0040a990        0x0 contiki-OrisenStamp.a(i2c.o)
 .glue_7t       0x0040a990        0x0 contiki-OrisenStamp.a(maca.o)
 .glue_7t       0x0040a990        0x0 contiki-OrisenStamp.a(nvm.o)
 .glue_7t       0x0040a990        0x0 contiki-OrisenStamp.a(uart1.o)
 .glue_7t       0x0040a990        0x0 contiki-OrisenStamp.a(uart2.o)
 .glue_7t       0x0040a990        0x0 contiki-OrisenStamp.a(default_lowleve)
 .glue_7t       0x0040a990        0x0 contiki-OrisenStamp.a(isr.o)
 .glue_7t       0x0040a990        0x0 contiki-OrisenStamp.a(unicast.o)
 .glue_7t       0x0040a990        0x0 contiki-OrisenStamp.a(frame802154.o)
 .glue_7t       0x0040a990        0x0 contiki-OrisenStamp.a(debug-uart.o)
 .glue_7t       0x0040a990        0x0 contiki-OrisenStamp.a(leds-arch.o)
 .glue_7t       0x0040a990        0x0 /home/user/CodeSourcery/Sourcery_G++_Lite/bin/../lib/gcc/arm-none-eabi/4.3.2/libgcc.a(_udivsi3.o)
 .glue_7t       0x0040a990        0x0 /home/user/CodeSourcery/Sourcery_G++_Lite/bin/../lib/gcc/arm-none-eabi/4.3.2/libgcc.a(_divsi3.o)
 .glue_7t       0x0040a990        0x0 /home/user/CodeSourcery/Sourcery_G++_Lite/bin/../lib/gcc/arm-none-eabi/4.3.2/libgcc.a(_dvmd_tls.o)
 .glue_7t       0x0040a990        0x0 /home/user/CodeSourcery/Sourcery_G++_Lite/bin/../lib/gcc/arm-none-eabi/4.3.2/libgcc.a(_aeabi_uldivmod.o)
 .glue_7t       0x0040a990        0x0 /home/user/CodeSourcery/Sourcery_G++_Lite/bin/../lib/gcc/arm-none-eabi/4.3.2/libgcc.a(bpabi.o)
 .glue_7t       0x0040a990        0x0 /home/user/CodeSourcery/Sourcery_G++_Lite/bin/../lib/gcc/arm-none-eabi/4.3.2/libgcc.a(_divdi3.o)
 .glue_7t       0x0040a990        0x0 /home/user/CodeSourcery/Sourcery_G++_Lite/bin/../lib/gcc/arm-none-eabi/4.3.2/libgcc.a(_udivdi3.o)
 .glue_7t       0x0040a990        0x0 /home/user/CodeSourcery/Sourcery_G++_Lite/bin/../lib/gcc/arm-none-eabi/4.3.2/libgcc.a(_clz.o)
 .glue_7t       0x0040a990        0x0 /home/user/CodeSourcery/Sourcery_G++_Lite/bin/../lib/gcc/arm-none-eabi/4.3.2/../../../../arm-none-eabi/lib/libc.a(lib_a-malloc.o)
 .glue_7t       0x0040a990        0x0 /home/user/CodeSourcery/Sourcery_G++_Lite/bin/../lib/gcc/arm-none-eabi/4.3.2/../../../../arm-none-eabi/lib/libc.a(lib_a-mallocr.o)
 .glue_7t       0x0040a990        0x0 /home/user/CodeSourcery/Sourcery_G++_Lite/bin/../lib/gcc/arm-none-eabi/4.3.2/../../../../arm-none-eabi/lib/libc.a(lib_a-memcmp.o)
 .glue_7t       0x0040a990        0x0 /home/user/CodeSourcery/Sourcery_G++_Lite/bin/../lib/gcc/arm-none-eabi/4.3.2/../../../../arm-none-eabi/lib/libc.a(lib_a-memcpy.o)
 .glue_7t       0x0040a990        0x0 /home/user/CodeSourcery/Sourcery_G++_Lite/bin/../lib/gcc/arm-none-eabi/4.3.2/../../../../arm-none-eabi/lib/libc.a(lib_a-memset.o)
 .glue_7t       0x0040a990        0x0 /home/user/CodeSourcery/Sourcery_G++_Lite/bin/../lib/gcc/arm-none-eabi/4.3.2/../../../../arm-none-eabi/lib/libc.a(lib_a-mlock.o)
 .glue_7t       0x0040a990        0x0 /home/user/CodeSourcery/Sourcery_G++_Lite/bin/../lib/gcc/arm-none-eabi/4.3.2/../../../../arm-none-eabi/lib/libc.a(lib_a-sbrkr.o)
 .glue_7t       0x0040a990        0x0 /home/user/CodeSourcery/Sourcery_G++_Lite/bin/../lib/gcc/arm-none-eabi/4.3.2/../../../../arm-none-eabi/lib/libc.a(lib_a-strcat.o)
 .glue_7t       0x0040a990        0x0 /home/user/CodeSourcery/Sourcery_G++_Lite/bin/../lib/gcc/arm-none-eabi/4.3.2/../../../../arm-none-eabi/lib/libc.a(lib_a-strcpy.o)
 .glue_7t       0x0040a990        0x0 /home/user/CodeSourcery/Sourcery_G++_Lite/bin/../lib/gcc/arm-none-eabi/4.3.2/../../../../arm-none-eabi/lib/libc.a(lib_a-strlen.o)
 .glue_7t       0x0040a990        0x0 /home/user/CodeSourcery/Sourcery_G++_Lite/bin/../lib/gcc/arm-none-eabi/4.3.2/../../../../arm-none-eabi/lib/libc.a(lib_a-strncmp.o)
 .glue_7t       0x0040a990        0x0 /home/user/CodeSourcery/Sourcery_G++_Lite/bin/../lib/gcc/arm-none-eabi/4.3.2/../../../../arm-none-eabi/lib/libc.a(lib_a-freer.o)
 .glue_7t       0x0040a990        0x0 /home/user/CodeSourcery/Sourcery_G++_Lite/bin/../lib/gcc/arm-none-eabi/4.3.2/../../../../arm-none-eabi/lib/libc.a(lib_a-impure.o)
 .glue_7t       0x0040a990        0x0 /home/user/CodeSourcery/Sourcery_G++_Lite/bin/../lib/gcc/arm-none-eabi/4.3.2/../../../../arm-none-eabi/lib/libc.a(lib_a-reent.o)
 *(.glue_7)
 .glue_7        0x0040a990        0x0 syncSensor.co
 .glue_7        0x0040a990        0x0 obj_OrisenStamp/contiki-stamp-main.o
 .glue_7        0x0040a990        0x0 obj_OrisenStamp/start.o
 .glue_7        0x0040a990        0x0 contiki-OrisenStamp.a(rimeaddr.o)
 .glue_7        0x0040a990        0x0 contiki-OrisenStamp.a(rime.o)
 .glue_7        0x0040a990        0x0 contiki-OrisenStamp.a(rimestats.o)
 .glue_7        0x0040a990        0x0 contiki-OrisenStamp.a(announcement.o)
 .glue_7        0x0040a990        0x0 contiki-OrisenStamp.a(broadcast-annou)
 .glue_7        0x0040a990        0x0 contiki-OrisenStamp.a(broadcast.o)
 .glue_7        0x0040a990        0x0 contiki-OrisenStamp.a(abc.o)
 .glue_7        0x0040a990        0x0 contiki-OrisenStamp.a(collect.o)
 .glue_7        0x0040a990        0x0 contiki-OrisenStamp.a(collect-neighbo)
 .glue_7        0x0040a990        0x0 contiki-OrisenStamp.a(collect-link-es)
 .glue_7        0x0040a990        0x0 contiki-OrisenStamp.a(chameleon.o)
 .glue_7        0x0040a990        0x0 contiki-OrisenStamp.a(channel.o)
 .glue_7        0x0040a990        0x0 contiki-OrisenStamp.a(chameleon-bitop)
 .glue_7        0x0040a990        0x0 contiki-OrisenStamp.a(nullrdc.o)
 .glue_7        0x0040a990        0x0 contiki-OrisenStamp.a(mac.o)
 .glue_7        0x0040a990        0x0 contiki-OrisenStamp.a(framer-802154.o)
 .glue_7        0x0040a990        0x0 contiki-OrisenStamp.a(csma.o)
 .glue_7        0x0040a990        0x0 contiki-OrisenStamp.a(process.o)
 .glue_7        0x0040a990        0x0 contiki-OrisenStamp.a(autostart.o)
 .glue_7        0x0040a990        0x0 contiki-OrisenStamp.a(serial-line.o)
 .glue_7        0x0040a990        0x0 contiki-OrisenStamp.a(memb.o)
 .glue_7        0x0040a990        0x0 contiki-OrisenStamp.a(timer.o)
 .glue_7        0x0040a990        0x0 contiki-OrisenStamp.a(list.o)
 .glue_7        0x0040a990        0x0 contiki-OrisenStamp.a(etimer.o)
 .glue_7        0x0040a990        0x0 contiki-OrisenStamp.a(ctimer.o)
 .glue_7        0x0040a990        0x0 contiki-OrisenStamp.a(random.o)
 .glue_7        0x0040a990        0x0 contiki-OrisenStamp.a(ringbuf.o)
 .glue_7        0x0040a990        0x0 contiki-OrisenStamp.a(packetbuf.o)
 .glue_7        0x0040a990        0x0 contiki-OrisenStamp.a(queuebuf.o)
 .glue_7        0x0040a990        0x0 contiki-OrisenStamp.a(packetqueue.o)
 .glue_7        0x0040a990        0x0 contiki-OrisenStamp.a(clock.o)
 .glue_7        0x0040a990        0x0 contiki-OrisenStamp.a(button-sensor.o)
 .glue_7        0x0040a990        0x0 contiki-OrisenStamp.a(sensors.o)
 .glue_7        0x0040a990        0x0 contiki-OrisenStamp.a(RTC.o)
 .glue_7        0x0040a990        0x0 contiki-OrisenStamp.a(kbi_events.o)
 .glue_7        0x0040a990        0x0 contiki-OrisenStamp.a(io-pins.o)
 .glue_7        0x0040a990        0x0 contiki-OrisenStamp.a(contiki-crm.o)
 .glue_7        0x0040a990        0x0 contiki-OrisenStamp.a(contiki-maca.o)
 .glue_7        0x0040a990        0x0 contiki-OrisenStamp.a(contiki-misc.o)
 .glue_7        0x0040a990        0x0 contiki-OrisenStamp.a(leds.o)
 .glue_7        0x0040a990        0x0 contiki-OrisenStamp.a(contiki-uart.o)
 .glue_7        0x0040a990        0x0 contiki-OrisenStamp.a(dbg-printf.o)
 .glue_7        0x0040a990        0x0 contiki-OrisenStamp.a(dbg-sprintf.o)
 .glue_7        0x0040a990        0x0 contiki-OrisenStamp.a(strformat.o)
 .glue_7        0x0040a990        0x0 contiki-OrisenStamp.a(adc.o)
 .glue_7        0x0040a990        0x0 contiki-OrisenStamp.a(gpio.o)
 .glue_7        0x0040a990        0x0 contiki-OrisenStamp.a(gpio-util.o)
 .glue_7        0x0040a990        0x0 contiki-OrisenStamp.a(i2c.o)
 .glue_7        0x0040a990        0x0 contiki-OrisenStamp.a(maca.o)
 .glue_7        0x0040a990        0x0 contiki-OrisenStamp.a(nvm.o)
 .glue_7        0x0040a990        0x0 contiki-OrisenStamp.a(uart1.o)
 .glue_7        0x0040a990        0x0 contiki-OrisenStamp.a(uart2.o)
 .glue_7        0x0040a990        0x0 contiki-OrisenStamp.a(default_lowleve)
 .glue_7        0x0040a990        0x0 contiki-OrisenStamp.a(isr.o)
 .glue_7        0x0040a990        0x0 contiki-OrisenStamp.a(unicast.o)
 .glue_7        0x0040a990        0x0 contiki-OrisenStamp.a(frame802154.o)
 .glue_7        0x0040a990        0x0 contiki-OrisenStamp.a(debug-uart.o)
 .glue_7        0x0040a990        0x0 contiki-OrisenStamp.a(leds-arch.o)
 .glue_7        0x0040a990        0x0 /home/user/CodeSourcery/Sourcery_G++_Lite/bin/../lib/gcc/arm-none-eabi/4.3.2/libgcc.a(_udivsi3.o)
 .glue_7        0x0040a990        0x0 /home/user/CodeSourcery/Sourcery_G++_Lite/bin/../lib/gcc/arm-none-eabi/4.3.2/libgcc.a(_divsi3.o)
 .glue_7        0x0040a990        0x0 /home/user/CodeSourcery/Sourcery_G++_Lite/bin/../lib/gcc/arm-none-eabi/4.3.2/libgcc.a(_dvmd_tls.o)
 .glue_7        0x0040a990        0x0 /home/user/CodeSourcery/Sourcery_G++_Lite/bin/../lib/gcc/arm-none-eabi/4.3.2/libgcc.a(_aeabi_uldivmod.o)
 .glue_7        0x0040a990        0x0 /home/user/CodeSourcery/Sourcery_G++_Lite/bin/../lib/gcc/arm-none-eabi/4.3.2/libgcc.a(bpabi.o)
 .glue_7        0x0040a990        0x0 /home/user/CodeSourcery/Sourcery_G++_Lite/bin/../lib/gcc/arm-none-eabi/4.3.2/libgcc.a(_divdi3.o)
 .glue_7        0x0040a990        0x0 /home/user/CodeSourcery/Sourcery_G++_Lite/bin/../lib/gcc/arm-none-eabi/4.3.2/libgcc.a(_udivdi3.o)
 .glue_7        0x0040a990        0x0 /home/user/CodeSourcery/Sourcery_G++_Lite/bin/../lib/gcc/arm-none-eabi/4.3.2/libgcc.a(_clz.o)
 .glue_7        0x0040a990        0x0 /home/user/CodeSourcery/Sourcery_G++_Lite/bin/../lib/gcc/arm-none-eabi/4.3.2/../../../../arm-none-eabi/lib/libc.a(lib_a-malloc.o)
 .glue_7        0x0040a990        0x0 /home/user/CodeSourcery/Sourcery_G++_Lite/bin/../lib/gcc/arm-none-eabi/4.3.2/../../../../arm-none-eabi/lib/libc.a(lib_a-mallocr.o)
 .glue_7        0x0040a990        0x0 /home/user/CodeSourcery/Sourcery_G++_Lite/bin/../lib/gcc/arm-none-eabi/4.3.2/../../../../arm-none-eabi/lib/libc.a(lib_a-memcmp.o)
 .glue_7        0x0040a990        0x0 /home/user/CodeSourcery/Sourcery_G++_Lite/bin/../lib/gcc/arm-none-eabi/4.3.2/../../../../arm-none-eabi/lib/libc.a(lib_a-memcpy.o)
 .glue_7        0x0040a990        0x0 /home/user/CodeSourcery/Sourcery_G++_Lite/bin/../lib/gcc/arm-none-eabi/4.3.2/../../../../arm-none-eabi/lib/libc.a(lib_a-memset.o)
 .glue_7        0x0040a990        0x0 /home/user/CodeSourcery/Sourcery_G++_Lite/bin/../lib/gcc/arm-none-eabi/4.3.2/../../../../arm-none-eabi/lib/libc.a(lib_a-mlock.o)
 .glue_7        0x0040a990        0x0 /home/user/CodeSourcery/Sourcery_G++_Lite/bin/../lib/gcc/arm-none-eabi/4.3.2/../../../../arm-none-eabi/lib/libc.a(lib_a-sbrkr.o)
 .glue_7        0x0040a990        0x0 /home/user/CodeSourcery/Sourcery_G++_Lite/bin/../lib/gcc/arm-none-eabi/4.3.2/../../../../arm-none-eabi/lib/libc.a(lib_a-strcat.o)
 .glue_7        0x0040a990        0x0 /home/user/CodeSourcery/Sourcery_G++_Lite/bin/../lib/gcc/arm-none-eabi/4.3.2/../../../../arm-none-eabi/lib/libc.a(lib_a-strcpy.o)
 .glue_7        0x0040a990        0x0 /home/user/CodeSourcery/Sourcery_G++_Lite/bin/../lib/gcc/arm-none-eabi/4.3.2/../../../../arm-none-eabi/lib/libc.a(lib_a-strlen.o)
 .glue_7        0x0040a990        0x0 /home/user/CodeSourcery/Sourcery_G++_Lite/bin/../lib/gcc/arm-none-eabi/4.3.2/../../../../arm-none-eabi/lib/libc.a(lib_a-strncmp.o)
 .glue_7        0x0040a990        0x0 /home/user/CodeSourcery/Sourcery_G++_Lite/bin/../lib/gcc/arm-none-eabi/4.3.2/../../../../arm-none-eabi/lib/libc.a(lib_a-freer.o)
 .glue_7        0x0040a990        0x0 /home/user/CodeSourcery/Sourcery_G++_Lite/bin/../lib/gcc/arm-none-eabi/4.3.2/../../../../arm-none-eabi/lib/libc.a(lib_a-impure.o)
 .glue_7        0x0040a990        0x0 /home/user/CodeSourcery/Sourcery_G++_Lite/bin/../lib/gcc/arm-none-eabi/4.3.2/../../../../arm-none-eabi/lib/libc.a(lib_a-reent.o)
 *(.vfp11_veneer)
 .vfp11_veneer  0x0040a990        0x0 syncSensor.co
 .vfp11_veneer  0x0040a990        0x0 obj_OrisenStamp/contiki-stamp-main.o
 .vfp11_veneer  0x0040a990        0x0 obj_OrisenStamp/start.o
 .vfp11_veneer  0x0040a990        0x0 contiki-OrisenStamp.a(rimeaddr.o)
 .vfp11_veneer  0x0040a990        0x0 contiki-OrisenStamp.a(rime.o)
 .vfp11_veneer  0x0040a990        0x0 contiki-OrisenStamp.a(rimestats.o)
 .vfp11_veneer  0x0040a990        0x0 contiki-OrisenStamp.a(announcement.o)
 .vfp11_veneer  0x0040a990        0x0 contiki-OrisenStamp.a(broadcast-annou)
 .vfp11_veneer  0x0040a990        0x0 contiki-OrisenStamp.a(broadcast.o)
 .vfp11_veneer  0x0040a990        0x0 contiki-OrisenStamp.a(abc.o)
 .vfp11_veneer  0x0040a990        0x0 contiki-OrisenStamp.a(collect.o)
 .vfp11_veneer  0x0040a990        0x0 contiki-OrisenStamp.a(collect-neighbo)
 .vfp11_veneer  0x0040a990        0x0 contiki-OrisenStamp.a(collect-link-es)
 .vfp11_veneer  0x0040a990        0x0 contiki-OrisenStamp.a(chameleon.o)
 .vfp11_veneer  0x0040a990        0x0 contiki-OrisenStamp.a(channel.o)
 .vfp11_veneer  0x0040a990        0x0 contiki-OrisenStamp.a(chameleon-bitop)
 .vfp11_veneer  0x0040a990        0x0 contiki-OrisenStamp.a(nullrdc.o)
 .vfp11_veneer  0x0040a990        0x0 contiki-OrisenStamp.a(mac.o)
 .vfp11_veneer  0x0040a990        0x0 contiki-OrisenStamp.a(framer-802154.o)
 .vfp11_veneer  0x0040a990        0x0 contiki-OrisenStamp.a(csma.o)
 .vfp11_veneer  0x0040a990        0x0 contiki-OrisenStamp.a(process.o)
 .vfp11_veneer  0x0040a990        0x0 contiki-OrisenStamp.a(autostart.o)
 .vfp11_veneer  0x0040a990        0x0 contiki-OrisenStamp.a(serial-line.o)
 .vfp11_veneer  0x0040a990        0x0 contiki-OrisenStamp.a(memb.o)
 .vfp11_veneer  0x0040a990        0x0 contiki-OrisenStamp.a(timer.o)
 .vfp11_veneer  0x0040a990        0x0 contiki-OrisenStamp.a(list.o)
 .vfp11_veneer  0x0040a990        0x0 contiki-OrisenStamp.a(etimer.o)
 .vfp11_veneer  0x0040a990        0x0 contiki-OrisenStamp.a(ctimer.o)
 .vfp11_veneer  0x0040a990        0x0 contiki-OrisenStamp.a(random.o)
 .vfp11_veneer  0x0040a990        0x0 contiki-OrisenStamp.a(ringbuf.o)
 .vfp11_veneer  0x0040a990        0x0 contiki-OrisenStamp.a(packetbuf.o)
 .vfp11_veneer  0x0040a990        0x0 contiki-OrisenStamp.a(queuebuf.o)
 .vfp11_veneer  0x0040a990        0x0 contiki-OrisenStamp.a(packetqueue.o)
 .vfp11_veneer  0x0040a990        0x0 contiki-OrisenStamp.a(clock.o)
 .vfp11_veneer  0x0040a990        0x0 contiki-OrisenStamp.a(button-sensor.o)
 .vfp11_veneer  0x0040a990        0x0 contiki-OrisenStamp.a(sensors.o)
 .vfp11_veneer  0x0040a990        0x0 contiki-OrisenStamp.a(RTC.o)
 .vfp11_veneer  0x0040a990        0x0 contiki-OrisenStamp.a(kbi_events.o)
 .vfp11_veneer  0x0040a990        0x0 contiki-OrisenStamp.a(io-pins.o)
 .vfp11_veneer  0x0040a990        0x0 contiki-OrisenStamp.a(contiki-crm.o)
 .vfp11_veneer  0x0040a990        0x0 contiki-OrisenStamp.a(contiki-maca.o)
 .vfp11_veneer  0x0040a990        0x0 contiki-OrisenStamp.a(contiki-misc.o)
 .vfp11_veneer  0x0040a990        0x0 contiki-OrisenStamp.a(leds.o)
 .vfp11_veneer  0x0040a990        0x0 contiki-OrisenStamp.a(contiki-uart.o)
 .vfp11_veneer  0x0040a990        0x0 contiki-OrisenStamp.a(dbg-printf.o)
 .vfp11_veneer  0x0040a990        0x0 contiki-OrisenStamp.a(dbg-sprintf.o)
 .vfp11_veneer  0x0040a990        0x0 contiki-OrisenStamp.a(strformat.o)
 .vfp11_veneer  0x0040a990        0x0 contiki-OrisenStamp.a(adc.o)
 .vfp11_veneer  0x0040a990        0x0 contiki-OrisenStamp.a(gpio.o)
 .vfp11_veneer  0x0040a990        0x0 contiki-OrisenStamp.a(gpio-util.o)
 .vfp11_veneer  0x0040a990        0x0 contiki-OrisenStamp.a(i2c.o)
 .vfp11_veneer  0x0040a990        0x0 contiki-OrisenStamp.a(maca.o)
 .vfp11_veneer  0x0040a990        0x0 contiki-OrisenStamp.a(nvm.o)
 .vfp11_veneer  0x0040a990        0x0 contiki-OrisenStamp.a(uart1.o)
 .vfp11_veneer  0x0040a990        0x0 contiki-OrisenStamp.a(uart2.o)
 .vfp11_veneer  0x0040a990        0x0 contiki-OrisenStamp.a(default_lowleve)
 .vfp11_veneer  0x0040a990        0x0 contiki-OrisenStamp.a(isr.o)
 .vfp11_veneer  0x0040a990        0x0 contiki-OrisenStamp.a(unicast.o)
 .vfp11_veneer  0x0040a990        0x0 contiki-OrisenStamp.a(frame802154.o)
 .vfp11_veneer  0x0040a990        0x0 contiki-OrisenStamp.a(debug-uart.o)
 .vfp11_veneer  0x0040a990        0x0 contiki-OrisenStamp.a(leds-arch.o)
 .vfp11_veneer  0x0040a990        0x0 /home/user/CodeSourcery/Sourcery_G++_Lite/bin/../lib/gcc/arm-none-eabi/4.3.2/libgcc.a(_udivsi3.o)
 .vfp11_veneer  0x0040a990        0x0 /home/user/CodeSourcery/Sourcery_G++_Lite/bin/../lib/gcc/arm-none-eabi/4.3.2/libgcc.a(_divsi3.o)
 .vfp11_veneer  0x0040a990        0x0 /home/user/CodeSourcery/Sourcery_G++_Lite/bin/../lib/gcc/arm-none-eabi/4.3.2/libgcc.a(_dvmd_tls.o)
 .vfp11_veneer  0x0040a990        0x0 /home/user/CodeSourcery/Sourcery_G++_Lite/bin/../lib/gcc/arm-none-eabi/4.3.2/libgcc.a(_aeabi_uldivmod.o)
 .vfp11_veneer  0x0040a990        0x0 /home/user/CodeSourcery/Sourcery_G++_Lite/bin/../lib/gcc/arm-none-eabi/4.3.2/libgcc.a(bpabi.o)
 .vfp11_veneer  0x0040a990        0x0 /home/user/CodeSourcery/Sourcery_G++_Lite/bin/../lib/gcc/arm-none-eabi/4.3.2/libgcc.a(_divdi3.o)
 .vfp11_veneer  0x0040a990        0x0 /home/user/CodeSourcery/Sourcery_G++_Lite/bin/../lib/gcc/arm-none-eabi/4.3.2/libgcc.a(_udivdi3.o)
 .vfp11_veneer  0x0040a990        0x0 /home/user/CodeSourcery/Sourcery_G++_Lite/bin/../lib/gcc/arm-none-eabi/4.3.2/libgcc.a(_clz.o)
 .vfp11_veneer  0x0040a990        0x0 /home/user/CodeSourcery/Sourcery_G++_Lite/bin/../lib/gcc/arm-none-eabi/4.3.2/../../../../arm-none-eabi/lib/libc.a(lib_a-malloc.o)
 .vfp11_veneer  0x0040a990        0x0 /home/user/CodeSourcery/Sourcery_G++_Lite/bin/../lib/gcc/arm-none-eabi/4.3.2/../../../../arm-none-eabi/lib/libc.a(lib_a-mallocr.o)
 .vfp11_veneer  0x0040a990        0x0 /home/user/CodeSourcery/Sourcery_G++_Lite/bin/../lib/gcc/arm-none-eabi/4.3.2/../../../../arm-none-eabi/lib/libc.a(lib_a-memcmp.o)
 .vfp11_veneer  0x0040a990        0x0 /home/user/CodeSourcery/Sourcery_G++_Lite/bin/../lib/gcc/arm-none-eabi/4.3.2/../../../../arm-none-eabi/lib/libc.a(lib_a-memcpy.o)
 .vfp11_veneer  0x0040a990        0x0 /home/user/CodeSourcery/Sourcery_G++_Lite/bin/../lib/gcc/arm-none-eabi/4.3.2/../../../../arm-none-eabi/lib/libc.a(lib_a-memset.o)
 .vfp11_veneer  0x0040a990        0x0 /home/user/CodeSourcery/Sourcery_G++_Lite/bin/../lib/gcc/arm-none-eabi/4.3.2/../../../../arm-none-eabi/lib/libc.a(lib_a-mlock.o)
 .vfp11_veneer  0x0040a990        0x0 /home/user/CodeSourcery/Sourcery_G++_Lite/bin/../lib/gcc/arm-none-eabi/4.3.2/../../../../arm-none-eabi/lib/libc.a(lib_a-sbrkr.o)
 .vfp11_veneer  0x0040a990        0x0 /home/user/CodeSourcery/Sourcery_G++_Lite/bin/../lib/gcc/arm-none-eabi/4.3.2/../../../../arm-none-eabi/lib/libc.a(lib_a-strcat.o)
 .vfp11_veneer  0x0040a990        0x0 /home/user/CodeSourcery/Sourcery_G++_Lite/bin/../lib/gcc/arm-none-eabi/4.3.2/../../../../arm-none-eabi/lib/libc.a(lib_a-strcpy.o)
 .vfp11_veneer  0x0040a990        0x0 /home/user/CodeSourcery/Sourcery_G++_Lite/bin/../lib/gcc/arm-none-eabi/4.3.2/../../../../arm-none-eabi/lib/libc.a(lib_a-strlen.o)
 .vfp11_veneer  0x0040a990        0x0 /home/user/CodeSourcery/Sourcery_G++_Lite/bin/../lib/gcc/arm-none-eabi/4.3.2/../../../../arm-none-eabi/lib/libc.a(lib_a-strncmp.o)
 .vfp11_veneer  0x0040a990        0x0 /home/user/CodeSourcery/Sourcery_G++_Lite/bin/../lib/gcc/arm-none-eabi/4.3.2/../../../../arm-none-eabi/lib/libc.a(lib_a-freer.o)
 .vfp11_veneer  0x0040a990        0x0 /home/user/CodeSourcery/Sourcery_G++_Lite/bin/../lib/gcc/arm-none-eabi/4.3.2/../../../../arm-none-eabi/lib/libc.a(lib_a-impure.o)
 .vfp11_veneer  0x0040a990        0x0 /home/user/CodeSourcery/Sourcery_G++_Lite/bin/../lib/gcc/arm-none-eabi/4.3.2/../../../../arm-none-eabi/lib/libc.a(lib_a-reent.o)
 *(.v4_bx)
 .v4_bx         0x0040a990        0x0 syncSensor.co
 .v4_bx         0x0040a990        0x0 obj_OrisenStamp/contiki-stamp-main.o
 .v4_bx         0x0040a990        0x0 obj_OrisenStamp/start.o
 .v4_bx         0x0040a990        0x0 contiki-OrisenStamp.a(rimeaddr.o)
 .v4_bx         0x0040a990        0x0 contiki-OrisenStamp.a(rime.o)
 .v4_bx         0x0040a990        0x0 contiki-OrisenStamp.a(rimestats.o)
 .v4_bx         0x0040a990        0x0 contiki-OrisenStamp.a(announcement.o)
 .v4_bx         0x0040a990        0x0 contiki-OrisenStamp.a(broadcast-annou)
 .v4_bx         0x0040a990        0x0 contiki-OrisenStamp.a(broadcast.o)
 .v4_bx         0x0040a990        0x0 contiki-OrisenStamp.a(abc.o)
 .v4_bx         0x0040a990        0x0 contiki-OrisenStamp.a(collect.o)
 .v4_bx         0x0040a990        0x0 contiki-OrisenStamp.a(collect-neighbo)
 .v4_bx         0x0040a990        0x0 contiki-OrisenStamp.a(collect-link-es)
 .v4_bx         0x0040a990        0x0 contiki-OrisenStamp.a(chameleon.o)
 .v4_bx         0x0040a990        0x0 contiki-OrisenStamp.a(channel.o)
 .v4_bx         0x0040a990        0x0 contiki-OrisenStamp.a(chameleon-bitop)
 .v4_bx         0x0040a990        0x0 contiki-OrisenStamp.a(nullrdc.o)
 .v4_bx         0x0040a990        0x0 contiki-OrisenStamp.a(mac.o)
 .v4_bx         0x0040a990        0x0 contiki-OrisenStamp.a(framer-802154.o)
 .v4_bx         0x0040a990        0x0 contiki-OrisenStamp.a(csma.o)
 .v4_bx         0x0040a990        0x0 contiki-OrisenStamp.a(process.o)
 .v4_bx         0x0040a990        0x0 contiki-OrisenStamp.a(autostart.o)
 .v4_bx         0x0040a990        0x0 contiki-OrisenStamp.a(serial-line.o)
 .v4_bx         0x0040a990        0x0 contiki-OrisenStamp.a(memb.o)
 .v4_bx         0x0040a990        0x0 contiki-OrisenStamp.a(timer.o)
 .v4_bx         0x0040a990        0x0 contiki-OrisenStamp.a(list.o)
 .v4_bx         0x0040a990        0x0 contiki-OrisenStamp.a(etimer.o)
 .v4_bx         0x0040a990        0x0 contiki-OrisenStamp.a(ctimer.o)
 .v4_bx         0x0040a990        0x0 contiki-OrisenStamp.a(random.o)
 .v4_bx         0x0040a990        0x0 contiki-OrisenStamp.a(ringbuf.o)
 .v4_bx         0x0040a990        0x0 contiki-OrisenStamp.a(packetbuf.o)
 .v4_bx         0x0040a990        0x0 contiki-OrisenStamp.a(queuebuf.o)
 .v4_bx         0x0040a990        0x0 contiki-OrisenStamp.a(packetqueue.o)
 .v4_bx         0x0040a990        0x0 contiki-OrisenStamp.a(clock.o)
 .v4_bx         0x0040a990        0x0 contiki-OrisenStamp.a(button-sensor.o)
 .v4_bx         0x0040a990        0x0 contiki-OrisenStamp.a(sensors.o)
 .v4_bx         0x0040a990        0x0 contiki-OrisenStamp.a(RTC.o)
 .v4_bx         0x0040a990        0x0 contiki-OrisenStamp.a(kbi_events.o)
 .v4_bx         0x0040a990        0x0 contiki-OrisenStamp.a(io-pins.o)
 .v4_bx         0x0040a990        0x0 contiki-OrisenStamp.a(contiki-crm.o)
 .v4_bx         0x0040a990        0x0 contiki-OrisenStamp.a(contiki-maca.o)
 .v4_bx         0x0040a990        0x0 contiki-OrisenStamp.a(contiki-misc.o)
 .v4_bx         0x0040a990        0x0 contiki-OrisenStamp.a(leds.o)
 .v4_bx         0x0040a990        0x0 contiki-OrisenStamp.a(contiki-uart.o)
 .v4_bx         0x0040a990        0x0 contiki-OrisenStamp.a(dbg-printf.o)
 .v4_bx         0x0040a990        0x0 contiki-OrisenStamp.a(dbg-sprintf.o)
 .v4_bx         0x0040a990        0x0 contiki-OrisenStamp.a(strformat.o)
 .v4_bx         0x0040a990        0x0 contiki-OrisenStamp.a(adc.o)
 .v4_bx         0x0040a990        0x0 contiki-OrisenStamp.a(gpio.o)
 .v4_bx         0x0040a990        0x0 contiki-OrisenStamp.a(gpio-util.o)
 .v4_bx         0x0040a990        0x0 contiki-OrisenStamp.a(i2c.o)
 .v4_bx         0x0040a990        0x0 contiki-OrisenStamp.a(maca.o)
 .v4_bx         0x0040a990        0x0 contiki-OrisenStamp.a(nvm.o)
 .v4_bx         0x0040a990        0x0 contiki-OrisenStamp.a(uart1.o)
 .v4_bx         0x0040a990        0x0 contiki-OrisenStamp.a(uart2.o)
 .v4_bx         0x0040a990        0x0 contiki-OrisenStamp.a(default_lowleve)
 .v4_bx         0x0040a990        0x0 contiki-OrisenStamp.a(isr.o)
 .v4_bx         0x0040a990        0x0 contiki-OrisenStamp.a(unicast.o)
 .v4_bx         0x0040a990        0x0 contiki-OrisenStamp.a(frame802154.o)
 .v4_bx         0x0040a990        0x0 contiki-OrisenStamp.a(debug-uart.o)
 .v4_bx         0x0040a990        0x0 contiki-OrisenStamp.a(leds-arch.o)
 .v4_bx         0x0040a990        0x0 /home/user/CodeSourcery/Sourcery_G++_Lite/bin/../lib/gcc/arm-none-eabi/4.3.2/libgcc.a(_udivsi3.o)
 .v4_bx         0x0040a990        0x0 /home/user/CodeSourcery/Sourcery_G++_Lite/bin/../lib/gcc/arm-none-eabi/4.3.2/libgcc.a(_divsi3.o)
 .v4_bx         0x0040a990        0x0 /home/user/CodeSourcery/Sourcery_G++_Lite/bin/../lib/gcc/arm-none-eabi/4.3.2/libgcc.a(_dvmd_tls.o)
 .v4_bx         0x0040a990        0x0 /home/user/CodeSourcery/Sourcery_G++_Lite/bin/../lib/gcc/arm-none-eabi/4.3.2/libgcc.a(_aeabi_uldivmod.o)
 .v4_bx         0x0040a990        0x0 /home/user/CodeSourcery/Sourcery_G++_Lite/bin/../lib/gcc/arm-none-eabi/4.3.2/libgcc.a(bpabi.o)
 .v4_bx         0x0040a990        0x0 /home/user/CodeSourcery/Sourcery_G++_Lite/bin/../lib/gcc/arm-none-eabi/4.3.2/libgcc.a(_divdi3.o)
 .v4_bx         0x0040a990        0x0 /home/user/CodeSourcery/Sourcery_G++_Lite/bin/../lib/gcc/arm-none-eabi/4.3.2/libgcc.a(_udivdi3.o)
 .v4_bx         0x0040a990        0x0 /home/user/CodeSourcery/Sourcery_G++_Lite/bin/../lib/gcc/arm-none-eabi/4.3.2/libgcc.a(_clz.o)
 .v4_bx         0x0040a990        0x0 /home/user/CodeSourcery/Sourcery_G++_Lite/bin/../lib/gcc/arm-none-eabi/4.3.2/../../../../arm-none-eabi/lib/libc.a(lib_a-malloc.o)
 .v4_bx         0x0040a990        0x0 /home/user/CodeSourcery/Sourcery_G++_Lite/bin/../lib/gcc/arm-none-eabi/4.3.2/../../../../arm-none-eabi/lib/libc.a(lib_a-mallocr.o)
 .v4_bx         0x0040a990        0x0 /home/user/CodeSourcery/Sourcery_G++_Lite/bin/../lib/gcc/arm-none-eabi/4.3.2/../../../../arm-none-eabi/lib/libc.a(lib_a-memcmp.o)
 .v4_bx         0x0040a990        0x0 /home/user/CodeSourcery/Sourcery_G++_Lite/bin/../lib/gcc/arm-none-eabi/4.3.2/../../../../arm-none-eabi/lib/libc.a(lib_a-memcpy.o)
 .v4_bx         0x0040a990        0x0 /home/user/CodeSourcery/Sourcery_G++_Lite/bin/../lib/gcc/arm-none-eabi/4.3.2/../../../../arm-none-eabi/lib/libc.a(lib_a-memset.o)
 .v4_bx         0x0040a990        0x0 /home/user/CodeSourcery/Sourcery_G++_Lite/bin/../lib/gcc/arm-none-eabi/4.3.2/../../../../arm-none-eabi/lib/libc.a(lib_a-mlock.o)
 .v4_bx         0x0040a990        0x0 /home/user/CodeSourcery/Sourcery_G++_Lite/bin/../lib/gcc/arm-none-eabi/4.3.2/../../../../arm-none-eabi/lib/libc.a(lib_a-sbrkr.o)
 .v4_bx         0x0040a990        0x0 /home/user/CodeSourcery/Sourcery_G++_Lite/bin/../lib/gcc/arm-none-eabi/4.3.2/../../../../arm-none-eabi/lib/libc.a(lib_a-strcat.o)
 .v4_bx         0x0040a990        0x0 /home/user/CodeSourcery/Sourcery_G++_Lite/bin/../lib/gcc/arm-none-eabi/4.3.2/../../../../arm-none-eabi/lib/libc.a(lib_a-strcpy.o)