Archive member included because of file (symbol)

contiki-OrisenStamp.a(rimeaddr.o)
                              obj_OrisenStamp/contiki-stamp-main.o (rimeaddr_copy)
contiki-OrisenStamp.a(rime.o)
                              obj_OrisenStamp/contiki-stamp-main.o (rime_driver)
contiki-OrisenStamp.a(rimestats.o)
                              contiki-OrisenStamp.a(rime.o) (rimestats)
contiki-OrisenStamp.a(announcement.o)
                              contiki-OrisenStamp.a(rime.o) (announcement_init)
contiki-OrisenStamp.a(broadcast-annou)
                              contiki-OrisenStamp.a(rime.o) (broadcast_announcement_init)
contiki-OrisenStamp.a(broadcast.o)
                              contiki-OrisenStamp.a(broadcast-annou) (broadcast_send)
contiki-OrisenStamp.a(abc.o)  contiki-OrisenStamp.a(rime.o) (abc_input)
contiki-OrisenStamp.a(chameleon.o)
                              contiki-OrisenStamp.a(rime.o) (chameleon_parse)
contiki-OrisenStamp.a(channel.o)
                              contiki-OrisenStamp.a(abc.o) (channel_close)
contiki-OrisenStamp.a(chameleon-bitop)
                              contiki-OrisenStamp.a(chameleon.o) (chameleon_bitopt)
contiki-OrisenStamp.a(nullrdc.o)
                              obj_OrisenStamp/contiki-stamp-main.o (nullrdc_driver)
contiki-OrisenStamp.a(mac.o)  contiki-OrisenStamp.a(nullrdc.o) (mac_call_sent_callback)
contiki-OrisenStamp.a(framer-802154.o)
                              contiki-OrisenStamp.a(nullrdc.o) (framer_802154)
contiki-OrisenStamp.a(csma.o)
                              obj_OrisenStamp/contiki-stamp-main.o (csma_driver)
contiki-OrisenStamp.a(process.o)
                              obj_OrisenStamp/contiki-stamp-main.o (process_init)
contiki-OrisenStamp.a(autostart.o)
                              obj_OrisenStamp/contiki-stamp-main.o (autostart_start)
contiki-OrisenStamp.a(serial-line.o)
                              obj_OrisenStamp/contiki-stamp-main.o (serial_line_init)
contiki-OrisenStamp.a(memb.o)
                              contiki-OrisenStamp.a(csma.o) (memb_alloc)
contiki-OrisenStamp.a(list.o)
                              contiki-OrisenStamp.a(announcement.o) (list_init)
contiki-OrisenStamp.a(etimer.o)
                              obj_OrisenStamp/contiki-stamp-main.o (etimer_process)
contiki-OrisenStamp.a(ctimer.o)
                              contiki-OrisenStamp.a(broadcast-annou) (ctimer_stop)
contiki-OrisenStamp.a(random.o)
                              contiki-OrisenStamp.a(broadcast-annou) (random_rand)
contiki-OrisenStamp.a(ringbuf.o)
                              contiki-OrisenStamp.a(serial-line.o) (ringbuf_init)
contiki-OrisenStamp.a(packetbuf.o)
                              contiki-OrisenStamp.a(chameleon-bitop) (packetbuf_hdrreduce)
contiki-OrisenStamp.a(queuebuf.o)
                              contiki-OrisenStamp.a(nullrdc.o) (queuebuf_to_packetbuf)
contiki-OrisenStamp.a(clock.o)
                              obj_OrisenStamp/contiki-stamp-main.o (clock_init)
contiki-OrisenStamp.a(button-sensor.o)
                              obj_OrisenStamp/contiki-stamp-main.o (button_sensor)
contiki-OrisenStamp.a(sensors.o)
                              contiki-OrisenStamp.a(button-sensor.o) (sensors_changed)
contiki-OrisenStamp.a(RTC.o)  obj_OrisenStamp/contiki-stamp-main.o (RTC_init)
contiki-OrisenStamp.a(kbi_events.o)
                              obj_OrisenStamp/contiki-stamp-main.o (kbi_event_process)
contiki-OrisenStamp.a(io-pins.o)
                              obj_OrisenStamp/contiki-stamp-main.o (ioPins_init)
contiki-OrisenStamp.a(contiki-crm.o)
                              obj_OrisenStamp/contiki-stamp-main.o (cal_ring_osc)
contiki-OrisenStamp.a(contiki-maca.o)
                              contiki-OrisenStamp.a(nullrdc.o) (contiki_maca_driver)
contiki-OrisenStamp.a(contiki-misc.o)
                              contiki-OrisenStamp.a(random.o) (srand)
contiki-OrisenStamp.a(leds.o)
                              sensorStamp.co (leds_off)
contiki-OrisenStamp.a(contiki-uart.o)
                              obj_OrisenStamp/contiki-stamp-main.o (uart1_set_input)
contiki-OrisenStamp.a(dbg-printf.o)
                              sensorStamp.co (printf)
contiki-OrisenStamp.a(dbg-sprintf.o)
                              sensorStamp.co (sprintf)
contiki-OrisenStamp.a(strformat.o)
                              contiki-OrisenStamp.a(dbg-printf.o) (format_str_v)
contiki-OrisenStamp.a(adc.o)  contiki-OrisenStamp.a(io-pins.o) (adc_service)
contiki-OrisenStamp.a(gpio.o)
                              contiki-OrisenStamp.a(button-sensor.o) (gpio_data_get)
contiki-OrisenStamp.a(gpio-util.o)
                              contiki-OrisenStamp.a(adc.o) (gpio_select_function)
contiki-OrisenStamp.a(i2c.o)  contiki-OrisenStamp.a(RTC.o) (i2c_transferred)
contiki-OrisenStamp.a(maca.o)
                              contiki-OrisenStamp.a(contiki-maca.o) (free_packet)
contiki-OrisenStamp.a(nvm.o)  obj_OrisenStamp/contiki-stamp-main.o (nvm_detect)
[...]
Memory Configuration

Name             Origin             Length             Attributes
ram              0x00400000         0x00018000         xrw
*default*        0x00000000         0xffffffff

Linker script and memory map

LOAD sensorStamp.co
LOAD obj_OrisenStamp/contiki-stamp-main.o
LOAD obj_OrisenStamp/start.o
LOAD contiki-OrisenStamp.a
LOAD contiki-OrisenStamp.a
START GROUP
LOAD /home/user/CodeSourcery/Sourcery_G++_Lite/bin/../lib/gcc/arm-none-eabi/4.3.2/libgcc.a
LOAD /home/user/CodeSourcery/Sourcery_G++_Lite/bin/../lib/gcc/arm-none-eabi/4.3.2/../../../../arm-none-eabi/lib/libc.a
END GROUP
                0x00000400                SYS_STACK_SIZE = 0x400
                0x00000100                IRQ_STACK_SIZE = 0x100
                0x00000100                FIQ_STACK_SIZE = 0x100
                0x00000100                SVC_STACK_SIZE = 0x100
                0x00000010                ABT_STACK_SIZE = 0x10
                0x00000010                UND_STACK_SIZE = 0x10
                0x00001000                HEAP_SIZE = 0x1000
                0x00400000                PROVIDE (__executable_start, 0x400000)
                0x00400000                . = 0x400000

.text           0x00400000     0x8358
 *(.start)
 .start         0x00400000      0x8b4 obj_OrisenStamp/start.o
                0x00400890                _bss_start
                0x00400894                _bss_end
                0x00400000                _start
 *(.irq)
 .irq           0x004008b4      0x214 contiki-OrisenStamp.a(isr.o)
                0x004008b4                irq
 *(.text .stub .text.* .gnu.linkonce.t.*)
 .text.process_thread_example_abc_process
                0x00400ac8      0x148 sensorStamp.co
 .text.abc_recv
                0x00400c10       0x54 sensorStamp.co
 .text.process_thread_test_uart2_process
                0x00400c64       0xc4 sensorStamp.co
 .text.sd_card_switch_init
                0x00400d28       0x44 obj_OrisenStamp/contiki-stamp-main.o
                0x00400d28                sd_card_switch_init
                0x00400d30                .real_start_ofsd_card_switch_init
 .text.kbi4_init
                0x00400d6c       0x64 obj_OrisenStamp/contiki-stamp-main.o
                0x00400d74                .real_start_ofkbi4_init
                0x00400d6c                kbi4_init
 .text.kbi5_init
                0x00400dd0       0x68 obj_OrisenStamp/contiki-stamp-main.o
                0x00400dd0                kbi5_init
                0x00400dd8                .real_start_ofkbi5_init
 .text.print_welcome
                0x00400e38       0x40 obj_OrisenStamp/contiki-stamp-main.o
                0x00400e38                print_welcome
                0x00400e40                .real_start_ofprint_welcome
 .text.set_rimeaddr
                0x00400e78      0x104 obj_OrisenStamp/contiki-stamp-main.o
                0x00400e78                set_rimeaddr
                0x00400e80                .real_start_ofset_rimeaddr
 .text.stamp_init
                0x00400f7c       0xc4 obj_OrisenStamp/contiki-stamp-main.o
                0x00400f84                .real_start_ofstamp_init
                0x00400f7c                stamp_init
 .text.init_lowlevel
                0x00401040       0x60 obj_OrisenStamp/contiki-stamp-main.o
                0x00401040                init_lowlevel
                0x00401048                .real_start_ofinit_lowlevel
 .text.main     0x004010a0      0x1e0 obj_OrisenStamp/contiki-stamp-main.o
                0x004010a8                .real_start_ofmain
                0x004010a0                main
 .text.rimeaddr_copy
                0x00401280       0x1c contiki-OrisenStamp.a(rimeaddr.o)
                0x00401280                rimeaddr_copy
                0x00401288                .real_start_ofrimeaddr_copy
 .text.rimeaddr_cmp
                0x0040129c       0x2c contiki-OrisenStamp.a(rimeaddr.o)
                0x004012a4                .real_start_ofrimeaddr_cmp
                0x0040129c                rimeaddr_cmp
 .text.rimeaddr_set_node_addr
                0x004012c8       0x28 contiki-OrisenStamp.a(rimeaddr.o)
                0x004012c8                rimeaddr_set_node_addr
                0x004012d0                .real_start_ofrimeaddr_set_node_addr
 .text.input    0x004012f0       0x60 contiki-OrisenStamp.a(rime.o)
 .text.init     0x00401350       0x50 contiki-OrisenStamp.a(rime.o)
 .text.rime_output
                0x004013a0       0x50 contiki-OrisenStamp.a(rime.o)
                0x004013a8                .real_start_ofrime_output
                0x004013a0                rime_output
 .text.packet_sent
                0x004013f0       0x50 contiki-OrisenStamp.a(rime.o)
 .text.announcement_register_observer_callback
                0x00401440       0x14 contiki-OrisenStamp.a(announcement.o)
                0x00401440                announcement_register_observer_callback
                0x00401448                .real_start_ofannouncement_register_observer_callback
 .text.announcement_list
                0x00401454       0x24 contiki-OrisenStamp.a(announcement.o)
                0x0040145c                .real_start_ofannouncement_list
                0x00401454                announcement_list
 .text.announcement_heard
                0x00401478       0x50 contiki-OrisenStamp.a(announcement.o)
                0x00401478                announcement_heard
                0x00401480                .real_start_ofannouncement_heard
 .text.announcement_init
                0x004014c8       0x24 contiki-OrisenStamp.a(announcement.o)
                0x004014d0                .real_start_ofannouncement_init
                0x004014c8                announcement_init
 .text.adv_packet_sent
                0x004014ec        0x4 contiki-OrisenStamp.a(broadcast-annou)
 .text.broadcast_announcement_init
                0x004014f0       0x54 contiki-OrisenStamp.a(broadcast-annou)
                0x004014f8                .real_start_ofbroadcast_announcement_init
                0x004014f0                broadcast_announcement_init
 .text.adv_packet_received
                0x00401544       0x7c contiki-OrisenStamp.a(broadcast-annou)
 .text.set_timers
                0x004015c0       0x54 contiki-OrisenStamp.a(broadcast-annou)
 .text.new_announcement
                0x00401614       0x28 contiki-OrisenStamp.a(broadcast-annou)
 .text.send_timer
                0x0040163c       0x2c contiki-OrisenStamp.a(broadcast-annou)
 .text.send_adv
                0x00401668       0x8c contiki-OrisenStamp.a(broadcast-annou)
 .text.sent_by_abc
                0x004016f4       0x18 contiki-OrisenStamp.a(broadcast.o)
 .text.broadcast_send
                0x0040170c       0x38 contiki-OrisenStamp.a(broadcast.o)
                0x0040170c                broadcast_send
                0x00401714                .real_start_ofbroadcast_send
 .text.recv_from_abc
                0x00401744       0x30 contiki-OrisenStamp.a(broadcast.o)
 .text.broadcast_open
                0x00401774       0x40 contiki-OrisenStamp.a(broadcast.o)
                0x00401774                broadcast_open
                0x0040177c                .real_start_ofbroadcast_open
 .text.abc_input
                0x004017b4       0x1c contiki-OrisenStamp.a(abc.o)
                0x004017b4                abc_input
                0x004017bc                .real_start_ofabc_input
 .text.abc_sent
                0x004017d0       0x20 contiki-OrisenStamp.a(abc.o)
                0x004017d0                abc_sent
                0x004017d8                .real_start_ofabc_sent
 .text.abc_send
                0x004017f0       0x20 contiki-OrisenStamp.a(abc.o)
                0x004017f0                abc_send
                0x004017f8                .real_start_ofabc_send
 .text.abc_close
                0x00401810       0x20 contiki-OrisenStamp.a(abc.o)
                0x00401818                .real_start_ofabc_close
                0x00401810                abc_close
 .text.abc_open
                0x00401830       0x38 contiki-OrisenStamp.a(abc.o)
                0x00401830                abc_open
                0x00401838                .real_start_ofabc_open
 .text.packetbuf_set_attr
                0x00401868       0x10 contiki-OrisenStamp.a(chameleon.o)
 .text.chameleon_parse
                0x00401878       0x38 contiki-OrisenStamp.a(chameleon.o)
                0x00401878                chameleon_parse
                0x00401880                .real_start_ofchameleon_parse
 .text.chameleon_create
                0x004018b0       0x38 contiki-OrisenStamp.a(chameleon.o)
                0x004018b0                chameleon_create
                0x004018b8                .real_start_ofchameleon_create
 .text.chameleon_hdrsize
                0x004018e8       0x20 contiki-OrisenStamp.a(chameleon.o)
                0x004018e8                chameleon_hdrsize
                0x004018f0                .real_start_ofchameleon_hdrsize
 .text.chameleon_init
                0x00401908       0x20 contiki-OrisenStamp.a(chameleon.o)
                0x00401908                chameleon_init
                0x00401910                .real_start_ofchameleon_init
 .text.channel_lookup
                0x00401928       0x38 contiki-OrisenStamp.a(channel.o)
                0x00401928                channel_lookup
                0x00401930                .real_start_ofchannel_lookup
 .text.channel_close
                0x00401960       0x28 contiki-OrisenStamp.a(channel.o)
                0x00401968                .real_start_ofchannel_close
                0x00401960                channel_close
 .text.channel_open
                0x00401988       0x2c contiki-OrisenStamp.a(channel.o)
                0x00401988                channel_open
                0x00401990                .real_start_ofchannel_open
 .text.channel_set_attributes
                0x004019b4       0x38 contiki-OrisenStamp.a(channel.o)
                0x004019b4                channel_set_attributes
                0x004019bc                .real_start_ofchannel_set_attributes
 .text.channel_init
                0x004019ec       0x24 contiki-OrisenStamp.a(channel.o)
                0x004019f4                .real_start_ofchannel_init
                0x004019ec                channel_init
 .text.get_bits_in_byte
                0x00401a10       0x2c contiki-OrisenStamp.a(chameleon-bitop)
                0x00401a10                get_bits_in_byte
                0x00401a18                .real_start_ofget_bits_in_byte
 .text.get_bits
                0x00401a3c       0x9c contiki-OrisenStamp.a(chameleon-bitop)
                0x00401a44                .real_start_ofget_bits
                0x00401a3c                get_bits
 .text.header_size
                0x00401ad8       0x18 contiki-OrisenStamp.a(chameleon-bitop)
 .text.set_bits_in_byte
                0x00401af0       0x2c contiki-OrisenStamp.a(chameleon-bitop)
                0x00401af8                .real_start_ofset_bits_in_byte
                0x00401af0                set_bits_in_byte
 .text.set_bits
                0x00401b1c       0xa8 contiki-OrisenStamp.a(chameleon-bitop)
                0x00401b1c                set_bits
                0x00401b24                .real_start_ofset_bits
 .text.pack_header
                0x00401bc4       0xb8 contiki-OrisenStamp.a(chameleon-bitop)
 .text.unpack_header
                0x00401c7c       0xec contiki-OrisenStamp.a(chameleon-bitop)
 .text.packetbuf_addr
                0x00401d68       0x10 contiki-OrisenStamp.a(nullrdc.o)
 .text.on       0x00401d78       0x18 contiki-OrisenStamp.a(nullrdc.o)
 .text.off      0x00401d90       0x20 contiki-OrisenStamp.a(nullrdc.o)
 .text.channel_check_interval
                0x00401db0        0x4 contiki-OrisenStamp.a(nullrdc.o)
 .text.init     0x00401db4       0x18 contiki-OrisenStamp.a(nullrdc.o)
 .text.packet_input
                0x00401dcc       0x60 contiki-OrisenStamp.a(nullrdc.o)
 .text.send_packet
                0x00401e2c       0x90 contiki-OrisenStamp.a(nullrdc.o)
 .text.send_list
                0x00401ebc       0x30 contiki-OrisenStamp.a(nullrdc.o)
 .text.mac_call_sent_callback
                0x00401eec       0x24 contiki-OrisenStamp.a(mac.o)
                0x00401ef4                .real_start_ofmac_call_sent_callback
                0x00401eec                mac_call_sent_callback
 .text.packetbuf_set_attr
                0x00401f10       0x10 contiki-OrisenStamp.a(framer-802154.o)
 .text.packetbuf_addr
                0x00401f20       0x10 contiki-OrisenStamp.a(framer-802154.o)
 .text.packetbuf_set_addr
                0x00401f30       0x28 contiki-OrisenStamp.a(framer-802154.o)
 .text.parse    0x00401f58       0xc8 contiki-OrisenStamp.a(framer-802154.o)
 .text.create   0x00402020      0x15c contiki-OrisenStamp.a(framer-802154.o)
 .text.packetbuf_addr
                0x0040217c       0x10 contiki-OrisenStamp.a(csma.o)
 .text.default_timebase
                0x0040218c       0x20 contiki-OrisenStamp.a(csma.o)
 .text.input_packet
                0x004021ac       0x18 contiki-OrisenStamp.a(csma.o)
 .text.on       0x004021c4       0x18 contiki-OrisenStamp.a(csma.o)
 .text.off      0x004021dc       0x18 contiki-OrisenStamp.a(csma.o)
 .text.channel_check_interval
                0x004021f4       0x20 contiki-OrisenStamp.a(csma.o)
 .text.transmit_packet_list
                0x00402214       0x38 contiki-OrisenStamp.a(csma.o)
 .text.send_packet
                0x0040224c      0x1cc contiki-OrisenStamp.a(csma.o)
 .text.free_first_packet
                0x00402418       0xc4 contiki-OrisenStamp.a(csma.o)
 .text.packet_sent
                0x004024dc       0xf0 contiki-OrisenStamp.a(csma.o)
 .text.init     0x004025cc       0x30 contiki-OrisenStamp.a(csma.o)
 .text.process_alloc_event
                0x004025fc       0x18 contiki-OrisenStamp.a(process.o)
                0x00402604                .real_start_ofprocess_alloc_event
                0x004025fc                process_alloc_event
 .text.process_init
                0x00402614       0x40 contiki-OrisenStamp.a(process.o)
                0x00402614                process_init
                0x0040261c                .real_start_ofprocess_init
 .text.process_post
                0x00402654       0x68 contiki-OrisenStamp.a(process.o)
                0x00402654                process_post
                0x0040265c                .real_start_ofprocess_post
 .text.process_poll
                0x004026bc       0x2c contiki-OrisenStamp.a(process.o)
                0x004026bc                process_poll
                0x004026c4                .real_start_ofprocess_poll
 .text.process_is_running
                0x004026e8       0x10 contiki-OrisenStamp.a(process.o)
                0x004026e8                process_is_running
                0x004026f0                .real_start_ofprocess_is_running
 .text.exit_process
                0x004026f8       0xa4 contiki-OrisenStamp.a(process.o)
 .text.call_process
                0x0040279c       0x50 contiki-OrisenStamp.a(process.o)
 .text.process_post_synch
                0x004027ec       0x28 contiki-OrisenStamp.a(process.o)
                0x004027f4                .real_start_ofprocess_post_synch
                0x004027ec                process_post_synch
 .text.process_start
                0x00402814       0x44 contiki-OrisenStamp.a(process.o)
                0x0040281c                .real_start_ofprocess_start
                0x00402814                process_start
 .text.do_poll  0x00402858       0x44 contiki-OrisenStamp.a(process.o)
 .text.process_run
                0x0040289c       0xdc contiki-OrisenStamp.a(process.o)
                0x004028a4                .real_start_ofprocess_run
                0x0040289c                process_run
 .text.autostart_start
                0x00402978       0x2c contiki-OrisenStamp.a(autostart.o)
                0x00402980                .real_start_ofautostart_start
                0x00402978                autostart_start
 .text.process_thread_serial_line_process
                0x004029a4       0xb4 contiki-OrisenStamp.a(serial-line.o)
 .text.serial_line_init
                0x00402a58       0x40 contiki-OrisenStamp.a(serial-line.o)
                0x00402a60                .real_start_ofserial_line_init
                0x00402a58                serial_line_init
 .text.serial_line_input_byte
                0x00402a98       0x68 contiki-OrisenStamp.a(serial-line.o)
                0x00402aa0                .real_start_ofserial_line_input_byte
                0x00402a98                serial_line_input_byte
 .text.memb_alloc
                0x00402b00       0x38 contiki-OrisenStamp.a(memb.o)
                0x00402b08                .real_start_ofmemb_alloc
                0x00402b00                memb_alloc
 .text.memb_free
                0x00402b38       0x40 contiki-OrisenStamp.a(memb.o)
                0x00402b38                memb_free
                0x00402b40                .real_start_ofmemb_free
 .text.memb_inmemb
                0x00402b78       0x34 contiki-OrisenStamp.a(memb.o)
                0x00402b80                .real_start_ofmemb_inmemb
                0x00402b78                memb_inmemb
 .text.memb_init
                0x00402bac       0x34 contiki-OrisenStamp.a(memb.o)
                0x00402bb4                .real_start_ofmemb_init
                0x00402bac                memb_init
 .text.list_init
                0x00402be0       0x10 contiki-OrisenStamp.a(list.o)
                0x00402be8                .real_start_oflist_init
                0x00402be0                list_init
 .text.list_head
                0x00402bf0        0xc contiki-OrisenStamp.a(list.o)
                0x00402bf0                list_head
                0x00402bf8                .real_start_oflist_head
 .text.list_tail
                0x00402bfc       0x20 contiki-OrisenStamp.a(list.o)
                0x00402bfc                list_tail
                0x00402c04                .real_start_oflist_tail
 .text.list_pop
                0x00402c1c       0x1c contiki-OrisenStamp.a(list.o)
                0x00402c24                .real_start_oflist_pop
                0x00402c1c                list_pop
 .text.list_remove
                0x00402c38       0x38 contiki-OrisenStamp.a(list.o)
                0x00402c40                .real_start_oflist_remove
                0x00402c38                list_remove
 .text.list_push
                0x00402c70       0x28 contiki-OrisenStamp.a(list.o)
                0x00402c70                list_push
                0x00402c78                .real_start_oflist_push
 .text.list_add
                0x00402c98       0x3c contiki-OrisenStamp.a(list.o)
                0x00402c98                list_add
                0x00402ca0                .real_start_oflist_add
 .text.list_length
                0x00402cd4       0x1c contiki-OrisenStamp.a(list.o)
                0x00402cd4                list_length
                0x00402cdc                .real_start_oflist_length
 .text.list_item_next
                0x00402cf0       0x14 contiki-OrisenStamp.a(list.o)
                0x00402cf0                list_item_next
                0x00402cf8                .real_start_oflist_item_next
 .text.etimer_pending
                0x00402d04       0x18 contiki-OrisenStamp.a(etimer.o)
                0x00402d04                etimer_pending
                0x00402d0c                .real_start_ofetimer_pending
 .text.etimer_next_expiration_time
                0x00402d1c       0x2c contiki-OrisenStamp.a(etimer.o)
                0x00402d1c                etimer_next_expiration_time
                0x00402d24                .real_start_ofetimer_next_expiration_time
 .text.update_time
                0x00402d48       0x54 contiki-OrisenStamp.a(etimer.o)
 .text.etimer_stop
                0x00402d9c       0x4c contiki-OrisenStamp.a(etimer.o)
                0x00402d9c                etimer_stop
                0x00402da4                .real_start_ofetimer_stop
 .text.etimer_request_poll
                0x00402de8       0x24 contiki-OrisenStamp.a(etimer.o)
                0x00402df0                .real_start_ofetimer_request_poll
                0x00402de8                etimer_request_poll
 .text.process_thread_etimer_process
                0x00402e0c       0xc8 contiki-OrisenStamp.a(etimer.o)
 .text.add_timer
                0x00402ed4       0x50 contiki-OrisenStamp.a(etimer.o)
 .text.etimer_set
                0x00402f24       0x2c contiki-OrisenStamp.a(etimer.o)
                0x00402f24                etimer_set
                0x00402f2c                .real_start_ofetimer_set
 .text.process_thread_ctimer_process
                0x00402f50       0xa8 contiki-OrisenStamp.a(ctimer.o)
 .text.ctimer_stop
                0x00402ff8       0x48 contiki-OrisenStamp.a(ctimer.o)
                0x00403000                .real_start_ofctimer_stop
                0x00402ff8                ctimer_stop
 .text.ctimer_set
                0x00403040       0x74 contiki-OrisenStamp.a(ctimer.o)
                0x00403040                ctimer_set
                0x00403048                .real_start_ofctimer_set
 .text.ctimer_init
                0x004030b4       0x40 contiki-OrisenStamp.a(ctimer.o)
                0x004030bc                .real_start_ofctimer_init
                0x004030b4                ctimer_init
 .text.random_rand
                0x004030f4       0x24 contiki-OrisenStamp.a(random.o)
                0x004030f4                random_rand
                0x004030fc                .real_start_ofrandom_rand
 .text.ringbuf_init
                0x00403118       0x18 contiki-OrisenStamp.a(ringbuf.o)
                0x00403118                ringbuf_init
                0x00403120                .real_start_ofringbuf_init
 .text.ringbuf_put
                0x00403130       0x34 contiki-OrisenStamp.a(ringbuf.o)
                0x00403130                ringbuf_put
                0x00403138                .real_start_ofringbuf_put
 .text.ringbuf_get
                0x00403164       0x30 contiki-OrisenStamp.a(ringbuf.o)
                0x00403164                ringbuf_get
                0x0040316c                .real_start_ofringbuf_get
 .text.packetbuf_hdrreduce
                0x00403194       0x38 contiki-OrisenStamp.a(packetbuf.o)
                0x0040319c                .real_start_ofpacketbuf_hdrreduce
                0x00403194                packetbuf_hdrreduce
 .text.packetbuf_set_datalen
                0x004031cc       0x14 contiki-OrisenStamp.a(packetbuf.o)
                0x004031cc                packetbuf_set_datalen
                0x004031d4                .real_start_ofpacketbuf_set_datalen
 .text.packetbuf_dataptr
                0x004031e0       0x20 contiki-OrisenStamp.a(packetbuf.o)
                0x004031e8                .real_start_ofpacketbuf_dataptr
                0x004031e0                packetbuf_dataptr
 .text.packetbuf_hdrptr
                0x00403200       0x1c contiki-OrisenStamp.a(packetbuf.o)
                0x00403200                packetbuf_hdrptr
                0x00403208                .real_start_ofpacketbuf_hdrptr
 .text.packetbuf_is_reference
                0x0040321c       0x24 contiki-OrisenStamp.a(packetbuf.o)
                0x0040321c                packetbuf_is_reference
                0x00403224                .real_start_ofpacketbuf_is_reference
 .text.packetbuf_reference_ptr
                0x00403240       0x14 contiki-OrisenStamp.a(packetbuf.o)
                0x00403240                packetbuf_reference_ptr
                0x00403248                .real_start_ofpacketbuf_reference_ptr
 .text.packetbuf_datalen
                0x00403254       0x14 contiki-OrisenStamp.a(packetbuf.o)
                0x00403254                packetbuf_datalen
                0x0040325c                .real_start_ofpacketbuf_datalen
 .text.packetbuf_hdrlen
                0x00403268       0x1c contiki-OrisenStamp.a(packetbuf.o)
                0x00403268                packetbuf_hdrlen
                0x00403270                .real_start_ofpacketbuf_hdrlen
 .text.packetbuf_totlen
                0x00403284       0x2c contiki-OrisenStamp.a(packetbuf.o)
                0x00403284                packetbuf_totlen
                0x0040328c                .real_start_ofpacketbuf_totlen
 .text.packetbuf_hdralloc
                0x004032b0       0x3c contiki-OrisenStamp.a(packetbuf.o)
                0x004032b8                .real_start_ofpacketbuf_hdralloc
                0x004032b0                packetbuf_hdralloc
 .text.packetbuf_attr_copyfrom
                0x004032ec       0x3c contiki-OrisenStamp.a(packetbuf.o)
                0x004032ec                packetbuf_attr_copyfrom
                0x004032f4                .real_start_ofpacketbuf_attr_copyfrom
 .text.packetbuf_attr_copyto
                0x00403328       0x38 contiki-OrisenStamp.a(packetbuf.o)
                0x00403328                packetbuf_attr_copyto
                0x00403330                .real_start_ofpacketbuf_attr_copyto
 .text.packetbuf_copyto
                0x00403360       0x74 contiki-OrisenStamp.a(packetbuf.o)
                0x00403360                packetbuf_copyto
                0x00403368                .real_start_ofpacketbuf_copyto
 .text.packetbuf_copyto_hdr
                0x004033d4       0x3c contiki-OrisenStamp.a(packetbuf.o)
                0x004033d4                packetbuf_copyto_hdr
                0x004033dc                .real_start_ofpacketbuf_copyto_hdr
 .text.packetbuf_compact
                0x00403410       0x7c contiki-OrisenStamp.a(packetbuf.o)
                0x00403418                .real_start_ofpacketbuf_compact
                0x00403410                packetbuf_compact
 .text.packetbuf_attr_clear
                0x0040348c       0x60 contiki-OrisenStamp.a(packetbuf.o)
                0x00403494                .real_start_ofpacketbuf_attr_clear
                0x0040348c                packetbuf_attr_clear
 .text.packetbuf_clear
                0x004034ec       0x4c contiki-OrisenStamp.a(packetbuf.o)
                0x004034f4                .real_start_ofpacketbuf_clear
                0x004034ec                packetbuf_clear
 .text.packetbuf_copyfrom
                0x00403538       0x50 contiki-OrisenStamp.a(packetbuf.o)
                0x00403538                packetbuf_copyfrom
                0x00403540                .real_start_ofpacketbuf_copyfrom
 .text.queuebuf_to_packetbuf
                0x00403588       0xa0 contiki-OrisenStamp.a(queuebuf.o)
                0x00403590                .real_start_ofqueuebuf_to_packetbuf
                0x00403588                queuebuf_to_packetbuf
 .text.queuebuf_free
                0x00403628       0x6c contiki-OrisenStamp.a(queuebuf.o)
                0x00403628                queuebuf_free
                0x00403630                .real_start_ofqueuebuf_free
 .text.queuebuf_update_attr_from_packetbuf
                0x00403694       0x28 contiki-OrisenStamp.a(queuebuf.o)
                0x00403694                queuebuf_update_attr_from_packetbuf
                0x0040369c                .real_start_ofqueuebuf_update_attr_from_packetbuf
 .text.queuebuf_new_from_packetbuf
                0x004036bc       0xb0 contiki-OrisenStamp.a(queuebuf.o)
                0x004036bc                queuebuf_new_from_packetbuf
                0x004036c4                .real_start_ofqueuebuf_new_from_packetbuf
 .text.queuebuf_init
                0x0040376c       0x38 contiki-OrisenStamp.a(queuebuf.o)
                0x0040376c                queuebuf_init
                0x00403774                .real_start_ofqueuebuf_init
 .text.clock_init
                0x004037a4       0x50 contiki-OrisenStamp.a(clock.o)
                0x004037a4                clock_init
                0x004037ac                .real_start_ofclock_init
 .text.clock_time
                0x004037f4       0x14 contiki-OrisenStamp.a(clock.o)
                0x004037fc                .real_start_ofclock_time
                0x004037f4                clock_time
 .text.clock_seconds
                0x00403808       0x14 contiki-OrisenStamp.a(clock.o)
                0x00403808                clock_seconds
                0x00403810                .real_start_ofclock_seconds
 .text.clock_delay_usec
                0x0040381c       0x44 contiki-OrisenStamp.a(clock.o)
                0x0040381c                clock_delay_usec
                0x00403824                .real_start_ofclock_delay_usec
 .text.clock_delay_msec
                0x00403860       0x30 contiki-OrisenStamp.a(clock.o)
                0x00403860                clock_delay_msec
                0x00403868                .real_start_ofclock_delay_msec
 .text.tmr0_isr
                0x00403890       0xa0 contiki-OrisenStamp.a(clock.o)
                0x00403898                .real_start_oftmr0_isr
                0x00403890                tmr0_isr
 .text.status   0x00403930       0x1c contiki-OrisenStamp.a(button-sensor.o)
 .text.configure
                0x0040394c       0x4c contiki-OrisenStamp.a(button-sensor.o)
 .text.value    0x00403998       0x30 contiki-OrisenStamp.a(button-sensor.o)
 .text.kbi4_isr
                0x004039c8       0x34 contiki-OrisenStamp.a(button-sensor.o)
                0x004039c8                kbi4_isr
                0x004039d0                .real_start_ofkbi4_isr
 .text.get_sensor_index
                0x004039fc       0x28 contiki-OrisenStamp.a(sensors.o)
 .text.process_thread_sensors_process
                0x00403a24       0xec contiki-OrisenStamp.a(sensors.o)
 .text.sensors_changed
                0x00403b10       0x40 contiki-OrisenStamp.a(sensors.o)
                0x00403b18                .real_start_ofsensors_changed
                0x00403b10                sensors_changed
 .text.M41T62_writeRegN
                0x00403b50       0x30 contiki-OrisenStamp.a(RTC.o)
                0x00403b58                .real_start_ofM41T62_writeRegN
                0x00403b50                M41T62_writeRegN
 .text.M41T62_writeReg
                0x00403b80       0x58 contiki-OrisenStamp.a(RTC.o)
                0x00403b88                .real_start_ofM41T62_writeReg
                0x00403b80                M41T62_writeReg
 .text.M41T62_readRegN
                0x00403bd8       0x58 contiki-OrisenStamp.a(RTC.o)
                0x00403bd8                M41T62_readRegN
                0x00403be0                .real_start_ofM41T62_readRegN
 .text.RTC_resetRegisters
                0x00403c30       0x74 contiki-OrisenStamp.a(RTC.o)
                0x00403c38                .real_start_ofRTC_resetRegisters
                0x00403c30                RTC_resetRegisters
 .text.M41T62_readReg
                0x00403ca4       0x58 contiki-OrisenStamp.a(RTC.o)
                0x00403ca4                M41T62_readReg
                0x00403cac                .real_start_ofM41T62_readReg
 .text.process_thread_RTC_process
                0x00403cfc       0x7c contiki-OrisenStamp.a(RTC.o)
 .text.RTC_start
                0x00403d78       0x40 contiki-OrisenStamp.a(RTC.o)
                0x00403d78                RTC_start
                0x00403d80                .real_start_ofRTC_start
 .text.RTC_stop
                0x00403db8       0x44 contiki-OrisenStamp.a(RTC.o)
                0x00403dc0                .real_start_ofRTC_stop
                0x00403db8                RTC_stop
 .text.kbi5_isr
                0x00403dfc       0x34 contiki-OrisenStamp.a(RTC.o)
                0x00403dfc                kbi5_isr
                0x00403e04                .real_start_ofkbi5_isr
 .text.RTC_init
                0x00403e30       0xc0 contiki-OrisenStamp.a(RTC.o)
                0x00403e30                RTC_init
                0x00403e38                .real_start_ofRTC_init
 .text.kbi_event_init
                0x00403ef0       0xcc contiki-OrisenStamp.a(kbi_events.o)
                0x00403ef0                kbi_event_init
                0x00403ef8                .real_start_ofkbi_event_init
 .text.process_thread_kbi_event_process
                0x00403fbc       0xa4 contiki-OrisenStamp.a(kbi_events.o)
 .text.kbi7_isr
                0x00404060       0x3c contiki-OrisenStamp.a(kbi_events.o)
                0x00404060                kbi7_isr
                0x00404068                .real_start_ofkbi7_isr
 .text.kbi6_isr
                0x0040409c       0x3c contiki-OrisenStamp.a(kbi_events.o)
                0x004040a4                .real_start_ofkbi6_isr
                0x0040409c                kbi6_isr
 .text.ioPins_configurePin
                0x004040d8      0x5d4 contiki-OrisenStamp.a(io-pins.o)
                0x004040e0                .real_start_ofioPins_configurePin
                0x004040d8                ioPins_configurePin
 .text.ioPins_init
                0x004046ac       0x78 contiki-OrisenStamp.a(io-pins.o)
                0x004046ac                ioPins_init
                0x004046b4                .real_start_ofioPins_init
 .text.cal_ring_osc
                0x00404724       0x6c contiki-OrisenStamp.a(contiki-crm.o)
                0x00404724                cal_ring_osc
                0x0040472c                .real_start_ofcal_ring_osc
 .text.packetbuf_set_attr
                0x00404790       0x10 contiki-OrisenStamp.a(contiki-maca.o)
 .text.contiki_maca_init
                0x004047a0        0xc contiki-OrisenStamp.a(contiki-maca.o)
                0x004047a8                .real_start_ofcontiki_maca_init
                0x004047a0                contiki_maca_init
 .text.contiki_maca_channel_clear
                0x004047ac        0xc contiki-OrisenStamp.a(contiki-maca.o)
                0x004047b4                .real_start_ofcontiki_maca_channel_clear
                0x004047ac                contiki_maca_channel_clear
 .text.contiki_maca_receiving_packet
                0x004047b8        0xc contiki-OrisenStamp.a(contiki-maca.o)
                0x004047b8                contiki_maca_receiving_packet
                0x004047c0                .real_start_ofcontiki_maca_receiving_packet
 .text.contiki_maca_pending_packet
                0x004047c4       0x18 contiki-OrisenStamp.a(contiki-maca.o)
                0x004047cc                .real_start_ofcontiki_maca_pending_packet
                0x004047c4                contiki_maca_pending_packet
 .text.contiki_maca_on_request
                0x004047dc       0x20 contiki-OrisenStamp.a(contiki-maca.o)
                0x004047e4                .real_start_ofcontiki_maca_on_request
                0x004047dc                contiki_maca_on_request
 .text.contiki_maca_off_request
                0x004047fc       0x20 contiki-OrisenStamp.a(contiki-maca.o)
                0x004047fc                contiki_maca_off_request
                0x00404804                .real_start_ofcontiki_maca_off_request
 .text.maca_rx_callback
                0x0040481c       0x24 contiki-OrisenStamp.a(contiki-maca.o)
                0x0040481c                maca_rx_callback
                0x00404824                .real_start_ofmaca_rx_callback
 .text.contiki_maca_prepare
                0x00404840       0x44 contiki-OrisenStamp.a(contiki-maca.o)
                0x00404848                .real_start_ofcontiki_maca_prepare
                0x00404840                contiki_maca_prepare
 .text.contiki_maca_transmit
                0x00404884       0x58 contiki-OrisenStamp.a(contiki-maca.o)
                0x00404884                contiki_maca_transmit
                0x0040488c                .real_start_ofcontiki_maca_transmit
 .text.contiki_maca_send
                0x004048dc       0x4c contiki-OrisenStamp.a(contiki-maca.o)
                0x004048e4                .real_start_ofcontiki_maca_send
                0x004048dc                contiki_maca_send
 .text.contiki_maca_read
                0x00404928       0x74 contiki-OrisenStamp.a(contiki-maca.o)
                0x00404930                .real_start_ofcontiki_maca_read
                0x00404928                contiki_maca_read
 .text.process_thread_contiki_maca_process
                0x0040499c       0xb4 contiki-OrisenStamp.a(contiki-maca.o)
 .text.rand     0x00404a50       0x14 contiki-OrisenStamp.a(contiki-misc.o)
                0x00404a50                rand
                0x00404a58                .real_start_ofrand
 .text.show_leds
                0x00404a64       0x28 contiki-OrisenStamp.a(leds.o)
 .text.leds_off
                0x00404a8c       0x30 contiki-OrisenStamp.a(leds.o)
                0x00404a8c                leds_off
                0x00404a94                .real_start_ofleds_off
 .text.leds_on  0x00404abc       0x30 contiki-OrisenStamp.a(leds.o)
                0x00404abc                leds_on
                0x00404ac4                .real_start_ofleds_on
 .text.leds_init
                0x00404aec       0x30 contiki-OrisenStamp.a(leds.o)
                0x00404af4                .real_start_ofleds_init
                0x00404aec                leds_init
 .text.uart1_set_input
                0x00404b1c       0x14 contiki-OrisenStamp.a(contiki-uart.o)
                0x00404b24                .real_start_ofuart1_set_input
                0x00404b1c                uart1_set_input
 .text.printf   0x00404b30       0x34 contiki-OrisenStamp.a(dbg-printf.o)
                0x00404b30                printf
                0x00404b38                .real_start_ofprintf
 .text.write_str
                0x00404b64       0x20 contiki-OrisenStamp.a(dbg-printf.o)
 .text.sprintf  0x00404b84       0x44 contiki-OrisenStamp.a(dbg-sprintf.o)
                0x00404b8c                .real_start_ofsprintf
                0x00404b84                sprintf
 .text.buffer_str
                0x00404bc8       0x24 contiki-OrisenStamp.a(dbg-sprintf.o)
 .text.parse_uint
                0x00404bec       0x28 contiki-OrisenStamp.a(strformat.o)
 .text.output_uint_hex
                0x00404c14       0x48 contiki-OrisenStamp.a(strformat.o)
 .text.fill_space
                0x00404c5c       0x40 contiki-OrisenStamp.a(strformat.o)
 .text.format_str_v
                0x00404c9c      0x760 contiki-OrisenStamp.a(strformat.o)
                0x00404c9c                format_str_v
                0x00404ca4                .real_start_offormat_str_v
 .text.adc_init
                0x004053fc       0x8c contiki-OrisenStamp.a(adc.o)
                0x00405404                .real_start_ofadc_init
                0x004053fc                adc_init
 .text.gpio_data_get
                0x00405488       0x34 contiki-OrisenStamp.a(gpio.o)
                0x00405488                gpio_data_get
                0x00405490                .real_start_ofgpio_data_get
 .text.gpio_select_function
                0x004054bc       0x30 contiki-OrisenStamp.a(gpio-util.o)
                0x004054c4                .real_start_ofgpio_select_function
                0x004054bc                gpio_select_function
 .text.gpio_reg_set
                0x004054ec       0x20 contiki-OrisenStamp.a(gpio-util.o)
                0x004054ec                gpio_reg_set
                0x004054f4                .real_start_ofgpio_reg_set
 .text.gpio_reg_clear
                0x0040550c       0x20 contiki-OrisenStamp.a(gpio-util.o)
                0x00405514                .real_start_ofgpio_reg_clear
                0x0040550c                gpio_reg_clear
 .text.gpio_set_pad_dir
                0x0040552c       0x44 contiki-OrisenStamp.a(gpio-util.o)
                0x0040552c                gpio_set_pad_dir
                0x00405534                .real_start_ofgpio_set_pad_dir
 .text.i2c_force_reset
                0x00405570       0x24 contiki-OrisenStamp.a(i2c.o)
                0x00405578                .real_start_ofi2c_force_reset
                0x00405570                i2c_force_reset
 .text.i2c_busy
                0x00405594       0x1c contiki-OrisenStamp.a(i2c.o)
                0x00405594                i2c_busy
                0x0040559c                .real_start_ofi2c_busy
 .text.i2c_transferred
                0x004055b0       0x50 contiki-OrisenStamp.a(i2c.o)
                0x004055b0                i2c_transferred
                0x004055b8                .real_start_ofi2c_transferred
 .text.i2c_enable
                0x00405600       0x64 contiki-OrisenStamp.a(i2c.o)
                0x00405608                .real_start_ofi2c_enable
                0x00405600                i2c_enable
 .text.i2c_isr  0x00405664      0x114 contiki-OrisenStamp.a(i2c.o)
                0x0040566c                .real_start_ofi2c_isr
                0x00405664                i2c_isr
 .text.i2c_transmitinit
                0x00405778       0xc4 contiki-OrisenStamp.a(i2c.o)
                0x00405778                i2c_transmitinit
                0x00405780                .real_start_ofi2c_transmitinit
 .text.i2c_receiveinit
                0x0040583c       0xd0 contiki-OrisenStamp.a(i2c.o)
                0x0040583c                i2c_receiveinit
                0x00405844                .real_start_ofi2c_receiveinit
 .text.free_packet
                0x0040590c       0x64 contiki-OrisenStamp.a(maca.o)
                0x0040590c                free_packet
                0x00405914                .real_start_offree_packet
 .text.get_free_packet
                0x00405970       0x54 contiki-OrisenStamp.a(maca.o)
                0x00405970                get_free_packet
                0x00405978                .real_start_ofget_free_packet
 .text.post_receive
                0x004059c4       0xbc contiki-OrisenStamp.a(maca.o)
                0x004059c4                post_receive
                0x004059cc                .real_start_ofpost_receive
 .text.rx_packet
                0x00405a80       0x54 contiki-OrisenStamp.a(maca.o)
                0x00405a88                .real_start_ofrx_packet
                0x00405a80                rx_packet
 .text.post_tx  0x00405ad4       0xdc contiki-OrisenStamp.a(maca.o)
                0x00405ad4                post_tx
                0x00405adc                .real_start_ofpost_tx
 .text.tx_packet
                0x00405bb0       0x98 contiki-OrisenStamp.a(maca.o)
                0x00405bb8                .real_start_oftx_packet
                0x00405bb0                tx_packet
 .text.free_all_packets
                0x00405c48       0x94 contiki-OrisenStamp.a(maca.o)
                0x00405c50                .real_start_offree_all_packets
                0x00405c48                free_all_packets
 .text.free_tx_head
                0x00405cdc       0x64 contiki-OrisenStamp.a(maca.o)
                0x00405cdc                free_tx_head
                0x00405ce4                .real_start_offree_tx_head
 .text.add_to_rx
                0x00405d40       0x70 contiki-OrisenStamp.a(maca.o)
                0x00405d48                .real_start_ofadd_to_rx
                0x00405d40                add_to_rx
 .text.insert_at_rx_head
                0x00405db0       0x70 contiki-OrisenStamp.a(maca.o)
                0x00405db8                .real_start_ofinsert_at_rx_head
                0x00405db0                insert_at_rx_head
 .text.init_phy
                0x00405e20       0x68 contiki-OrisenStamp.a(maca.o)
                0x00405e28                .real_start_ofinit_phy
                0x00405e20                init_phy
 .text.reset_maca
                0x00405e88       0x5c contiki-OrisenStamp.a(maca.o)
                0x00405e88                reset_maca
                0x00405e90                .real_start_ofreset_maca
 .text.flyback_init
                0x00405ee4       0x3c contiki-OrisenStamp.a(maca.o)
                0x00405ee4                flyback_init
                0x00405eec                .real_start_offlyback_init
 .text.get_ctov
                0x00405f20       0x24 contiki-OrisenStamp.a(maca.o)
                0x00405f28                .real_start_ofget_ctov
                0x00405f20                get_ctov
 .text.set_power
                0x00405f44       0x78 contiki-OrisenStamp.a(maca.o)
                0x00405f44                set_power
                0x00405f4c                .real_start_ofset_power
 .text.set_channel
                0x00405fbc       0xc8 contiki-OrisenStamp.a(maca.o)
                0x00405fbc                set_channel
                0x00405fc4                .real_start_ofset_channel
 .text.exec_init_entry
                0x00406084       0x88 contiki-OrisenStamp.a(maca.o)
                0x00406084                exec_init_entry
                0x0040608c                .real_start_ofexec_init_entry
 .text.init_from_flash
                0x0040610c       0xe0 contiki-OrisenStamp.a(maca.o)
                0x00406114                .real_start_ofinit_from_flash
                0x0040610c                init_from_flash
 .text.radio_init
                0x004061ec      0x218 contiki-OrisenStamp.a(maca.o)
                0x004061f4                .real_start_ofradio_init
                0x004061ec                radio_init
 .text.maca_init
                0x00406404       0xbc contiki-OrisenStamp.a(maca.o)
                0x0040640c                .real_start_ofmaca_init
                0x00406404                maca_init
 .text.ResumeMACASync
                0x004064c0       0xe0 contiki-OrisenStamp.a(maca.o)
                0x004064c0                ResumeMACASync
                0x004064c8                .real_start_ofResumeMACASync
 .text.decode_status
                0x004065a0       0x48 contiki-OrisenStamp.a(maca.o)
                0x004065a0                decode_status
                0x004065a8                .real_start_ofdecode_status
 .text.check_maca
                0x004065e8       0xc8 contiki-OrisenStamp.a(maca.o)
                0x004065e8                check_maca
                0x004065f0                .real_start_ofcheck_maca
 .text.maca_isr
                0x004066b0      0x1dc contiki-OrisenStamp.a(maca.o)
                0x004066b8                .real_start_ofmaca_isr
                0x004066b0                maca_isr
 .text.uart1_isr
                0x0040688c       0xc8 contiki-OrisenStamp.a(uart1.o)
                0x0040688c                uart1_isr
                0x00406894                .real_start_ofuart1_isr
 .text.uart1_putc
                0x00406954       0xa8 contiki-OrisenStamp.a(uart1.o)
                0x0040695c                .real_start_ofuart1_putc
                0x00406954                uart1_putc
 .text.uart1_getc
                0x004069fc       0x64 contiki-OrisenStamp.a(uart1.o)
                0x004069fc                uart1_getc
                0x00406a04                .real_start_ofuart1_getc
 .text.uart2_isr
                0x00406a60       0xc8 contiki-OrisenStamp.a(uart2.o)
                0x00406a60                uart2_isr
                0x00406a68                .real_start_ofuart2_isr
 .text.uart2_getc
                0x00406b28       0x64 contiki-OrisenStamp.a(uart2.o)
                0x00406b28                uart2_getc
                0x00406b30                .real_start_ofuart2_getc
 .text.default_vreg_init
                0x00406b8c       0x4c contiki-OrisenStamp.a(default_lowleve)
                0x00406b94                .real_start_ofdefault_vreg_init
                0x00406b8c                default_vreg_init
 .text.uart1_init
                0x00406bd8       0xdc contiki-OrisenStamp.a(default_lowleve)
                0x00406bd8                uart1_init
                0x00406be0                .real_start_ofuart1_init
 .text.uart2_init
                0x00406cb4       0xd0 contiki-OrisenStamp.a(default_lowleve)
                0x00406cb4                uart2_init
                0x00406cbc                .real_start_ofuart2_init
 .text.addr_len
                0x00406d84       0x18 contiki-OrisenStamp.a(frame802154.o)
 .text.frame802154_parse
                0x00406d9c      0x14c contiki-OrisenStamp.a(frame802154.o)
                0x00406da4                .real_start_offrame802154_parse
                0x00406d9c                frame802154_parse
 .text.field_len
                0x00406ee8       0x74 contiki-OrisenStamp.a(frame802154.o)
 .text.frame802154_create
                0x00406f5c      0x114 contiki-OrisenStamp.a(frame802154.o)
                0x00406f5c                frame802154_create
                0x00406f64                .real_start_offrame802154_create
 .text.frame802154_hdrlen
                0x00407070       0x40 contiki-OrisenStamp.a(frame802154.o)
                0x00407070                frame802154_hdrlen
                0x00407078                .real_start_offrame802154_hdrlen
 .text.timer_expired
                0x004070b0       0x30 contiki-OrisenStamp.a(timer.o)
                0x004070b0                timer_expired
                0x004070b8                .real_start_oftimer_expired
 .text.timer_set
                0x004070e0       0x24 contiki-OrisenStamp.a(timer.o)
                0x004070e8                .real_start_oftimer_set
                0x004070e0                timer_set
 .text.dbg_send_bytes
                0x00407104       0x3c contiki-OrisenStamp.a(debug-uart.o)
                0x00407104                dbg_send_bytes
                0x0040710c                .real_start_ofdbg_send_bytes
 .text.leds_arch_set
                0x00407140       0x54 contiki-OrisenStamp.a(leds-arch.o)
                0x00407148                .real_start_ofleds_arch_set
                0x00407140                leds_arch_set
 .text.leds_arch_init
                0x00407194       0x68 contiki-OrisenStamp.a(leds-arch.o)
                0x00407194                leds_arch_init
                0x0040719c                .real_start_ofleds_arch_init
 .text          0x004071fc      0x114 /home/user/CodeSourcery/Sourcery_G++_Lite/bin/../lib/gcc/arm-none-eabi/4.3.2/libgcc.a(_udivsi3.o)
                0x004071fc                __udivsi3
                0x004071fc                __aeabi_uidiv
                0x004072f0                __aeabi_uidivmod
 .text          0x00407310      0x148 /home/user/CodeSourcery/Sourcery_G++_Lite/bin/../lib/gcc/arm-none-eabi/4.3.2/libgcc.a(_divsi3.o)
                0x00407310                __aeabi_idiv
                0x00407310                __divsi3
                0x00407438                __aeabi_idivmod
 .text          0x00407458        0x4 /home/user/CodeSourcery/Sourcery_G++_Lite/bin/../lib/gcc/arm-none-eabi/4.3.2/libgcc.a(_dvmd_tls.o)
                0x00407458                __aeabi_ldiv0
                0x00407458                __aeabi_idiv0
 .text          0x0040745c       0x3c /home/user/CodeSourcery/Sourcery_G++_Lite/bin/../lib/gcc/arm-none-eabi/4.3.2/libgcc.a(_aeabi_uldivmod.o)
                0x0040745c                __aeabi_uldivmod
 .text          0x00407498       0x80 /home/user/CodeSourcery/Sourcery_G++_Lite/bin/../lib/gcc/arm-none-eabi/4.3.2/libgcc.a(bpabi.o)
                0x00407498                __gnu_uldivmod_helper
                0x004074d8                __gnu_ldivmod_helper
 .text          0x00407518      0x56c /home/user/CodeSourcery/Sourcery_G++_Lite/bin/../lib/gcc/arm-none-eabi/4.3.2/libgcc.a(_divdi3.o)
                0x00407518                __divdi3
 .text          0x00407a84      0x4fc /home/user/CodeSourcery/Sourcery_G++_Lite/bin/../lib/gcc/arm-none-eabi/4.3.2/libgcc.a(_udivdi3.o)
                0x00407a84                __udivdi3
 .text          0x00407f80       0xac /home/user/CodeSourcery/Sourcery_G++_Lite/bin/../lib/gcc/arm-none-eabi/4.3.2/../../../../arm-none-eabi/lib/libc.a(lib_a-memcmp.o)
                0x00407f80                memcmp
 .text          0x0040802c       0xfc /home/user/CodeSourcery/Sourcery_G++_Lite/bin/../lib/gcc/arm-none-eabi/4.3.2/../../../../arm-none-eabi/lib/libc.a(lib_a-memcpy.o)
                0x0040802c                memcpy
 .text          0x00408128       0xd0 /home/user/CodeSourcery/Sourcery_G++_Lite/bin/../lib/gcc/arm-none-eabi/4.3.2/../../../../arm-none-eabi/lib/libc.a(lib_a-memset.o)
                0x00408128                memset
 .text          0x004081f8       0xa8 /home/user/CodeSourcery/Sourcery_G++_Lite/bin/../lib/gcc/arm-none-eabi/4.3.2/../../../../arm-none-eabi/lib/libc.a(lib_a-strcat.o)
                0x004081f8                strcat
 .text          0x004082a0       0xb8 /home/user/CodeSourcery/Sourcery_G++_Lite/bin/../lib/gcc/arm-none-eabi/4.3.2/../../../../arm-none-eabi/lib/libc.a(lib_a-strcpy.o)
                0x004082a0                strcpy
 *(.gnu.warning)
 *(.glue_7t)
 .glue_7t       0x00408358        0x0 sensorStamp.co
 .glue_7t       0x00408358        0x0 obj_OrisenStamp/contiki-stamp-main.o
 .glue_7t       0x00408358        0x0 obj_OrisenStamp/start.o
 .glue_7t       0x00408358        0x0 contiki-OrisenStamp.a(rimeaddr.o)
 .glue_7t       0x00408358        0x0 contiki-OrisenStamp.a(rime.o)
 .glue_7t       0x00408358        0x0 contiki-OrisenStamp.a(rimestats.o)
 .glue_7t       0x00408358        0x0 contiki-OrisenStamp.a(announcement.o)
 .glue_7t       0x00408358        0x0 contiki-OrisenStamp.a(broadcast-annou)
 .glue_7t       0x00408358        0x0 contiki-OrisenStamp.a(broadcast.o)
 .glue_7t       0x00408358        0x0 contiki-OrisenStamp.a(abc.o)
 .glue_7t       0x00408358        0x0 contiki-OrisenStamp.a(chameleon.o)
 .glue_7t       0x00408358        0x0 contiki-OrisenStamp.a(channel.o)
 .glue_7t       0x00408358        0x0 contiki-OrisenStamp.a(chameleon-bitop)
 .glue_7t       0x00408358        0x0 contiki-OrisenStamp.a(nullrdc.o)
 .glue_7t       0x00408358        0x0 contiki-OrisenStamp.a(mac.o)
 .glue_7t       0x00408358        0x0 contiki-OrisenStamp.a(framer-802154.o)
 .glue_7t       0x00408358        0x0 contiki-OrisenStamp.a(csma.o)
 .glue_7t       0x00408358        0x0 contiki-OrisenStamp.a(process.o)
 .glue_7t       0x00408358        0x0 contiki-OrisenStamp.a(autostart.o)
 .glue_7t       0x00408358        0x0 contiki-OrisenStamp.a(serial-line.o)
 .glue_7t       0x00408358        0x0 contiki-OrisenStamp.a(memb.o)
 .glue_7t       0x00408358        0x0 contiki-OrisenStamp.a(list.o)
 .glue_7t       0x00408358        0x0 contiki-OrisenStamp.a(etimer.o)
 .glue_7t       0x00408358        0x0 contiki-OrisenStamp.a(ctimer.o)
 .glue_7t       0x00408358        0x0 contiki-OrisenStamp.a(random.o)
 .glue_7t       0x00408358        0x0 contiki-OrisenStamp.a(ringbuf.o)
 .glue_7t       0x00408358        0x0 contiki-OrisenStamp.a(packetbuf.o)
 .glue_7t       0x00408358        0x0 contiki-OrisenStamp.a(queuebuf.o)
 .glue_7t       0x00408358        0x0 contiki-OrisenStamp.a(clock.o)
 .glue_7t       0x00408358        0x0 contiki-OrisenStamp.a(button-sensor.o)
 .glue_7t       0x00408358        0x0 contiki-OrisenStamp.a(sensors.o)
 .glue_7t       0x00408358        0x0 contiki-OrisenStamp.a(RTC.o)
 .glue_7t       0x00408358        0x0 contiki-OrisenStamp.a(kbi_events.o)
 .glue_7t       0x00408358        0x0 contiki-OrisenStamp.a(io-pins.o)
 .glue_7t       0x00408358        0x0 contiki-OrisenStamp.a(contiki-crm.o)
 .glue_7t       0x00408358        0x0 contiki-OrisenStamp.a(contiki-maca.o)
 .glue_7t       0x00408358        0x0 contiki-OrisenStamp.a(contiki-misc.o)
 .glue_7t       0x00408358        0x0 contiki-OrisenStamp.a(leds.o)
 .glue_7t       0x00408358        0x0 contiki-OrisenStamp.a(contiki-uart.o)
 .glue_7t       0x00408358        0x0 contiki-OrisenStamp.a(dbg-printf.o)
 .glue_7t       0x00408358        0x0 contiki-OrisenStamp.a(dbg-sprintf.o)
 .glue_7t       0x00408358        0x0 contiki-OrisenStamp.a(strformat.o)
 .glue_7t       0x00408358        0x0 contiki-OrisenStamp.a(adc.o)
 .glue_7t       0x00408358        0x0 contiki-OrisenStamp.a(gpio.o)
 .glue_7t       0x00408358        0x0 contiki-OrisenStamp.a(gpio-util.o)
 .glue_7t       0x00408358        0x0 contiki-OrisenStamp.a(i2c.o)
 .glue_7t       0x00408358        0x0 contiki-OrisenStamp.a(maca.o)
 .glue_7t       0x00408358        0x0 contiki-OrisenStamp.a(nvm.o)
 .glue_7t       0x00408358        0x0 contiki-OrisenStamp.a(uart1.o)
 .glue_7t       0x00408358        0x0 contiki-OrisenStamp.a(uart2.o)
 .glue_7t       0x00408358        0x0 contiki-OrisenStamp.a(default_lowleve)
 .glue_7t       0x00408358        0x0 contiki-OrisenStamp.a(isr.o)
 .glue_7t       0x00408358        0x0 contiki-OrisenStamp.a(frame802154.o)
 .glue_7t       0x00408358        0x0 contiki-OrisenStamp.a(timer.o)
 .glue_7t       0x00408358        0x0 contiki-OrisenStamp.a(debug-uart.o)
 .glue_7t       0x00408358        0x0 contiki-OrisenStamp.a(leds-arch.o)
 .glue_7t       0x00408358        0x0 /home/user/CodeSourcery/Sourcery_G++_Lite/bin/../lib/gcc/arm-none-eabi/4.3.2/libgcc.a(_udivsi3.o)
 .glue_7t       0x00408358        0x0 /home/user/CodeSourcery/Sourcery_G++_Lite/bin/../lib/gcc/arm-none-eabi/4.3.2/libgcc.a(_divsi3.o)
 .glue_7t       0x00408358        0x0 /home/user/CodeSourcery/Sourcery_G++_Lite/bin/../lib/gcc/arm-none-eabi/4.3.2/libgcc.a(_dvmd_tls.o)
 .glue_7t       0x00408358        0x0 /home/user/CodeSourcery/Sourcery_G++_Lite/bin/../lib/gcc/arm-none-eabi/4.3.2/libgcc.a(_aeabi_uldivmod.o)
 .glue_7t       0x00408358        0x0 /home/user/CodeSourcery/Sourcery_G++_Lite/bin/../lib/gcc/arm-none-eabi/4.3.2/libgcc.a(bpabi.o)
 .glue_7t       0x00408358        0x0 /home/user/CodeSourcery/Sourcery_G++_Lite/bin/../lib/gcc/arm-none-eabi/4.3.2/libgcc.a(_divdi3.o)
 .glue_7t       0x00408358        0x0 /home/user/CodeSourcery/Sourcery_G++_Lite/bin/../lib/gcc/arm-none-eabi/4.3.2/libgcc.a(_udivdi3.o)
 .glue_7t       0x00408358        0x0 /home/user/CodeSourcery/Sourcery_G++_Lite/bin/../lib/gcc/arm-none-eabi/4.3.2/libgcc.a(_clz.o)
 .glue_7t       0x00408358        0x0 /home/user/CodeSourcery/Sourcery_G++_Lite/bin/../lib/gcc/arm-none-eabi/4.3.2/../../../../arm-none-eabi/lib/libc.a(lib_a-memcmp.o)
 .glue_7t       0x00408358        0x0 /home/user/CodeSourcery/Sourcery_G++_Lite/bin/../lib/gcc/arm-none-eabi/4.3.2/../../../../arm-none-eabi/lib/libc.a(lib_a-memcpy.o)
 .glue_7t       0x00408358        0x0 /home/user/CodeSourcery/Sourcery_G++_Lite/bin/../lib/gcc/arm-none-eabi/4.3.2/../../../../arm-none-eabi/lib/libc.a(lib_a-memset.o)
 .glue_7t       0x00408358        0x0 /home/user/CodeSourcery/Sourcery_G++_Lite/bin/../lib/gcc/arm-none-eabi/4.3.2/../../../../arm-none-eabi/lib/libc.a(lib_a-strcat.o)
 .glue_7t       0x00408358        0x0 /home/user/CodeSourcery/Sourcery_G++_Lite/bin/../lib/gcc/arm-none-eabi/4.3.2/../../../../arm-none-eabi/lib/libc.a(lib_a-strcpy.o)
 .glue_7t       0x00408358        0x0 /home/user/CodeSourcery/Sourcery_G++_Lite/bin/../lib/gcc/arm-none-eabi/4.3.2/../../../../arm-none-eabi/lib/libc.a(lib_a-strlen.o)
 .glue_7t       0x00408358        0x0 /home/user/CodeSourcery/Sourcery_G++_Lite/bin/../lib/gcc/arm-none-eabi/4.3.2/../../../../arm-none-eabi/lib/libc.a(lib_a-strncmp.o)
 *(.glue_7)
 .glue_7        0x00408358        0x0 sensorStamp.co
 .glue_7        0x00408358        0x0 obj_OrisenStamp/contiki-stamp-main.o
 .glue_7        0x00408358        0x0 obj_OrisenStamp/start.o
 .glue_7        0x00408358        0x0 contiki-OrisenStamp.a(rimeaddr.o)
 .glue_7        0x00408358        0x0 contiki-OrisenStamp.a(rime.o)
 .glue_7        0x00408358        0x0 contiki-OrisenStamp.a(rimestats.o)
 .glue_7        0x00408358        0x0 contiki-OrisenStamp.a(announcement.o)
 .glue_7        0x00408358        0x0 contiki-OrisenStamp.a(broadcast-annou)
 .glue_7        0x00408358        0x0 contiki-OrisenStamp.a(broadcast.o)
 .glue_7        0x00408358        0x0 contiki-OrisenStamp.a(abc.o)
 .glue_7        0x00408358        0x0 contiki-OrisenStamp.a(chameleon.o)
 .glue_7        0x00408358        0x0 contiki-OrisenStamp.a(channel.o)
 .glue_7        0x00408358        0x0 contiki-OrisenStamp.a(chameleon-bitop)
 .glue_7        0x00408358        0x0 contiki-OrisenStamp.a(nullrdc.o)
 .glue_7        0x00408358        0x0 contiki-OrisenStamp.a(mac.o)
 .glue_7        0x00408358        0x0 contiki-OrisenStamp.a(framer-802154.o)
 .glue_7        0x00408358        0x0 contiki-OrisenStamp.a(csma.o)
 .glue_7        0x00408358        0x0 contiki-OrisenStamp.a(process.o)
 .glue_7        0x00408358        0x0 contiki-OrisenStamp.a(autostart.o)
 .glue_7        0x00408358        0x0 contiki-OrisenStamp.a(serial-line.o)
 .glue_7        0x00408358        0x0 contiki-OrisenStamp.a(memb.o)
 .glue_7        0x00408358        0x0 contiki-OrisenStamp.a(list.o)
 .glue_7        0x00408358        0x0 contiki-OrisenStamp.a(etimer.o)
 .glue_7        0x00408358        0x0 contiki-OrisenStamp.a(ctimer.o)
 .glue_7        0x00408358        0x0 contiki-OrisenStamp.a(random.o)
 .glue_7        0x00408358        0x0 contiki-OrisenStamp.a(ringbuf.o)
 .glue_7        0x00408358        0x0 contiki-OrisenStamp.a(packetbuf.o)
 .glue_7        0x00408358        0x0 contiki-OrisenStamp.a(queuebuf.o)
 .glue_7        0x00408358        0x0 contiki-OrisenStamp.a(clock.o)
 .glue_7        0x00408358        0x0 contiki-OrisenStamp.a(button-sensor.o)
 .glue_7        0x00408358        0x0 contiki-OrisenStamp.a(sensors.o)
 .glue_7        0x00408358        0x0 contiki-OrisenStamp.a(RTC.o)
 .glue_7        0x00408358        0x0 contiki-OrisenStamp.a(kbi_events.o)
 .glue_7        0x00408358        0x0 contiki-OrisenStamp.a(io-pins.o)
 .glue_7        0x00408358        0x0 contiki-OrisenStamp.a(contiki-crm.o)
 .glue_7        0x00408358        0x0 contiki-OrisenStamp.a(contiki-maca.o)
 .glue_7        0x00408358        0x0 contiki-OrisenStamp.a(contiki-misc.o)
 .glue_7        0x00408358        0x0 contiki-OrisenStamp.a(leds.o)
 .glue_7        0x00408358        0x0 contiki-OrisenStamp.a(contiki-uart.o)
 .glue_7        0x00408358        0x0 contiki-OrisenStamp.a(dbg-printf.o)
 .glue_7        0x00408358        0x0 contiki-OrisenStamp.a(dbg-sprintf.o)
 .glue_7        0x00408358        0x0 contiki-OrisenStamp.a(strformat.o)
 .glue_7        0x00408358        0x0 contiki-OrisenStamp.a(adc.o)
 .glue_7        0x00408358        0x0 contiki-OrisenStamp.a(gpio.o)
 .glue_7        0x00408358        0x0 contiki-OrisenStamp.a(gpio-util.o)
 .glue_7        0x00408358        0x0 contiki-OrisenStamp.a(i2c.o)
 .glue_7        0x00408358        0x0 contiki-OrisenStamp.a(maca.o)
 .glue_7        0x00408358        0x0 contiki-OrisenStamp.a(nvm.o)
 .glue_7        0x00408358        0x0 contiki-OrisenStamp.a(uart1.o)
 .glue_7        0x00408358        0x0 contiki-OrisenStamp.a(uart2.o)
 .glue_7        0x00408358        0x0 contiki-OrisenStamp.a(default_lowleve)
 .glue_7        0x00408358        0x0 contiki-OrisenStamp.a(isr.o)
 .glue_7        0x00408358        0x0 contiki-OrisenStamp.a(frame802154.o)
 .glue_7        0x00408358        0x0 contiki-OrisenStamp.a(timer.o)
 .glue_7        0x00408358        0x0 contiki-OrisenStamp.a(debug-uart.o)
 .glue_7        0x00408358        0x0 contiki-OrisenStamp.a(leds-arch.o)
 .glue_7        0x00408358        0x0 /home/user/CodeSourcery/Sourcery_G++_Lite/bin/../lib/gcc/arm-none-eabi/4.3.2/libgcc.a(_udivsi3.o)
 .glue_7        0x00408358        0x0 /home/user/CodeSourcery/Sourcery_G++_Lite/bin/../lib/gcc/arm-none-eabi/4.3.2/libgcc.a(_divsi3.o)
 .glue_7        0x00408358        0x0 /home/user/CodeSourcery/Sourcery_G++_Lite/bin/../lib/gcc/arm-none-eabi/4.3.2/libgcc.a(_dvmd_tls.o)
 .glue_7        0x00408358        0x0 /home/user/CodeSourcery/Sourcery_G++_Lite/bin/../lib/gcc/arm-none-eabi/4.3.2/libgcc.a(_aeabi_uldivmod.o)
 .glue_7        0x00408358        0x0 /home/user/CodeSourcery/Sourcery_G++_Lite/bin/../lib/gcc/arm-none-eabi/4.3.2/libgcc.a(bpabi.o)
 .glue_7        0x00408358        0x0 /home/user/CodeSourcery/Sourcery_G++_Lite/bin/../lib/gcc/arm-none-eabi/4.3.2/libgcc.a(_divdi3.o)
 .glue_7        0x00408358        0x0 /home/user/CodeSourcery/Sourcery_G++_Lite/bin/../lib/gcc/arm-none-eabi/4.3.2/libgcc.a(_udivdi3.o)
 .glue_7        0x00408358        0x0 /home/user/CodeSourcery/Sourcery_G++_Lite/bin/../lib/gcc/arm-none-eabi/4.3.2/libgcc.a(_clz.o)
 .glue_7        0x00408358        0x0 /home/user/CodeSourcery/Sourcery_G++_Lite/bin/../lib/gcc/arm-none-eabi/4.3.2/../../../../arm-none-eabi/lib/libc.a(lib_a-memcmp.o)
 .glue_7        0x00408358        0x0 /home/user/CodeSourcery/Sourcery_G++_Lite/bin/../lib/gcc/arm-none-eabi/4.3.2/../../../../arm-none-eabi/lib/libc.a(lib_a-memcpy.o)
 .glue_7        0x00408358        0x0 /home/user/CodeSourcery/Sourcery_G++_Lite/bin/../lib/gcc/arm-none-eabi/4.3.2/../../../../arm-none-eabi/lib/libc.a(lib_a-memset.o)
 .glue_7        0x00408358        0x0 /home/user/CodeSourcery/Sourcery_G++_Lite/bin/../lib/gcc/arm-none-eabi/4.3.2/../../../../arm-none-eabi/lib/libc.a(lib_a-strcat.o)
 .glue_7        0x00408358        0x0 /home/user/CodeSourcery/Sourcery_G++_Lite/bin/../lib/gcc/arm-none-eabi/4.3.2/../../../../arm-none-eabi/lib/libc.a(lib_a-strcpy.o)
 .glue_7        0x00408358        0x0 /home/user/CodeSourcery/Sourcery_G++_Lite/bin/../lib/gcc/arm-none-eabi/4.3.2/../../../../arm-none-eabi/lib/libc.a(lib_a-strlen.o)
 .glue_7        0x00408358        0x0 /home/user/CodeSourcery/Sourcery_G++_Lite/bin/../lib/gcc/arm-none-eabi/4.3.2/../../../../arm-none-eabi/lib/libc.a(lib_a-strncmp.o)
 *(.vfp11_veneer)
 .vfp11_veneer  0x00408358        0x0 sensorStamp.co
 .vfp11_veneer  0x00408358        0x0 obj_OrisenStamp/contiki-stamp-main.o
 .vfp11_veneer  0x00408358        0x0 obj_OrisenStamp/start.o
 .vfp11_veneer  0x00408358        0x0 contiki-OrisenStamp.a(rimeaddr.o)
 .vfp11_veneer  0x00408358        0x0 contiki-OrisenStamp.a(rime.o)
 .vfp11_veneer  0x00408358        0x0 contiki-OrisenStamp.a(rimestats.o)
 .vfp11_veneer  0x00408358        0x0 contiki-OrisenStamp.a(announcement.o)
 .vfp11_veneer  0x00408358        0x0 contiki-OrisenStamp.a(broadcast-annou)
 .vfp11_veneer  0x00408358        0x0 contiki-OrisenStamp.a(broadcast.o)
 .vfp11_veneer  0x00408358        0x0 contiki-OrisenStamp.a(abc.o)
 .vfp11_veneer  0x00408358        0x0 contiki-OrisenStamp.a(chameleon.o)
 .vfp11_veneer  0x00408358        0x0 contiki-OrisenStamp.a(channel.o)
 .vfp11_veneer  0x00408358        0x0 contiki-OrisenStamp.a(chameleon-bitop)
 .vfp11_veneer  0x00408358        0x0 contiki-OrisenStamp.a(nullrdc.o)
 .vfp11_veneer  0x00408358        0x0 contiki-OrisenStamp.a(mac.o)
 .vfp11_veneer  0x00408358        0x0 contiki-OrisenStamp.a(framer-802154.o)
 .vfp11_veneer  0x00408358        0x0 contiki-OrisenStamp.a(csma.o)
 .vfp11_veneer  0x00408358        0x0 contiki-OrisenStamp.a(process.o)
 .vfp11_veneer  0x00408358        0x0 contiki-OrisenStamp.a(autostart.o)
 .vfp11_veneer  0x00408358        0x0 contiki-OrisenStamp.a(serial-line.o)
 .vfp11_veneer  0x00408358        0x0 contiki-OrisenStamp.a(memb.o)
 .vfp11_veneer  0x00408358        0x0 contiki-OrisenStamp.a(list.o)
 .vfp11_veneer  0x00408358        0x0 contiki-OrisenStamp.a(etimer.o)
 .vfp11_veneer  0x00408358        0x0 contiki-OrisenStamp.a(ctimer.o)
 .vfp11_veneer  0x00408358        0x0 contiki-OrisenStamp.a(random.o)
 .vfp11_veneer  0x00408358        0x0 contiki-OrisenStamp.a(ringbuf.o)
 .vfp11_veneer  0x00408358        0x0 contiki-OrisenStamp.a(packetbuf.o)
 .vfp11_veneer  0x00408358        0x0 contiki-OrisenStamp.a(queuebuf.o)
 .vfp11_veneer  0x00408358        0x0 contiki-OrisenStamp.a(clock.o)
 .vfp11_veneer  0x00408358        0x0 contiki-OrisenStamp.a(button-sensor.o)
 .vfp11_veneer  0x00408358        0x0 contiki-OrisenStamp.a(sensors.o)
 .vfp11_veneer  0x00408358        0x0 contiki-OrisenStamp.a(RTC.o)
 .vfp11_veneer  0x00408358        0x0 contiki-OrisenStamp.a(kbi_events.o)
 .vfp11_veneer  0x00408358        0x0 contiki-OrisenStamp.a(io-pins.o)
 .vfp11_veneer  0x00408358        0x0 contiki-OrisenStamp.a(contiki-crm.o)
 .vfp11_veneer  0x00408358        0x0 contiki-OrisenStamp.a(contiki-maca.o)
 .vfp11_veneer  0x00408358        0x0 contiki-OrisenStamp.a(contiki-misc.o)
 .vfp11_veneer  0x00408358        0x0 contiki-OrisenStamp.a(leds.o)
 .vfp11_veneer  0x00408358        0x0 contiki-OrisenStamp.a(contiki-uart.o)
 .vfp11_veneer  0x00408358        0x0 contiki-OrisenStamp.a(dbg-printf.o)
 .vfp11_veneer  0x00408358        0x0 contiki-OrisenStamp.a(dbg-sprintf.o)
 .vfp11_veneer  0x00408358        0x0 contiki-OrisenStamp.a(strformat.o)
 .vfp11_veneer  0x00408358        0x0 contiki-OrisenStamp.a(adc.o)
 .vfp11_veneer  0x00408358        0x0 contiki-OrisenStamp.a(gpio.o)
 .vfp11_veneer  0x00408358        0x0 contiki-OrisenStamp.a(gpio-util.o)
 .vfp11_veneer  0x00408358        0x0 contiki-OrisenStamp.a(i2c.o)
 .vfp11_veneer  0x00408358        0x0 contiki-OrisenStamp.a(maca.o)
 .vfp11_veneer  0x00408358        0x0 contiki-OrisenStamp.a(nvm.o)
 .vfp11_veneer  0x00408358        0x0 contiki-OrisenStamp.a(uart1.o)
 .vfp11_veneer  0x00408358        0x0 contiki-OrisenStamp.a(uart2.o)
 .vfp11_veneer  0x00408358        0x0 contiki-OrisenStamp.a(default_lowleve)
 .vfp11_veneer  0x00408358        0x0 contiki-OrisenStamp.a(isr.o)
 .vfp11_veneer  0x00408358        0x0 contiki-OrisenStamp.a(frame802154.o)
 .vfp11_veneer  0x00408358        0x0 contiki-OrisenStamp.a(timer.o)
 .vfp11_veneer  0x00408358        0x0 contiki-OrisenStamp.a(debug-uart.o)
 .vfp11_veneer  0x00408358        0x0 contiki-OrisenStamp.a(leds-arch.o)
 .vfp11_veneer  0x00408358        0x0 /home/user/CodeSourcery/Sourcery_G++_Lite/bin/../lib/gcc/arm-none-eabi/4.3.2/libgcc.a(_udivsi3.o)
 .vfp11_veneer  0x00408358        0x0 /home/user/CodeSourcery/Sourcery_G++_Lite/bin/../lib/gcc/arm-none-eabi/4.3.2/libgcc.a(_divsi3.o)
 .vfp11_veneer  0x00408358        0x0 /home/user/CodeSourcery/Sourcery_G++_Lite/bin/../lib/gcc/arm-none-eabi/4.3.2/libgcc.a(_dvmd_tls.o)
 .vfp11_veneer  0x00408358        0x0 /home/user/CodeSourcery/Sourcery_G++_Lite/bin/../lib/gcc/arm-none-eabi/4.3.2/libgcc.a(_aeabi_uldivmod.o)
 .vfp11_veneer  0x00408358        0x0 /home/user/CodeSourcery/Sourcery_G++_Lite/bin/../lib/gcc/arm-none-eabi/4.3.2/libgcc.a(bpabi.o)
 .vfp11_veneer  0x00408358        0x0 /home/user/CodeSourcery/Sourcery_G++_Lite/bin/../lib/gcc/arm-none-eabi/4.3.2/libgcc.a(_divdi3.o)
 .vfp11_veneer  0x00408358        0x0 /home/user/CodeSourcery/Sourcery_G++_Lite/bin/../lib/gcc/arm-none-eabi/4.3.2/libgcc.a(_udivdi3.o)
 .vfp11_veneer  0x00408358        0x0 /home/user/CodeSourcery/Sourcery_G++_Lite/bin/../lib/gcc/arm-none-eabi/4.3.2/libgcc.a(_clz.o)
 .vfp11_veneer  0x00408358        0x0 /home/user/CodeSourcery/Sourcery_G++_Lite/bin/../lib/gcc/arm-none-eabi/4.3.2/../../../../arm-none-eabi/lib/libc.a(lib_a-memcmp.o)
 .vfp11_veneer  0x00408358        0x0 /home/user/CodeSourcery/Sourcery_G++_Lite/bin/../lib/gcc/arm-none-eabi/4.3.2/../../../../arm-none-eabi/lib/libc.a(lib_a-memcpy.o)
 .vfp11_veneer  0x00408358        0x0 /home/user/CodeSourcery/Sourcery_G++_Lite/bin/../lib/gcc/arm-none-eabi/4.3.2/../../../../arm-none-eabi/lib/libc.a(lib_a-memset.o)
 .vfp11_veneer  0x00408358        0x0 /home/user/CodeSourcery/Sourcery_G++_Lite/bin/../lib/gcc/arm-none-eabi/4.3.2/../../../../arm-none-eabi/lib/libc.a(lib_a-strcat.o)
 .vfp11_veneer  0x00408358        0x0 /home/user/CodeSourcery/Sourcery_G++_Lite/bin/../lib/gcc/arm-none-eabi/4.3.2/../../../../arm-none-eabi/lib/libc.a(lib_a-strcpy.o)
 .vfp11_veneer  0x00408358        0x0 /home/user/CodeSourcery/Sourcery_G++_Lite/bin/../lib/gcc/arm-none-eabi/4.3.2/../../../../arm-none-eabi/lib/libc.a(lib_a-strlen.o)
 .vfp11_veneer  0x00408358        0x0 /home/user/CodeSourcery/Sourcery_G++_Lite/bin/../lib/gcc/arm-none-eabi/4.3.2/../../../../arm-none-eabi/lib/libc.a(lib_a-strncmp.o)
 *(.v4_bx)
 .v4_bx         0x00408358        0x0 sensorStamp.co
 .v4_bx         0x00408358        0x0 obj_OrisenStamp/contiki-stamp-main.o
 .v4_bx         0x00408358        0x0 obj_OrisenStamp/start.o
 .v4_bx         0x00408358        0x0 contiki-OrisenStamp.a(rimeaddr.o)
 .v4_bx         0x00408358        0x0 contiki-OrisenStamp.a(rime.o)
 .v4_bx         0x00408358        0x0 contiki-OrisenStamp.a(rimestats.o)
 .v4_bx         0x00408358        0x0 contiki-OrisenStamp.a(announcement.o)
 .v4_bx         0x00408358        0x0 contiki-OrisenStamp.a(broadcast-annou)
 .v4_bx         0x00408358        0x0 contiki-OrisenStamp.a(broadcast.o)
 .v4_bx         0x00408358        0x0 contiki-OrisenStamp.a(abc.o)
 .v4_bx         0x00408358        0x0 contiki-OrisenStamp.a(chameleon.o)
 .v4_bx         0x00408358        0x0 contiki-OrisenStamp.a(channel.o)
 .v4_bx         0x00408358        0x0 contiki-OrisenStamp.a(chameleon-bitop)
 .v4_bx         0x00408358        0x0 contiki-OrisenStamp.a(nullrdc.o)
 .v4_bx         0x00408358        0x0 contiki-OrisenStamp.a(mac.o)
 .v4_bx         0x00408358        0x0 contiki-OrisenStamp.a(framer-802154.o)
 .v4_bx         0x00408358        0x0 contiki-OrisenStamp.a(csma.o)
 .v4_bx         0x00408358        0x0 contiki-OrisenStamp.a(process.o)
 .v4_bx         0x00408358        0x0 contiki-OrisenStamp.a(autostart.o)
 .v4_bx         0x00408358        0x0 contiki-OrisenStamp.a(serial-line.o)
 .v4_bx         0x00408358        0x0 contiki-OrisenStamp.a(memb.o)
 .v4_bx         0x00408358        0x0 contiki-OrisenStamp.a(list.o)
 .v4_bx         0x00408358        0x0 contiki-OrisenStamp.a(etimer.o)
 .v4_bx         0x00408358        0x0 contiki-OrisenStamp.a(ctimer.o)
 .v4_bx         0x00408358        0x0 contiki-OrisenStamp.a(random.o)
 .v4_bx         0x00408358        0x0 contiki-OrisenStamp.a(ringbuf.o)
 .v4_bx         0x00408358        0x0 contiki-OrisenStamp.a(packetbuf.o)
 .v4_bx         0x00408358        0x0 contiki-OrisenStamp.a(queuebuf.o)
 .v4_bx         0x00408358        0x0 contiki-OrisenStamp.a(clock.o)
 .v4_bx         0x00408358        0x0 contiki-OrisenStamp.a(button-sensor.o)
 .v4_bx         0x00408358        0x0 contiki-OrisenStamp.a(sensors.o)
 .v4_bx         0x00408358        0x0 contiki-OrisenStamp.a(RTC.o)
 .v4_bx         0x00408358        0x0 contiki-OrisenStamp.a(kbi_events.o)
 .v4_bx         0x00408358        0x0 contiki-OrisenStamp.a(io-pins.o)
 .v4_bx         0x00408358        0x0 contiki-OrisenStamp.a(contiki-crm.o)
 .v4_bx         0x00408358        0x0 contiki-OrisenStamp.a(contiki-maca.o)
 .v4_bx         0x00408358        0x0 contiki-OrisenStamp.a(contiki-misc.o)
 .v4_bx         0x00408358        0x0 contiki-OrisenStamp.a(leds.o)
 .v4_bx         0x00408358        0x0 contiki-OrisenStamp.a(contiki-uart.o)
 .v4_bx         0x00408358        0x0 contiki-OrisenStamp.a(dbg-printf.o)
 .v4_bx         0x00408358        0x0 contiki-OrisenStamp.a(dbg-sprintf.o)
 .v4_bx         0x00408358        0x0 contiki-OrisenStamp.a(strformat.o)
 .v4_bx         0x00408358        0x0 contiki-OrisenStamp.a(adc.o)
 .v4_bx         0x00408358        0x0 contiki-OrisenStamp.a(gpio.o)
 .v4_bx         0x00408358        0x0 contiki-OrisenStamp.a(gpio-util.o)
 .v4_bx         0x00408358        0x0 contiki-OrisenStamp.a(i2c.o)
 .v4_bx         0x00408358        0x0 contiki-OrisenStamp.a(maca.o)
 .v4_bx         0x00408358        0x0 contiki-OrisenStamp.a(nvm.o)
 .v4_bx         0x00408358        0x0 contiki-OrisenStamp.a(uart1.o)
 .v4_bx         0x00408358        0x0 contiki-OrisenStamp.a(uart2.o)
 .v4_bx         0x00408358        0x0 contiki-OrisenStamp.a(default_lowleve)
 .v4_bx         0x00408358        0x0 contiki-OrisenStamp.a(isr.o)
 .v4_bx         0x00408358        0x0 contiki-OrisenStamp.a(frame802154.o)
 .v4_bx         0x00408358        0x0 contiki-OrisenStamp.a(timer.o)
 .v4_bx         0x00408358        0x0 contiki-OrisenStamp.a(debug-uart.o)
 .v4_bx         0x00408358        0x0 contiki-OrisenStamp.a(leds-arch.o)
 .v4_bx         0x00408358        0x0 /home/user/CodeSourcery/Sourcery_G++_Lite/bin/../lib/gcc/arm-none-eabi/4.3.2/libgcc.a(_udivsi3.o)
 .v4_bx         0x00408358        0x0 /home/user/CodeSourcery/Sourcery_G++_Lite/bin/../lib/gcc/arm-none-eabi/4.3.2/libgcc.a(_divsi3.o)
 .v4_bx         0x00408358        0x0 /home/user/CodeSourcery/Sourcery_G++_Lite/bin/../lib/gcc/arm-none-eabi/4.3.2/libgcc.a(_dvmd_tls.o)
 .v4_bx         0x00408358        0x0 /home/user/CodeSourcery/Sourcery_G++_Lite/bin/../lib/gcc/arm-none-eabi/4.3.2/libgcc.a(_aeabi_uldivmod.o)
 .v4_bx         0x00408358        0x0 /home/user/CodeSourcery/Sourcery_G++_Lite/bin/../lib/gcc/arm-none-eabi/4.3.2/libgcc.a(bpabi.o)
 .v4_bx         0x00408358        0x0 /home/user/CodeSourcery/Sourcery_G++_Lite/bin/../lib/gcc/arm-none-eabi/4.3.2/libgcc.a(_divdi3.o)
 .v4_bx         0x00408358        0x0 /home/user/CodeSourcery/Sourcery_G++_Lite/bin/../lib/gcc/arm-none-eabi/4.3.2/libgcc.a(_udivdi3.o)
 .v4_bx         0x00408358        0x0 /home/user/CodeSourcery/Sourcery_G++_Lite/bin/../lib/gcc/arm-none-eabi/4.3.2/libgcc.a(_clz.o)
 .v4_bx         0x00408358        0x0 /home/user/CodeSourcery/Sourcery_G++_Lite/bin/../lib/gcc/arm-none-eabi/4.3.2/../../../../arm-none-eabi/lib/libc.a(lib_a-memcmp.o)
 .v4_bx         0x00408358        0x0 /home/user/CodeSourcery/Sourcery_G++_Lite/bin/../lib/gcc/arm-none-eabi/4.3.2/../../../../arm-none-eabi/lib/libc.a(lib_a-memcpy.o)
 .v4_bx         0x00408358        0x0 /home/user/CodeSourcery/Sourcery_G++_Lite/bin/../lib/gcc/arm-none-eabi/4.3.2/../../../../arm-none-eabi/lib/libc.a(lib_a-memset.o)
 .v4_bx         0x00408358        0x0 /home/user/CodeSourcery/Sourcery_G++_Lite/bin/../lib/gcc/arm-none-eabi/4.3.2/../../../../arm-none-eabi/lib/libc.a(lib_a-strcat.o)
 .v4_bx         0x00408358        0x0 /home/user/CodeSourcery/Sourcery_G++_Lite/bin/../lib/gcc/arm-none-eabi/4.3.2/../../../../arm-none-eabi/lib/libc.a(lib_a-strcpy.o)
 .v4_bx         0x00408358        0x0 /home/user/CodeSourcery/Sourcery_G++_Lite/bin/../lib/gcc/arm-none-eabi/4.3.2/../../../../arm-none-eabi/lib/libc.a(lib_a-strlen.o)
 .v4_bx         0x00408358        0x0 /home/user/CodeSourcery/Sourcery_G++_Lite/bin/../lib/gcc/arm-none-eabi/4.3.2/../../../../arm-none-eabi/lib/libc.a(lib_a-strncmp.o)

.janus_2cc_veneer
                0x00408358        0x0
 .janus_2cc_veneer
                0x00408358        0x0 sensorStamp.co
 .janus_2cc_veneer
                0x00408358        0x0 obj_OrisenStamp/contiki-stamp-main.o
 .janus_2cc_veneer
                0x00408358        0x0 obj_OrisenStamp/start.o
 .janus_2cc_veneer
                0x00408358        0x0 contiki-OrisenStamp.a(rimeaddr.o)
 .janus_2cc_veneer
                0x00408358        0x0 contiki-OrisenStamp.a(rime.o)
 .janus_2cc_veneer
                0x00408358        0x0 contiki-OrisenStamp.a(rimestats.o)
 .janus_2cc_veneer
                0x00408358        0x0 contiki-OrisenStamp.a(announcement.o)
 .janus_2cc_veneer
                0x00408358        0x0 contiki-OrisenStamp.a(broadcast-annou)
 .janus_2cc_veneer
                0x00408358        0x0 contiki-OrisenStamp.a(broadcast.o)
 .janus_2cc_veneer
                0x00408358        0x0 contiki-OrisenStamp.a(abc.o)
 .janus_2cc_veneer
                0x00408358        0x0 contiki-OrisenStamp.a(chameleon.o)
 .janus_2cc_veneer
                0x00408358        0x0 contiki-OrisenStamp.a(channel.o)
 .janus_2cc_veneer
                0x00408358        0x0 contiki-OrisenStamp.a(chameleon-bitop)
 .janus_2cc_veneer
                0x00408358        0x0 contiki-OrisenStamp.a(nullrdc.o)
 .janus_2cc_veneer
                0x00408358        0x0 contiki-OrisenStamp.a(mac.o)
 .janus_2cc_veneer
                0x00408358        0x0 contiki-OrisenStamp.a(framer-802154.o)
 .janus_2cc_veneer
                0x00408358        0x0 contiki-OrisenStamp.a(csma.o)
 .janus_2cc_veneer
                0x00408358        0x0 contiki-OrisenStamp.a(process.o)
 .janus_2cc_veneer
                0x00408358        0x0 contiki-OrisenStamp.a(autostart.o)
 .janus_2cc_veneer
                0x00408358        0x0 contiki-OrisenStamp.a(serial-line.o)
 .janus_2cc_veneer
                0x00408358        0x0 contiki-OrisenStamp.a(memb.o)
 .janus_2cc_veneer
                0x00408358        0x0 contiki-OrisenStamp.a(list.o)
 .janus_2cc_veneer
                0x00408358        0x0 contiki-OrisenStamp.a(etimer.o)
 .janus_2cc_veneer
                0x00408358        0x0 contiki-OrisenStamp.a(ctimer.o)
 .janus_2cc_veneer
                0x00408358        0x0 contiki-OrisenStamp.a(random.o)
 .janus_2cc_veneer
                0x00408358        0x0 contiki-OrisenStamp.a(ringbuf.o)
 .janus_2cc_veneer
                0x00408358        0x0 contiki-OrisenStamp.a(packetbuf.o)
 .janus_2cc_veneer
                0x00408358        0x0 contiki-OrisenStamp.a(queuebuf.o)
 .janus_2cc_veneer
                0x00408358        0x0 contiki-OrisenStamp.a(clock.o)
 .janus_2cc_veneer
                0x00408358        0x0 contiki-OrisenStamp.a(button-sensor.o)
 .janus_2cc_veneer
                0x00408358        0x0 contiki-OrisenStamp.a(sensors.o)
 .janus_2cc_veneer
                0x00408358        0x0 contiki-OrisenStamp.a(RTC.o)
 .janus_2cc_veneer
                0x00408358        0x0 contiki-OrisenStamp.a(kbi_events.o)
 .janus_2cc_veneer
                0x00408358        0x0 contiki-OrisenStamp.a(io-pins.o)
 .janus_2cc_veneer
                0x00408358        0x0 contiki-OrisenStamp.a(contiki-crm.o)
 .janus_2cc_veneer
                0x00408358        0x0 contiki-OrisenStamp.a(contiki-maca.o)
 .janus_2cc_veneer
                0x00408358        0x0 contiki-OrisenStamp.a(contiki-misc.o)
 .janus_2cc_veneer
                0x00408358        0x0 contiki-OrisenStamp.a(leds.o)
 .janus_2cc_veneer
                0x00408358        0x0 contiki-OrisenStamp.a(contiki-uart.o)
 .janus_2cc_veneer
                0x00408358        0x0 contiki-OrisenStamp.a(dbg-printf.o)
 .janus_2cc_veneer
                0x00408358        0x0 contiki-OrisenStamp.a(dbg-sprintf.o)
 .janus_2cc_veneer
                0x00408358        0x0 contiki-OrisenStamp.a(strformat.o)
 .janus_2cc_veneer
                0x00408358        0x0 contiki-OrisenStamp.a(adc.o)
 .janus_2cc_veneer
                0x00408358        0x0 contiki-OrisenStamp.a(gpio.o)
 .janus_2cc_veneer
                0x00408358        0x0 contiki-OrisenStamp.a(gpio-util.o)
 .janus_2cc_veneer
                0x00408358        0x0 contiki-OrisenStamp.a(i2c.o)
 .janus_2cc_veneer
                0x00408358        0x0 contiki-OrisenStamp.a(maca.o)
 .janus_2cc_veneer
                0x00408358        0x0 contiki-OrisenStamp.a(nvm.o)
 .janus_2cc_veneer
                0x00408358        0x0 contiki-OrisenStamp.a(uart1.o)
 .janus_2cc_veneer
                0x00408358        0x0 contiki-OrisenStamp.a(uart2.o)
 .janus_2cc_veneer
                0x00408358        0x0 contiki-OrisenStamp.a(default_lowleve)
 .janus_2cc_veneer
                0x00408358        0x0 contiki-OrisenStamp.a(isr.o)
 .janus_2cc_veneer
                0x00408358        0x0 contiki-OrisenStamp.a(frame802154.o)
 .janus_2cc_veneer
                0x00408358        0x0 contiki-OrisenStamp.a(timer.o)
 .janus_2cc_veneer
                0x00408358        0x0 contiki-OrisenStamp.a(debug-uart.o)
 .janus_2cc_veneer
                0x00408358        0x0 contiki-OrisenStamp.a(leds-arch.o)
 .janus_2cc_veneer
                0x00408358        0x0 /home/user/CodeSourcery/Sourcery_G++_Lite/bin/../lib/gcc/arm-none-eabi/4.3.2/libgcc.a(_udivsi3.o)
 .janus_2cc_veneer
                0x00408358        0x0 /home/user/CodeSourcery/Sourcery_G++_Lite/bin/../lib/gcc/arm-none-eabi/4.3.2/libgcc.a(_divsi3.o)
 .janus_2cc_veneer
                0x00408358        0x0 /home/user/CodeSourcery/Sourcery_G++_Lite/bin/../lib/gcc/arm-none-eabi/4.3.2/libgcc.a(_dvmd_tls.o)
 .janus_2cc_veneer
                0x00408358        0x0 /home/user/CodeSourcery/Sourcery_G++_Lite/bin/../lib/gcc/arm-none-eabi/4.3.2/libgcc.a(_aeabi_uldivmod.o)
 .janus_2cc_veneer
                0x00408358        0x0 /home/user/CodeSourcery/Sourcery_G++_Lite/bin/../lib/gcc/arm-none-eabi/4.3.2/libgcc.a(bpabi.o)
 .janus_2cc_veneer
                0x00408358        0x0 /home/user/CodeSourcery/Sourcery_G++_Lite/bin/../lib/gcc/arm-none-eabi/4.3.2/libgcc.a(_divdi3.o)
 .janus_2cc_veneer
                0x00408358        0x0 /home/user/CodeSourcery/Sourcery_G++_Lite/bin/../lib/gcc/arm-none-eabi/4.3.2/libgcc.a(_udivdi3.o)
 .janus_2cc_veneer
                0x00408358        0x0 /home/user/CodeSourcery/Sourcery_G++_Lite/bin/../lib/gcc/arm-none-eabi/4.3.2/libgcc.a(_clz.o)
 .janus_2cc_veneer
                0x00408358        0x0 /home/user/CodeSourcery/Sourcery_G++_Lite/bin/../lib/gcc/arm-none-eabi/4.3.2/../../../../arm-none-eabi/lib/libc.a(lib_a-memcmp.o)
 .janus_2cc_veneer
                0x00408358        0x0 /home/user/CodeSourcery/Sourcery_G++_Lite/bin/../lib/gcc/arm-none-eabi/4.3.2/../../../../arm-none-eabi/lib/libc.a(lib_a-memcpy.o)
 .janus_2cc_veneer
                0x00408358        0x0 /home/user/CodeSourcery/Sourcery_G++_Lite/bin/../lib/gcc/arm-none-eabi/4.3.2/../../../../arm-none-eabi/lib/libc.a(lib_a-memset.o)
 .janus_2cc_veneer
                0x00408358        0x0 /home/user/CodeSourcery/Sourcery_G++_Lite/bin/../lib/gcc/arm-none-eabi/4.3.2/../../../../arm-none-eabi/lib/libc.a(lib_a-strcat.o)
 .janus_2cc_veneer
                0x00408358        0x0 /home/user/CodeSourcery/Sourcery_G++_Lite/bin/../lib/gcc/arm-none-eabi/4.3.2/../../../../arm-none-eabi/lib/libc.a(lib_a-strcpy.o)
 .janus_2cc_veneer
                0x00408358        0x0 /home/user/CodeSourcery/Sourcery_G++_Lite/bin/../lib/gcc/arm-none-eabi/4.3.2/../../../../arm-none-eabi/lib/libc.a(lib_a-strlen.o)
 .janus_2cc_veneer
                0x00408358        0x0 /home/user/CodeSourcery/Sourcery_G++_Lite/bin/../lib/gcc/arm-none-eabi/4.3.2/../../../../arm-none-eabi/lib/libc.a(lib_a-strncmp.o)

.interp
 *(.interp)

.note.gnu.build-id
 *(.note.gnu.build-id)

.hash
 *(.hash)

.gnu.hash
 *(.gnu.hash)

.dynsym
 *(.dynsym)

.dynstr
 *(.dynstr)

.gnu.version
 *(.gnu.version)

.gnu.version_d
 *(.gnu.version_d)

.gnu.version_r
 *(.gnu.version_r)

.rel.dyn
 *(.rel.init)
 *(.rel.text .rel.text.* .rel.gnu.linkonce.t.*)
 *(.rel.fini)
 *(.rel.rodata .rel.rodata.* .rel.gnu.linkonce.r.*)
 *(.rel.data.rel.ro* .rel.gnu.linkonce.d.rel.ro.*)
 *(.rel.data .rel.data.* .rel.gnu.linkonce.d.*)
 *(.rel.tdata .rel.tdata.* .rel.gnu.linkonce.td.*)
 *(.rel.tbss .rel.tbss.* .rel.gnu.linkonce.tb.*)
 *(.rel.ctors)
 *(.rel.dtors)
 *(.rel.got)
 *(.rel.bss .rel.bss.* .rel.gnu.linkonce.b.*)

.rela.dyn
 *(.rela.init)
 *(.rela.text .rela.text.* .rela.gnu.linkonce.t.*)
 *(.rela.fini)
 *(.rela.rodata .rela.rodata.* .rela.gnu.linkonce.r.*)
 *(.rela.data .rela.data.* .rela.gnu.linkonce.d.*)
 *(.rela.tdata .rela.tdata.* .rela.gnu.linkonce.td.*)
 *(.rela.tbss .rela.tbss.* .rela.gnu.linkonce.tb.*)
 *(.rela.ctors)
 *(.rela.dtors)
 *(.rela.got)
 *(.rela.bss .rela.bss.* .rela.gnu.linkonce.b.*)

.rel.plt
 *(.rel.plt)

.rela.plt
 *(.rela.plt)

.init
 *(.init)

.plt
 *(.plt)

.fini
 *(.fini)
                0x00408358                PROVIDE (__etext, .)
                0x00408358                PROVIDE (_etext, .)
                0x00408358                PROVIDE (etext, .)

.rodata         0x00408358      0x814
 *(.rodata .rodata.* .gnu.linkonce.r.*)
 .rodata.abc_call
                0x00408358        0x8 sensorStamp.co
 .rodata.autostart_processes
                0x00408360        0x8 sensorStamp.co
                0x00408360                autostart_processes
 .rodata.str1.1
                0x00408368       0x5f sensorStamp.co
 .rodata.str1.1
                0x004083c7       0xed obj_OrisenStamp/contiki-stamp-main.o
                                 0xf0 (size before relaxing)
 .rodata.addr_ff
                0x004084b4        0x8 obj_OrisenStamp/contiki-stamp-main.o
                0x004084b4                addr_ff
 .rodata.rimeaddr_null
                0x004084bc        0x8 contiki-OrisenStamp.a(rimeaddr.o)
                0x004084bc                rimeaddr_null
 .rodata.str1.1
                0x004084c4        0x5 contiki-OrisenStamp.a(rime.o)
 *fill*         0x004084c9        0x3 00
 .rodata.rime_driver
                0x004084cc        0xc contiki-OrisenStamp.a(rime.o)
                0x004084cc                rime_driver
 .rodata.broadcast_callbacks
                0x004084d8        0x8 contiki-OrisenStamp.a(broadcast-annou)
 .rodata.attributes
                0x004084e0        0x4 contiki-OrisenStamp.a(broadcast.o)
 .rodata.broadcast
                0x004084e4        0x8 contiki-OrisenStamp.a(broadcast.o)
 .rodata.attributes
                0x004084ec        0x2 contiki-OrisenStamp.a(abc.o)
 *fill*         0x004084ee        0x2 00
 .rodata.chameleon_bitopt
                0x004084f0        0xc contiki-OrisenStamp.a(chameleon-bitop)
                0x004084f0                chameleon_bitopt
 .rodata.bitmask
                0x004084fc        0x9 contiki-OrisenStamp.a(chameleon-bitop)
 .rodata.str1.1
                0x00408505        0x8 contiki-OrisenStamp.a(nullrdc.o)
 *fill*         0x0040850d        0x3 00
 .rodata.nullrdc_driver
                0x00408510       0x20 contiki-OrisenStamp.a(nullrdc.o)
                0x00408510                nullrdc_driver
 .rodata.framer_802154
                0x00408530        0x8 contiki-OrisenStamp.a(framer-802154.o)
                0x00408530                framer_802154
 .rodata.str1.1
                0x00408538        0x5 contiki-OrisenStamp.a(csma.o)
 *fill*         0x0040853d        0x3 00
 .rodata.csma_driver
                0x00408540       0x1c contiki-OrisenStamp.a(csma.o)
                0x00408540                csma_driver
 .rodata.str1.1
                0x0040855c        0xe contiki-OrisenStamp.a(serial-line.o)
 .rodata.str1.1
                0x0040856a        0xc contiki-OrisenStamp.a(etimer.o)
 .rodata.str1.1
                0x00408576        0xf contiki-OrisenStamp.a(ctimer.o)
 *fill*         0x00408585        0x3 00
 .rodata.packetbuf
                0x00408588        0x4 contiki-OrisenStamp.a(packetbuf.o)
 .rodata.str1.1
                0x0040858c        0x7 contiki-OrisenStamp.a(button-sensor.o)
 *fill*         0x00408593        0x1 00
 .rodata.button_sensor
                0x00408594       0x10 contiki-OrisenStamp.a(button-sensor.o)
                0x00408594                button_sensor
 .rodata.str1.1
                0x004085a4        0x8 contiki-OrisenStamp.a(sensors.o)
 .rodata.C.13.4643
                0x004085ac        0x2 contiki-OrisenStamp.a(RTC.o)
 .rodata.str1.1
                0x004085ae        0xc contiki-OrisenStamp.a(RTC.o)
 .rodata.str1.1
                0x004085ba       0x1a contiki-OrisenStamp.a(kbi_events.o)
 .rodata.ioPins_configurePin
                0x004085d4       0x40 contiki-OrisenStamp.a(io-pins.o)
 .rodata.initialSettings
                0x00408614       0x50 contiki-OrisenStamp.a(io-pins.o)
 .rodata.str1.1
                0x00408664        0xd contiki-OrisenStamp.a(contiki-maca.o)
 *fill*         0x00408671        0x3 00
 .rodata.contiki_maca_driver
                0x00408674       0x28 contiki-OrisenStamp.a(contiki-maca.o)
                0x00408674                contiki_maca_driver
 .rodata.buffer.1350
                0x0040869c       0x10 contiki-OrisenStamp.a(strformat.o)
 .rodata.str1.1
                0x004086ac       0x35 contiki-OrisenStamp.a(strformat.o)
                                 0x37 (size before relaxing)
 .rodata.buffer.1364
                0x004086e1       0x10 contiki-OrisenStamp.a(strformat.o)
 .rodata.str1.1
                0x004086f1       0x41 contiki-OrisenStamp.a(i2c.o)
 *fill*         0x00408732        0x2 00
 .rodata.decode_status
                0x00408734       0x3c contiki-OrisenStamp.a(maca.o)
 .rodata.addr_cal5
                0x00408770       0x10 contiki-OrisenStamp.a(maca.o)
                0x00408770                addr_cal5
 .rodata.PSMVAL
                0x00408780       0x4c contiki-OrisenStamp.a(maca.o)
                0x00408780                PSMVAL
 .rodata.addr_seq2
                0x004087cc        0x8 contiki-OrisenStamp.a(maca.o)
                0x004087cc                addr_seq2
 .rodata.AIMVAL
                0x004087d4       0x4c contiki-OrisenStamp.a(maca.o)
                0x004087d4                AIMVAL
 .rodata.addr_seq1
                0x00408820        0x8 contiki-OrisenStamp.a(maca.o)
                0x00408820                addr_seq1
 .rodata.PAVAL  0x00408828       0x4c contiki-OrisenStamp.a(maca.o)
                0x00408828                PAVAL
 .rodata.addr_cal3_seq1
                0x00408874        0xc contiki-OrisenStamp.a(maca.o)
                0x00408874                addr_cal3_seq1
 .rodata.addr_cal3_seq3
                0x00408880        0x4 contiki-OrisenStamp.a(maca.o)
                0x00408880                addr_cal3_seq3
 .rodata.data_reg_rep
                0x00408884       0xac contiki-OrisenStamp.a(maca.o)
                0x00408884                data_reg_rep
 .rodata.VCODivF
                0x00408930       0x40 contiki-OrisenStamp.a(maca.o)
                0x00408930                VCODivF
 .rodata.addr_cal3_seq2
                0x00408970        0x8 contiki-OrisenStamp.a(maca.o)
                0x00408970                addr_cal3_seq2
 .rodata.VCODivI
                0x00408978       0x10 contiki-OrisenStamp.a(maca.o)
                0x00408978                VCODivI
 .rodata.data_seq1
                0x00408988        0x8 contiki-OrisenStamp.a(maca.o)
                0x00408988                data_seq1
 .rodata.data_seq2
                0x00408990        0x8 contiki-OrisenStamp.a(maca.o)
                0x00408990                data_seq2
 .rodata.data_cal5
                0x00408998       0x10 contiki-OrisenStamp.a(maca.o)
                0x00408998                data_cal5
 .rodata.data_cal3_seq1
                0x004089a8        0xc contiki-OrisenStamp.a(maca.o)
                0x004089a8                data_cal3_seq1
 .rodata.addr_reg_rep
                0x004089b4       0xac contiki-OrisenStamp.a(maca.o)
                0x004089b4                addr_reg_rep
 .rodata.data_cal3_seq2
                0x00408a60        0x8 contiki-OrisenStamp.a(maca.o)
                0x00408a60                data_cal3_seq2
 .rodata.data_cal3_seq3
                0x00408a68        0x4 contiki-OrisenStamp.a(maca.o)
                0x00408a68                data_cal3_seq3
 .rodata        0x00408a6c      0x100 /home/user/CodeSourcery/Sourcery_G++_Lite/bin/../lib/gcc/arm-none-eabi/4.3.2/libgcc.a(_clz.o)
                0x00408a6c                __clz_tab

.ARM.exidx      0x00408b6c       0x10
 .ARM.exidx     0x00408b6c        0x8 /home/user/CodeSourcery/Sourcery_G++_Lite/bin/../lib/gcc/arm-none-eabi/4.3.2/libgcc.a(_divdi3.o)
 .ARM.exidx     0x00408b74        0x8 /home/user/CodeSourcery/Sourcery_G++_Lite/bin/../lib/gcc/arm-none-eabi/4.3.2/libgcc.a(_udivdi3.o)

.rodata1
 *(.rodata1)

.eh_frame_hdr
 *(.eh_frame_hdr)

.eh_frame
 *(.eh_frame)

.gcc_except_table
 *(.gcc_except_table .gcc_except_table.*)
                0x00408b7c                . = ALIGN (0x4)
                0x00408b7c                . = (0x4 DATA_SEGMENT_ALIGN 0x4)

.eh_frame
 *(.eh_frame)

.gcc_except_table
 *(.gcc_except_table .gcc_except_table.*)

.tdata
 *(.tdata .tdata.* .gnu.linkonce.td.*)

.tbss
 *(.tbss .tbss.* .gnu.linkonce.tb.*)