Archive member included because of file (symbol)

contiki-OrisenStamp.a(rimeaddr.o)
                              obj_OrisenStamp/contiki-stamp-main.o (rimeaddr_copy)
contiki-OrisenStamp.a(rime.o)
                              obj_OrisenStamp/contiki-stamp-main.o (rime_driver)
contiki-OrisenStamp.a(rimestats.o)
                              contiki-OrisenStamp.a(rime.o) (rimestats)
contiki-OrisenStamp.a(announcement.o)
                              contiki-OrisenStamp.a(rime.o) (announcement_init)
contiki-OrisenStamp.a(broadcast-annou)
                              contiki-OrisenStamp.a(rime.o) (broadcast_announcement_init)
contiki-OrisenStamp.a(broadcast.o)
                              contiki-OrisenStamp.a(broadcast-annou) (broadcast_send)
contiki-OrisenStamp.a(abc.o)  contiki-OrisenStamp.a(rime.o) (abc_input)
contiki-OrisenStamp.a(chameleon.o)
                              contiki-OrisenStamp.a(rime.o) (chameleon_parse)
contiki-OrisenStamp.a(channel.o)
                              contiki-OrisenStamp.a(abc.o) (channel_close)
contiki-OrisenStamp.a(chameleon-bitop)
                              contiki-OrisenStamp.a(chameleon.o) (chameleon_bitopt)
contiki-OrisenStamp.a(nullrdc.o)
                              obj_OrisenStamp/contiki-stamp-main.o (nullrdc_driver)
contiki-OrisenStamp.a(mac.o)  contiki-OrisenStamp.a(nullrdc.o) (mac_call_sent_callback)
contiki-OrisenStamp.a(framer-802154.o)
                              contiki-OrisenStamp.a(nullrdc.o) (framer_802154)
contiki-OrisenStamp.a(csma.o)
                              obj_OrisenStamp/contiki-stamp-main.o (csma_driver)
contiki-OrisenStamp.a(process.o)
                              obj_OrisenStamp/contiki-stamp-main.o (process_init)
contiki-OrisenStamp.a(autostart.o)
                              obj_OrisenStamp/contiki-stamp-main.o (autostart_start)
contiki-OrisenStamp.a(serial-line.o)
                              obj_OrisenStamp/contiki-stamp-main.o (serial_line_init)
contiki-OrisenStamp.a(memb.o)
                              contiki-OrisenStamp.a(csma.o) (memb_alloc)
contiki-OrisenStamp.a(list.o)
                              contiki-OrisenStamp.a(announcement.o) (list_init)
contiki-OrisenStamp.a(etimer.o)
                              obj_OrisenStamp/contiki-stamp-main.o (etimer_process)
contiki-OrisenStamp.a(ctimer.o)
                              contiki-OrisenStamp.a(broadcast-annou) (ctimer_stop)
contiki-OrisenStamp.a(random.o)
                              contiki-OrisenStamp.a(broadcast-annou) (random_rand)
contiki-OrisenStamp.a(ringbuf.o)
                              contiki-OrisenStamp.a(serial-line.o) (ringbuf_init)
contiki-OrisenStamp.a(packetbuf.o)
                              contiki-OrisenStamp.a(chameleon-bitop) (packetbuf_hdrreduce)
contiki-OrisenStamp.a(queuebuf.o)
                              contiki-OrisenStamp.a(nullrdc.o) (queuebuf_to_packetbuf)
contiki-OrisenStamp.a(clock.o)
                              obj_OrisenStamp/contiki-stamp-main.o (clock_init)
contiki-OrisenStamp.a(button-sensor.o)
                              obj_OrisenStamp/contiki-stamp-main.o (button_sensor)
contiki-OrisenStamp.a(sensors.o)
                              contiki-OrisenStamp.a(button-sensor.o) (sensors_changed)
contiki-OrisenStamp.a(RTC.o)  obj_OrisenStamp/contiki-stamp-main.o (RTC_init)
contiki-OrisenStamp.a(kbi_events.o)
                              obj_OrisenStamp/contiki-stamp-main.o (kbi_event_process)
contiki-OrisenStamp.a(io-pins.o)
                              obj_OrisenStamp/contiki-stamp-main.o (ioPins_init)
contiki-OrisenStamp.a(contiki-crm.o)
                              obj_OrisenStamp/contiki-stamp-main.o (cal_ring_osc)
contiki-OrisenStamp.a(contiki-maca.o)
                              contiki-OrisenStamp.a(nullrdc.o) (contiki_maca_driver)
contiki-OrisenStamp.a(contiki-misc.o)
                              contiki-OrisenStamp.a(random.o) (srand)
contiki-OrisenStamp.a(leds.o)
                              receiveStamp.co (leds_off)
contiki-OrisenStamp.a(contiki-uart.o)
                              obj_OrisenStamp/contiki-stamp-main.o (uart1_set_input)
contiki-OrisenStamp.a(dbg-printf.o)
                              receiveStamp.co (printf)
contiki-OrisenStamp.a(strformat.o)
                              contiki-OrisenStamp.a(dbg-printf.o) (format_str_v)
contiki-OrisenStamp.a(adc.o)  contiki-OrisenStamp.a(io-pins.o) (adc_service)
contiki-OrisenStamp.a(gpio.o)
                              contiki-OrisenStamp.a(button-sensor.o) (gpio_data_get)
contiki-OrisenStamp.a(gpio-util.o)
                              contiki-OrisenStamp.a(adc.o) (gpio_select_function)
contiki-OrisenStamp.a(i2c.o)  contiki-OrisenStamp.a(RTC.o) (i2c_transferred)
contiki-OrisenStamp.a(maca.o)
                              contiki-OrisenStamp.a(contiki-maca.o) (free_packet)
contiki-OrisenStamp.a(nvm.o)  obj_OrisenStamp/contiki-stamp-main.o (nvm_detect)
contiki-OrisenStamp.a(uart1.o)
[...]
Memory Configuration

Name             Origin             Length             Attributes
ram              0x00400000         0x00018000         xrw
*default*        0x00000000         0xffffffff

Linker script and memory map

LOAD receiveStamp.co
LOAD obj_OrisenStamp/contiki-stamp-main.o
LOAD obj_OrisenStamp/start.o
LOAD contiki-OrisenStamp.a
LOAD contiki-OrisenStamp.a
START GROUP
LOAD /home/user/CodeSourcery/Sourcery_G++_Lite/bin/../lib/gcc/arm-none-eabi/4.3.2/libgcc.a
LOAD /home/user/CodeSourcery/Sourcery_G++_Lite/bin/../lib/gcc/arm-none-eabi/4.3.2/../../../../arm-none-eabi/lib/libc.a
END GROUP
                0x00000400                SYS_STACK_SIZE = 0x400
                0x00000100                IRQ_STACK_SIZE = 0x100
                0x00000100                FIQ_STACK_SIZE = 0x100
                0x00000100                SVC_STACK_SIZE = 0x100
                0x00000010                ABT_STACK_SIZE = 0x10
                0x00000010                UND_STACK_SIZE = 0x10
                0x00001000                HEAP_SIZE = 0x1000
                0x00400000                PROVIDE (__executable_start, 0x400000)
                0x00400000                . = 0x400000

.text           0x00400000     0x7e8c
 *(.start)
 .start         0x00400000      0x8b4 obj_OrisenStamp/start.o
                0x00400890                _bss_start
                0x00400894                _bss_end
                0x00400000                _start
 *(.irq)
 .irq           0x004008b4      0x214 contiki-OrisenStamp.a(isr.o)
                0x004008b4                irq
 *(.text .stub .text.* .gnu.linkonce.t.*)
 .text.process_thread_example_abc_process
                0x00400ac8       0x44 receiveStamp.co
 .text.abc_recv
                0x00400b0c       0x5c receiveStamp.co
 .text.sd_card_switch_init
                0x00400b68       0x44 obj_OrisenStamp/contiki-stamp-main.o
                0x00400b68                sd_card_switch_init
                0x00400b70                .real_start_ofsd_card_switch_init
 .text.kbi4_init
                0x00400bac       0x64 obj_OrisenStamp/contiki-stamp-main.o
                0x00400bb4                .real_start_ofkbi4_init
                0x00400bac                kbi4_init
 .text.kbi5_init
                0x00400c10       0x68 obj_OrisenStamp/contiki-stamp-main.o
                0x00400c10                kbi5_init
                0x00400c18                .real_start_ofkbi5_init
 .text.print_welcome
                0x00400c78       0x40 obj_OrisenStamp/contiki-stamp-main.o
                0x00400c78                print_welcome
                0x00400c80                .real_start_ofprint_welcome
 .text.set_rimeaddr
                0x00400cb8      0x104 obj_OrisenStamp/contiki-stamp-main.o
                0x00400cb8                set_rimeaddr
                0x00400cc0                .real_start_ofset_rimeaddr
 .text.stamp_init
                0x00400dbc       0xc4 obj_OrisenStamp/contiki-stamp-main.o
                0x00400dc4                .real_start_ofstamp_init
                0x00400dbc                stamp_init
 .text.init_lowlevel
                0x00400e80       0x60 obj_OrisenStamp/contiki-stamp-main.o
                0x00400e80                init_lowlevel
                0x00400e88                .real_start_ofinit_lowlevel
 .text.main     0x00400ee0      0x1e0 obj_OrisenStamp/contiki-stamp-main.o
                0x00400ee8                .real_start_ofmain
                0x00400ee0                main
 .text.rimeaddr_copy
                0x004010c0       0x1c contiki-OrisenStamp.a(rimeaddr.o)
                0x004010c0                rimeaddr_copy
                0x004010c8                .real_start_ofrimeaddr_copy
 .text.rimeaddr_cmp
                0x004010dc       0x2c contiki-OrisenStamp.a(rimeaddr.o)
                0x004010e4                .real_start_ofrimeaddr_cmp
                0x004010dc                rimeaddr_cmp
 .text.rimeaddr_set_node_addr
                0x00401108       0x28 contiki-OrisenStamp.a(rimeaddr.o)
                0x00401108                rimeaddr_set_node_addr
                0x00401110                .real_start_ofrimeaddr_set_node_addr
 .text.input    0x00401130       0x60 contiki-OrisenStamp.a(rime.o)
 .text.init     0x00401190       0x50 contiki-OrisenStamp.a(rime.o)
 .text.rime_output
                0x004011e0       0x50 contiki-OrisenStamp.a(rime.o)
                0x004011e8                .real_start_ofrime_output
                0x004011e0                rime_output
 .text.packet_sent
                0x00401230       0x50 contiki-OrisenStamp.a(rime.o)
 .text.announcement_register_observer_callback
                0x00401280       0x14 contiki-OrisenStamp.a(announcement.o)
                0x00401280                announcement_register_observer_callback
                0x00401288                .real_start_ofannouncement_register_observer_callback
 .text.announcement_list
                0x00401294       0x24 contiki-OrisenStamp.a(announcement.o)
                0x0040129c                .real_start_ofannouncement_list
                0x00401294                announcement_list
 .text.announcement_heard
                0x004012b8       0x50 contiki-OrisenStamp.a(announcement.o)
                0x004012b8                announcement_heard
                0x004012c0                .real_start_ofannouncement_heard
 .text.announcement_init
                0x00401308       0x24 contiki-OrisenStamp.a(announcement.o)
                0x00401310                .real_start_ofannouncement_init
                0x00401308                announcement_init
 .text.adv_packet_sent
                0x0040132c        0x4 contiki-OrisenStamp.a(broadcast-annou)
 .text.broadcast_announcement_init
                0x00401330       0x54 contiki-OrisenStamp.a(broadcast-annou)
                0x00401338                .real_start_ofbroadcast_announcement_init
                0x00401330                broadcast_announcement_init
 .text.adv_packet_received
                0x00401384       0x7c contiki-OrisenStamp.a(broadcast-annou)
 .text.set_timers
                0x00401400       0x54 contiki-OrisenStamp.a(broadcast-annou)
 .text.new_announcement
                0x00401454       0x28 contiki-OrisenStamp.a(broadcast-annou)
 .text.send_timer
                0x0040147c       0x2c contiki-OrisenStamp.a(broadcast-annou)
 .text.send_adv
                0x004014a8       0x8c contiki-OrisenStamp.a(broadcast-annou)
 .text.sent_by_abc
                0x00401534       0x18 contiki-OrisenStamp.a(broadcast.o)
 .text.broadcast_send
                0x0040154c       0x38 contiki-OrisenStamp.a(broadcast.o)
                0x0040154c                broadcast_send
                0x00401554                .real_start_ofbroadcast_send
 .text.recv_from_abc
                0x00401584       0x30 contiki-OrisenStamp.a(broadcast.o)
 .text.broadcast_open
                0x004015b4       0x40 contiki-OrisenStamp.a(broadcast.o)
                0x004015b4                broadcast_open
                0x004015bc                .real_start_ofbroadcast_open
 .text.abc_input
                0x004015f4       0x1c contiki-OrisenStamp.a(abc.o)
                0x004015f4                abc_input
                0x004015fc                .real_start_ofabc_input
 .text.abc_sent
                0x00401610       0x20 contiki-OrisenStamp.a(abc.o)
                0x00401610                abc_sent
                0x00401618                .real_start_ofabc_sent
 .text.abc_send
                0x00401630       0x20 contiki-OrisenStamp.a(abc.o)
                0x00401630                abc_send
                0x00401638                .real_start_ofabc_send
 .text.abc_close
                0x00401650       0x20 contiki-OrisenStamp.a(abc.o)
                0x00401658                .real_start_ofabc_close
                0x00401650                abc_close
 .text.abc_open
                0x00401670       0x38 contiki-OrisenStamp.a(abc.o)
                0x00401670                abc_open
                0x00401678                .real_start_ofabc_open
 .text.packetbuf_set_attr
                0x004016a8       0x10 contiki-OrisenStamp.a(chameleon.o)
 .text.chameleon_parse
                0x004016b8       0x38 contiki-OrisenStamp.a(chameleon.o)
                0x004016b8                chameleon_parse
                0x004016c0                .real_start_ofchameleon_parse
 .text.chameleon_create
                0x004016f0       0x38 contiki-OrisenStamp.a(chameleon.o)
                0x004016f0                chameleon_create
                0x004016f8                .real_start_ofchameleon_create
 .text.chameleon_hdrsize
                0x00401728       0x20 contiki-OrisenStamp.a(chameleon.o)
                0x00401728                chameleon_hdrsize
                0x00401730                .real_start_ofchameleon_hdrsize
 .text.chameleon_init
                0x00401748       0x20 contiki-OrisenStamp.a(chameleon.o)
                0x00401748                chameleon_init
                0x00401750                .real_start_ofchameleon_init
 .text.channel_lookup
                0x00401768       0x38 contiki-OrisenStamp.a(channel.o)
                0x00401768                channel_lookup
                0x00401770                .real_start_ofchannel_lookup
 .text.channel_close
                0x004017a0       0x28 contiki-OrisenStamp.a(channel.o)
                0x004017a8                .real_start_ofchannel_close
                0x004017a0                channel_close
 .text.channel_open
                0x004017c8       0x2c contiki-OrisenStamp.a(channel.o)
                0x004017c8                channel_open
                0x004017d0                .real_start_ofchannel_open
 .text.channel_set_attributes
                0x004017f4       0x38 contiki-OrisenStamp.a(channel.o)
                0x004017f4                channel_set_attributes
                0x004017fc                .real_start_ofchannel_set_attributes
 .text.channel_init
                0x0040182c       0x24 contiki-OrisenStamp.a(channel.o)
                0x00401834                .real_start_ofchannel_init
                0x0040182c                channel_init
 .text.get_bits_in_byte
                0x00401850       0x2c contiki-OrisenStamp.a(chameleon-bitop)
                0x00401850                get_bits_in_byte
                0x00401858                .real_start_ofget_bits_in_byte
 .text.get_bits
                0x0040187c       0x9c contiki-OrisenStamp.a(chameleon-bitop)
                0x00401884                .real_start_ofget_bits
                0x0040187c                get_bits
 .text.header_size
                0x00401918       0x18 contiki-OrisenStamp.a(chameleon-bitop)
 .text.set_bits_in_byte
                0x00401930       0x2c contiki-OrisenStamp.a(chameleon-bitop)
                0x00401938                .real_start_ofset_bits_in_byte
                0x00401930                set_bits_in_byte
 .text.set_bits
                0x0040195c       0xa8 contiki-OrisenStamp.a(chameleon-bitop)
                0x0040195c                set_bits
                0x00401964                .real_start_ofset_bits
 .text.pack_header
                0x00401a04       0xb8 contiki-OrisenStamp.a(chameleon-bitop)
 .text.unpack_header
                0x00401abc       0xec contiki-OrisenStamp.a(chameleon-bitop)
 .text.packetbuf_addr
                0x00401ba8       0x10 contiki-OrisenStamp.a(nullrdc.o)
 .text.on       0x00401bb8       0x18 contiki-OrisenStamp.a(nullrdc.o)
 .text.off      0x00401bd0       0x20 contiki-OrisenStamp.a(nullrdc.o)
 .text.channel_check_interval
                0x00401bf0        0x4 contiki-OrisenStamp.a(nullrdc.o)
 .text.init     0x00401bf4       0x18 contiki-OrisenStamp.a(nullrdc.o)
 .text.packet_input
                0x00401c0c       0x60 contiki-OrisenStamp.a(nullrdc.o)
 .text.send_packet
                0x00401c6c       0x90 contiki-OrisenStamp.a(nullrdc.o)
 .text.send_list
                0x00401cfc       0x30 contiki-OrisenStamp.a(nullrdc.o)
 .text.mac_call_sent_callback
                0x00401d2c       0x24 contiki-OrisenStamp.a(mac.o)
                0x00401d34                .real_start_ofmac_call_sent_callback
                0x00401d2c                mac_call_sent_callback
 .text.packetbuf_set_attr
                0x00401d50       0x10 contiki-OrisenStamp.a(framer-802154.o)
 .text.packetbuf_addr
                0x00401d60       0x10 contiki-OrisenStamp.a(framer-802154.o)
 .text.packetbuf_set_addr
                0x00401d70       0x28 contiki-OrisenStamp.a(framer-802154.o)
 .text.parse    0x00401d98       0xc8 contiki-OrisenStamp.a(framer-802154.o)
 .text.create   0x00401e60      0x15c contiki-OrisenStamp.a(framer-802154.o)
 .text.packetbuf_addr
                0x00401fbc       0x10 contiki-OrisenStamp.a(csma.o)
 .text.default_timebase
                0x00401fcc       0x20 contiki-OrisenStamp.a(csma.o)
 .text.input_packet
                0x00401fec       0x18 contiki-OrisenStamp.a(csma.o)
 .text.on       0x00402004       0x18 contiki-OrisenStamp.a(csma.o)
 .text.off      0x0040201c       0x18 contiki-OrisenStamp.a(csma.o)
 .text.channel_check_interval
                0x00402034       0x20 contiki-OrisenStamp.a(csma.o)
 .text.transmit_packet_list
                0x00402054       0x38 contiki-OrisenStamp.a(csma.o)
 .text.send_packet
                0x0040208c      0x1cc contiki-OrisenStamp.a(csma.o)
 .text.free_first_packet
                0x00402258       0xc4 contiki-OrisenStamp.a(csma.o)
 .text.packet_sent
                0x0040231c       0xf0 contiki-OrisenStamp.a(csma.o)
 .text.init     0x0040240c       0x30 contiki-OrisenStamp.a(csma.o)
 .text.process_alloc_event
                0x0040243c       0x18 contiki-OrisenStamp.a(process.o)
                0x00402444                .real_start_ofprocess_alloc_event
                0x0040243c                process_alloc_event
 .text.process_init
                0x00402454       0x40 contiki-OrisenStamp.a(process.o)
                0x00402454                process_init
                0x0040245c                .real_start_ofprocess_init
 .text.process_post
                0x00402494       0x68 contiki-OrisenStamp.a(process.o)
                0x00402494                process_post
                0x0040249c                .real_start_ofprocess_post
 .text.process_poll
                0x004024fc       0x2c contiki-OrisenStamp.a(process.o)
                0x004024fc                process_poll
                0x00402504                .real_start_ofprocess_poll
 .text.process_is_running
                0x00402528       0x10 contiki-OrisenStamp.a(process.o)
                0x00402528                process_is_running
                0x00402530                .real_start_ofprocess_is_running
 .text.exit_process
                0x00402538       0xa4 contiki-OrisenStamp.a(process.o)
 .text.call_process
                0x004025dc       0x50 contiki-OrisenStamp.a(process.o)
 .text.process_post_synch
                0x0040262c       0x28 contiki-OrisenStamp.a(process.o)
                0x00402634                .real_start_ofprocess_post_synch
                0x0040262c                process_post_synch
 .text.process_start
                0x00402654       0x44 contiki-OrisenStamp.a(process.o)
                0x0040265c                .real_start_ofprocess_start
                0x00402654                process_start
 .text.do_poll  0x00402698       0x44 contiki-OrisenStamp.a(process.o)
 .text.process_run
                0x004026dc       0xdc contiki-OrisenStamp.a(process.o)
                0x004026e4                .real_start_ofprocess_run
                0x004026dc                process_run
 .text.autostart_start
                0x004027b8       0x2c contiki-OrisenStamp.a(autostart.o)
                0x004027c0                .real_start_ofautostart_start
                0x004027b8                autostart_start
 .text.process_thread_serial_line_process
                0x004027e4       0xb4 contiki-OrisenStamp.a(serial-line.o)
 .text.serial_line_init
                0x00402898       0x40 contiki-OrisenStamp.a(serial-line.o)
                0x004028a0                .real_start_ofserial_line_init
                0x00402898                serial_line_init
 .text.serial_line_input_byte
                0x004028d8       0x68 contiki-OrisenStamp.a(serial-line.o)
                0x004028e0                .real_start_ofserial_line_input_byte
                0x004028d8                serial_line_input_byte
 .text.memb_alloc
                0x00402940       0x38 contiki-OrisenStamp.a(memb.o)
                0x00402948                .real_start_ofmemb_alloc
                0x00402940                memb_alloc
 .text.memb_free
                0x00402978       0x40 contiki-OrisenStamp.a(memb.o)
                0x00402978                memb_free
                0x00402980                .real_start_ofmemb_free
 .text.memb_inmemb
                0x004029b8       0x34 contiki-OrisenStamp.a(memb.o)
                0x004029c0                .real_start_ofmemb_inmemb
                0x004029b8                memb_inmemb
 .text.memb_init
                0x004029ec       0x34 contiki-OrisenStamp.a(memb.o)
                0x004029f4                .real_start_ofmemb_init
                0x004029ec                memb_init
 .text.list_init
                0x00402a20       0x10 contiki-OrisenStamp.a(list.o)
                0x00402a28                .real_start_oflist_init
                0x00402a20                list_init
 .text.list_head
                0x00402a30        0xc contiki-OrisenStamp.a(list.o)
                0x00402a30                list_head
                0x00402a38                .real_start_oflist_head
 .text.list_tail
                0x00402a3c       0x20 contiki-OrisenStamp.a(list.o)
                0x00402a3c                list_tail
                0x00402a44                .real_start_oflist_tail
 .text.list_pop
                0x00402a5c       0x1c contiki-OrisenStamp.a(list.o)
                0x00402a64                .real_start_oflist_pop
                0x00402a5c                list_pop
 .text.list_remove
                0x00402a78       0x38 contiki-OrisenStamp.a(list.o)
                0x00402a80                .real_start_oflist_remove
                0x00402a78                list_remove
 .text.list_push
                0x00402ab0       0x28 contiki-OrisenStamp.a(list.o)
                0x00402ab0                list_push
                0x00402ab8                .real_start_oflist_push
 .text.list_add
                0x00402ad8       0x3c contiki-OrisenStamp.a(list.o)
                0x00402ad8                list_add
                0x00402ae0                .real_start_oflist_add
 .text.list_length
                0x00402b14       0x1c contiki-OrisenStamp.a(list.o)
                0x00402b14                list_length
                0x00402b1c                .real_start_oflist_length
 .text.list_item_next
                0x00402b30       0x14 contiki-OrisenStamp.a(list.o)
                0x00402b30                list_item_next
                0x00402b38                .real_start_oflist_item_next
 .text.etimer_pending
                0x00402b44       0x18 contiki-OrisenStamp.a(etimer.o)
                0x00402b44                etimer_pending
                0x00402b4c                .real_start_ofetimer_pending
 .text.etimer_next_expiration_time
                0x00402b5c       0x2c contiki-OrisenStamp.a(etimer.o)
                0x00402b5c                etimer_next_expiration_time
                0x00402b64                .real_start_ofetimer_next_expiration_time
 .text.update_time
                0x00402b88       0x54 contiki-OrisenStamp.a(etimer.o)
 .text.etimer_stop
                0x00402bdc       0x4c contiki-OrisenStamp.a(etimer.o)
                0x00402bdc                etimer_stop
                0x00402be4                .real_start_ofetimer_stop
 .text.etimer_request_poll
                0x00402c28       0x24 contiki-OrisenStamp.a(etimer.o)
                0x00402c30                .real_start_ofetimer_request_poll
                0x00402c28                etimer_request_poll
 .text.process_thread_etimer_process
                0x00402c4c       0xc8 contiki-OrisenStamp.a(etimer.o)
 .text.add_timer
                0x00402d14       0x50 contiki-OrisenStamp.a(etimer.o)
 .text.etimer_set
                0x00402d64       0x2c contiki-OrisenStamp.a(etimer.o)
                0x00402d64                etimer_set
                0x00402d6c                .real_start_ofetimer_set
 .text.process_thread_ctimer_process
                0x00402d90       0xa8 contiki-OrisenStamp.a(ctimer.o)
 .text.ctimer_stop
                0x00402e38       0x48 contiki-OrisenStamp.a(ctimer.o)
                0x00402e40                .real_start_ofctimer_stop
                0x00402e38                ctimer_stop
 .text.ctimer_set
                0x00402e80       0x74 contiki-OrisenStamp.a(ctimer.o)
                0x00402e80                ctimer_set
                0x00402e88                .real_start_ofctimer_set
 .text.ctimer_init
                0x00402ef4       0x40 contiki-OrisenStamp.a(ctimer.o)
                0x00402efc                .real_start_ofctimer_init
                0x00402ef4                ctimer_init
 .text.random_rand
                0x00402f34       0x24 contiki-OrisenStamp.a(random.o)
                0x00402f34                random_rand
                0x00402f3c                .real_start_ofrandom_rand
 .text.ringbuf_init
                0x00402f58       0x18 contiki-OrisenStamp.a(ringbuf.o)
                0x00402f58                ringbuf_init
                0x00402f60                .real_start_ofringbuf_init
 .text.ringbuf_put
                0x00402f70       0x34 contiki-OrisenStamp.a(ringbuf.o)
                0x00402f70                ringbuf_put
                0x00402f78                .real_start_ofringbuf_put
 .text.ringbuf_get
                0x00402fa4       0x30 contiki-OrisenStamp.a(ringbuf.o)
                0x00402fa4                ringbuf_get
                0x00402fac                .real_start_ofringbuf_get
 .text.packetbuf_hdrreduce
                0x00402fd4       0x38 contiki-OrisenStamp.a(packetbuf.o)
                0x00402fdc                .real_start_ofpacketbuf_hdrreduce
                0x00402fd4                packetbuf_hdrreduce
 .text.packetbuf_set_datalen
                0x0040300c       0x14 contiki-OrisenStamp.a(packetbuf.o)
                0x0040300c                packetbuf_set_datalen
                0x00403014                .real_start_ofpacketbuf_set_datalen
 .text.packetbuf_dataptr
                0x00403020       0x20 contiki-OrisenStamp.a(packetbuf.o)
                0x00403028                .real_start_ofpacketbuf_dataptr
                0x00403020                packetbuf_dataptr
 .text.packetbuf_hdrptr
                0x00403040       0x1c contiki-OrisenStamp.a(packetbuf.o)
                0x00403040                packetbuf_hdrptr
                0x00403048                .real_start_ofpacketbuf_hdrptr
 .text.packetbuf_is_reference
                0x0040305c       0x24 contiki-OrisenStamp.a(packetbuf.o)
                0x0040305c                packetbuf_is_reference
                0x00403064                .real_start_ofpacketbuf_is_reference
 .text.packetbuf_reference_ptr
                0x00403080       0x14 contiki-OrisenStamp.a(packetbuf.o)
                0x00403080                packetbuf_reference_ptr
                0x00403088                .real_start_ofpacketbuf_reference_ptr
 .text.packetbuf_datalen
                0x00403094       0x14 contiki-OrisenStamp.a(packetbuf.o)
                0x00403094                packetbuf_datalen
                0x0040309c                .real_start_ofpacketbuf_datalen
 .text.packetbuf_hdrlen
                0x004030a8       0x1c contiki-OrisenStamp.a(packetbuf.o)
                0x004030a8                packetbuf_hdrlen
                0x004030b0                .real_start_ofpacketbuf_hdrlen
 .text.packetbuf_totlen
                0x004030c4       0x2c contiki-OrisenStamp.a(packetbuf.o)
                0x004030c4                packetbuf_totlen
                0x004030cc                .real_start_ofpacketbuf_totlen
 .text.packetbuf_hdralloc
                0x004030f0       0x3c contiki-OrisenStamp.a(packetbuf.o)
                0x004030f8                .real_start_ofpacketbuf_hdralloc
                0x004030f0                packetbuf_hdralloc
 .text.packetbuf_attr_copyfrom
                0x0040312c       0x3c contiki-OrisenStamp.a(packetbuf.o)
                0x0040312c                packetbuf_attr_copyfrom
                0x00403134                .real_start_ofpacketbuf_attr_copyfrom
 .text.packetbuf_attr_copyto
                0x00403168       0x38 contiki-OrisenStamp.a(packetbuf.o)
                0x00403168                packetbuf_attr_copyto
                0x00403170                .real_start_ofpacketbuf_attr_copyto
 .text.packetbuf_copyto
                0x004031a0       0x74 contiki-OrisenStamp.a(packetbuf.o)
                0x004031a0                packetbuf_copyto
                0x004031a8                .real_start_ofpacketbuf_copyto
 .text.packetbuf_copyto_hdr
                0x00403214       0x3c contiki-OrisenStamp.a(packetbuf.o)
                0x00403214                packetbuf_copyto_hdr
                0x0040321c                .real_start_ofpacketbuf_copyto_hdr
 .text.packetbuf_compact
                0x00403250       0x7c contiki-OrisenStamp.a(packetbuf.o)
                0x00403258                .real_start_ofpacketbuf_compact
                0x00403250                packetbuf_compact
 .text.packetbuf_attr_clear
                0x004032cc       0x60 contiki-OrisenStamp.a(packetbuf.o)
                0x004032d4                .real_start_ofpacketbuf_attr_clear
                0x004032cc                packetbuf_attr_clear
 .text.packetbuf_clear
                0x0040332c       0x4c contiki-OrisenStamp.a(packetbuf.o)
                0x00403334                .real_start_ofpacketbuf_clear
                0x0040332c                packetbuf_clear
 .text.packetbuf_copyfrom
                0x00403378       0x50 contiki-OrisenStamp.a(packetbuf.o)
                0x00403378                packetbuf_copyfrom
                0x00403380                .real_start_ofpacketbuf_copyfrom
 .text.queuebuf_to_packetbuf
                0x004033c8       0xa0 contiki-OrisenStamp.a(queuebuf.o)
                0x004033d0                .real_start_ofqueuebuf_to_packetbuf
                0x004033c8                queuebuf_to_packetbuf
 .text.queuebuf_free
                0x00403468       0x6c contiki-OrisenStamp.a(queuebuf.o)
                0x00403468                queuebuf_free
                0x00403470                .real_start_ofqueuebuf_free
 .text.queuebuf_update_attr_from_packetbuf
                0x004034d4       0x28 contiki-OrisenStamp.a(queuebuf.o)
                0x004034d4                queuebuf_update_attr_from_packetbuf
                0x004034dc                .real_start_ofqueuebuf_update_attr_from_packetbuf
 .text.queuebuf_new_from_packetbuf
                0x004034fc       0xb0 contiki-OrisenStamp.a(queuebuf.o)
                0x004034fc                queuebuf_new_from_packetbuf
                0x00403504                .real_start_ofqueuebuf_new_from_packetbuf
 .text.queuebuf_init
                0x004035ac       0x38 contiki-OrisenStamp.a(queuebuf.o)
                0x004035ac                queuebuf_init
                0x004035b4                .real_start_ofqueuebuf_init
 .text.clock_init
                0x004035e4       0x50 contiki-OrisenStamp.a(clock.o)
                0x004035e4                clock_init
                0x004035ec                .real_start_ofclock_init
 .text.clock_time
                0x00403634       0x14 contiki-OrisenStamp.a(clock.o)
                0x0040363c                .real_start_ofclock_time
                0x00403634                clock_time
 .text.clock_delay_usec
                0x00403648       0x44 contiki-OrisenStamp.a(clock.o)
                0x00403648                clock_delay_usec
                0x00403650                .real_start_ofclock_delay_usec
 .text.clock_delay_msec
                0x0040368c       0x30 contiki-OrisenStamp.a(clock.o)
                0x0040368c                clock_delay_msec
                0x00403694                .real_start_ofclock_delay_msec
 .text.tmr0_isr
                0x004036bc       0xa0 contiki-OrisenStamp.a(clock.o)
                0x004036c4                .real_start_oftmr0_isr
                0x004036bc                tmr0_isr
 .text.status   0x0040375c       0x1c contiki-OrisenStamp.a(button-sensor.o)
 .text.configure
                0x00403778       0x4c contiki-OrisenStamp.a(button-sensor.o)
 *fill*         0x004037c4        0x4 00000000
 .text.value    0x004037c8       0x30 contiki-OrisenStamp.a(button-sensor.o)
 .text.kbi4_isr
                0x004037f8       0x34 contiki-OrisenStamp.a(button-sensor.o)
                0x004037f8                kbi4_isr
                0x00403800                .real_start_ofkbi4_isr
 .text.get_sensor_index
                0x0040382c       0x28 contiki-OrisenStamp.a(sensors.o)
 .text.process_thread_sensors_process
                0x00403854       0xec contiki-OrisenStamp.a(sensors.o)
 .text.sensors_changed
                0x00403940       0x40 contiki-OrisenStamp.a(sensors.o)
                0x00403948                .real_start_ofsensors_changed
                0x00403940                sensors_changed
 .text.M41T62_writeRegN
                0x00403980       0x30 contiki-OrisenStamp.a(RTC.o)
                0x00403988                .real_start_ofM41T62_writeRegN
                0x00403980                M41T62_writeRegN
 .text.M41T62_writeReg
                0x004039b0       0x58 contiki-OrisenStamp.a(RTC.o)
                0x004039b8                .real_start_ofM41T62_writeReg
                0x004039b0                M41T62_writeReg
 .text.M41T62_readRegN
                0x00403a08       0x58 contiki-OrisenStamp.a(RTC.o)
                0x00403a08                M41T62_readRegN
                0x00403a10                .real_start_ofM41T62_readRegN
 .text.RTC_resetRegisters
                0x00403a60       0x74 contiki-OrisenStamp.a(RTC.o)
                0x00403a68                .real_start_ofRTC_resetRegisters
                0x00403a60                RTC_resetRegisters
 .text.M41T62_readReg
                0x00403ad4       0x58 contiki-OrisenStamp.a(RTC.o)
                0x00403ad4                M41T62_readReg
                0x00403adc                .real_start_ofM41T62_readReg
 .text.process_thread_RTC_process
                0x00403b2c       0x7c contiki-OrisenStamp.a(RTC.o)
 .text.RTC_start
                0x00403ba8       0x40 contiki-OrisenStamp.a(RTC.o)
                0x00403ba8                RTC_start
                0x00403bb0                .real_start_ofRTC_start
 .text.RTC_stop
                0x00403be8       0x44 contiki-OrisenStamp.a(RTC.o)
                0x00403bf0                .real_start_ofRTC_stop
                0x00403be8                RTC_stop
 .text.kbi5_isr
                0x00403c2c       0x34 contiki-OrisenStamp.a(RTC.o)
                0x00403c2c                kbi5_isr
                0x00403c34                .real_start_ofkbi5_isr
 .text.RTC_init
                0x00403c60       0xc0 contiki-OrisenStamp.a(RTC.o)
                0x00403c60                RTC_init
                0x00403c68                .real_start_ofRTC_init
 .text.kbi_event_init
                0x00403d20       0xcc contiki-OrisenStamp.a(kbi_events.o)
                0x00403d20                kbi_event_init
                0x00403d28                .real_start_ofkbi_event_init
 .text.process_thread_kbi_event_process
                0x00403dec       0xa4 contiki-OrisenStamp.a(kbi_events.o)
 .text.kbi7_isr
                0x00403e90       0x3c contiki-OrisenStamp.a(kbi_events.o)
                0x00403e90                kbi7_isr
                0x00403e98                .real_start_ofkbi7_isr
 .text.kbi6_isr
                0x00403ecc       0x3c contiki-OrisenStamp.a(kbi_events.o)
                0x00403ed4                .real_start_ofkbi6_isr
                0x00403ecc                kbi6_isr
 .text.ioPins_configurePin
                0x00403f08      0x5d4 contiki-OrisenStamp.a(io-pins.o)
                0x00403f10                .real_start_ofioPins_configurePin
                0x00403f08                ioPins_configurePin
 .text.ioPins_init
                0x004044dc       0x78 contiki-OrisenStamp.a(io-pins.o)
                0x004044dc                ioPins_init
                0x004044e4                .real_start_ofioPins_init
 .text.cal_ring_osc
                0x00404554       0x6c contiki-OrisenStamp.a(contiki-crm.o)
                0x00404554                cal_ring_osc
                0x0040455c                .real_start_ofcal_ring_osc
 .text.packetbuf_set_attr
                0x004045c0       0x10 contiki-OrisenStamp.a(contiki-maca.o)
 .text.contiki_maca_init
                0x004045d0        0xc contiki-OrisenStamp.a(contiki-maca.o)
                0x004045d8                .real_start_ofcontiki_maca_init
                0x004045d0                contiki_maca_init
 .text.contiki_maca_channel_clear
                0x004045dc        0xc contiki-OrisenStamp.a(contiki-maca.o)
                0x004045e4                .real_start_ofcontiki_maca_channel_clear
                0x004045dc                contiki_maca_channel_clear
 .text.contiki_maca_receiving_packet
                0x004045e8        0xc contiki-OrisenStamp.a(contiki-maca.o)
                0x004045e8                contiki_maca_receiving_packet
                0x004045f0                .real_start_ofcontiki_maca_receiving_packet
 .text.contiki_maca_pending_packet
                0x004045f4       0x18 contiki-OrisenStamp.a(contiki-maca.o)
                0x004045fc                .real_start_ofcontiki_maca_pending_packet
                0x004045f4                contiki_maca_pending_packet
 .text.contiki_maca_on_request
                0x0040460c       0x20 contiki-OrisenStamp.a(contiki-maca.o)
                0x00404614                .real_start_ofcontiki_maca_on_request
                0x0040460c                contiki_maca_on_request
 .text.contiki_maca_off_request
                0x0040462c       0x20 contiki-OrisenStamp.a(contiki-maca.o)
                0x0040462c                contiki_maca_off_request
                0x00404634                .real_start_ofcontiki_maca_off_request
 .text.maca_rx_callback
                0x0040464c       0x24 contiki-OrisenStamp.a(contiki-maca.o)
                0x0040464c                maca_rx_callback
                0x00404654                .real_start_ofmaca_rx_callback
 .text.contiki_maca_prepare
                0x00404670       0x44 contiki-OrisenStamp.a(contiki-maca.o)
                0x00404678                .real_start_ofcontiki_maca_prepare
                0x00404670                contiki_maca_prepare
 .text.contiki_maca_transmit
                0x004046b4       0x58 contiki-OrisenStamp.a(contiki-maca.o)
                0x004046b4                contiki_maca_transmit
                0x004046bc                .real_start_ofcontiki_maca_transmit
 .text.contiki_maca_send
                0x0040470c       0x4c contiki-OrisenStamp.a(contiki-maca.o)
                0x00404714                .real_start_ofcontiki_maca_send
                0x0040470c                contiki_maca_send
 .text.contiki_maca_read
                0x00404758       0x74 contiki-OrisenStamp.a(contiki-maca.o)
                0x00404760                .real_start_ofcontiki_maca_read
                0x00404758                contiki_maca_read
 .text.process_thread_contiki_maca_process
                0x004047cc       0xb4 contiki-OrisenStamp.a(contiki-maca.o)
 .text.rand     0x00404880       0x14 contiki-OrisenStamp.a(contiki-misc.o)
                0x00404880                rand
                0x00404888                .real_start_ofrand
 .text.show_leds
                0x00404894       0x28 contiki-OrisenStamp.a(leds.o)
 .text.leds_off
                0x004048bc       0x30 contiki-OrisenStamp.a(leds.o)
                0x004048bc                leds_off
                0x004048c4                .real_start_ofleds_off
 .text.leds_on  0x004048ec       0x30 contiki-OrisenStamp.a(leds.o)
                0x004048ec                leds_on
                0x004048f4                .real_start_ofleds_on
 .text.leds_init
                0x0040491c       0x30 contiki-OrisenStamp.a(leds.o)
                0x00404924                .real_start_ofleds_init
                0x0040491c                leds_init
 .text.uart1_set_input
                0x0040494c       0x14 contiki-OrisenStamp.a(contiki-uart.o)
                0x00404954                .real_start_ofuart1_set_input
                0x0040494c                uart1_set_input
 .text.printf   0x00404960       0x34 contiki-OrisenStamp.a(dbg-printf.o)
                0x00404960                printf
                0x00404968                .real_start_ofprintf
 .text.write_str
                0x00404994       0x20 contiki-OrisenStamp.a(dbg-printf.o)
 .text.parse_uint
                0x004049b4       0x28 contiki-OrisenStamp.a(strformat.o)
 .text.output_uint_hex
                0x004049dc       0x48 contiki-OrisenStamp.a(strformat.o)
 .text.fill_space
                0x00404a24       0x40 contiki-OrisenStamp.a(strformat.o)
 .text.format_str_v
                0x00404a64      0x760 contiki-OrisenStamp.a(strformat.o)
                0x00404a64                format_str_v
                0x00404a6c                .real_start_offormat_str_v
 .text.adc_init
                0x004051c4       0x8c contiki-OrisenStamp.a(adc.o)
                0x004051cc                .real_start_ofadc_init
                0x004051c4                adc_init
 .text.gpio_data_get
                0x00405250       0x34 contiki-OrisenStamp.a(gpio.o)
                0x00405250                gpio_data_get
                0x00405258                .real_start_ofgpio_data_get
 .text.gpio_select_function
                0x00405284       0x30 contiki-OrisenStamp.a(gpio-util.o)
                0x0040528c                .real_start_ofgpio_select_function
                0x00405284                gpio_select_function
 .text.gpio_reg_set
                0x004052b4       0x20 contiki-OrisenStamp.a(gpio-util.o)
                0x004052b4                gpio_reg_set
                0x004052bc                .real_start_ofgpio_reg_set
 .text.gpio_reg_clear
                0x004052d4       0x20 contiki-OrisenStamp.a(gpio-util.o)
                0x004052dc                .real_start_ofgpio_reg_clear
                0x004052d4                gpio_reg_clear
 .text.gpio_set_pad_dir
                0x004052f4       0x44 contiki-OrisenStamp.a(gpio-util.o)
                0x004052f4                gpio_set_pad_dir
                0x004052fc                .real_start_ofgpio_set_pad_dir
 .text.i2c_force_reset
                0x00405338       0x24 contiki-OrisenStamp.a(i2c.o)
                0x00405340                .real_start_ofi2c_force_reset
                0x00405338                i2c_force_reset
 .text.i2c_busy
                0x0040535c       0x1c contiki-OrisenStamp.a(i2c.o)
                0x0040535c                i2c_busy
                0x00405364                .real_start_ofi2c_busy
 .text.i2c_transferred
                0x00405378       0x50 contiki-OrisenStamp.a(i2c.o)
                0x00405378                i2c_transferred
                0x00405380                .real_start_ofi2c_transferred
 .text.i2c_enable
                0x004053c8       0x64 contiki-OrisenStamp.a(i2c.o)
                0x004053d0                .real_start_ofi2c_enable
                0x004053c8                i2c_enable
 .text.i2c_isr  0x0040542c      0x114 contiki-OrisenStamp.a(i2c.o)
                0x00405434                .real_start_ofi2c_isr
                0x0040542c                i2c_isr
 .text.i2c_transmitinit
                0x00405540       0xc4 contiki-OrisenStamp.a(i2c.o)
                0x00405540                i2c_transmitinit
                0x00405548                .real_start_ofi2c_transmitinit
 .text.i2c_receiveinit
                0x00405604       0xd0 contiki-OrisenStamp.a(i2c.o)
                0x00405604                i2c_receiveinit
                0x0040560c                .real_start_ofi2c_receiveinit
 .text.free_packet
                0x004056d4       0x64 contiki-OrisenStamp.a(maca.o)
                0x004056d4                free_packet
                0x004056dc                .real_start_offree_packet
 .text.get_free_packet
                0x00405738       0x54 contiki-OrisenStamp.a(maca.o)
                0x00405738                get_free_packet
                0x00405740                .real_start_ofget_free_packet
 .text.post_receive
                0x0040578c       0xbc contiki-OrisenStamp.a(maca.o)
                0x0040578c                post_receive
                0x00405794                .real_start_ofpost_receive
 .text.rx_packet
                0x00405848       0x54 contiki-OrisenStamp.a(maca.o)
                0x00405850                .real_start_ofrx_packet
                0x00405848                rx_packet
 .text.post_tx  0x0040589c       0xdc contiki-OrisenStamp.a(maca.o)
                0x0040589c                post_tx
                0x004058a4                .real_start_ofpost_tx
 .text.tx_packet
                0x00405978       0x98 contiki-OrisenStamp.a(maca.o)
                0x00405980                .real_start_oftx_packet
                0x00405978                tx_packet
 .text.free_all_packets
                0x00405a10       0x94 contiki-OrisenStamp.a(maca.o)
                0x00405a18                .real_start_offree_all_packets
                0x00405a10                free_all_packets
 .text.free_tx_head
                0x00405aa4       0x64 contiki-OrisenStamp.a(maca.o)
                0x00405aa4                free_tx_head
                0x00405aac                .real_start_offree_tx_head
 .text.add_to_rx
                0x00405b08       0x70 contiki-OrisenStamp.a(maca.o)
                0x00405b10                .real_start_ofadd_to_rx
                0x00405b08                add_to_rx
 .text.insert_at_rx_head
                0x00405b78       0x70 contiki-OrisenStamp.a(maca.o)
                0x00405b80                .real_start_ofinsert_at_rx_head
                0x00405b78                insert_at_rx_head
 .text.init_phy
                0x00405be8       0x68 contiki-OrisenStamp.a(maca.o)
                0x00405bf0                .real_start_ofinit_phy
                0x00405be8                init_phy
 .text.reset_maca
                0x00405c50       0x5c contiki-OrisenStamp.a(maca.o)
                0x00405c50                reset_maca
                0x00405c58                .real_start_ofreset_maca
 .text.flyback_init
                0x00405cac       0x3c contiki-OrisenStamp.a(maca.o)
                0x00405cac                flyback_init
                0x00405cb4                .real_start_offlyback_init
 .text.get_ctov
                0x00405ce8       0x24 contiki-OrisenStamp.a(maca.o)
                0x00405cf0                .real_start_ofget_ctov
                0x00405ce8                get_ctov
 .text.set_power
                0x00405d0c       0x78 contiki-OrisenStamp.a(maca.o)
                0x00405d0c                set_power
                0x00405d14                .real_start_ofset_power
 .text.set_channel
                0x00405d84       0xc8 contiki-OrisenStamp.a(maca.o)
                0x00405d84                set_channel
                0x00405d8c                .real_start_ofset_channel
 .text.exec_init_entry
                0x00405e4c       0x88 contiki-OrisenStamp.a(maca.o)
                0x00405e4c                exec_init_entry
                0x00405e54                .real_start_ofexec_init_entry
 .text.init_from_flash
                0x00405ed4       0xe0 contiki-OrisenStamp.a(maca.o)
                0x00405edc                .real_start_ofinit_from_flash
                0x00405ed4                init_from_flash
 .text.radio_init
                0x00405fb4      0x218 contiki-OrisenStamp.a(maca.o)
                0x00405fbc                .real_start_ofradio_init
                0x00405fb4                radio_init
 .text.maca_init
                0x004061cc       0xbc contiki-OrisenStamp.a(maca.o)
                0x004061d4                .real_start_ofmaca_init
                0x004061cc                maca_init
 .text.ResumeMACASync
                0x00406288       0xe0 contiki-OrisenStamp.a(maca.o)
                0x00406288                ResumeMACASync
                0x00406290                .real_start_ofResumeMACASync
 .text.decode_status
                0x00406368       0x48 contiki-OrisenStamp.a(maca.o)
                0x00406368                decode_status
                0x00406370                .real_start_ofdecode_status
 .text.check_maca
                0x004063b0       0xc8 contiki-OrisenStamp.a(maca.o)
                0x004063b0                check_maca
                0x004063b8                .real_start_ofcheck_maca
 .text.maca_isr
                0x00406478      0x1dc contiki-OrisenStamp.a(maca.o)
                0x00406480                .real_start_ofmaca_isr
                0x00406478                maca_isr
 .text.uart1_isr
                0x00406654       0xc8 contiki-OrisenStamp.a(uart1.o)
                0x00406654                uart1_isr
                0x0040665c                .real_start_ofuart1_isr
 .text.uart1_putc
                0x0040671c       0xa8 contiki-OrisenStamp.a(uart1.o)
                0x00406724                .real_start_ofuart1_putc
                0x0040671c                uart1_putc
 .text.uart1_getc
                0x004067c4       0x64 contiki-OrisenStamp.a(uart1.o)
                0x004067c4                uart1_getc
                0x004067cc                .real_start_ofuart1_getc
 .text.default_vreg_init
                0x00406828       0x4c contiki-OrisenStamp.a(default_lowleve)
                0x00406830                .real_start_ofdefault_vreg_init
                0x00406828                default_vreg_init
 .text.uart1_init
                0x00406874       0xdc contiki-OrisenStamp.a(default_lowleve)
                0x00406874                uart1_init
                0x0040687c                .real_start_ofuart1_init
 .text.addr_len
                0x00406950       0x18 contiki-OrisenStamp.a(frame802154.o)
 .text.frame802154_parse
                0x00406968      0x14c contiki-OrisenStamp.a(frame802154.o)
                0x00406970                .real_start_offrame802154_parse
                0x00406968                frame802154_parse
 .text.field_len
                0x00406ab4       0x74 contiki-OrisenStamp.a(frame802154.o)
 .text.frame802154_create
                0x00406b28      0x114 contiki-OrisenStamp.a(frame802154.o)
                0x00406b28                frame802154_create
                0x00406b30                .real_start_offrame802154_create
 .text.frame802154_hdrlen
                0x00406c3c       0x40 contiki-OrisenStamp.a(frame802154.o)
                0x00406c3c                frame802154_hdrlen
                0x00406c44                .real_start_offrame802154_hdrlen
 .text.timer_expired
                0x00406c7c       0x30 contiki-OrisenStamp.a(timer.o)
                0x00406c7c                timer_expired
                0x00406c84                .real_start_oftimer_expired
 .text.timer_set
                0x00406cac       0x24 contiki-OrisenStamp.a(timer.o)
                0x00406cb4                .real_start_oftimer_set
                0x00406cac                timer_set
 .text.dbg_send_bytes
                0x00406cd0       0x3c contiki-OrisenStamp.a(debug-uart.o)
                0x00406cd0                dbg_send_bytes
                0x00406cd8                .real_start_ofdbg_send_bytes
 .text.leds_arch_set
                0x00406d0c       0x54 contiki-OrisenStamp.a(leds-arch.o)
                0x00406d14                .real_start_ofleds_arch_set
                0x00406d0c                leds_arch_set
 .text.leds_arch_init
                0x00406d60       0x68 contiki-OrisenStamp.a(leds-arch.o)
                0x00406d60                leds_arch_init
                0x00406d68                .real_start_ofleds_arch_init
 .text.uart2_isr
                0x00406dc8       0xc8 contiki-OrisenStamp.a(uart2.o)
                0x00406dc8                uart2_isr
                0x00406dd0                .real_start_ofuart2_isr
 .text          0x00406e90      0x114 /home/user/CodeSourcery/Sourcery_G++_Lite/bin/../lib/gcc/arm-none-eabi/4.3.2/libgcc.a(_udivsi3.o)
                0x00406e90                __udivsi3
                0x00406e90                __aeabi_uidiv
                0x00406f84                __aeabi_uidivmod
 .text          0x00406fa4      0x148 /home/user/CodeSourcery/Sourcery_G++_Lite/bin/../lib/gcc/arm-none-eabi/4.3.2/libgcc.a(_divsi3.o)
                0x00406fa4                __aeabi_idiv
                0x00406fa4                __divsi3
                0x004070cc                __aeabi_idivmod
 .text          0x004070ec        0x4 /home/user/CodeSourcery/Sourcery_G++_Lite/bin/../lib/gcc/arm-none-eabi/4.3.2/libgcc.a(_dvmd_tls.o)
                0x004070ec                __aeabi_ldiv0
                0x004070ec                __aeabi_idiv0
 .text          0x004070f0       0x3c /home/user/CodeSourcery/Sourcery_G++_Lite/bin/../lib/gcc/arm-none-eabi/4.3.2/libgcc.a(_aeabi_uldivmod.o)
                0x004070f0                __aeabi_uldivmod
 .text          0x0040712c       0x80 /home/user/CodeSourcery/Sourcery_G++_Lite/bin/../lib/gcc/arm-none-eabi/4.3.2/libgcc.a(bpabi.o)
                0x0040712c                __gnu_uldivmod_helper
                0x0040716c                __gnu_ldivmod_helper
 .text          0x004071ac      0x56c /home/user/CodeSourcery/Sourcery_G++_Lite/bin/../lib/gcc/arm-none-eabi/4.3.2/libgcc.a(_divdi3.o)
                0x004071ac                __divdi3
 .text          0x00407718      0x4fc /home/user/CodeSourcery/Sourcery_G++_Lite/bin/../lib/gcc/arm-none-eabi/4.3.2/libgcc.a(_udivdi3.o)
                0x00407718                __udivdi3
 .text          0x00407c14       0xac /home/user/CodeSourcery/Sourcery_G++_Lite/bin/../lib/gcc/arm-none-eabi/4.3.2/../../../../arm-none-eabi/lib/libc.a(lib_a-memcmp.o)
                0x00407c14                memcmp
 .text          0x00407cc0       0xfc /home/user/CodeSourcery/Sourcery_G++_Lite/bin/../lib/gcc/arm-none-eabi/4.3.2/../../../../arm-none-eabi/lib/libc.a(lib_a-memcpy.o)
                0x00407cc0                memcpy
 .text          0x00407dbc       0xd0 /home/user/CodeSourcery/Sourcery_G++_Lite/bin/../lib/gcc/arm-none-eabi/4.3.2/../../../../arm-none-eabi/lib/libc.a(lib_a-memset.o)
                0x00407dbc                memset
 *(.gnu.warning)
 *(.glue_7t)
 .glue_7t       0x00407e8c        0x0 receiveStamp.co
 .glue_7t       0x00407e8c        0x0 obj_OrisenStamp/contiki-stamp-main.o
 .glue_7t       0x00407e8c        0x0 obj_OrisenStamp/start.o
 .glue_7t       0x00407e8c        0x0 contiki-OrisenStamp.a(rimeaddr.o)
 .glue_7t       0x00407e8c        0x0 contiki-OrisenStamp.a(rime.o)
 .glue_7t       0x00407e8c        0x0 contiki-OrisenStamp.a(rimestats.o)
 .glue_7t       0x00407e8c        0x0 contiki-OrisenStamp.a(announcement.o)
 .glue_7t       0x00407e8c        0x0 contiki-OrisenStamp.a(broadcast-annou)
 .glue_7t       0x00407e8c        0x0 contiki-OrisenStamp.a(broadcast.o)
 .glue_7t       0x00407e8c        0x0 contiki-OrisenStamp.a(abc.o)
 .glue_7t       0x00407e8c        0x0 contiki-OrisenStamp.a(chameleon.o)
 .glue_7t       0x00407e8c        0x0 contiki-OrisenStamp.a(channel.o)
 .glue_7t       0x00407e8c        0x0 contiki-OrisenStamp.a(chameleon-bitop)
 .glue_7t       0x00407e8c        0x0 contiki-OrisenStamp.a(nullrdc.o)
 .glue_7t       0x00407e8c        0x0 contiki-OrisenStamp.a(mac.o)
 .glue_7t       0x00407e8c        0x0 contiki-OrisenStamp.a(framer-802154.o)
 .glue_7t       0x00407e8c        0x0 contiki-OrisenStamp.a(csma.o)
 .glue_7t       0x00407e8c        0x0 contiki-OrisenStamp.a(process.o)
 .glue_7t       0x00407e8c        0x0 contiki-OrisenStamp.a(autostart.o)
 .glue_7t       0x00407e8c        0x0 contiki-OrisenStamp.a(serial-line.o)
 .glue_7t       0x00407e8c        0x0 contiki-OrisenStamp.a(memb.o)
 .glue_7t       0x00407e8c        0x0 contiki-OrisenStamp.a(list.o)
 .glue_7t       0x00407e8c        0x0 contiki-OrisenStamp.a(etimer.o)
 .glue_7t       0x00407e8c        0x0 contiki-OrisenStamp.a(ctimer.o)
 .glue_7t       0x00407e8c        0x0 contiki-OrisenStamp.a(random.o)
 .glue_7t       0x00407e8c        0x0 contiki-OrisenStamp.a(ringbuf.o)
 .glue_7t       0x00407e8c        0x0 contiki-OrisenStamp.a(packetbuf.o)
 .glue_7t       0x00407e8c        0x0 contiki-OrisenStamp.a(queuebuf.o)
 .glue_7t       0x00407e8c        0x0 contiki-OrisenStamp.a(clock.o)
 .glue_7t       0x00407e8c        0x0 contiki-OrisenStamp.a(button-sensor.o)
 .glue_7t       0x00407e8c        0x0 contiki-OrisenStamp.a(sensors.o)
 .glue_7t       0x00407e8c        0x0 contiki-OrisenStamp.a(RTC.o)
 .glue_7t       0x00407e8c        0x0 contiki-OrisenStamp.a(kbi_events.o)
 .glue_7t       0x00407e8c        0x0 contiki-OrisenStamp.a(io-pins.o)
 .glue_7t       0x00407e8c        0x0 contiki-OrisenStamp.a(contiki-crm.o)
 .glue_7t       0x00407e8c        0x0 contiki-OrisenStamp.a(contiki-maca.o)
 .glue_7t       0x00407e8c        0x0 contiki-OrisenStamp.a(contiki-misc.o)
 .glue_7t       0x00407e8c        0x0 contiki-OrisenStamp.a(leds.o)
 .glue_7t       0x00407e8c        0x0 contiki-OrisenStamp.a(contiki-uart.o)
 .glue_7t       0x00407e8c        0x0 contiki-OrisenStamp.a(dbg-printf.o)
 .glue_7t       0x00407e8c        0x0 contiki-OrisenStamp.a(strformat.o)
 .glue_7t       0x00407e8c        0x0 contiki-OrisenStamp.a(adc.o)
 .glue_7t       0x00407e8c        0x0 contiki-OrisenStamp.a(gpio.o)
 .glue_7t       0x00407e8c        0x0 contiki-OrisenStamp.a(gpio-util.o)
 .glue_7t       0x00407e8c        0x0 contiki-OrisenStamp.a(i2c.o)
 .glue_7t       0x00407e8c        0x0 contiki-OrisenStamp.a(maca.o)
 .glue_7t       0x00407e8c        0x0 contiki-OrisenStamp.a(nvm.o)
 .glue_7t       0x00407e8c        0x0 contiki-OrisenStamp.a(uart1.o)
 .glue_7t       0x00407e8c        0x0 contiki-OrisenStamp.a(default_lowleve)
 .glue_7t       0x00407e8c        0x0 contiki-OrisenStamp.a(isr.o)
 .glue_7t       0x00407e8c        0x0 contiki-OrisenStamp.a(frame802154.o)
 .glue_7t       0x00407e8c        0x0 contiki-OrisenStamp.a(timer.o)
 .glue_7t       0x00407e8c        0x0 contiki-OrisenStamp.a(debug-uart.o)
 .glue_7t       0x00407e8c        0x0 contiki-OrisenStamp.a(leds-arch.o)
 .glue_7t       0x00407e8c        0x0 contiki-OrisenStamp.a(uart2.o)
 .glue_7t       0x00407e8c        0x0 /home/user/CodeSourcery/Sourcery_G++_Lite/bin/../lib/gcc/arm-none-eabi/4.3.2/libgcc.a(_udivsi3.o)
 .glue_7t       0x00407e8c        0x0 /home/user/CodeSourcery/Sourcery_G++_Lite/bin/../lib/gcc/arm-none-eabi/4.3.2/libgcc.a(_divsi3.o)
 .glue_7t       0x00407e8c        0x0 /home/user/CodeSourcery/Sourcery_G++_Lite/bin/../lib/gcc/arm-none-eabi/4.3.2/libgcc.a(_dvmd_tls.o)
 .glue_7t       0x00407e8c        0x0 /home/user/CodeSourcery/Sourcery_G++_Lite/bin/../lib/gcc/arm-none-eabi/4.3.2/libgcc.a(_aeabi_uldivmod.o)
 .glue_7t       0x00407e8c        0x0 /home/user/CodeSourcery/Sourcery_G++_Lite/bin/../lib/gcc/arm-none-eabi/4.3.2/libgcc.a(bpabi.o)
 .glue_7t       0x00407e8c        0x0 /home/user/CodeSourcery/Sourcery_G++_Lite/bin/../lib/gcc/arm-none-eabi/4.3.2/libgcc.a(_divdi3.o)
 .glue_7t       0x00407e8c        0x0 /home/user/CodeSourcery/Sourcery_G++_Lite/bin/../lib/gcc/arm-none-eabi/4.3.2/libgcc.a(_udivdi3.o)
 .glue_7t       0x00407e8c        0x0 /home/user/CodeSourcery/Sourcery_G++_Lite/bin/../lib/gcc/arm-none-eabi/4.3.2/libgcc.a(_clz.o)
 .glue_7t       0x00407e8c        0x0 /home/user/CodeSourcery/Sourcery_G++_Lite/bin/../lib/gcc/arm-none-eabi/4.3.2/../../../../arm-none-eabi/lib/libc.a(lib_a-memcmp.o)
 .glue_7t       0x00407e8c        0x0 /home/user/CodeSourcery/Sourcery_G++_Lite/bin/../lib/gcc/arm-none-eabi/4.3.2/../../../../arm-none-eabi/lib/libc.a(lib_a-memcpy.o)
 .glue_7t       0x00407e8c        0x0 /home/user/CodeSourcery/Sourcery_G++_Lite/bin/../lib/gcc/arm-none-eabi/4.3.2/../../../../arm-none-eabi/lib/libc.a(lib_a-memset.o)
 .glue_7t       0x00407e8c        0x0 /home/user/CodeSourcery/Sourcery_G++_Lite/bin/../lib/gcc/arm-none-eabi/4.3.2/../../../../arm-none-eabi/lib/libc.a(lib_a-strlen.o)
 .glue_7t       0x00407e8c        0x0 /home/user/CodeSourcery/Sourcery_G++_Lite/bin/../lib/gcc/arm-none-eabi/4.3.2/../../../../arm-none-eabi/lib/libc.a(lib_a-strncmp.o)
 *(.glue_7)
 .glue_7        0x00407e8c        0x0 receiveStamp.co
 .glue_7        0x00407e8c        0x0 obj_OrisenStamp/contiki-stamp-main.o
 .glue_7        0x00407e8c        0x0 obj_OrisenStamp/start.o
 .glue_7        0x00407e8c        0x0 contiki-OrisenStamp.a(rimeaddr.o)
 .glue_7        0x00407e8c        0x0 contiki-OrisenStamp.a(rime.o)
 .glue_7        0x00407e8c        0x0 contiki-OrisenStamp.a(rimestats.o)
 .glue_7        0x00407e8c        0x0 contiki-OrisenStamp.a(announcement.o)
 .glue_7        0x00407e8c        0x0 contiki-OrisenStamp.a(broadcast-annou)
 .glue_7        0x00407e8c        0x0 contiki-OrisenStamp.a(broadcast.o)
 .glue_7        0x00407e8c        0x0 contiki-OrisenStamp.a(abc.o)
 .glue_7        0x00407e8c        0x0 contiki-OrisenStamp.a(chameleon.o)
 .glue_7        0x00407e8c        0x0 contiki-OrisenStamp.a(channel.o)
 .glue_7        0x00407e8c        0x0 contiki-OrisenStamp.a(chameleon-bitop)
 .glue_7        0x00407e8c        0x0 contiki-OrisenStamp.a(nullrdc.o)
 .glue_7        0x00407e8c        0x0 contiki-OrisenStamp.a(mac.o)
 .glue_7        0x00407e8c        0x0 contiki-OrisenStamp.a(framer-802154.o)
 .glue_7        0x00407e8c        0x0 contiki-OrisenStamp.a(csma.o)
 .glue_7        0x00407e8c        0x0 contiki-OrisenStamp.a(process.o)
 .glue_7        0x00407e8c        0x0 contiki-OrisenStamp.a(autostart.o)
 .glue_7        0x00407e8c        0x0 contiki-OrisenStamp.a(serial-line.o)
 .glue_7        0x00407e8c        0x0 contiki-OrisenStamp.a(memb.o)
 .glue_7        0x00407e8c        0x0 contiki-OrisenStamp.a(list.o)
 .glue_7        0x00407e8c        0x0 contiki-OrisenStamp.a(etimer.o)
 .glue_7        0x00407e8c        0x0 contiki-OrisenStamp.a(ctimer.o)
 .glue_7        0x00407e8c        0x0 contiki-OrisenStamp.a(random.o)
 .glue_7        0x00407e8c        0x0 contiki-OrisenStamp.a(ringbuf.o)
 .glue_7        0x00407e8c        0x0 contiki-OrisenStamp.a(packetbuf.o)
 .glue_7        0x00407e8c        0x0 contiki-OrisenStamp.a(queuebuf.o)
 .glue_7        0x00407e8c        0x0 contiki-OrisenStamp.a(clock.o)
 .glue_7        0x00407e8c        0x0 contiki-OrisenStamp.a(button-sensor.o)
 .glue_7        0x00407e8c        0x0 contiki-OrisenStamp.a(sensors.o)
 .glue_7        0x00407e8c        0x0 contiki-OrisenStamp.a(RTC.o)
 .glue_7        0x00407e8c        0x0 contiki-OrisenStamp.a(kbi_events.o)
 .glue_7        0x00407e8c        0x0 contiki-OrisenStamp.a(io-pins.o)
 .glue_7        0x00407e8c        0x0 contiki-OrisenStamp.a(contiki-crm.o)
 .glue_7        0x00407e8c        0x0 contiki-OrisenStamp.a(contiki-maca.o)
 .glue_7        0x00407e8c        0x0 contiki-OrisenStamp.a(contiki-misc.o)
 .glue_7        0x00407e8c        0x0 contiki-OrisenStamp.a(leds.o)
 .glue_7        0x00407e8c        0x0 contiki-OrisenStamp.a(contiki-uart.o)
 .glue_7        0x00407e8c        0x0 contiki-OrisenStamp.a(dbg-printf.o)
 .glue_7        0x00407e8c        0x0 contiki-OrisenStamp.a(strformat.o)
 .glue_7        0x00407e8c        0x0 contiki-OrisenStamp.a(adc.o)
 .glue_7        0x00407e8c        0x0 contiki-OrisenStamp.a(gpio.o)
 .glue_7        0x00407e8c        0x0 contiki-OrisenStamp.a(gpio-util.o)
 .glue_7        0x00407e8c        0x0 contiki-OrisenStamp.a(i2c.o)
 .glue_7        0x00407e8c        0x0 contiki-OrisenStamp.a(maca.o)
 .glue_7        0x00407e8c        0x0 contiki-OrisenStamp.a(nvm.o)
 .glue_7        0x00407e8c        0x0 contiki-OrisenStamp.a(uart1.o)
 .glue_7        0x00407e8c        0x0 contiki-OrisenStamp.a(default_lowleve)
 .glue_7        0x00407e8c        0x0 contiki-OrisenStamp.a(isr.o)
 .glue_7        0x00407e8c        0x0 contiki-OrisenStamp.a(frame802154.o)
 .glue_7        0x00407e8c        0x0 contiki-OrisenStamp.a(timer.o)
 .glue_7        0x00407e8c        0x0 contiki-OrisenStamp.a(debug-uart.o)
 .glue_7        0x00407e8c        0x0 contiki-OrisenStamp.a(leds-arch.o)
 .glue_7        0x00407e8c        0x0 contiki-OrisenStamp.a(uart2.o)
 .glue_7        0x00407e8c        0x0 /home/user/CodeSourcery/Sourcery_G++_Lite/bin/../lib/gcc/arm-none-eabi/4.3.2/libgcc.a(_udivsi3.o)
 .glue_7        0x00407e8c        0x0 /home/user/CodeSourcery/Sourcery_G++_Lite/bin/../lib/gcc/arm-none-eabi/4.3.2/libgcc.a(_divsi3.o)
 .glue_7        0x00407e8c        0x0 /home/user/CodeSourcery/Sourcery_G++_Lite/bin/../lib/gcc/arm-none-eabi/4.3.2/libgcc.a(_dvmd_tls.o)
 .glue_7        0x00407e8c        0x0 /home/user/CodeSourcery/Sourcery_G++_Lite/bin/../lib/gcc/arm-none-eabi/4.3.2/libgcc.a(_aeabi_uldivmod.o)
 .glue_7        0x00407e8c        0x0 /home/user/CodeSourcery/Sourcery_G++_Lite/bin/../lib/gcc/arm-none-eabi/4.3.2/libgcc.a(bpabi.o)
 .glue_7        0x00407e8c        0x0 /home/user/CodeSourcery/Sourcery_G++_Lite/bin/../lib/gcc/arm-none-eabi/4.3.2/libgcc.a(_divdi3.o)
 .glue_7        0x00407e8c        0x0 /home/user/CodeSourcery/Sourcery_G++_Lite/bin/../lib/gcc/arm-none-eabi/4.3.2/libgcc.a(_udivdi3.o)
 .glue_7        0x00407e8c        0x0 /home/user/CodeSourcery/Sourcery_G++_Lite/bin/../lib/gcc/arm-none-eabi/4.3.2/libgcc.a(_clz.o)
 .glue_7        0x00407e8c        0x0 /home/user/CodeSourcery/Sourcery_G++_Lite/bin/../lib/gcc/arm-none-eabi/4.3.2/../../../../arm-none-eabi/lib/libc.a(lib_a-memcmp.o)
 .glue_7        0x00407e8c        0x0 /home/user/CodeSourcery/Sourcery_G++_Lite/bin/../lib/gcc/arm-none-eabi/4.3.2/../../../../arm-none-eabi/lib/libc.a(lib_a-memcpy.o)
 .glue_7        0x00407e8c        0x0 /home/user/CodeSourcery/Sourcery_G++_Lite/bin/../lib/gcc/arm-none-eabi/4.3.2/../../../../arm-none-eabi/lib/libc.a(lib_a-memset.o)
 .glue_7        0x00407e8c        0x0 /home/user/CodeSourcery/Sourcery_G++_Lite/bin/../lib/gcc/arm-none-eabi/4.3.2/../../../../arm-none-eabi/lib/libc.a(lib_a-strlen.o)
 .glue_7        0x00407e8c        0x0 /home/user/CodeSourcery/Sourcery_G++_Lite/bin/../lib/gcc/arm-none-eabi/4.3.2/../../../../arm-none-eabi/lib/libc.a(lib_a-strncmp.o)
 *(.vfp11_veneer)
 .vfp11_veneer  0x00407e8c        0x0 receiveStamp.co
 .vfp11_veneer  0x00407e8c        0x0 obj_OrisenStamp/contiki-stamp-main.o
 .vfp11_veneer  0x00407e8c        0x0 obj_OrisenStamp/start.o
 .vfp11_veneer  0x00407e8c        0x0 contiki-OrisenStamp.a(rimeaddr.o)
 .vfp11_veneer  0x00407e8c        0x0 contiki-OrisenStamp.a(rime.o)
 .vfp11_veneer  0x00407e8c        0x0 contiki-OrisenStamp.a(rimestats.o)
 .vfp11_veneer  0x00407e8c        0x0 contiki-OrisenStamp.a(announcement.o)
 .vfp11_veneer  0x00407e8c        0x0 contiki-OrisenStamp.a(broadcast-annou)
 .vfp11_veneer  0x00407e8c        0x0 contiki-OrisenStamp.a(broadcast.o)
 .vfp11_veneer  0x00407e8c        0x0 contiki-OrisenStamp.a(abc.o)
 .vfp11_veneer  0x00407e8c        0x0 contiki-OrisenStamp.a(chameleon.o)
 .vfp11_veneer  0x00407e8c        0x0 contiki-OrisenStamp.a(channel.o)
 .vfp11_veneer  0x00407e8c        0x0 contiki-OrisenStamp.a(chameleon-bitop)
 .vfp11_veneer  0x00407e8c        0x0 contiki-OrisenStamp.a(nullrdc.o)
 .vfp11_veneer  0x00407e8c        0x0 contiki-OrisenStamp.a(mac.o)
 .vfp11_veneer  0x00407e8c        0x0 contiki-OrisenStamp.a(framer-802154.o)
 .vfp11_veneer  0x00407e8c        0x0 contiki-OrisenStamp.a(csma.o)
 .vfp11_veneer  0x00407e8c        0x0 contiki-OrisenStamp.a(process.o)
 .vfp11_veneer  0x00407e8c        0x0 contiki-OrisenStamp.a(autostart.o)
 .vfp11_veneer  0x00407e8c        0x0 contiki-OrisenStamp.a(serial-line.o)
 .vfp11_veneer  0x00407e8c        0x0 contiki-OrisenStamp.a(memb.o)
 .vfp11_veneer  0x00407e8c        0x0 contiki-OrisenStamp.a(list.o)
 .vfp11_veneer  0x00407e8c        0x0 contiki-OrisenStamp.a(etimer.o)
 .vfp11_veneer  0x00407e8c        0x0 contiki-OrisenStamp.a(ctimer.o)
 .vfp11_veneer  0x00407e8c        0x0 contiki-OrisenStamp.a(random.o)
 .vfp11_veneer  0x00407e8c        0x0 contiki-OrisenStamp.a(ringbuf.o)
 .vfp11_veneer  0x00407e8c        0x0 contiki-OrisenStamp.a(packetbuf.o)
 .vfp11_veneer  0x00407e8c        0x0 contiki-OrisenStamp.a(queuebuf.o)
 .vfp11_veneer  0x00407e8c        0x0 contiki-OrisenStamp.a(clock.o)
 .vfp11_veneer  0x00407e8c        0x0 contiki-OrisenStamp.a(button-sensor.o)
 .vfp11_veneer  0x00407e8c        0x0 contiki-OrisenStamp.a(sensors.o)
 .vfp11_veneer  0x00407e8c        0x0 contiki-OrisenStamp.a(RTC.o)
 .vfp11_veneer  0x00407e8c        0x0 contiki-OrisenStamp.a(kbi_events.o)
 .vfp11_veneer  0x00407e8c        0x0 contiki-OrisenStamp.a(io-pins.o)
 .vfp11_veneer  0x00407e8c        0x0 contiki-OrisenStamp.a(contiki-crm.o)
 .vfp11_veneer  0x00407e8c        0x0 contiki-OrisenStamp.a(contiki-maca.o)
 .vfp11_veneer  0x00407e8c        0x0 contiki-OrisenStamp.a(contiki-misc.o)
 .vfp11_veneer  0x00407e8c        0x0 contiki-OrisenStamp.a(leds.o)
 .vfp11_veneer  0x00407e8c        0x0 contiki-OrisenStamp.a(contiki-uart.o)
 .vfp11_veneer  0x00407e8c        0x0 contiki-OrisenStamp.a(dbg-printf.o)
 .vfp11_veneer  0x00407e8c        0x0 contiki-OrisenStamp.a(strformat.o)
 .vfp11_veneer  0x00407e8c        0x0 contiki-OrisenStamp.a(adc.o)
 .vfp11_veneer  0x00407e8c        0x0 contiki-OrisenStamp.a(gpio.o)
 .vfp11_veneer  0x00407e8c        0x0 contiki-OrisenStamp.a(gpio-util.o)
 .vfp11_veneer  0x00407e8c        0x0 contiki-OrisenStamp.a(i2c.o)
 .vfp11_veneer  0x00407e8c        0x0 contiki-OrisenStamp.a(maca.o)
 .vfp11_veneer  0x00407e8c        0x0 contiki-OrisenStamp.a(nvm.o)
 .vfp11_veneer  0x00407e8c        0x0 contiki-OrisenStamp.a(uart1.o)
 .vfp11_veneer  0x00407e8c        0x0 contiki-OrisenStamp.a(default_lowleve)
 .vfp11_veneer  0x00407e8c        0x0 contiki-OrisenStamp.a(isr.o)
 .vfp11_veneer  0x00407e8c        0x0 contiki-OrisenStamp.a(frame802154.o)
 .vfp11_veneer  0x00407e8c        0x0 contiki-OrisenStamp.a(timer.o)
 .vfp11_veneer  0x00407e8c        0x0 contiki-OrisenStamp.a(debug-uart.o)
 .vfp11_veneer  0x00407e8c        0x0 contiki-OrisenStamp.a(leds-arch.o)
 .vfp11_veneer  0x00407e8c        0x0 contiki-OrisenStamp.a(uart2.o)
 .vfp11_veneer  0x00407e8c        0x0 /home/user/CodeSourcery/Sourcery_G++_Lite/bin/../lib/gcc/arm-none-eabi/4.3.2/libgcc.a(_udivsi3.o)
 .vfp11_veneer  0x00407e8c        0x0 /home/user/CodeSourcery/Sourcery_G++_Lite/bin/../lib/gcc/arm-none-eabi/4.3.2/libgcc.a(_divsi3.o)
 .vfp11_veneer  0x00407e8c        0x0 /home/user/CodeSourcery/Sourcery_G++_Lite/bin/../lib/gcc/arm-none-eabi/4.3.2/libgcc.a(_dvmd_tls.o)
 .vfp11_veneer  0x00407e8c        0x0 /home/user/CodeSourcery/Sourcery_G++_Lite/bin/../lib/gcc/arm-none-eabi/4.3.2/libgcc.a(_aeabi_uldivmod.o)
 .vfp11_veneer  0x00407e8c        0x0 /home/user/CodeSourcery/Sourcery_G++_Lite/bin/../lib/gcc/arm-none-eabi/4.3.2/libgcc.a(bpabi.o)
 .vfp11_veneer  0x00407e8c        0x0 /home/user/CodeSourcery/Sourcery_G++_Lite/bin/../lib/gcc/arm-none-eabi/4.3.2/libgcc.a(_divdi3.o)
 .vfp11_veneer  0x00407e8c        0x0 /home/user/CodeSourcery/Sourcery_G++_Lite/bin/../lib/gcc/arm-none-eabi/4.3.2/libgcc.a(_udivdi3.o)
 .vfp11_veneer  0x00407e8c        0x0 /home/user/CodeSourcery/Sourcery_G++_Lite/bin/../lib/gcc/arm-none-eabi/4.3.2/libgcc.a(_clz.o)
 .vfp11_veneer  0x00407e8c        0x0 /home/user/CodeSourcery/Sourcery_G++_Lite/bin/../lib/gcc/arm-none-eabi/4.3.2/../../../../arm-none-eabi/lib/libc.a(lib_a-memcmp.o)
 .vfp11_veneer  0x00407e8c        0x0 /home/user/CodeSourcery/Sourcery_G++_Lite/bin/../lib/gcc/arm-none-eabi/4.3.2/../../../../arm-none-eabi/lib/libc.a(lib_a-memcpy.o)
 .vfp11_veneer  0x00407e8c        0x0 /home/user/CodeSourcery/Sourcery_G++_Lite/bin/../lib/gcc/arm-none-eabi/4.3.2/../../../../arm-none-eabi/lib/libc.a(lib_a-memset.o)
 .vfp11_veneer  0x00407e8c        0x0 /home/user/CodeSourcery/Sourcery_G++_Lite/bin/../lib/gcc/arm-none-eabi/4.3.2/../../../../arm-none-eabi/lib/libc.a(lib_a-strlen.o)
 .vfp11_veneer  0x00407e8c        0x0 /home/user/CodeSourcery/Sourcery_G++_Lite/bin/../lib/gcc/arm-none-eabi/4.3.2/../../../../arm-none-eabi/lib/libc.a(lib_a-strncmp.o)
 *(.v4_bx)
 .v4_bx         0x00407e8c        0x0 receiveStamp.co
 .v4_bx         0x00407e8c        0x0 obj_OrisenStamp/contiki-stamp-main.o
 .v4_bx         0x00407e8c        0x0 obj_OrisenStamp/start.o
 .v4_bx         0x00407e8c        0x0 contiki-OrisenStamp.a(rimeaddr.o)
 .v4_bx         0x00407e8c        0x0 contiki-OrisenStamp.a(rime.o)
 .v4_bx         0x00407e8c        0x0 contiki-OrisenStamp.a(rimestats.o)
 .v4_bx         0x00407e8c        0x0 contiki-OrisenStamp.a(announcement.o)
 .v4_bx         0x00407e8c        0x0 contiki-OrisenStamp.a(broadcast-annou)
 .v4_bx         0x00407e8c        0x0 contiki-OrisenStamp.a(broadcast.o)
 .v4_bx         0x00407e8c        0x0 contiki-OrisenStamp.a(abc.o)
 .v4_bx         0x00407e8c        0x0 contiki-OrisenStamp.a(chameleon.o)
 .v4_bx         0x00407e8c        0x0 contiki-OrisenStamp.a(channel.o)
 .v4_bx         0x00407e8c        0x0 contiki-OrisenStamp.a(chameleon-bitop)
 .v4_bx         0x00407e8c        0x0 contiki-OrisenStamp.a(nullrdc.o)
 .v4_bx         0x00407e8c        0x0 contiki-OrisenStamp.a(mac.o)
 .v4_bx         0x00407e8c        0x0 contiki-OrisenStamp.a(framer-802154.o)
 .v4_bx         0x00407e8c        0x0 contiki-OrisenStamp.a(csma.o)
 .v4_bx         0x00407e8c        0x0 contiki-OrisenStamp.a(process.o)
 .v4_bx         0x00407e8c        0x0 contiki-OrisenStamp.a(autostart.o)
 .v4_bx         0x00407e8c        0x0 contiki-OrisenStamp.a(serial-line.o)
 .v4_bx         0x00407e8c        0x0 contiki-OrisenStamp.a(memb.o)
 .v4_bx         0x00407e8c        0x0 contiki-OrisenStamp.a(list.o)
 .v4_bx         0x00407e8c        0x0 contiki-OrisenStamp.a(etimer.o)
 .v4_bx         0x00407e8c        0x0 contiki-OrisenStamp.a(ctimer.o)
 .v4_bx         0x00407e8c        0x0 contiki-OrisenStamp.a(random.o)
 .v4_bx         0x00407e8c        0x0 contiki-OrisenStamp.a(ringbuf.o)
 .v4_bx         0x00407e8c        0x0 contiki-OrisenStamp.a(packetbuf.o)
 .v4_bx         0x00407e8c        0x0 contiki-OrisenStamp.a(queuebuf.o)
 .v4_bx         0x00407e8c        0x0 contiki-OrisenStamp.a(clock.o)
 .v4_bx         0x00407e8c        0x0 contiki-OrisenStamp.a(button-sensor.o)
 .v4_bx         0x00407e8c        0x0 contiki-OrisenStamp.a(sensors.o)
 .v4_bx         0x00407e8c        0x0 contiki-OrisenStamp.a(RTC.o)
 .v4_bx         0x00407e8c        0x0 contiki-OrisenStamp.a(kbi_events.o)
 .v4_bx         0x00407e8c        0x0 contiki-OrisenStamp.a(io-pins.o)
 .v4_bx         0x00407e8c        0x0 contiki-OrisenStamp.a(contiki-crm.o)
 .v4_bx         0x00407e8c        0x0 contiki-OrisenStamp.a(contiki-maca.o)
 .v4_bx         0x00407e8c        0x0 contiki-OrisenStamp.a(contiki-misc.o)
 .v4_bx         0x00407e8c        0x0 contiki-OrisenStamp.a(leds.o)
 .v4_bx         0x00407e8c        0x0 contiki-OrisenStamp.a(contiki-uart.o)
 .v4_bx         0x00407e8c        0x0 contiki-OrisenStamp.a(dbg-printf.o)
 .v4_bx         0x00407e8c        0x0 contiki-OrisenStamp.a(strformat.o)
 .v4_bx         0x00407e8c        0x0 contiki-OrisenStamp.a(adc.o)
 .v4_bx         0x00407e8c        0x0 contiki-OrisenStamp.a(gpio.o)
 .v4_bx         0x00407e8c        0x0 contiki-OrisenStamp.a(gpio-util.o)
 .v4_bx         0x00407e8c        0x0 contiki-OrisenStamp.a(i2c.o)
 .v4_bx         0x00407e8c        0x0 contiki-OrisenStamp.a(maca.o)
 .v4_bx         0x00407e8c        0x0 contiki-OrisenStamp.a(nvm.o)
 .v4_bx         0x00407e8c        0x0 contiki-OrisenStamp.a(uart1.o)
 .v4_bx         0x00407e8c        0x0 contiki-OrisenStamp.a(default_lowleve)
 .v4_bx         0x00407e8c        0x0 contiki-OrisenStamp.a(isr.o)
 .v4_bx         0x00407e8c        0x0 contiki-OrisenStamp.a(frame802154.o)
 .v4_bx         0x00407e8c        0x0 contiki-OrisenStamp.a(timer.o)
 .v4_bx         0x00407e8c        0x0 contiki-OrisenStamp.a(debug-uart.o)
 .v4_bx         0x00407e8c        0x0 contiki-OrisenStamp.a(leds-arch.o)
 .v4_bx         0x00407e8c        0x0 contiki-OrisenStamp.a(uart2.o)
 .v4_bx         0x00407e8c        0x0 /home/user/CodeSourcery/Sourcery_G++_Lite/bin/../lib/gcc/arm-none-eabi/4.3.2/libgcc.a(_udivsi3.o)
 .v4_bx         0x00407e8c        0x0 /home/user/CodeSourcery/Sourcery_G++_Lite/bin/../lib/gcc/arm-none-eabi/4.3.2/libgcc.a(_divsi3.o)
 .v4_bx         0x00407e8c        0x0 /home/user/CodeSourcery/Sourcery_G++_Lite/bin/../lib/gcc/arm-none-eabi/4.3.2/libgcc.a(_dvmd_tls.o)
 .v4_bx         0x00407e8c        0x0 /home/user/CodeSourcery/Sourcery_G++_Lite/bin/../lib/gcc/arm-none-eabi/4.3.2/libgcc.a(_aeabi_uldivmod.o)
 .v4_bx         0x00407e8c        0x0 /home/user/CodeSourcery/Sourcery_G++_Lite/bin/../lib/gcc/arm-none-eabi/4.3.2/libgcc.a(bpabi.o)
 .v4_bx         0x00407e8c        0x0 /home/user/CodeSourcery/Sourcery_G++_Lite/bin/../lib/gcc/arm-none-eabi/4.3.2/libgcc.a(_divdi3.o)
 .v4_bx         0x00407e8c        0x0 /home/user/CodeSourcery/Sourcery_G++_Lite/bin/../lib/gcc/arm-none-eabi/4.3.2/libgcc.a(_udivdi3.o)
 .v4_bx         0x00407e8c        0x0 /home/user/CodeSourcery/Sourcery_G++_Lite/bin/../lib/gcc/arm-none-eabi/4.3.2/libgcc.a(_clz.o)
 .v4_bx         0x00407e8c        0x0 /home/user/CodeSourcery/Sourcery_G++_Lite/bin/../lib/gcc/arm-none-eabi/4.3.2/../../../../arm-none-eabi/lib/libc.a(lib_a-memcmp.o)
 .v4_bx         0x00407e8c        0x0 /home/user/CodeSourcery/Sourcery_G++_Lite/bin/../lib/gcc/arm-none-eabi/4.3.2/../../../../arm-none-eabi/lib/libc.a(lib_a-memcpy.o)
 .v4_bx         0x00407e8c        0x0 /home/user/CodeSourcery/Sourcery_G++_Lite/bin/../lib/gcc/arm-none-eabi/4.3.2/../../../../arm-none-eabi/lib/libc.a(lib_a-memset.o)
 .v4_bx         0x00407e8c        0x0 /home/user/CodeSourcery/Sourcery_G++_Lite/bin/../lib/gcc/arm-none-eabi/4.3.2/../../../../arm-none-eabi/lib/libc.a(lib_a-strlen.o)
 .v4_bx         0x00407e8c        0x0 /home/user/CodeSourcery/Sourcery_G++_Lite/bin/../lib/gcc/arm-none-eabi/4.3.2/../../../../arm-none-eabi/lib/libc.a(lib_a-strncmp.o)

.janus_2cc_veneer
                0x00407e8c        0x0
 .janus_2cc_veneer
                0x00407e8c        0x0 receiveStamp.co
 .janus_2cc_veneer
                0x00407e8c        0x0 obj_OrisenStamp/contiki-stamp-main.o
 .janus_2cc_veneer
                0x00407e8c        0x0 obj_OrisenStamp/start.o
 .janus_2cc_veneer
                0x00407e8c        0x0 contiki-OrisenStamp.a(rimeaddr.o)
 .janus_2cc_veneer
                0x00407e8c        0x0 contiki-OrisenStamp.a(rime.o)
 .janus_2cc_veneer
                0x00407e8c        0x0 contiki-OrisenStamp.a(rimestats.o)
 .janus_2cc_veneer
                0x00407e8c        0x0 contiki-OrisenStamp.a(announcement.o)
 .janus_2cc_veneer
                0x00407e8c        0x0 contiki-OrisenStamp.a(broadcast-annou)
 .janus_2cc_veneer
                0x00407e8c        0x0 contiki-OrisenStamp.a(broadcast.o)
 .janus_2cc_veneer
                0x00407e8c        0x0 contiki-OrisenStamp.a(abc.o)
 .janus_2cc_veneer
                0x00407e8c        0x0 contiki-OrisenStamp.a(chameleon.o)
 .janus_2cc_veneer
                0x00407e8c        0x0 contiki-OrisenStamp.a(channel.o)
 .janus_2cc_veneer
                0x00407e8c        0x0 contiki-OrisenStamp.a(chameleon-bitop)
 .janus_2cc_veneer
                0x00407e8c        0x0 contiki-OrisenStamp.a(nullrdc.o)
 .janus_2cc_veneer
                0x00407e8c        0x0 contiki-OrisenStamp.a(mac.o)
 .janus_2cc_veneer
                0x00407e8c        0x0 contiki-OrisenStamp.a(framer-802154.o)
 .janus_2cc_veneer
                0x00407e8c        0x0 contiki-OrisenStamp.a(csma.o)
 .janus_2cc_veneer
                0x00407e8c        0x0 contiki-OrisenStamp.a(process.o)
 .janus_2cc_veneer
                0x00407e8c        0x0 contiki-OrisenStamp.a(autostart.o)
 .janus_2cc_veneer
                0x00407e8c        0x0 contiki-OrisenStamp.a(serial-line.o)
 .janus_2cc_veneer
                0x00407e8c        0x0 contiki-OrisenStamp.a(memb.o)
 .janus_2cc_veneer
                0x00407e8c        0x0 contiki-OrisenStamp.a(list.o)
 .janus_2cc_veneer
                0x00407e8c        0x0 contiki-OrisenStamp.a(etimer.o)
 .janus_2cc_veneer
                0x00407e8c        0x0 contiki-OrisenStamp.a(ctimer.o)
 .janus_2cc_veneer
                0x00407e8c        0x0 contiki-OrisenStamp.a(random.o)
 .janus_2cc_veneer
                0x00407e8c        0x0 contiki-OrisenStamp.a(ringbuf.o)
 .janus_2cc_veneer
                0x00407e8c        0x0 contiki-OrisenStamp.a(packetbuf.o)
 .janus_2cc_veneer
                0x00407e8c        0x0 contiki-OrisenStamp.a(queuebuf.o)
 .janus_2cc_veneer
                0x00407e8c        0x0 contiki-OrisenStamp.a(clock.o)
 .janus_2cc_veneer
                0x00407e8c        0x0 contiki-OrisenStamp.a(button-sensor.o)
 .janus_2cc_veneer
                0x00407e8c        0x0 contiki-OrisenStamp.a(sensors.o)
 .janus_2cc_veneer
                0x00407e8c        0x0 contiki-OrisenStamp.a(RTC.o)
 .janus_2cc_veneer
                0x00407e8c        0x0 contiki-OrisenStamp.a(kbi_events.o)
 .janus_2cc_veneer
                0x00407e8c        0x0 contiki-OrisenStamp.a(io-pins.o)
 .janus_2cc_veneer
                0x00407e8c        0x0 contiki-OrisenStamp.a(contiki-crm.o)
 .janus_2cc_veneer
                0x00407e8c        0x0 contiki-OrisenStamp.a(contiki-maca.o)
 .janus_2cc_veneer
                0x00407e8c        0x0 contiki-OrisenStamp.a(contiki-misc.o)
 .janus_2cc_veneer
                0x00407e8c        0x0 contiki-OrisenStamp.a(leds.o)
 .janus_2cc_veneer
                0x00407e8c        0x0 contiki-OrisenStamp.a(contiki-uart.o)
 .janus_2cc_veneer
                0x00407e8c        0x0 contiki-OrisenStamp.a(dbg-printf.o)
 .janus_2cc_veneer
                0x00407e8c        0x0 contiki-OrisenStamp.a(strformat.o)
 .janus_2cc_veneer
                0x00407e8c        0x0 contiki-OrisenStamp.a(adc.o)
 .janus_2cc_veneer
                0x00407e8c        0x0 contiki-OrisenStamp.a(gpio.o)
 .janus_2cc_veneer
                0x00407e8c        0x0 contiki-OrisenStamp.a(gpio-util.o)
 .janus_2cc_veneer
                0x00407e8c        0x0 contiki-OrisenStamp.a(i2c.o)
 .janus_2cc_veneer
                0x00407e8c        0x0 contiki-OrisenStamp.a(maca.o)
 .janus_2cc_veneer
                0x00407e8c        0x0 contiki-OrisenStamp.a(nvm.o)
 .janus_2cc_veneer
                0x00407e8c        0x0 contiki-OrisenStamp.a(uart1.o)
 .janus_2cc_veneer
                0x00407e8c        0x0 contiki-OrisenStamp.a(default_lowleve)
 .janus_2cc_veneer
                0x00407e8c        0x0 contiki-OrisenStamp.a(isr.o)
 .janus_2cc_veneer
                0x00407e8c        0x0 contiki-OrisenStamp.a(frame802154.o)
 .janus_2cc_veneer
                0x00407e8c        0x0 contiki-OrisenStamp.a(timer.o)
 .janus_2cc_veneer
                0x00407e8c        0x0 contiki-OrisenStamp.a(debug-uart.o)
 .janus_2cc_veneer
                0x00407e8c        0x0 contiki-OrisenStamp.a(leds-arch.o)
 .janus_2cc_veneer
                0x00407e8c        0x0 contiki-OrisenStamp.a(uart2.o)
 .janus_2cc_veneer
                0x00407e8c        0x0 /home/user/CodeSourcery/Sourcery_G++_Lite/bin/../lib/gcc/arm-none-eabi/4.3.2/libgcc.a(_udivsi3.o)
 .janus_2cc_veneer
                0x00407e8c        0x0 /home/user/CodeSourcery/Sourcery_G++_Lite/bin/../lib/gcc/arm-none-eabi/4.3.2/libgcc.a(_divsi3.o)
 .janus_2cc_veneer
                0x00407e8c        0x0 /home/user/CodeSourcery/Sourcery_G++_Lite/bin/../lib/gcc/arm-none-eabi/4.3.2/libgcc.a(_dvmd_tls.o)
 .janus_2cc_veneer
                0x00407e8c        0x0 /home/user/CodeSourcery/Sourcery_G++_Lite/bin/../lib/gcc/arm-none-eabi/4.3.2/libgcc.a(_aeabi_uldivmod.o)
 .janus_2cc_veneer
                0x00407e8c        0x0 /home/user/CodeSourcery/Sourcery_G++_Lite/bin/../lib/gcc/arm-none-eabi/4.3.2/libgcc.a(bpabi.o)
 .janus_2cc_veneer
                0x00407e8c        0x0 /home/user/CodeSourcery/Sourcery_G++_Lite/bin/../lib/gcc/arm-none-eabi/4.3.2/libgcc.a(_divdi3.o)
 .janus_2cc_veneer
                0x00407e8c        0x0 /home/user/CodeSourcery/Sourcery_G++_Lite/bin/../lib/gcc/arm-none-eabi/4.3.2/libgcc.a(_udivdi3.o)
 .janus_2cc_veneer
                0x00407e8c        0x0 /home/user/CodeSourcery/Sourcery_G++_Lite/bin/../lib/gcc/arm-none-eabi/4.3.2/libgcc.a(_clz.o)
 .janus_2cc_veneer
                0x00407e8c        0x0 /home/user/CodeSourcery/Sourcery_G++_Lite/bin/../lib/gcc/arm-none-eabi/4.3.2/../../../../arm-none-eabi/lib/libc.a(lib_a-memcmp.o)
 .janus_2cc_veneer
                0x00407e8c        0x0 /home/user/CodeSourcery/Sourcery_G++_Lite/bin/../lib/gcc/arm-none-eabi/4.3.2/../../../../arm-none-eabi/lib/libc.a(lib_a-memcpy.o)
 .janus_2cc_veneer
                0x00407e8c        0x0 /home/user/CodeSourcery/Sourcery_G++_Lite/bin/../lib/gcc/arm-none-eabi/4.3.2/../../../../arm-none-eabi/lib/libc.a(lib_a-memset.o)
 .janus_2cc_veneer
                0x00407e8c        0x0 /home/user/CodeSourcery/Sourcery_G++_Lite/bin/../lib/gcc/arm-none-eabi/4.3.2/../../../../arm-none-eabi/lib/libc.a(lib_a-strlen.o)
 .janus_2cc_veneer
                0x00407e8c        0x0 /home/user/CodeSourcery/Sourcery_G++_Lite/bin/../lib/gcc/arm-none-eabi/4.3.2/../../../../arm-none-eabi/lib/libc.a(lib_a-strncmp.o)

.interp
 *(.interp)

.note.gnu.build-id
 *(.note.gnu.build-id)

.hash
 *(.hash)

.gnu.hash
 *(.gnu.hash)

.dynsym
 *(.dynsym)

.dynstr
 *(.dynstr)

.gnu.version
 *(.gnu.version)

.gnu.version_d
 *(.gnu.version_d)

.gnu.version_r
 *(.gnu.version_r)

.rel.dyn
 *(.rel.init)
 *(.rel.text .rel.text.* .rel.gnu.linkonce.t.*)
 *(.rel.fini)
 *(.rel.rodata .rel.rodata.* .rel.gnu.linkonce.r.*)
 *(.rel.data.rel.ro* .rel.gnu.linkonce.d.rel.ro.*)
 *(.rel.data .rel.data.* .rel.gnu.linkonce.d.*)
 *(.rel.tdata .rel.tdata.* .rel.gnu.linkonce.td.*)
 *(.rel.tbss .rel.tbss.* .rel.gnu.linkonce.tb.*)
 *(.rel.ctors)
 *(.rel.dtors)
 *(.rel.got)
 *(.rel.bss .rel.bss.* .rel.gnu.linkonce.b.*)

.rela.dyn
 *(.rela.init)
 *(.rela.text .rela.text.* .rela.gnu.linkonce.t.*)
 *(.rela.fini)
 *(.rela.rodata .rela.rodata.* .rela.gnu.linkonce.r.*)
 *(.rela.data .rela.data.* .rela.gnu.linkonce.d.*)
 *(.rela.tdata .rela.tdata.* .rela.gnu.linkonce.td.*)
 *(.rela.tbss .rela.tbss.* .rela.gnu.linkonce.tb.*)
 *(.rela.ctors)
 *(.rela.dtors)
 *(.rela.got)
 *(.rela.bss .rela.bss.* .rela.gnu.linkonce.b.*)

.rel.plt
 *(.rel.plt)

.rela.plt
 *(.rela.plt)

.init
 *(.init)

.plt
 *(.plt)

.fini
 *(.fini)
                0x00407e8c                PROVIDE (__etext, .)
                0x00407e8c                PROVIDE (_etext, .)
                0x00407e8c                PROVIDE (etext, .)

.rodata         0x00407e8c      0x7c4
 *(.rodata .rodata.* .gnu.linkonce.r.*)
 .rodata.abc_call
                0x00407e8c        0x8 receiveStamp.co
 .rodata.autostart_processes
                0x00407e94        0x8 receiveStamp.co
                0x00407e94                autostart_processes
 .rodata.str1.1
                0x00407e9c        0xf receiveStamp.co
                                 0x11 (size before relaxing)
 .rodata.str1.1
                0x00407eab       0xed obj_OrisenStamp/contiki-stamp-main.o
                                 0xf0 (size before relaxing)
 .rodata.addr_ff
                0x00407f98        0x8 obj_OrisenStamp/contiki-stamp-main.o
                0x00407f98                addr_ff
 .rodata.rimeaddr_null
                0x00407fa0        0x8 contiki-OrisenStamp.a(rimeaddr.o)
                0x00407fa0                rimeaddr_null
 .rodata.str1.1
                0x00407fa8        0x5 contiki-OrisenStamp.a(rime.o)
 *fill*         0x00407fad        0x3 00
 .rodata.rime_driver
                0x00407fb0        0xc contiki-OrisenStamp.a(rime.o)
                0x00407fb0                rime_driver
 .rodata.broadcast_callbacks
                0x00407fbc        0x8 contiki-OrisenStamp.a(broadcast-annou)
 .rodata.attributes
                0x00407fc4        0x4 contiki-OrisenStamp.a(broadcast.o)
 .rodata.broadcast
                0x00407fc8        0x8 contiki-OrisenStamp.a(broadcast.o)
 .rodata.attributes
                0x00407fd0        0x2 contiki-OrisenStamp.a(abc.o)
 *fill*         0x00407fd2        0x2 00
 .rodata.chameleon_bitopt
                0x00407fd4        0xc contiki-OrisenStamp.a(chameleon-bitop)
                0x00407fd4                chameleon_bitopt
 .rodata.bitmask
                0x00407fe0        0x9 contiki-OrisenStamp.a(chameleon-bitop)
 .rodata.str1.1
                0x00407fe9        0x8 contiki-OrisenStamp.a(nullrdc.o)
 *fill*         0x00407ff1        0x3 00
 .rodata.nullrdc_driver
                0x00407ff4       0x20 contiki-OrisenStamp.a(nullrdc.o)
                0x00407ff4                nullrdc_driver
 .rodata.framer_802154
                0x00408014        0x8 contiki-OrisenStamp.a(framer-802154.o)
                0x00408014                framer_802154
 .rodata.str1.1
                0x0040801c        0x5 contiki-OrisenStamp.a(csma.o)
 *fill*         0x00408021        0x3 00
 .rodata.csma_driver
                0x00408024       0x1c contiki-OrisenStamp.a(csma.o)
                0x00408024                csma_driver
 .rodata.str1.1
                0x00408040        0xe contiki-OrisenStamp.a(serial-line.o)
 .rodata.str1.1
                0x0040804e        0xc contiki-OrisenStamp.a(etimer.o)
 .rodata.str1.1
                0x0040805a        0xf contiki-OrisenStamp.a(ctimer.o)
 *fill*         0x00408069        0x3 00
 .rodata.packetbuf
                0x0040806c        0x4 contiki-OrisenStamp.a(packetbuf.o)
 .rodata.str1.1
                0x00408070        0x7 contiki-OrisenStamp.a(button-sensor.o)
 *fill*         0x00408077        0x1 00
 .rodata.button_sensor
                0x00408078       0x10 contiki-OrisenStamp.a(button-sensor.o)
                0x00408078                button_sensor
 .rodata.str1.1
                0x00408088        0x8 contiki-OrisenStamp.a(sensors.o)
 .rodata.C.13.4643
                0x00408090        0x2 contiki-OrisenStamp.a(RTC.o)
 .rodata.str1.1
                0x00408092        0xc contiki-OrisenStamp.a(RTC.o)
 .rodata.str1.1
                0x0040809e       0x1a contiki-OrisenStamp.a(kbi_events.o)
 .rodata.ioPins_configurePin
                0x004080b8       0x40 contiki-OrisenStamp.a(io-pins.o)
 .rodata.initialSettings
                0x004080f8       0x50 contiki-OrisenStamp.a(io-pins.o)
 .rodata.str1.1
                0x00408148        0xd contiki-OrisenStamp.a(contiki-maca.o)
 *fill*         0x00408155        0x3 00
 .rodata.contiki_maca_driver
                0x00408158       0x28 contiki-OrisenStamp.a(contiki-maca.o)
                0x00408158                contiki_maca_driver
 .rodata.buffer.1350
                0x00408180       0x10 contiki-OrisenStamp.a(strformat.o)
 .rodata.str1.1
                0x00408190       0x35 contiki-OrisenStamp.a(strformat.o)
                                 0x37 (size before relaxing)
 .rodata.buffer.1364
                0x004081c5       0x10 contiki-OrisenStamp.a(strformat.o)
 .rodata.str1.1
                0x004081d5       0x41 contiki-OrisenStamp.a(i2c.o)
 *fill*         0x00408216        0x2 00
 .rodata.decode_status
                0x00408218       0x3c contiki-OrisenStamp.a(maca.o)
 .rodata.addr_cal5
                0x00408254       0x10 contiki-OrisenStamp.a(maca.o)
                0x00408254                addr_cal5
 .rodata.PSMVAL
                0x00408264       0x4c contiki-OrisenStamp.a(maca.o)
                0x00408264                PSMVAL
 .rodata.addr_seq2
                0x004082b0        0x8 contiki-OrisenStamp.a(maca.o)
                0x004082b0                addr_seq2
 .rodata.AIMVAL
                0x004082b8       0x4c contiki-OrisenStamp.a(maca.o)
                0x004082b8                AIMVAL
 .rodata.addr_seq1
                0x00408304        0x8 contiki-OrisenStamp.a(maca.o)
                0x00408304                addr_seq1
 .rodata.PAVAL  0x0040830c       0x4c contiki-OrisenStamp.a(maca.o)
                0x0040830c                PAVAL
 .rodata.addr_cal3_seq1
                0x00408358        0xc contiki-OrisenStamp.a(maca.o)
                0x00408358                addr_cal3_seq1
 .rodata.addr_cal3_seq3
                0x00408364        0x4 contiki-OrisenStamp.a(maca.o)
                0x00408364                addr_cal3_seq3
 .rodata.data_reg_rep
                0x00408368       0xac contiki-OrisenStamp.a(maca.o)
                0x00408368                data_reg_rep
 .rodata.VCODivF
                0x00408414       0x40 contiki-OrisenStamp.a(maca.o)
                0x00408414                VCODivF
 .rodata.addr_cal3_seq2
                0x00408454        0x8 contiki-OrisenStamp.a(maca.o)
                0x00408454                addr_cal3_seq2
 .rodata.VCODivI
                0x0040845c       0x10 contiki-OrisenStamp.a(maca.o)
                0x0040845c                VCODivI
 .rodata.data_seq1
                0x0040846c        0x8 contiki-OrisenStamp.a(maca.o)
                0x0040846c                data_seq1
 .rodata.data_seq2
                0x00408474        0x8 contiki-OrisenStamp.a(maca.o)
                0x00408474                data_seq2
 .rodata.data_cal5
                0x0040847c       0x10 contiki-OrisenStamp.a(maca.o)
                0x0040847c                data_cal5
 .rodata.data_cal3_seq1
                0x0040848c        0xc contiki-OrisenStamp.a(maca.o)
                0x0040848c                data_cal3_seq1
 .rodata.addr_reg_rep
                0x00408498       0xac contiki-OrisenStamp.a(maca.o)
                0x00408498                addr_reg_rep
 .rodata.data_cal3_seq2
                0x00408544        0x8 contiki-OrisenStamp.a(maca.o)
                0x00408544                data_cal3_seq2
 .rodata.data_cal3_seq3
                0x0040854c        0x4 contiki-OrisenStamp.a(maca.o)
                0x0040854c                data_cal3_seq3
 .rodata        0x00408550      0x100 /home/user/CodeSourcery/Sourcery_G++_Lite/bin/../lib/gcc/arm-none-eabi/4.3.2/libgcc.a(_clz.o)
                0x00408550                __clz_tab

.ARM.exidx      0x00408650       0x10
 .ARM.exidx     0x00408650        0x8 /home/user/CodeSourcery/Sourcery_G++_Lite/bin/../lib/gcc/arm-none-eabi/4.3.2/libgcc.a(_divdi3.o)
 .ARM.exidx     0x00408658        0x8 /home/user/CodeSourcery/Sourcery_G++_Lite/bin/../lib/gcc/arm-none-eabi/4.3.2/libgcc.a(_udivdi3.o)

.rodata1
 *(.rodata1)

.eh_frame_hdr
 *(.eh_frame_hdr)

.eh_frame
 *(.eh_frame)

.gcc_except_table
 *(.gcc_except_table .gcc_except_table.*)
                0x00408660                . = ALIGN (0x4)
                0x00408660                . = (0x4 DATA_SEGMENT_ALIGN 0x4)

.eh_frame
 *(.eh_frame)

.gcc_except_table
 *(.gcc_except_table .gcc_except_table.*)

.tdata
 *(.tdata .tdata.* .gnu.linkonce.td.*)

.tbss
 *(.tbss .tbss.* .gnu.linkonce.tb.*)
 *(.tcommon)

.preinit_array  0x00408660        0x0
                0x00408660                PROVIDE (__preinit_array_start, .)
 *(.preinit_array)
                0x00408660                PROVIDE (__preinit_array_end, .)

.init_array     0x00408660        0x0
                0x00408660                PROVIDE (__init_array_start, .)
 *(SORT(.init_array.*))
 *(.init_array)
                0x00408660                PROVIDE (__init_array_end, .)

.fini_array     0x00408660        0x0
                0x00408660                PROVIDE (__fini_array_start, .)
 *(.fini_array)
 *(SORT(.fini_array.*))
                0x00408660                PROVIDE (__fini_array_end, .)

.ctors
 *crtbegin.o(.ctors)
 *crtbegin?.o(.ctors)
 *(EXCLUDE_FILE(*crtend?.o *crtend.o) .ctors)
 *(SORT(.ctors.*))
 *(.ctors)

.dtors
 *crtbegin.o(.dtors)
 *crtbegin?.o(.dtors)
 *(EXCLUDE_FILE(*crtend?.o *crtend.o) .dtors)
 *(SORT(.dtors.*))
 *(.dtors)

.jcr
 *(.jcr)

.data.rel.ro
 *(.data.rel.ro.local* .gnu.linkonce.d.rel.ro.local.*)
 *(.data.rel.ro* .gnu.linkonce.d.rel.ro.*)

.dynamic
 *(.dynamic)
                0x00408660                . = (. DATA_SEGMENT_RELRO_END 0x0)

.got
 *(.got.plt)
 *(.got)

.data           0x00408660      0x110
                0x00408660                __data_start = .
 *(.data .data.* .gnu.linkonce.d.*)
 .data.example_abc_process
                0x00408660       0x10 receiveStamp.co
                0x00408660                example_abc_process
 .data.sensors  0x00408670        0x8 obj_OrisenStamp/contiki-stamp-main.o
                0x00408670                sensors
 .data.metadata_memb
                0x00408678        0xc contiki-OrisenStamp.a(csma.o)
 .data.neighbor_memb
                0x00408684        0xc contiki-OrisenStamp.a(csma.o)
 .data.packet_memb
                0x00408690        0xc contiki-OrisenStamp.a(csma.o)
 .data.serial_line_process
                0x0040869c       0x10 contiki-OrisenStamp.a(serial-line.o)
                0x0040869c                serial_line_process
 .data.etimer_process
                0x004086ac       0x10 contiki-OrisenStamp.a(etimer.o)
                0x004086ac                etimer_process
 .data.ctimer_process
                0x004086bc       0x10 contiki-OrisenStamp.a(ctimer.o)
                0x004086bc                ctimer_process
 .data.bufmem   0x004086cc        0xc contiki-OrisenStamp.a(queuebuf.o)
 .data.refbufmem
                0x004086d8        0xc contiki-OrisenStamp.a(queuebuf.o)
 .data.buframmem
                0x004086e4        0xc contiki-OrisenStamp.a(queuebuf.o)
 .data.sensors_process
                0x004086f0       0x10 contiki-OrisenStamp.a(sensors.o)
                0x004086f0                sensors_process
 .data.RTC_process
                0x00408700       0x10 contiki-OrisenStamp.a(RTC.o)
                0x00408700                RTC_process
 .data.kbi_event_process
                0x00408710       0x10 contiki-OrisenStamp.a(kbi_events.o)
                0x00408710                kbi_event_process
 .data.contiki_maca_process
                0x00408720       0x10 contiki-OrisenStamp.a(contiki-maca.o)
                0x00408720                contiki_maca_process
 .data.ctxt     0x00408730        0x8 contiki-OrisenStamp.a(dbg-printf.o)
 .data.prm_mode
                0x00408738        0x1 contiki-OrisenStamp.a(maca.o)
                0x00408738                prm_mode