Archive member included because of file (symbol)

contiki-OrisenStamp.a(rimeaddr.o)
                              obj_OrisenStamp/contiki-stamp-main.o (rimeaddr_copy)
contiki-OrisenStamp.a(rime.o)
                              obj_OrisenStamp/contiki-stamp-main.o (rime_driver)
contiki-OrisenStamp.a(rimestats.o)
                              contiki-OrisenStamp.a(rime.o) (rimestats)
contiki-OrisenStamp.a(announcement.o)
                              contiki-OrisenStamp.a(rime.o) (announcement_init)
contiki-OrisenStamp.a(broadcast-annou)
                              contiki-OrisenStamp.a(rime.o) (broadcast_announcement_init)
contiki-OrisenStamp.a(broadcast.o)
                              contiki-OrisenStamp.a(broadcast-annou) (broadcast_send)
contiki-OrisenStamp.a(abc.o)  contiki-OrisenStamp.a(rime.o) (abc_input)
contiki-OrisenStamp.a(chameleon.o)
                              contiki-OrisenStamp.a(rime.o) (chameleon_parse)
contiki-OrisenStamp.a(channel.o)
                              contiki-OrisenStamp.a(abc.o) (channel_close)
contiki-OrisenStamp.a(chameleon-bitop)
                              contiki-OrisenStamp.a(chameleon.o) (chameleon_bitopt)
contiki-OrisenStamp.a(nullrdc.o)
                              obj_OrisenStamp/contiki-stamp-main.o (nullrdc_driver)
contiki-OrisenStamp.a(mac.o)  contiki-OrisenStamp.a(nullrdc.o) (mac_call_sent_callback)
contiki-OrisenStamp.a(framer-802154.o)
                              contiki-OrisenStamp.a(nullrdc.o) (framer_802154)
contiki-OrisenStamp.a(csma.o)
                              obj_OrisenStamp/contiki-stamp-main.o (csma_driver)
contiki-OrisenStamp.a(process.o)
                              obj_OrisenStamp/contiki-stamp-main.o (process_init)
contiki-OrisenStamp.a(autostart.o)
                              obj_OrisenStamp/contiki-stamp-main.o (autostart_start)
contiki-OrisenStamp.a(serial-line.o)
                              obj_OrisenStamp/contiki-stamp-main.o (serial_line_init)
contiki-OrisenStamp.a(memb.o)
                              contiki-OrisenStamp.a(csma.o) (memb_alloc)
contiki-OrisenStamp.a(list.o)
                              contiki-OrisenStamp.a(announcement.o) (list_init)
contiki-OrisenStamp.a(etimer.o)
                              obj_OrisenStamp/contiki-stamp-main.o (etimer_process)
contiki-OrisenStamp.a(ctimer.o)
                              contiki-OrisenStamp.a(broadcast-annou) (ctimer_stop)
contiki-OrisenStamp.a(random.o)
                              contiki-OrisenStamp.a(broadcast-annou) (random_rand)
contiki-OrisenStamp.a(ringbuf.o)
                              contiki-OrisenStamp.a(serial-line.o) (ringbuf_init)
contiki-OrisenStamp.a(packetbuf.o)
                              contiki-OrisenStamp.a(chameleon-bitop) (packetbuf_hdrreduce)
contiki-OrisenStamp.a(queuebuf.o)
                              contiki-OrisenStamp.a(nullrdc.o) (queuebuf_to_packetbuf)
contiki-OrisenStamp.a(clock.o)
                              obj_OrisenStamp/contiki-stamp-main.o (clock_init)
contiki-OrisenStamp.a(button-sensor.o)
                              obj_OrisenStamp/contiki-stamp-main.o (button_sensor)
contiki-OrisenStamp.a(sensors.o)
                              contiki-OrisenStamp.a(button-sensor.o) (sensors_changed)
contiki-OrisenStamp.a(RTC.o)  obj_OrisenStamp/contiki-stamp-main.o (RTC_init)
contiki-OrisenStamp.a(kbi_events.o)
                              obj_OrisenStamp/contiki-stamp-main.o (kbi_event_process)
contiki-OrisenStamp.a(io-pins.o)
                              obj_OrisenStamp/contiki-stamp-main.o (ioPins_init)
contiki-OrisenStamp.a(contiki-crm.o)
                              obj_OrisenStamp/contiki-stamp-main.o (cal_ring_osc)
contiki-OrisenStamp.a(contiki-maca.o)
                              contiki-OrisenStamp.a(nullrdc.o) (contiki_maca_driver)
contiki-OrisenStamp.a(contiki-misc.o)
                              contiki-OrisenStamp.a(random.o) (srand)
contiki-OrisenStamp.a(leds.o)
                              sensorStamp.co (leds_off)
contiki-OrisenStamp.a(contiki-uart.o)
                              obj_OrisenStamp/contiki-stamp-main.o (uart1_set_input)
contiki-OrisenStamp.a(dbg-printf.o)
                              sensorStamp.co (printf)
contiki-OrisenStamp.a(strformat.o)
                              contiki-OrisenStamp.a(dbg-printf.o) (format_str_v)
contiki-OrisenStamp.a(adc.o)  contiki-OrisenStamp.a(io-pins.o) (adc_service)
contiki-OrisenStamp.a(gpio.o)
                              contiki-OrisenStamp.a(button-sensor.o) (gpio_data_get)
contiki-OrisenStamp.a(gpio-util.o)
                              contiki-OrisenStamp.a(adc.o) (gpio_select_function)
contiki-OrisenStamp.a(i2c.o)  contiki-OrisenStamp.a(RTC.o) (i2c_transferred)
contiki-OrisenStamp.a(maca.o)
                              contiki-OrisenStamp.a(contiki-maca.o) (free_packet)
contiki-OrisenStamp.a(nvm.o)  obj_OrisenStamp/contiki-stamp-main.o (nvm_detect)
contiki-OrisenStamp.a(uart1.o)
[...]
Memory Configuration

Name             Origin             Length             Attributes
ram              0x00400000         0x00018000         xrw
*default*        0x00000000         0xffffffff

Linker script and memory map

LOAD sensorStamp.co
LOAD obj_OrisenStamp/contiki-stamp-main.o
LOAD obj_OrisenStamp/start.o
LOAD contiki-OrisenStamp.a
LOAD contiki-OrisenStamp.a
START GROUP
LOAD /home/user/CodeSourcery/Sourcery_G++_Lite/bin/../lib/gcc/arm-none-eabi/4.3.2/libgcc.a
LOAD /home/user/CodeSourcery/Sourcery_G++_Lite/bin/../lib/gcc/arm-none-eabi/4.3.2/../../../../arm-none-eabi/lib/libc.a
END GROUP
                0x00000400                SYS_STACK_SIZE = 0x400
                0x00000100                IRQ_STACK_SIZE = 0x100
                0x00000100                FIQ_STACK_SIZE = 0x100
                0x00000100                SVC_STACK_SIZE = 0x100
                0x00000010                ABT_STACK_SIZE = 0x10
                0x00000010                UND_STACK_SIZE = 0x10
                0x00001000                HEAP_SIZE = 0x1000
                0x00400000                PROVIDE (__executable_start, 0x400000)
                0x00400000                . = 0x400000

.text           0x00400000     0x8138
 *(.start)
 .start         0x00400000      0x8b4 obj_OrisenStamp/start.o
                0x00400890                _bss_start
                0x00400894                _bss_end
                0x00400000                _start
 *(.irq)
 .irq           0x004008b4      0x214 contiki-OrisenStamp.a(isr.o)
                0x004008b4                irq
 *(.text .stub .text.* .gnu.linkonce.t.*)
 .text.process_thread_example_abc_process
                0x00400ac8      0x104 sensorStamp.co
 .text.abc_recv
                0x00400bcc       0x54 sensorStamp.co
 .text.process_thread_test_uart2_process
                0x00400c20       0xc4 sensorStamp.co
 .text.sd_card_switch_init
                0x00400ce4       0x44 obj_OrisenStamp/contiki-stamp-main.o
                0x00400ce4                sd_card_switch_init
                0x00400cec                .real_start_ofsd_card_switch_init
 .text.kbi4_init
                0x00400d28       0x64 obj_OrisenStamp/contiki-stamp-main.o
                0x00400d30                .real_start_ofkbi4_init
                0x00400d28                kbi4_init
 .text.kbi5_init
                0x00400d8c       0x68 obj_OrisenStamp/contiki-stamp-main.o
                0x00400d8c                kbi5_init
                0x00400d94                .real_start_ofkbi5_init
 .text.print_welcome
                0x00400df4       0x40 obj_OrisenStamp/contiki-stamp-main.o
                0x00400df4                print_welcome
                0x00400dfc                .real_start_ofprint_welcome
 .text.set_rimeaddr
                0x00400e34      0x104 obj_OrisenStamp/contiki-stamp-main.o
                0x00400e34                set_rimeaddr
                0x00400e3c                .real_start_ofset_rimeaddr
 .text.stamp_init
                0x00400f38       0xc4 obj_OrisenStamp/contiki-stamp-main.o
                0x00400f40                .real_start_ofstamp_init
                0x00400f38                stamp_init
 .text.init_lowlevel
                0x00400ffc       0x60 obj_OrisenStamp/contiki-stamp-main.o
                0x00400ffc                init_lowlevel
                0x00401004                .real_start_ofinit_lowlevel
 .text.main     0x0040105c      0x1e0 obj_OrisenStamp/contiki-stamp-main.o
                0x00401064                .real_start_ofmain
                0x0040105c                main
 .text.rimeaddr_copy
                0x0040123c       0x1c contiki-OrisenStamp.a(rimeaddr.o)
                0x0040123c                rimeaddr_copy
                0x00401244                .real_start_ofrimeaddr_copy
 .text.rimeaddr_cmp
                0x00401258       0x2c contiki-OrisenStamp.a(rimeaddr.o)
                0x00401260                .real_start_ofrimeaddr_cmp
                0x00401258                rimeaddr_cmp
 .text.rimeaddr_set_node_addr
                0x00401284       0x28 contiki-OrisenStamp.a(rimeaddr.o)
                0x00401284                rimeaddr_set_node_addr
                0x0040128c                .real_start_ofrimeaddr_set_node_addr
 .text.input    0x004012ac       0x60 contiki-OrisenStamp.a(rime.o)
 .text.init     0x0040130c       0x50 contiki-OrisenStamp.a(rime.o)
 .text.rime_output
                0x0040135c       0x50 contiki-OrisenStamp.a(rime.o)
                0x00401364                .real_start_ofrime_output
                0x0040135c                rime_output
 .text.packet_sent
                0x004013ac       0x50 contiki-OrisenStamp.a(rime.o)
 .text.announcement_register_observer_callback
                0x004013fc       0x14 contiki-OrisenStamp.a(announcement.o)
                0x004013fc                announcement_register_observer_callback
                0x00401404                .real_start_ofannouncement_register_observer_callback
 .text.announcement_list
                0x00401410       0x24 contiki-OrisenStamp.a(announcement.o)
                0x00401418                .real_start_ofannouncement_list
                0x00401410                announcement_list
 .text.announcement_heard
                0x00401434       0x50 contiki-OrisenStamp.a(announcement.o)
                0x00401434                announcement_heard
                0x0040143c                .real_start_ofannouncement_heard
 .text.announcement_init
                0x00401484       0x24 contiki-OrisenStamp.a(announcement.o)
                0x0040148c                .real_start_ofannouncement_init
                0x00401484                announcement_init
 .text.adv_packet_sent
                0x004014a8        0x4 contiki-OrisenStamp.a(broadcast-annou)
 .text.broadcast_announcement_init
                0x004014ac       0x54 contiki-OrisenStamp.a(broadcast-annou)
                0x004014b4                .real_start_ofbroadcast_announcement_init
                0x004014ac                broadcast_announcement_init
 .text.adv_packet_received
                0x00401500       0x7c contiki-OrisenStamp.a(broadcast-annou)
 .text.set_timers
                0x0040157c       0x54 contiki-OrisenStamp.a(broadcast-annou)
 .text.new_announcement
                0x004015d0       0x28 contiki-OrisenStamp.a(broadcast-annou)
 .text.send_timer
                0x004015f8       0x2c contiki-OrisenStamp.a(broadcast-annou)
 .text.send_adv
                0x00401624       0x8c contiki-OrisenStamp.a(broadcast-annou)
 .text.sent_by_abc
                0x004016b0       0x18 contiki-OrisenStamp.a(broadcast.o)
 .text.broadcast_send
                0x004016c8       0x38 contiki-OrisenStamp.a(broadcast.o)
                0x004016c8                broadcast_send
                0x004016d0                .real_start_ofbroadcast_send
 .text.recv_from_abc
                0x00401700       0x30 contiki-OrisenStamp.a(broadcast.o)
 .text.broadcast_open
                0x00401730       0x40 contiki-OrisenStamp.a(broadcast.o)
                0x00401730                broadcast_open
                0x00401738                .real_start_ofbroadcast_open
 .text.abc_input
                0x00401770       0x1c contiki-OrisenStamp.a(abc.o)
                0x00401770                abc_input
                0x00401778                .real_start_ofabc_input
 .text.abc_sent
                0x0040178c       0x20 contiki-OrisenStamp.a(abc.o)
                0x0040178c                abc_sent
                0x00401794                .real_start_ofabc_sent
 .text.abc_send
                0x004017ac       0x20 contiki-OrisenStamp.a(abc.o)
                0x004017ac                abc_send
                0x004017b4                .real_start_ofabc_send
 .text.abc_close
                0x004017cc       0x20 contiki-OrisenStamp.a(abc.o)
                0x004017d4                .real_start_ofabc_close
                0x004017cc                abc_close
 .text.abc_open
                0x004017ec       0x38 contiki-OrisenStamp.a(abc.o)
                0x004017ec                abc_open
                0x004017f4                .real_start_ofabc_open
 .text.packetbuf_set_attr
                0x00401824       0x10 contiki-OrisenStamp.a(chameleon.o)
 .text.chameleon_parse
                0x00401834       0x38 contiki-OrisenStamp.a(chameleon.o)
                0x00401834                chameleon_parse
                0x0040183c                .real_start_ofchameleon_parse
 .text.chameleon_create
                0x0040186c       0x38 contiki-OrisenStamp.a(chameleon.o)
                0x0040186c                chameleon_create
                0x00401874                .real_start_ofchameleon_create
 .text.chameleon_hdrsize
                0x004018a4       0x20 contiki-OrisenStamp.a(chameleon.o)
                0x004018a4                chameleon_hdrsize
                0x004018ac                .real_start_ofchameleon_hdrsize
 .text.chameleon_init
                0x004018c4       0x20 contiki-OrisenStamp.a(chameleon.o)
                0x004018c4                chameleon_init
                0x004018cc                .real_start_ofchameleon_init
 .text.channel_lookup
                0x004018e4       0x38 contiki-OrisenStamp.a(channel.o)
                0x004018e4                channel_lookup
                0x004018ec                .real_start_ofchannel_lookup
 .text.channel_close
                0x0040191c       0x28 contiki-OrisenStamp.a(channel.o)
                0x00401924                .real_start_ofchannel_close
                0x0040191c                channel_close
 .text.channel_open
                0x00401944       0x2c contiki-OrisenStamp.a(channel.o)
                0x00401944                channel_open
                0x0040194c                .real_start_ofchannel_open
 .text.channel_set_attributes
                0x00401970       0x38 contiki-OrisenStamp.a(channel.o)
                0x00401970                channel_set_attributes
                0x00401978                .real_start_ofchannel_set_attributes
 .text.channel_init
                0x004019a8       0x24 contiki-OrisenStamp.a(channel.o)
                0x004019b0                .real_start_ofchannel_init
                0x004019a8                channel_init
 .text.get_bits_in_byte
                0x004019cc       0x2c contiki-OrisenStamp.a(chameleon-bitop)
                0x004019cc                get_bits_in_byte
                0x004019d4                .real_start_ofget_bits_in_byte
 .text.get_bits
                0x004019f8       0x9c contiki-OrisenStamp.a(chameleon-bitop)
                0x00401a00                .real_start_ofget_bits
                0x004019f8                get_bits
 .text.header_size
                0x00401a94       0x18 contiki-OrisenStamp.a(chameleon-bitop)
 .text.set_bits_in_byte
                0x00401aac       0x2c contiki-OrisenStamp.a(chameleon-bitop)
                0x00401ab4                .real_start_ofset_bits_in_byte
                0x00401aac                set_bits_in_byte
 .text.set_bits
                0x00401ad8       0xa8 contiki-OrisenStamp.a(chameleon-bitop)
                0x00401ad8                set_bits
                0x00401ae0                .real_start_ofset_bits
 .text.pack_header
                0x00401b80       0xb8 contiki-OrisenStamp.a(chameleon-bitop)
 .text.unpack_header
                0x00401c38       0xec contiki-OrisenStamp.a(chameleon-bitop)
 .text.packetbuf_addr
                0x00401d24       0x10 contiki-OrisenStamp.a(nullrdc.o)
 .text.on       0x00401d34       0x18 contiki-OrisenStamp.a(nullrdc.o)
 .text.off      0x00401d4c       0x20 contiki-OrisenStamp.a(nullrdc.o)
 .text.channel_check_interval
                0x00401d6c        0x4 contiki-OrisenStamp.a(nullrdc.o)
 .text.init     0x00401d70       0x18 contiki-OrisenStamp.a(nullrdc.o)
 .text.packet_input
                0x00401d88       0x60 contiki-OrisenStamp.a(nullrdc.o)
 .text.send_packet
                0x00401de8       0x90 contiki-OrisenStamp.a(nullrdc.o)
 .text.send_list
                0x00401e78       0x30 contiki-OrisenStamp.a(nullrdc.o)
 .text.mac_call_sent_callback
                0x00401ea8       0x24 contiki-OrisenStamp.a(mac.o)
                0x00401eb0                .real_start_ofmac_call_sent_callback
                0x00401ea8                mac_call_sent_callback
 .text.packetbuf_set_attr
                0x00401ecc       0x10 contiki-OrisenStamp.a(framer-802154.o)
 .text.packetbuf_addr
                0x00401edc       0x10 contiki-OrisenStamp.a(framer-802154.o)
 .text.packetbuf_set_addr
                0x00401eec       0x28 contiki-OrisenStamp.a(framer-802154.o)
 .text.parse    0x00401f14       0xc8 contiki-OrisenStamp.a(framer-802154.o)
 .text.create   0x00401fdc      0x15c contiki-OrisenStamp.a(framer-802154.o)
 .text.packetbuf_addr
                0x00402138       0x10 contiki-OrisenStamp.a(csma.o)
 .text.default_timebase
                0x00402148       0x20 contiki-OrisenStamp.a(csma.o)
 .text.input_packet
                0x00402168       0x18 contiki-OrisenStamp.a(csma.o)
 .text.on       0x00402180       0x18 contiki-OrisenStamp.a(csma.o)
 .text.off      0x00402198       0x18 contiki-OrisenStamp.a(csma.o)
 .text.channel_check_interval
                0x004021b0       0x20 contiki-OrisenStamp.a(csma.o)
 .text.transmit_packet_list
                0x004021d0       0x38 contiki-OrisenStamp.a(csma.o)
 .text.send_packet
                0x00402208      0x1cc contiki-OrisenStamp.a(csma.o)
 .text.free_first_packet
                0x004023d4       0xc4 contiki-OrisenStamp.a(csma.o)
 .text.packet_sent
                0x00402498       0xf0 contiki-OrisenStamp.a(csma.o)
 .text.init     0x00402588       0x30 contiki-OrisenStamp.a(csma.o)
 .text.process_alloc_event
                0x004025b8       0x18 contiki-OrisenStamp.a(process.o)
                0x004025c0                .real_start_ofprocess_alloc_event
                0x004025b8                process_alloc_event
 .text.process_init
                0x004025d0       0x40 contiki-OrisenStamp.a(process.o)
                0x004025d0                process_init
                0x004025d8                .real_start_ofprocess_init
 .text.process_post
                0x00402610       0x68 contiki-OrisenStamp.a(process.o)
                0x00402610                process_post
                0x00402618                .real_start_ofprocess_post
 .text.process_poll
                0x00402678       0x2c contiki-OrisenStamp.a(process.o)
                0x00402678                process_poll
                0x00402680                .real_start_ofprocess_poll
 .text.process_is_running
                0x004026a4       0x10 contiki-OrisenStamp.a(process.o)
                0x004026a4                process_is_running
                0x004026ac                .real_start_ofprocess_is_running
 .text.exit_process
                0x004026b4       0xa4 contiki-OrisenStamp.a(process.o)
 .text.call_process
                0x00402758       0x50 contiki-OrisenStamp.a(process.o)
 .text.process_post_synch
                0x004027a8       0x28 contiki-OrisenStamp.a(process.o)
                0x004027b0                .real_start_ofprocess_post_synch
                0x004027a8                process_post_synch
 .text.process_start
                0x004027d0       0x44 contiki-OrisenStamp.a(process.o)
                0x004027d8                .real_start_ofprocess_start
                0x004027d0                process_start
 .text.do_poll  0x00402814       0x44 contiki-OrisenStamp.a(process.o)
 .text.process_run
                0x00402858       0xdc contiki-OrisenStamp.a(process.o)
                0x00402860                .real_start_ofprocess_run
                0x00402858                process_run
 .text.autostart_start
                0x00402934       0x2c contiki-OrisenStamp.a(autostart.o)
                0x0040293c                .real_start_ofautostart_start
                0x00402934                autostart_start
 .text.process_thread_serial_line_process
                0x00402960       0xb4 contiki-OrisenStamp.a(serial-line.o)
 .text.serial_line_init
                0x00402a14       0x40 contiki-OrisenStamp.a(serial-line.o)
                0x00402a1c                .real_start_ofserial_line_init
                0x00402a14                serial_line_init
 .text.serial_line_input_byte
                0x00402a54       0x68 contiki-OrisenStamp.a(serial-line.o)
                0x00402a5c                .real_start_ofserial_line_input_byte
                0x00402a54                serial_line_input_byte
 .text.memb_alloc
                0x00402abc       0x38 contiki-OrisenStamp.a(memb.o)
                0x00402ac4                .real_start_ofmemb_alloc
                0x00402abc                memb_alloc
 .text.memb_free
                0x00402af4       0x40 contiki-OrisenStamp.a(memb.o)
                0x00402af4                memb_free
                0x00402afc                .real_start_ofmemb_free
 .text.memb_inmemb
                0x00402b34       0x34 contiki-OrisenStamp.a(memb.o)
                0x00402b3c                .real_start_ofmemb_inmemb
                0x00402b34                memb_inmemb
 .text.memb_init
                0x00402b68       0x34 contiki-OrisenStamp.a(memb.o)
                0x00402b70                .real_start_ofmemb_init
                0x00402b68                memb_init
 .text.list_init
                0x00402b9c       0x10 contiki-OrisenStamp.a(list.o)
                0x00402ba4                .real_start_oflist_init
                0x00402b9c                list_init
 .text.list_head
                0x00402bac        0xc contiki-OrisenStamp.a(list.o)
                0x00402bac                list_head
                0x00402bb4                .real_start_oflist_head
 .text.list_tail
                0x00402bb8       0x20 contiki-OrisenStamp.a(list.o)
                0x00402bb8                list_tail
                0x00402bc0                .real_start_oflist_tail
 .text.list_pop
                0x00402bd8       0x1c contiki-OrisenStamp.a(list.o)
                0x00402be0                .real_start_oflist_pop
                0x00402bd8                list_pop
 .text.list_remove
                0x00402bf4       0x38 contiki-OrisenStamp.a(list.o)
                0x00402bfc                .real_start_oflist_remove
                0x00402bf4                list_remove
 .text.list_push
                0x00402c2c       0x28 contiki-OrisenStamp.a(list.o)
                0x00402c2c                list_push
                0x00402c34                .real_start_oflist_push
 .text.list_add
                0x00402c54       0x3c contiki-OrisenStamp.a(list.o)
                0x00402c54                list_add
                0x00402c5c                .real_start_oflist_add
 .text.list_length
                0x00402c90       0x1c contiki-OrisenStamp.a(list.o)
                0x00402c90                list_length
                0x00402c98                .real_start_oflist_length
 .text.list_item_next
                0x00402cac       0x14 contiki-OrisenStamp.a(list.o)
                0x00402cac                list_item_next
                0x00402cb4                .real_start_oflist_item_next
 .text.etimer_pending
                0x00402cc0       0x18 contiki-OrisenStamp.a(etimer.o)
                0x00402cc0                etimer_pending
                0x00402cc8                .real_start_ofetimer_pending
 .text.etimer_next_expiration_time
                0x00402cd8       0x2c contiki-OrisenStamp.a(etimer.o)
                0x00402cd8                etimer_next_expiration_time
                0x00402ce0                .real_start_ofetimer_next_expiration_time
 .text.update_time
                0x00402d04       0x54 contiki-OrisenStamp.a(etimer.o)
 .text.etimer_stop
                0x00402d58       0x4c contiki-OrisenStamp.a(etimer.o)
                0x00402d58                etimer_stop
                0x00402d60                .real_start_ofetimer_stop
 .text.etimer_request_poll
                0x00402da4       0x24 contiki-OrisenStamp.a(etimer.o)
                0x00402dac                .real_start_ofetimer_request_poll
                0x00402da4                etimer_request_poll
 .text.process_thread_etimer_process
                0x00402dc8       0xc8 contiki-OrisenStamp.a(etimer.o)
 .text.add_timer
                0x00402e90       0x50 contiki-OrisenStamp.a(etimer.o)
 .text.etimer_set
                0x00402ee0       0x2c contiki-OrisenStamp.a(etimer.o)
                0x00402ee0                etimer_set
                0x00402ee8                .real_start_ofetimer_set
 .text.process_thread_ctimer_process
                0x00402f0c       0xa8 contiki-OrisenStamp.a(ctimer.o)
 .text.ctimer_stop
                0x00402fb4       0x48 contiki-OrisenStamp.a(ctimer.o)
                0x00402fbc                .real_start_ofctimer_stop
                0x00402fb4                ctimer_stop
 .text.ctimer_set
                0x00402ffc       0x74 contiki-OrisenStamp.a(ctimer.o)
                0x00402ffc                ctimer_set
                0x00403004                .real_start_ofctimer_set
 .text.ctimer_init
                0x00403070       0x40 contiki-OrisenStamp.a(ctimer.o)
                0x00403078                .real_start_ofctimer_init
                0x00403070                ctimer_init
 .text.random_rand
                0x004030b0       0x24 contiki-OrisenStamp.a(random.o)
                0x004030b0                random_rand
                0x004030b8                .real_start_ofrandom_rand
 .text.ringbuf_init
                0x004030d4       0x18 contiki-OrisenStamp.a(ringbuf.o)
                0x004030d4                ringbuf_init
                0x004030dc                .real_start_ofringbuf_init
 .text.ringbuf_put
                0x004030ec       0x34 contiki-OrisenStamp.a(ringbuf.o)
                0x004030ec                ringbuf_put
                0x004030f4                .real_start_ofringbuf_put
 .text.ringbuf_get
                0x00403120       0x30 contiki-OrisenStamp.a(ringbuf.o)
                0x00403120                ringbuf_get
                0x00403128                .real_start_ofringbuf_get
 .text.packetbuf_hdrreduce
                0x00403150       0x38 contiki-OrisenStamp.a(packetbuf.o)
                0x00403158                .real_start_ofpacketbuf_hdrreduce
                0x00403150                packetbuf_hdrreduce
 .text.packetbuf_set_datalen
                0x00403188       0x14 contiki-OrisenStamp.a(packetbuf.o)
                0x00403188                packetbuf_set_datalen
                0x00403190                .real_start_ofpacketbuf_set_datalen
 .text.packetbuf_dataptr
                0x0040319c       0x20 contiki-OrisenStamp.a(packetbuf.o)
                0x004031a4                .real_start_ofpacketbuf_dataptr
                0x0040319c                packetbuf_dataptr
 .text.packetbuf_hdrptr
                0x004031bc       0x1c contiki-OrisenStamp.a(packetbuf.o)
                0x004031bc                packetbuf_hdrptr
                0x004031c4                .real_start_ofpacketbuf_hdrptr
 .text.packetbuf_is_reference
                0x004031d8       0x24 contiki-OrisenStamp.a(packetbuf.o)
                0x004031d8                packetbuf_is_reference
                0x004031e0                .real_start_ofpacketbuf_is_reference
 .text.packetbuf_reference_ptr
                0x004031fc       0x14 contiki-OrisenStamp.a(packetbuf.o)
                0x004031fc                packetbuf_reference_ptr
                0x00403204                .real_start_ofpacketbuf_reference_ptr
 .text.packetbuf_datalen
                0x00403210       0x14 contiki-OrisenStamp.a(packetbuf.o)
                0x00403210                packetbuf_datalen
                0x00403218                .real_start_ofpacketbuf_datalen
 .text.packetbuf_hdrlen
                0x00403224       0x1c contiki-OrisenStamp.a(packetbuf.o)
                0x00403224                packetbuf_hdrlen
                0x0040322c                .real_start_ofpacketbuf_hdrlen
 .text.packetbuf_totlen
                0x00403240       0x2c contiki-OrisenStamp.a(packetbuf.o)
                0x00403240                packetbuf_totlen
                0x00403248                .real_start_ofpacketbuf_totlen
 .text.packetbuf_hdralloc
                0x0040326c       0x3c contiki-OrisenStamp.a(packetbuf.o)
                0x00403274                .real_start_ofpacketbuf_hdralloc
                0x0040326c                packetbuf_hdralloc
 .text.packetbuf_attr_copyfrom
                0x004032a8       0x3c contiki-OrisenStamp.a(packetbuf.o)
                0x004032a8                packetbuf_attr_copyfrom
                0x004032b0                .real_start_ofpacketbuf_attr_copyfrom
 .text.packetbuf_attr_copyto
                0x004032e4       0x38 contiki-OrisenStamp.a(packetbuf.o)
                0x004032e4                packetbuf_attr_copyto
                0x004032ec                .real_start_ofpacketbuf_attr_copyto
 .text.packetbuf_copyto
                0x0040331c       0x74 contiki-OrisenStamp.a(packetbuf.o)
                0x0040331c                packetbuf_copyto
                0x00403324                .real_start_ofpacketbuf_copyto
 .text.packetbuf_copyto_hdr
                0x00403390       0x3c contiki-OrisenStamp.a(packetbuf.o)
                0x00403390                packetbuf_copyto_hdr
                0x00403398                .real_start_ofpacketbuf_copyto_hdr
 .text.packetbuf_compact
                0x004033cc       0x7c contiki-OrisenStamp.a(packetbuf.o)
                0x004033d4                .real_start_ofpacketbuf_compact
                0x004033cc                packetbuf_compact
 .text.packetbuf_attr_clear
                0x00403448       0x60 contiki-OrisenStamp.a(packetbuf.o)
                0x00403450                .real_start_ofpacketbuf_attr_clear
                0x00403448                packetbuf_attr_clear
 .text.packetbuf_clear
                0x004034a8       0x4c contiki-OrisenStamp.a(packetbuf.o)
                0x004034b0                .real_start_ofpacketbuf_clear
                0x004034a8                packetbuf_clear
 .text.packetbuf_copyfrom
                0x004034f4       0x50 contiki-OrisenStamp.a(packetbuf.o)
                0x004034f4                packetbuf_copyfrom
                0x004034fc                .real_start_ofpacketbuf_copyfrom
 .text.queuebuf_to_packetbuf
                0x00403544       0xa0 contiki-OrisenStamp.a(queuebuf.o)
                0x0040354c                .real_start_ofqueuebuf_to_packetbuf
                0x00403544                queuebuf_to_packetbuf
 .text.queuebuf_free
                0x004035e4       0x6c contiki-OrisenStamp.a(queuebuf.o)
                0x004035e4                queuebuf_free
                0x004035ec                .real_start_ofqueuebuf_free
 .text.queuebuf_update_attr_from_packetbuf
                0x00403650       0x28 contiki-OrisenStamp.a(queuebuf.o)
                0x00403650                queuebuf_update_attr_from_packetbuf
                0x00403658                .real_start_ofqueuebuf_update_attr_from_packetbuf
 .text.queuebuf_new_from_packetbuf
                0x00403678       0xb0 contiki-OrisenStamp.a(queuebuf.o)
                0x00403678                queuebuf_new_from_packetbuf
                0x00403680                .real_start_ofqueuebuf_new_from_packetbuf
 .text.queuebuf_init
                0x00403728       0x38 contiki-OrisenStamp.a(queuebuf.o)
                0x00403728                queuebuf_init
                0x00403730                .real_start_ofqueuebuf_init
 .text.clock_init
                0x00403760       0x50 contiki-OrisenStamp.a(clock.o)
                0x00403760                clock_init
                0x00403768                .real_start_ofclock_init
 .text.clock_time
                0x004037b0       0x14 contiki-OrisenStamp.a(clock.o)
                0x004037b8                .real_start_ofclock_time
                0x004037b0                clock_time
 .text.clock_delay_usec
                0x004037c4       0x44 contiki-OrisenStamp.a(clock.o)
                0x004037c4                clock_delay_usec
                0x004037cc                .real_start_ofclock_delay_usec
 .text.clock_delay_msec
                0x00403808       0x30 contiki-OrisenStamp.a(clock.o)
                0x00403808                clock_delay_msec
                0x00403810                .real_start_ofclock_delay_msec
 .text.tmr0_isr
                0x00403838       0xa0 contiki-OrisenStamp.a(clock.o)
                0x00403840                .real_start_oftmr0_isr
                0x00403838                tmr0_isr
 .text.status   0x004038d8       0x1c contiki-OrisenStamp.a(button-sensor.o)
 .text.configure
                0x004038f4       0x4c contiki-OrisenStamp.a(button-sensor.o)
 .text.value    0x00403940       0x30 contiki-OrisenStamp.a(button-sensor.o)
 .text.kbi4_isr
                0x00403970       0x34 contiki-OrisenStamp.a(button-sensor.o)
                0x00403970                kbi4_isr
                0x00403978                .real_start_ofkbi4_isr
 .text.get_sensor_index
                0x004039a4       0x28 contiki-OrisenStamp.a(sensors.o)
 .text.process_thread_sensors_process
                0x004039cc       0xec contiki-OrisenStamp.a(sensors.o)
 .text.sensors_changed
                0x00403ab8       0x40 contiki-OrisenStamp.a(sensors.o)
                0x00403ac0                .real_start_ofsensors_changed
                0x00403ab8                sensors_changed
 .text.M41T62_writeRegN
                0x00403af8       0x30 contiki-OrisenStamp.a(RTC.o)
                0x00403b00                .real_start_ofM41T62_writeRegN
                0x00403af8                M41T62_writeRegN
 .text.M41T62_writeReg
                0x00403b28       0x58 contiki-OrisenStamp.a(RTC.o)
                0x00403b30                .real_start_ofM41T62_writeReg
                0x00403b28                M41T62_writeReg
 .text.M41T62_readRegN
                0x00403b80       0x58 contiki-OrisenStamp.a(RTC.o)
                0x00403b80                M41T62_readRegN
                0x00403b88                .real_start_ofM41T62_readRegN
 .text.RTC_resetRegisters
                0x00403bd8       0x74 contiki-OrisenStamp.a(RTC.o)
                0x00403be0                .real_start_ofRTC_resetRegisters
                0x00403bd8                RTC_resetRegisters
 .text.M41T62_readReg
                0x00403c4c       0x58 contiki-OrisenStamp.a(RTC.o)
                0x00403c4c                M41T62_readReg
                0x00403c54                .real_start_ofM41T62_readReg
 .text.process_thread_RTC_process
                0x00403ca4       0x7c contiki-OrisenStamp.a(RTC.o)
 .text.RTC_start
                0x00403d20       0x40 contiki-OrisenStamp.a(RTC.o)
                0x00403d20                RTC_start
                0x00403d28                .real_start_ofRTC_start
 .text.RTC_stop
                0x00403d60       0x44 contiki-OrisenStamp.a(RTC.o)
                0x00403d68                .real_start_ofRTC_stop
                0x00403d60                RTC_stop
 .text.kbi5_isr
                0x00403da4       0x34 contiki-OrisenStamp.a(RTC.o)
                0x00403da4                kbi5_isr
                0x00403dac                .real_start_ofkbi5_isr
 .text.RTC_init
                0x00403dd8       0xc0 contiki-OrisenStamp.a(RTC.o)
                0x00403dd8                RTC_init
                0x00403de0                .real_start_ofRTC_init
 .text.kbi_event_init
                0x00403e98       0xcc contiki-OrisenStamp.a(kbi_events.o)
                0x00403e98                kbi_event_init
                0x00403ea0                .real_start_ofkbi_event_init
 .text.process_thread_kbi_event_process
                0x00403f64       0xa4 contiki-OrisenStamp.a(kbi_events.o)
 .text.kbi7_isr
                0x00404008       0x3c contiki-OrisenStamp.a(kbi_events.o)
                0x00404008                kbi7_isr
                0x00404010                .real_start_ofkbi7_isr
 .text.kbi6_isr
                0x00404044       0x3c contiki-OrisenStamp.a(kbi_events.o)
                0x0040404c                .real_start_ofkbi6_isr
                0x00404044                kbi6_isr
 .text.ioPins_configurePin
                0x00404080      0x5d4 contiki-OrisenStamp.a(io-pins.o)
                0x00404088                .real_start_ofioPins_configurePin
                0x00404080                ioPins_configurePin
 .text.ioPins_init
                0x00404654       0x78 contiki-OrisenStamp.a(io-pins.o)
                0x00404654                ioPins_init
                0x0040465c                .real_start_ofioPins_init
 .text.cal_ring_osc
                0x004046cc       0x6c contiki-OrisenStamp.a(contiki-crm.o)
                0x004046cc                cal_ring_osc
                0x004046d4                .real_start_ofcal_ring_osc
 .text.packetbuf_set_attr
                0x00404738       0x10 contiki-OrisenStamp.a(contiki-maca.o)
 .text.contiki_maca_init
                0x00404748        0xc contiki-OrisenStamp.a(contiki-maca.o)
                0x00404750                .real_start_ofcontiki_maca_init
                0x00404748                contiki_maca_init
 .text.contiki_maca_channel_clear
                0x00404754        0xc contiki-OrisenStamp.a(contiki-maca.o)
                0x0040475c                .real_start_ofcontiki_maca_channel_clear
                0x00404754                contiki_maca_channel_clear
 .text.contiki_maca_receiving_packet
                0x00404760        0xc contiki-OrisenStamp.a(contiki-maca.o)
                0x00404760                contiki_maca_receiving_packet
                0x00404768                .real_start_ofcontiki_maca_receiving_packet
 .text.contiki_maca_pending_packet
                0x0040476c       0x18 contiki-OrisenStamp.a(contiki-maca.o)
                0x00404774                .real_start_ofcontiki_maca_pending_packet
                0x0040476c                contiki_maca_pending_packet
 .text.contiki_maca_on_request
                0x00404784       0x20 contiki-OrisenStamp.a(contiki-maca.o)
                0x0040478c                .real_start_ofcontiki_maca_on_request
                0x00404784                contiki_maca_on_request
 .text.contiki_maca_off_request
                0x004047a4       0x20 contiki-OrisenStamp.a(contiki-maca.o)
                0x004047a4                contiki_maca_off_request
                0x004047ac                .real_start_ofcontiki_maca_off_request
 .text.maca_rx_callback
                0x004047c4       0x24 contiki-OrisenStamp.a(contiki-maca.o)
                0x004047c4                maca_rx_callback
                0x004047cc                .real_start_ofmaca_rx_callback
 .text.contiki_maca_prepare
                0x004047e8       0x44 contiki-OrisenStamp.a(contiki-maca.o)
                0x004047f0                .real_start_ofcontiki_maca_prepare
                0x004047e8                contiki_maca_prepare
 .text.contiki_maca_transmit
                0x0040482c       0x58 contiki-OrisenStamp.a(contiki-maca.o)
                0x0040482c                contiki_maca_transmit
                0x00404834                .real_start_ofcontiki_maca_transmit
 .text.contiki_maca_send
                0x00404884       0x4c contiki-OrisenStamp.a(contiki-maca.o)
                0x0040488c                .real_start_ofcontiki_maca_send
                0x00404884                contiki_maca_send
 .text.contiki_maca_read
                0x004048d0       0x74 contiki-OrisenStamp.a(contiki-maca.o)
                0x004048d8                .real_start_ofcontiki_maca_read
                0x004048d0                contiki_maca_read
 .text.process_thread_contiki_maca_process
                0x00404944       0xb4 contiki-OrisenStamp.a(contiki-maca.o)
 .text.rand     0x004049f8       0x14 contiki-OrisenStamp.a(contiki-misc.o)
                0x004049f8                rand
                0x00404a00                .real_start_ofrand
 .text.show_leds
                0x00404a0c       0x28 contiki-OrisenStamp.a(leds.o)
 .text.leds_off
                0x00404a34       0x30 contiki-OrisenStamp.a(leds.o)
                0x00404a34                leds_off
                0x00404a3c                .real_start_ofleds_off
 .text.leds_on  0x00404a64       0x30 contiki-OrisenStamp.a(leds.o)
                0x00404a64                leds_on
                0x00404a6c                .real_start_ofleds_on
 .text.leds_init
                0x00404a94       0x30 contiki-OrisenStamp.a(leds.o)
                0x00404a9c                .real_start_ofleds_init
                0x00404a94                leds_init
 .text.uart1_set_input
                0x00404ac4       0x14 contiki-OrisenStamp.a(contiki-uart.o)
                0x00404acc                .real_start_ofuart1_set_input
                0x00404ac4                uart1_set_input
 .text.printf   0x00404ad8       0x34 contiki-OrisenStamp.a(dbg-printf.o)
                0x00404ad8                printf
                0x00404ae0                .real_start_ofprintf
 .text.write_str
                0x00404b0c       0x20 contiki-OrisenStamp.a(dbg-printf.o)
 .text.parse_uint
                0x00404b2c       0x28 contiki-OrisenStamp.a(strformat.o)
 .text.output_uint_hex
                0x00404b54       0x48 contiki-OrisenStamp.a(strformat.o)
 .text.fill_space
                0x00404b9c       0x40 contiki-OrisenStamp.a(strformat.o)
 .text.format_str_v
                0x00404bdc      0x760 contiki-OrisenStamp.a(strformat.o)
                0x00404bdc                format_str_v
                0x00404be4                .real_start_offormat_str_v
 .text.adc_init
                0x0040533c       0x8c contiki-OrisenStamp.a(adc.o)
                0x00405344                .real_start_ofadc_init
                0x0040533c                adc_init
 .text.gpio_data_get
                0x004053c8       0x34 contiki-OrisenStamp.a(gpio.o)
                0x004053c8                gpio_data_get
                0x004053d0                .real_start_ofgpio_data_get
 .text.gpio_select_function
                0x004053fc       0x30 contiki-OrisenStamp.a(gpio-util.o)
                0x00405404                .real_start_ofgpio_select_function
                0x004053fc                gpio_select_function
 .text.gpio_reg_set
                0x0040542c       0x20 contiki-OrisenStamp.a(gpio-util.o)
                0x0040542c                gpio_reg_set
                0x00405434                .real_start_ofgpio_reg_set
 .text.gpio_reg_clear
                0x0040544c       0x20 contiki-OrisenStamp.a(gpio-util.o)
                0x00405454                .real_start_ofgpio_reg_clear
                0x0040544c                gpio_reg_clear
 .text.gpio_set_pad_dir
                0x0040546c       0x44 contiki-OrisenStamp.a(gpio-util.o)
                0x0040546c                gpio_set_pad_dir
                0x00405474                .real_start_ofgpio_set_pad_dir
 .text.i2c_force_reset
                0x004054b0       0x24 contiki-OrisenStamp.a(i2c.o)
                0x004054b8                .real_start_ofi2c_force_reset
                0x004054b0                i2c_force_reset
 .text.i2c_busy
                0x004054d4       0x1c contiki-OrisenStamp.a(i2c.o)
                0x004054d4                i2c_busy
                0x004054dc                .real_start_ofi2c_busy
 .text.i2c_transferred
                0x004054f0       0x50 contiki-OrisenStamp.a(i2c.o)
                0x004054f0                i2c_transferred
                0x004054f8                .real_start_ofi2c_transferred
 .text.i2c_enable
                0x00405540       0x64 contiki-OrisenStamp.a(i2c.o)
                0x00405548                .real_start_ofi2c_enable
                0x00405540                i2c_enable
 .text.i2c_isr  0x004055a4      0x114 contiki-OrisenStamp.a(i2c.o)
                0x004055ac                .real_start_ofi2c_isr
                0x004055a4                i2c_isr
 .text.i2c_transmitinit
                0x004056b8       0xc4 contiki-OrisenStamp.a(i2c.o)
                0x004056b8                i2c_transmitinit
                0x004056c0                .real_start_ofi2c_transmitinit
 .text.i2c_receiveinit
                0x0040577c       0xd0 contiki-OrisenStamp.a(i2c.o)
                0x0040577c                i2c_receiveinit
                0x00405784                .real_start_ofi2c_receiveinit
 .text.free_packet
                0x0040584c       0x64 contiki-OrisenStamp.a(maca.o)
                0x0040584c                free_packet
                0x00405854                .real_start_offree_packet
 .text.get_free_packet
                0x004058b0       0x54 contiki-OrisenStamp.a(maca.o)
                0x004058b0                get_free_packet
                0x004058b8                .real_start_ofget_free_packet
 .text.post_receive
                0x00405904       0xbc contiki-OrisenStamp.a(maca.o)
                0x00405904                post_receive
                0x0040590c                .real_start_ofpost_receive
 .text.rx_packet
                0x004059c0       0x54 contiki-OrisenStamp.a(maca.o)
                0x004059c8                .real_start_ofrx_packet
                0x004059c0                rx_packet
 .text.post_tx  0x00405a14       0xdc contiki-OrisenStamp.a(maca.o)
                0x00405a14                post_tx
                0x00405a1c                .real_start_ofpost_tx
 .text.tx_packet
                0x00405af0       0x98 contiki-OrisenStamp.a(maca.o)
                0x00405af8                .real_start_oftx_packet
                0x00405af0                tx_packet
 .text.free_all_packets
                0x00405b88       0x94 contiki-OrisenStamp.a(maca.o)
                0x00405b90                .real_start_offree_all_packets
                0x00405b88                free_all_packets
 .text.free_tx_head
                0x00405c1c       0x64 contiki-OrisenStamp.a(maca.o)
                0x00405c1c                free_tx_head
                0x00405c24                .real_start_offree_tx_head
 .text.add_to_rx
                0x00405c80       0x70 contiki-OrisenStamp.a(maca.o)
                0x00405c88                .real_start_ofadd_to_rx
                0x00405c80                add_to_rx
 .text.insert_at_rx_head
                0x00405cf0       0x70 contiki-OrisenStamp.a(maca.o)
                0x00405cf8                .real_start_ofinsert_at_rx_head
                0x00405cf0                insert_at_rx_head
 .text.init_phy
                0x00405d60       0x68 contiki-OrisenStamp.a(maca.o)
                0x00405d68                .real_start_ofinit_phy
                0x00405d60                init_phy
 .text.reset_maca
                0x00405dc8       0x5c contiki-OrisenStamp.a(maca.o)
                0x00405dc8                reset_maca
                0x00405dd0                .real_start_ofreset_maca
 .text.flyback_init
                0x00405e24       0x3c contiki-OrisenStamp.a(maca.o)
                0x00405e24                flyback_init
                0x00405e2c                .real_start_offlyback_init
 .text.get_ctov
                0x00405e60       0x24 contiki-OrisenStamp.a(maca.o)
                0x00405e68                .real_start_ofget_ctov
                0x00405e60                get_ctov
 .text.set_power
                0x00405e84       0x78 contiki-OrisenStamp.a(maca.o)
                0x00405e84                set_power
                0x00405e8c                .real_start_ofset_power
 .text.set_channel
                0x00405efc       0xc8 contiki-OrisenStamp.a(maca.o)
                0x00405efc                set_channel
                0x00405f04                .real_start_ofset_channel
 .text.exec_init_entry
                0x00405fc4       0x88 contiki-OrisenStamp.a(maca.o)
                0x00405fc4                exec_init_entry
                0x00405fcc                .real_start_ofexec_init_entry
 .text.init_from_flash
                0x0040604c       0xe0 contiki-OrisenStamp.a(maca.o)
                0x00406054                .real_start_ofinit_from_flash
                0x0040604c                init_from_flash
 .text.radio_init
                0x0040612c      0x218 contiki-OrisenStamp.a(maca.o)
                0x00406134                .real_start_ofradio_init
                0x0040612c                radio_init
 .text.maca_init
                0x00406344       0xbc contiki-OrisenStamp.a(maca.o)
                0x0040634c                .real_start_ofmaca_init
                0x00406344                maca_init
 .text.ResumeMACASync
                0x00406400       0xe0 contiki-OrisenStamp.a(maca.o)
                0x00406400                ResumeMACASync
                0x00406408                .real_start_ofResumeMACASync
 .text.decode_status
                0x004064e0       0x48 contiki-OrisenStamp.a(maca.o)
                0x004064e0                decode_status
                0x004064e8                .real_start_ofdecode_status
 .text.check_maca
                0x00406528       0xc8 contiki-OrisenStamp.a(maca.o)
                0x00406528                check_maca
                0x00406530                .real_start_ofcheck_maca
 .text.maca_isr
                0x004065f0      0x1dc contiki-OrisenStamp.a(maca.o)
                0x004065f8                .real_start_ofmaca_isr
                0x004065f0                maca_isr
 .text.uart1_isr
                0x004067cc       0xc8 contiki-OrisenStamp.a(uart1.o)
                0x004067cc                uart1_isr
                0x004067d4                .real_start_ofuart1_isr
 .text.uart1_putc
                0x00406894       0xa8 contiki-OrisenStamp.a(uart1.o)
                0x0040689c                .real_start_ofuart1_putc
                0x00406894                uart1_putc
 .text.uart1_getc
                0x0040693c       0x64 contiki-OrisenStamp.a(uart1.o)
                0x0040693c                uart1_getc
                0x00406944                .real_start_ofuart1_getc
 .text.uart2_isr
                0x004069a0       0xc8 contiki-OrisenStamp.a(uart2.o)
                0x004069a0                uart2_isr
                0x004069a8                .real_start_ofuart2_isr
 .text.uart2_getc
                0x00406a68       0x64 contiki-OrisenStamp.a(uart2.o)
                0x00406a68                uart2_getc
                0x00406a70                .real_start_ofuart2_getc
 .text.default_vreg_init
                0x00406acc       0x4c contiki-OrisenStamp.a(default_lowleve)
                0x00406ad4                .real_start_ofdefault_vreg_init
                0x00406acc                default_vreg_init
 .text.uart1_init
                0x00406b18       0xdc contiki-OrisenStamp.a(default_lowleve)
                0x00406b18                uart1_init
                0x00406b20                .real_start_ofuart1_init
 .text.uart2_init
                0x00406bf4       0xd0 contiki-OrisenStamp.a(default_lowleve)
                0x00406bf4                uart2_init
                0x00406bfc                .real_start_ofuart2_init
 .text.addr_len
                0x00406cc4       0x18 contiki-OrisenStamp.a(frame802154.o)
 .text.frame802154_parse
                0x00406cdc      0x14c contiki-OrisenStamp.a(frame802154.o)
                0x00406ce4                .real_start_offrame802154_parse
                0x00406cdc                frame802154_parse
 .text.field_len
                0x00406e28       0x74 contiki-OrisenStamp.a(frame802154.o)
 .text.frame802154_create
                0x00406e9c      0x114 contiki-OrisenStamp.a(frame802154.o)
                0x00406e9c                frame802154_create
                0x00406ea4                .real_start_offrame802154_create
 .text.frame802154_hdrlen
                0x00406fb0       0x40 contiki-OrisenStamp.a(frame802154.o)
                0x00406fb0                frame802154_hdrlen
                0x00406fb8                .real_start_offrame802154_hdrlen
 .text.timer_expired
                0x00406ff0       0x30 contiki-OrisenStamp.a(timer.o)
                0x00406ff0                timer_expired
                0x00406ff8                .real_start_oftimer_expired
 .text.timer_set
                0x00407020       0x24 contiki-OrisenStamp.a(timer.o)
                0x00407028                .real_start_oftimer_set
                0x00407020                timer_set
 .text.dbg_send_bytes
                0x00407044       0x3c contiki-OrisenStamp.a(debug-uart.o)
                0x00407044                dbg_send_bytes
                0x0040704c                .real_start_ofdbg_send_bytes
 .text.leds_arch_set
                0x00407080       0x54 contiki-OrisenStamp.a(leds-arch.o)
                0x00407088                .real_start_ofleds_arch_set
                0x00407080                leds_arch_set
 .text.leds_arch_init
                0x004070d4       0x68 contiki-OrisenStamp.a(leds-arch.o)
                0x004070d4                leds_arch_init
                0x004070dc                .real_start_ofleds_arch_init
 .text          0x0040713c      0x114 /home/user/CodeSourcery/Sourcery_G++_Lite/bin/../lib/gcc/arm-none-eabi/4.3.2/libgcc.a(_udivsi3.o)
                0x0040713c                __udivsi3
                0x0040713c                __aeabi_uidiv
                0x00407230                __aeabi_uidivmod
 .text          0x00407250      0x148 /home/user/CodeSourcery/Sourcery_G++_Lite/bin/../lib/gcc/arm-none-eabi/4.3.2/libgcc.a(_divsi3.o)
                0x00407250                __aeabi_idiv
                0x00407250                __divsi3
                0x00407378                __aeabi_idivmod
 .text          0x00407398        0x4 /home/user/CodeSourcery/Sourcery_G++_Lite/bin/../lib/gcc/arm-none-eabi/4.3.2/libgcc.a(_dvmd_tls.o)
                0x00407398                __aeabi_ldiv0
                0x00407398                __aeabi_idiv0
 .text          0x0040739c       0x3c /home/user/CodeSourcery/Sourcery_G++_Lite/bin/../lib/gcc/arm-none-eabi/4.3.2/libgcc.a(_aeabi_uldivmod.o)
                0x0040739c                __aeabi_uldivmod
 .text          0x004073d8       0x80 /home/user/CodeSourcery/Sourcery_G++_Lite/bin/../lib/gcc/arm-none-eabi/4.3.2/libgcc.a(bpabi.o)
                0x004073d8                __gnu_uldivmod_helper
                0x00407418                __gnu_ldivmod_helper
 .text          0x00407458      0x56c /home/user/CodeSourcery/Sourcery_G++_Lite/bin/../lib/gcc/arm-none-eabi/4.3.2/libgcc.a(_divdi3.o)
                0x00407458                __divdi3
 .text          0x004079c4      0x4fc /home/user/CodeSourcery/Sourcery_G++_Lite/bin/../lib/gcc/arm-none-eabi/4.3.2/libgcc.a(_udivdi3.o)
                0x004079c4                __udivdi3
 .text          0x00407ec0       0xac /home/user/CodeSourcery/Sourcery_G++_Lite/bin/../lib/gcc/arm-none-eabi/4.3.2/../../../../arm-none-eabi/lib/libc.a(lib_a-memcmp.o)
                0x00407ec0                memcmp
 .text          0x00407f6c       0xfc /home/user/CodeSourcery/Sourcery_G++_Lite/bin/../lib/gcc/arm-none-eabi/4.3.2/../../../../arm-none-eabi/lib/libc.a(lib_a-memcpy.o)
                0x00407f6c                memcpy
 .text          0x00408068       0xd0 /home/user/CodeSourcery/Sourcery_G++_Lite/bin/../lib/gcc/arm-none-eabi/4.3.2/../../../../arm-none-eabi/lib/libc.a(lib_a-memset.o)
                0x00408068                memset
 *(.gnu.warning)
 *(.glue_7t)
 .glue_7t       0x00408138        0x0 sensorStamp.co
 .glue_7t       0x00408138        0x0 obj_OrisenStamp/contiki-stamp-main.o
 .glue_7t       0x00408138        0x0 obj_OrisenStamp/start.o
 .glue_7t       0x00408138        0x0 contiki-OrisenStamp.a(rimeaddr.o)
 .glue_7t       0x00408138        0x0 contiki-OrisenStamp.a(rime.o)
 .glue_7t       0x00408138        0x0 contiki-OrisenStamp.a(rimestats.o)
 .glue_7t       0x00408138        0x0 contiki-OrisenStamp.a(announcement.o)
 .glue_7t       0x00408138        0x0 contiki-OrisenStamp.a(broadcast-annou)
 .glue_7t       0x00408138        0x0 contiki-OrisenStamp.a(broadcast.o)
 .glue_7t       0x00408138        0x0 contiki-OrisenStamp.a(abc.o)
 .glue_7t       0x00408138        0x0 contiki-OrisenStamp.a(chameleon.o)
 .glue_7t       0x00408138        0x0 contiki-OrisenStamp.a(channel.o)
 .glue_7t       0x00408138        0x0 contiki-OrisenStamp.a(chameleon-bitop)
 .glue_7t       0x00408138        0x0 contiki-OrisenStamp.a(nullrdc.o)
 .glue_7t       0x00408138        0x0 contiki-OrisenStamp.a(mac.o)
 .glue_7t       0x00408138        0x0 contiki-OrisenStamp.a(framer-802154.o)
 .glue_7t       0x00408138        0x0 contiki-OrisenStamp.a(csma.o)
 .glue_7t       0x00408138        0x0 contiki-OrisenStamp.a(process.o)
 .glue_7t       0x00408138        0x0 contiki-OrisenStamp.a(autostart.o)
 .glue_7t       0x00408138        0x0 contiki-OrisenStamp.a(serial-line.o)
 .glue_7t       0x00408138        0x0 contiki-OrisenStamp.a(memb.o)
 .glue_7t       0x00408138        0x0 contiki-OrisenStamp.a(list.o)
 .glue_7t       0x00408138        0x0 contiki-OrisenStamp.a(etimer.o)
 .glue_7t       0x00408138        0x0 contiki-OrisenStamp.a(ctimer.o)
 .glue_7t       0x00408138        0x0 contiki-OrisenStamp.a(random.o)
 .glue_7t       0x00408138        0x0 contiki-OrisenStamp.a(ringbuf.o)
 .glue_7t       0x00408138        0x0 contiki-OrisenStamp.a(packetbuf.o)
 .glue_7t       0x00408138        0x0 contiki-OrisenStamp.a(queuebuf.o)
 .glue_7t       0x00408138        0x0 contiki-OrisenStamp.a(clock.o)
 .glue_7t       0x00408138        0x0 contiki-OrisenStamp.a(button-sensor.o)
 .glue_7t       0x00408138        0x0 contiki-OrisenStamp.a(sensors.o)
 .glue_7t       0x00408138        0x0 contiki-OrisenStamp.a(RTC.o)
 .glue_7t       0x00408138        0x0 contiki-OrisenStamp.a(kbi_events.o)
 .glue_7t       0x00408138        0x0 contiki-OrisenStamp.a(io-pins.o)
 .glue_7t       0x00408138        0x0 contiki-OrisenStamp.a(contiki-crm.o)
 .glue_7t       0x00408138        0x0 contiki-OrisenStamp.a(contiki-maca.o)
 .glue_7t       0x00408138        0x0 contiki-OrisenStamp.a(contiki-misc.o)
 .glue_7t       0x00408138        0x0 contiki-OrisenStamp.a(leds.o)
 .glue_7t       0x00408138        0x0 contiki-OrisenStamp.a(contiki-uart.o)
 .glue_7t       0x00408138        0x0 contiki-OrisenStamp.a(dbg-printf.o)
 .glue_7t       0x00408138        0x0 contiki-OrisenStamp.a(strformat.o)
 .glue_7t       0x00408138        0x0 contiki-OrisenStamp.a(adc.o)
 .glue_7t       0x00408138        0x0 contiki-OrisenStamp.a(gpio.o)
 .glue_7t       0x00408138        0x0 contiki-OrisenStamp.a(gpio-util.o)
 .glue_7t       0x00408138        0x0 contiki-OrisenStamp.a(i2c.o)
 .glue_7t       0x00408138        0x0 contiki-OrisenStamp.a(maca.o)
 .glue_7t       0x00408138        0x0 contiki-OrisenStamp.a(nvm.o)
 .glue_7t       0x00408138        0x0 contiki-OrisenStamp.a(uart1.o)
 .glue_7t       0x00408138        0x0 contiki-OrisenStamp.a(uart2.o)
 .glue_7t       0x00408138        0x0 contiki-OrisenStamp.a(default_lowleve)
 .glue_7t       0x00408138        0x0 contiki-OrisenStamp.a(isr.o)
 .glue_7t       0x00408138        0x0 contiki-OrisenStamp.a(frame802154.o)
 .glue_7t       0x00408138        0x0 contiki-OrisenStamp.a(timer.o)
 .glue_7t       0x00408138        0x0 contiki-OrisenStamp.a(debug-uart.o)
 .glue_7t       0x00408138        0x0 contiki-OrisenStamp.a(leds-arch.o)
 .glue_7t       0x00408138        0x0 /home/user/CodeSourcery/Sourcery_G++_Lite/bin/../lib/gcc/arm-none-eabi/4.3.2/libgcc.a(_udivsi3.o)
 .glue_7t       0x00408138        0x0 /home/user/CodeSourcery/Sourcery_G++_Lite/bin/../lib/gcc/arm-none-eabi/4.3.2/libgcc.a(_divsi3.o)
 .glue_7t       0x00408138        0x0 /home/user/CodeSourcery/Sourcery_G++_Lite/bin/../lib/gcc/arm-none-eabi/4.3.2/libgcc.a(_dvmd_tls.o)
 .glue_7t       0x00408138        0x0 /home/user/CodeSourcery/Sourcery_G++_Lite/bin/../lib/gcc/arm-none-eabi/4.3.2/libgcc.a(_aeabi_uldivmod.o)
 .glue_7t       0x00408138        0x0 /home/user/CodeSourcery/Sourcery_G++_Lite/bin/../lib/gcc/arm-none-eabi/4.3.2/libgcc.a(bpabi.o)
 .glue_7t       0x00408138        0x0 /home/user/CodeSourcery/Sourcery_G++_Lite/bin/../lib/gcc/arm-none-eabi/4.3.2/libgcc.a(_divdi3.o)
 .glue_7t       0x00408138        0x0 /home/user/CodeSourcery/Sourcery_G++_Lite/bin/../lib/gcc/arm-none-eabi/4.3.2/libgcc.a(_udivdi3.o)
 .glue_7t       0x00408138        0x0 /home/user/CodeSourcery/Sourcery_G++_Lite/bin/../lib/gcc/arm-none-eabi/4.3.2/libgcc.a(_clz.o)
 .glue_7t       0x00408138        0x0 /home/user/CodeSourcery/Sourcery_G++_Lite/bin/../lib/gcc/arm-none-eabi/4.3.2/../../../../arm-none-eabi/lib/libc.a(lib_a-memcmp.o)
 .glue_7t       0x00408138        0x0 /home/user/CodeSourcery/Sourcery_G++_Lite/bin/../lib/gcc/arm-none-eabi/4.3.2/../../../../arm-none-eabi/lib/libc.a(lib_a-memcpy.o)
 .glue_7t       0x00408138        0x0 /home/user/CodeSourcery/Sourcery_G++_Lite/bin/../lib/gcc/arm-none-eabi/4.3.2/../../../../arm-none-eabi/lib/libc.a(lib_a-memset.o)
 .glue_7t       0x00408138        0x0 /home/user/CodeSourcery/Sourcery_G++_Lite/bin/../lib/gcc/arm-none-eabi/4.3.2/../../../../arm-none-eabi/lib/libc.a(lib_a-strlen.o)
 .glue_7t       0x00408138        0x0 /home/user/CodeSourcery/Sourcery_G++_Lite/bin/../lib/gcc/arm-none-eabi/4.3.2/../../../../arm-none-eabi/lib/libc.a(lib_a-strncmp.o)
 *(.glue_7)
 .glue_7        0x00408138        0x0 sensorStamp.co
 .glue_7        0x00408138        0x0 obj_OrisenStamp/contiki-stamp-main.o
 .glue_7        0x00408138        0x0 obj_OrisenStamp/start.o
 .glue_7        0x00408138        0x0 contiki-OrisenStamp.a(rimeaddr.o)
 .glue_7        0x00408138        0x0 contiki-OrisenStamp.a(rime.o)
 .glue_7        0x00408138        0x0 contiki-OrisenStamp.a(rimestats.o)
 .glue_7        0x00408138        0x0 contiki-OrisenStamp.a(announcement.o)
 .glue_7        0x00408138        0x0 contiki-OrisenStamp.a(broadcast-annou)
 .glue_7        0x00408138        0x0 contiki-OrisenStamp.a(broadcast.o)
 .glue_7        0x00408138        0x0 contiki-OrisenStamp.a(abc.o)
 .glue_7        0x00408138        0x0 contiki-OrisenStamp.a(chameleon.o)
 .glue_7        0x00408138        0x0 contiki-OrisenStamp.a(channel.o)
 .glue_7        0x00408138        0x0 contiki-OrisenStamp.a(chameleon-bitop)
 .glue_7        0x00408138        0x0 contiki-OrisenStamp.a(nullrdc.o)
 .glue_7        0x00408138        0x0 contiki-OrisenStamp.a(mac.o)
 .glue_7        0x00408138        0x0 contiki-OrisenStamp.a(framer-802154.o)
 .glue_7        0x00408138        0x0 contiki-OrisenStamp.a(csma.o)
 .glue_7        0x00408138        0x0 contiki-OrisenStamp.a(process.o)
 .glue_7        0x00408138        0x0 contiki-OrisenStamp.a(autostart.o)
 .glue_7        0x00408138        0x0 contiki-OrisenStamp.a(serial-line.o)
 .glue_7        0x00408138        0x0 contiki-OrisenStamp.a(memb.o)
 .glue_7        0x00408138        0x0 contiki-OrisenStamp.a(list.o)
 .glue_7        0x00408138        0x0 contiki-OrisenStamp.a(etimer.o)
 .glue_7        0x00408138        0x0 contiki-OrisenStamp.a(ctimer.o)
 .glue_7        0x00408138        0x0 contiki-OrisenStamp.a(random.o)
 .glue_7        0x00408138        0x0 contiki-OrisenStamp.a(ringbuf.o)
 .glue_7        0x00408138        0x0 contiki-OrisenStamp.a(packetbuf.o)
 .glue_7        0x00408138        0x0 contiki-OrisenStamp.a(queuebuf.o)
 .glue_7        0x00408138        0x0 contiki-OrisenStamp.a(clock.o)
 .glue_7        0x00408138        0x0 contiki-OrisenStamp.a(button-sensor.o)
 .glue_7        0x00408138        0x0 contiki-OrisenStamp.a(sensors.o)
 .glue_7        0x00408138        0x0 contiki-OrisenStamp.a(RTC.o)
 .glue_7        0x00408138        0x0 contiki-OrisenStamp.a(kbi_events.o)
 .glue_7        0x00408138        0x0 contiki-OrisenStamp.a(io-pins.o)
 .glue_7        0x00408138        0x0 contiki-OrisenStamp.a(contiki-crm.o)
 .glue_7        0x00408138        0x0 contiki-OrisenStamp.a(contiki-maca.o)
 .glue_7        0x00408138        0x0 contiki-OrisenStamp.a(contiki-misc.o)
 .glue_7        0x00408138        0x0 contiki-OrisenStamp.a(leds.o)
 .glue_7        0x00408138        0x0 contiki-OrisenStamp.a(contiki-uart.o)
 .glue_7        0x00408138        0x0 contiki-OrisenStamp.a(dbg-printf.o)
 .glue_7        0x00408138        0x0 contiki-OrisenStamp.a(strformat.o)
 .glue_7        0x00408138        0x0 contiki-OrisenStamp.a(adc.o)
 .glue_7        0x00408138        0x0 contiki-OrisenStamp.a(gpio.o)
 .glue_7        0x00408138        0x0 contiki-OrisenStamp.a(gpio-util.o)
 .glue_7        0x00408138        0x0 contiki-OrisenStamp.a(i2c.o)
 .glue_7        0x00408138        0x0 contiki-OrisenStamp.a(maca.o)
 .glue_7        0x00408138        0x0 contiki-OrisenStamp.a(nvm.o)
 .glue_7        0x00408138        0x0 contiki-OrisenStamp.a(uart1.o)
 .glue_7        0x00408138        0x0 contiki-OrisenStamp.a(uart2.o)
 .glue_7        0x00408138        0x0 contiki-OrisenStamp.a(default_lowleve)
 .glue_7        0x00408138        0x0 contiki-OrisenStamp.a(isr.o)
 .glue_7        0x00408138        0x0 contiki-OrisenStamp.a(frame802154.o)
 .glue_7        0x00408138        0x0 contiki-OrisenStamp.a(timer.o)
 .glue_7        0x00408138        0x0 contiki-OrisenStamp.a(debug-uart.o)
 .glue_7        0x00408138        0x0 contiki-OrisenStamp.a(leds-arch.o)
 .glue_7        0x00408138        0x0 /home/user/CodeSourcery/Sourcery_G++_Lite/bin/../lib/gcc/arm-none-eabi/4.3.2/libgcc.a(_udivsi3.o)
 .glue_7        0x00408138        0x0 /home/user/CodeSourcery/Sourcery_G++_Lite/bin/../lib/gcc/arm-none-eabi/4.3.2/libgcc.a(_divsi3.o)
 .glue_7        0x00408138        0x0 /home/user/CodeSourcery/Sourcery_G++_Lite/bin/../lib/gcc/arm-none-eabi/4.3.2/libgcc.a(_dvmd_tls.o)
 .glue_7        0x00408138        0x0 /home/user/CodeSourcery/Sourcery_G++_Lite/bin/../lib/gcc/arm-none-eabi/4.3.2/libgcc.a(_aeabi_uldivmod.o)
 .glue_7        0x00408138        0x0 /home/user/CodeSourcery/Sourcery_G++_Lite/bin/../lib/gcc/arm-none-eabi/4.3.2/libgcc.a(bpabi.o)
 .glue_7        0x00408138        0x0 /home/user/CodeSourcery/Sourcery_G++_Lite/bin/../lib/gcc/arm-none-eabi/4.3.2/libgcc.a(_divdi3.o)
 .glue_7        0x00408138        0x0 /home/user/CodeSourcery/Sourcery_G++_Lite/bin/../lib/gcc/arm-none-eabi/4.3.2/libgcc.a(_udivdi3.o)
 .glue_7        0x00408138        0x0 /home/user/CodeSourcery/Sourcery_G++_Lite/bin/../lib/gcc/arm-none-eabi/4.3.2/libgcc.a(_clz.o)
 .glue_7        0x00408138        0x0 /home/user/CodeSourcery/Sourcery_G++_Lite/bin/../lib/gcc/arm-none-eabi/4.3.2/../../../../arm-none-eabi/lib/libc.a(lib_a-memcmp.o)
 .glue_7        0x00408138        0x0 /home/user/CodeSourcery/Sourcery_G++_Lite/bin/../lib/gcc/arm-none-eabi/4.3.2/../../../../arm-none-eabi/lib/libc.a(lib_a-memcpy.o)
 .glue_7        0x00408138        0x0 /home/user/CodeSourcery/Sourcery_G++_Lite/bin/../lib/gcc/arm-none-eabi/4.3.2/../../../../arm-none-eabi/lib/libc.a(lib_a-memset.o)
 .glue_7        0x00408138        0x0 /home/user/CodeSourcery/Sourcery_G++_Lite/bin/../lib/gcc/arm-none-eabi/4.3.2/../../../../arm-none-eabi/lib/libc.a(lib_a-strlen.o)
 .glue_7        0x00408138        0x0 /home/user/CodeSourcery/Sourcery_G++_Lite/bin/../lib/gcc/arm-none-eabi/4.3.2/../../../../arm-none-eabi/lib/libc.a(lib_a-strncmp.o)
 *(.vfp11_veneer)
 .vfp11_veneer  0x00408138        0x0 sensorStamp.co
 .vfp11_veneer  0x00408138        0x0 obj_OrisenStamp/contiki-stamp-main.o
 .vfp11_veneer  0x00408138        0x0 obj_OrisenStamp/start.o
 .vfp11_veneer  0x00408138        0x0 contiki-OrisenStamp.a(rimeaddr.o)
 .vfp11_veneer  0x00408138        0x0 contiki-OrisenStamp.a(rime.o)
 .vfp11_veneer  0x00408138        0x0 contiki-OrisenStamp.a(rimestats.o)
 .vfp11_veneer  0x00408138        0x0 contiki-OrisenStamp.a(announcement.o)
 .vfp11_veneer  0x00408138        0x0 contiki-OrisenStamp.a(broadcast-annou)
 .vfp11_veneer  0x00408138        0x0 contiki-OrisenStamp.a(broadcast.o)
 .vfp11_veneer  0x00408138        0x0 contiki-OrisenStamp.a(abc.o)
 .vfp11_veneer  0x00408138        0x0 contiki-OrisenStamp.a(chameleon.o)
 .vfp11_veneer  0x00408138        0x0 contiki-OrisenStamp.a(channel.o)
 .vfp11_veneer  0x00408138        0x0 contiki-OrisenStamp.a(chameleon-bitop)
 .vfp11_veneer  0x00408138        0x0 contiki-OrisenStamp.a(nullrdc.o)
 .vfp11_veneer  0x00408138        0x0 contiki-OrisenStamp.a(mac.o)
 .vfp11_veneer  0x00408138        0x0 contiki-OrisenStamp.a(framer-802154.o)
 .vfp11_veneer  0x00408138        0x0 contiki-OrisenStamp.a(csma.o)
 .vfp11_veneer  0x00408138        0x0 contiki-OrisenStamp.a(process.o)
 .vfp11_veneer  0x00408138        0x0 contiki-OrisenStamp.a(autostart.o)
 .vfp11_veneer  0x00408138        0x0 contiki-OrisenStamp.a(serial-line.o)
 .vfp11_veneer  0x00408138        0x0 contiki-OrisenStamp.a(memb.o)
 .vfp11_veneer  0x00408138        0x0 contiki-OrisenStamp.a(list.o)
 .vfp11_veneer  0x00408138        0x0 contiki-OrisenStamp.a(etimer.o)
 .vfp11_veneer  0x00408138        0x0 contiki-OrisenStamp.a(ctimer.o)
 .vfp11_veneer  0x00408138        0x0 contiki-OrisenStamp.a(random.o)
 .vfp11_veneer  0x00408138        0x0 contiki-OrisenStamp.a(ringbuf.o)
 .vfp11_veneer  0x00408138        0x0 contiki-OrisenStamp.a(packetbuf.o)
 .vfp11_veneer  0x00408138        0x0 contiki-OrisenStamp.a(queuebuf.o)
 .vfp11_veneer  0x00408138        0x0 contiki-OrisenStamp.a(clock.o)
 .vfp11_veneer  0x00408138        0x0 contiki-OrisenStamp.a(button-sensor.o)
 .vfp11_veneer  0x00408138        0x0 contiki-OrisenStamp.a(sensors.o)
 .vfp11_veneer  0x00408138        0x0 contiki-OrisenStamp.a(RTC.o)
 .vfp11_veneer  0x00408138        0x0 contiki-OrisenStamp.a(kbi_events.o)
 .vfp11_veneer  0x00408138        0x0 contiki-OrisenStamp.a(io-pins.o)
 .vfp11_veneer  0x00408138        0x0 contiki-OrisenStamp.a(contiki-crm.o)
 .vfp11_veneer  0x00408138        0x0 contiki-OrisenStamp.a(contiki-maca.o)
 .vfp11_veneer  0x00408138        0x0 contiki-OrisenStamp.a(contiki-misc.o)
 .vfp11_veneer  0x00408138        0x0 contiki-OrisenStamp.a(leds.o)
 .vfp11_veneer  0x00408138        0x0 contiki-OrisenStamp.a(contiki-uart.o)
 .vfp11_veneer  0x00408138        0x0 contiki-OrisenStamp.a(dbg-printf.o)
 .vfp11_veneer  0x00408138        0x0 contiki-OrisenStamp.a(strformat.o)
 .vfp11_veneer  0x00408138        0x0 contiki-OrisenStamp.a(adc.o)
 .vfp11_veneer  0x00408138        0x0 contiki-OrisenStamp.a(gpio.o)
 .vfp11_veneer  0x00408138        0x0 contiki-OrisenStamp.a(gpio-util.o)
 .vfp11_veneer  0x00408138        0x0 contiki-OrisenStamp.a(i2c.o)
 .vfp11_veneer  0x00408138        0x0 contiki-OrisenStamp.a(maca.o)
 .vfp11_veneer  0x00408138        0x0 contiki-OrisenStamp.a(nvm.o)
 .vfp11_veneer  0x00408138        0x0 contiki-OrisenStamp.a(uart1.o)
 .vfp11_veneer  0x00408138        0x0 contiki-OrisenStamp.a(uart2.o)
 .vfp11_veneer  0x00408138        0x0 contiki-OrisenStamp.a(default_lowleve)
 .vfp11_veneer  0x00408138        0x0 contiki-OrisenStamp.a(isr.o)
 .vfp11_veneer  0x00408138        0x0 contiki-OrisenStamp.a(frame802154.o)
 .vfp11_veneer  0x00408138        0x0 contiki-OrisenStamp.a(timer.o)
 .vfp11_veneer  0x00408138        0x0 contiki-OrisenStamp.a(debug-uart.o)
 .vfp11_veneer  0x00408138        0x0 contiki-OrisenStamp.a(leds-arch.o)
 .vfp11_veneer  0x00408138        0x0 /home/user/CodeSourcery/Sourcery_G++_Lite/bin/../lib/gcc/arm-none-eabi/4.3.2/libgcc.a(_udivsi3.o)
 .vfp11_veneer  0x00408138        0x0 /home/user/CodeSourcery/Sourcery_G++_Lite/bin/../lib/gcc/arm-none-eabi/4.3.2/libgcc.a(_divsi3.o)
 .vfp11_veneer  0x00408138        0x0 /home/user/CodeSourcery/Sourcery_G++_Lite/bin/../lib/gcc/arm-none-eabi/4.3.2/libgcc.a(_dvmd_tls.o)
 .vfp11_veneer  0x00408138        0x0 /home/user/CodeSourcery/Sourcery_G++_Lite/bin/../lib/gcc/arm-none-eabi/4.3.2/libgcc.a(_aeabi_uldivmod.o)
 .vfp11_veneer  0x00408138        0x0 /home/user/CodeSourcery/Sourcery_G++_Lite/bin/../lib/gcc/arm-none-eabi/4.3.2/libgcc.a(bpabi.o)
 .vfp11_veneer  0x00408138        0x0 /home/user/CodeSourcery/Sourcery_G++_Lite/bin/../lib/gcc/arm-none-eabi/4.3.2/libgcc.a(_divdi3.o)
 .vfp11_veneer  0x00408138        0x0 /home/user/CodeSourcery/Sourcery_G++_Lite/bin/../lib/gcc/arm-none-eabi/4.3.2/libgcc.a(_udivdi3.o)
 .vfp11_veneer  0x00408138        0x0 /home/user/CodeSourcery/Sourcery_G++_Lite/bin/../lib/gcc/arm-none-eabi/4.3.2/libgcc.a(_clz.o)
 .vfp11_veneer  0x00408138        0x0 /home/user/CodeSourcery/Sourcery_G++_Lite/bin/../lib/gcc/arm-none-eabi/4.3.2/../../../../arm-none-eabi/lib/libc.a(lib_a-memcmp.o)
 .vfp11_veneer  0x00408138        0x0 /home/user/CodeSourcery/Sourcery_G++_Lite/bin/../lib/gcc/arm-none-eabi/4.3.2/../../../../arm-none-eabi/lib/libc.a(lib_a-memcpy.o)
 .vfp11_veneer  0x00408138        0x0 /home/user/CodeSourcery/Sourcery_G++_Lite/bin/../lib/gcc/arm-none-eabi/4.3.2/../../../../arm-none-eabi/lib/libc.a(lib_a-memset.o)
 .vfp11_veneer  0x00408138        0x0 /home/user/CodeSourcery/Sourcery_G++_Lite/bin/../lib/gcc/arm-none-eabi/4.3.2/../../../../arm-none-eabi/lib/libc.a(lib_a-strlen.o)
 .vfp11_veneer  0x00408138        0x0 /home/user/CodeSourcery/Sourcery_G++_Lite/bin/../lib/gcc/arm-none-eabi/4.3.2/../../../../arm-none-eabi/lib/libc.a(lib_a-strncmp.o)
 *(.v4_bx)
 .v4_bx         0x00408138        0x0 sensorStamp.co
 .v4_bx         0x00408138        0x0 obj_OrisenStamp/contiki-stamp-main.o
 .v4_bx         0x00408138        0x0 obj_OrisenStamp/start.o
 .v4_bx         0x00408138        0x0 contiki-OrisenStamp.a(rimeaddr.o)
 .v4_bx         0x00408138        0x0 contiki-OrisenStamp.a(rime.o)
 .v4_bx         0x00408138        0x0 contiki-OrisenStamp.a(rimestats.o)
 .v4_bx         0x00408138        0x0 contiki-OrisenStamp.a(announcement.o)
 .v4_bx         0x00408138        0x0 contiki-OrisenStamp.a(broadcast-annou)
 .v4_bx         0x00408138        0x0 contiki-OrisenStamp.a(broadcast.o)
 .v4_bx         0x00408138        0x0 contiki-OrisenStamp.a(abc.o)
 .v4_bx         0x00408138        0x0 contiki-OrisenStamp.a(chameleon.o)
 .v4_bx         0x00408138        0x0 contiki-OrisenStamp.a(channel.o)
 .v4_bx         0x00408138        0x0 contiki-OrisenStamp.a(chameleon-bitop)
 .v4_bx         0x00408138        0x0 contiki-OrisenStamp.a(nullrdc.o)
 .v4_bx         0x00408138        0x0 contiki-OrisenStamp.a(mac.o)
 .v4_bx         0x00408138        0x0 contiki-OrisenStamp.a(framer-802154.o)
 .v4_bx         0x00408138        0x0 contiki-OrisenStamp.a(csma.o)
 .v4_bx         0x00408138        0x0 contiki-OrisenStamp.a(process.o)
 .v4_bx         0x00408138        0x0 contiki-OrisenStamp.a(autostart.o)
 .v4_bx         0x00408138        0x0 contiki-OrisenStamp.a(serial-line.o)
 .v4_bx         0x00408138        0x0 contiki-OrisenStamp.a(memb.o)
 .v4_bx         0x00408138        0x0 contiki-OrisenStamp.a(list.o)
 .v4_bx         0x00408138        0x0 contiki-OrisenStamp.a(etimer.o)
 .v4_bx         0x00408138        0x0 contiki-OrisenStamp.a(ctimer.o)
 .v4_bx         0x00408138        0x0 contiki-OrisenStamp.a(random.o)
 .v4_bx         0x00408138        0x0 contiki-OrisenStamp.a(ringbuf.o)
 .v4_bx         0x00408138        0x0 contiki-OrisenStamp.a(packetbuf.o)
 .v4_bx         0x00408138        0x0 contiki-OrisenStamp.a(queuebuf.o)
 .v4_bx         0x00408138        0x0 contiki-OrisenStamp.a(clock.o)
 .v4_bx         0x00408138        0x0 contiki-OrisenStamp.a(button-sensor.o)
 .v4_bx         0x00408138        0x0 contiki-OrisenStamp.a(sensors.o)
 .v4_bx         0x00408138        0x0 contiki-OrisenStamp.a(RTC.o)
 .v4_bx         0x00408138        0x0 contiki-OrisenStamp.a(kbi_events.o)
 .v4_bx         0x00408138        0x0 contiki-OrisenStamp.a(io-pins.o)
 .v4_bx         0x00408138        0x0 contiki-OrisenStamp.a(contiki-crm.o)
 .v4_bx         0x00408138        0x0 contiki-OrisenStamp.a(contiki-maca.o)
 .v4_bx         0x00408138        0x0 contiki-OrisenStamp.a(contiki-misc.o)
 .v4_bx         0x00408138        0x0 contiki-OrisenStamp.a(leds.o)
 .v4_bx         0x00408138        0x0 contiki-OrisenStamp.a(contiki-uart.o)
 .v4_bx         0x00408138        0x0 contiki-OrisenStamp.a(dbg-printf.o)
 .v4_bx         0x00408138        0x0 contiki-OrisenStamp.a(strformat.o)
 .v4_bx         0x00408138        0x0 contiki-OrisenStamp.a(adc.o)
 .v4_bx         0x00408138        0x0 contiki-OrisenStamp.a(gpio.o)
 .v4_bx         0x00408138        0x0 contiki-OrisenStamp.a(gpio-util.o)
 .v4_bx         0x00408138        0x0 contiki-OrisenStamp.a(i2c.o)
 .v4_bx         0x00408138        0x0 contiki-OrisenStamp.a(maca.o)
 .v4_bx         0x00408138        0x0 contiki-OrisenStamp.a(nvm.o)
 .v4_bx         0x00408138        0x0 contiki-OrisenStamp.a(uart1.o)
 .v4_bx         0x00408138        0x0 contiki-OrisenStamp.a(uart2.o)
 .v4_bx         0x00408138        0x0 contiki-OrisenStamp.a(default_lowleve)
 .v4_bx         0x00408138        0x0 contiki-OrisenStamp.a(isr.o)
 .v4_bx         0x00408138        0x0 contiki-OrisenStamp.a(frame802154.o)
 .v4_bx         0x00408138        0x0 contiki-OrisenStamp.a(timer.o)
 .v4_bx         0x00408138        0x0 contiki-OrisenStamp.a(debug-uart.o)
 .v4_bx         0x00408138        0x0 contiki-OrisenStamp.a(leds-arch.o)
 .v4_bx         0x00408138        0x0 /home/user/CodeSourcery/Sourcery_G++_Lite/bin/../lib/gcc/arm-none-eabi/4.3.2/libgcc.a(_udivsi3.o)
 .v4_bx         0x00408138        0x0 /home/user/CodeSourcery/Sourcery_G++_Lite/bin/../lib/gcc/arm-none-eabi/4.3.2/libgcc.a(_divsi3.o)
 .v4_bx         0x00408138        0x0 /home/user/CodeSourcery/Sourcery_G++_Lite/bin/../lib/gcc/arm-none-eabi/4.3.2/libgcc.a(_dvmd_tls.o)
 .v4_bx         0x00408138        0x0 /home/user/CodeSourcery/Sourcery_G++_Lite/bin/../lib/gcc/arm-none-eabi/4.3.2/libgcc.a(_aeabi_uldivmod.o)
 .v4_bx         0x00408138        0x0 /home/user/CodeSourcery/Sourcery_G++_Lite/bin/../lib/gcc/arm-none-eabi/4.3.2/libgcc.a(bpabi.o)
 .v4_bx         0x00408138        0x0 /home/user/CodeSourcery/Sourcery_G++_Lite/bin/../lib/gcc/arm-none-eabi/4.3.2/libgcc.a(_divdi3.o)
 .v4_bx         0x00408138        0x0 /home/user/CodeSourcery/Sourcery_G++_Lite/bin/../lib/gcc/arm-none-eabi/4.3.2/libgcc.a(_udivdi3.o)
 .v4_bx         0x00408138        0x0 /home/user/CodeSourcery/Sourcery_G++_Lite/bin/../lib/gcc/arm-none-eabi/4.3.2/libgcc.a(_clz.o)
 .v4_bx         0x00408138        0x0 /home/user/CodeSourcery/Sourcery_G++_Lite/bin/../lib/gcc/arm-none-eabi/4.3.2/../../../../arm-none-eabi/lib/libc.a(lib_a-memcmp.o)
 .v4_bx         0x00408138        0x0 /home/user/CodeSourcery/Sourcery_G++_Lite/bin/../lib/gcc/arm-none-eabi/4.3.2/../../../../arm-none-eabi/lib/libc.a(lib_a-memcpy.o)
 .v4_bx         0x00408138        0x0 /home/user/CodeSourcery/Sourcery_G++_Lite/bin/../lib/gcc/arm-none-eabi/4.3.2/../../../../arm-none-eabi/lib/libc.a(lib_a-memset.o)
 .v4_bx         0x00408138        0x0 /home/user/CodeSourcery/Sourcery_G++_Lite/bin/../lib/gcc/arm-none-eabi/4.3.2/../../../../arm-none-eabi/lib/libc.a(lib_a-strlen.o)
 .v4_bx         0x00408138        0x0 /home/user/CodeSourcery/Sourcery_G++_Lite/bin/../lib/gcc/arm-none-eabi/4.3.2/../../../../arm-none-eabi/lib/libc.a(lib_a-strncmp.o)

.janus_2cc_veneer
                0x00408138        0x0
 .janus_2cc_veneer
                0x00408138        0x0 sensorStamp.co
 .janus_2cc_veneer
                0x00408138        0x0 obj_OrisenStamp/contiki-stamp-main.o
 .janus_2cc_veneer
                0x00408138        0x0 obj_OrisenStamp/start.o
 .janus_2cc_veneer
                0x00408138        0x0 contiki-OrisenStamp.a(rimeaddr.o)
 .janus_2cc_veneer
                0x00408138        0x0 contiki-OrisenStamp.a(rime.o)
 .janus_2cc_veneer
                0x00408138        0x0 contiki-OrisenStamp.a(rimestats.o)
 .janus_2cc_veneer
                0x00408138        0x0 contiki-OrisenStamp.a(announcement.o)
 .janus_2cc_veneer
                0x00408138        0x0 contiki-OrisenStamp.a(broadcast-annou)
 .janus_2cc_veneer
                0x00408138        0x0 contiki-OrisenStamp.a(broadcast.o)
 .janus_2cc_veneer
                0x00408138        0x0 contiki-OrisenStamp.a(abc.o)
 .janus_2cc_veneer
                0x00408138        0x0 contiki-OrisenStamp.a(chameleon.o)
 .janus_2cc_veneer
                0x00408138        0x0 contiki-OrisenStamp.a(channel.o)
 .janus_2cc_veneer
                0x00408138        0x0 contiki-OrisenStamp.a(chameleon-bitop)
 .janus_2cc_veneer
                0x00408138        0x0 contiki-OrisenStamp.a(nullrdc.o)
 .janus_2cc_veneer
                0x00408138        0x0 contiki-OrisenStamp.a(mac.o)
 .janus_2cc_veneer
                0x00408138        0x0 contiki-OrisenStamp.a(framer-802154.o)
 .janus_2cc_veneer
                0x00408138        0x0 contiki-OrisenStamp.a(csma.o)
 .janus_2cc_veneer
                0x00408138        0x0 contiki-OrisenStamp.a(process.o)
 .janus_2cc_veneer
                0x00408138        0x0 contiki-OrisenStamp.a(autostart.o)
 .janus_2cc_veneer
                0x00408138        0x0 contiki-OrisenStamp.a(serial-line.o)
 .janus_2cc_veneer
                0x00408138        0x0 contiki-OrisenStamp.a(memb.o)
 .janus_2cc_veneer
                0x00408138        0x0 contiki-OrisenStamp.a(list.o)
 .janus_2cc_veneer
                0x00408138        0x0 contiki-OrisenStamp.a(etimer.o)
 .janus_2cc_veneer
                0x00408138        0x0 contiki-OrisenStamp.a(ctimer.o)
 .janus_2cc_veneer
                0x00408138        0x0 contiki-OrisenStamp.a(random.o)
 .janus_2cc_veneer
                0x00408138        0x0 contiki-OrisenStamp.a(ringbuf.o)
 .janus_2cc_veneer
                0x00408138        0x0 contiki-OrisenStamp.a(packetbuf.o)
 .janus_2cc_veneer
                0x00408138        0x0 contiki-OrisenStamp.a(queuebuf.o)
 .janus_2cc_veneer
                0x00408138        0x0 contiki-OrisenStamp.a(clock.o)
 .janus_2cc_veneer
                0x00408138        0x0 contiki-OrisenStamp.a(button-sensor.o)
 .janus_2cc_veneer
                0x00408138        0x0 contiki-OrisenStamp.a(sensors.o)
 .janus_2cc_veneer
                0x00408138        0x0 contiki-OrisenStamp.a(RTC.o)
 .janus_2cc_veneer
                0x00408138        0x0 contiki-OrisenStamp.a(kbi_events.o)
 .janus_2cc_veneer
                0x00408138        0x0 contiki-OrisenStamp.a(io-pins.o)
 .janus_2cc_veneer
                0x00408138        0x0 contiki-OrisenStamp.a(contiki-crm.o)
 .janus_2cc_veneer
                0x00408138        0x0 contiki-OrisenStamp.a(contiki-maca.o)
 .janus_2cc_veneer
                0x00408138        0x0 contiki-OrisenStamp.a(contiki-misc.o)
 .janus_2cc_veneer
                0x00408138        0x0 contiki-OrisenStamp.a(leds.o)
 .janus_2cc_veneer
                0x00408138        0x0 contiki-OrisenStamp.a(contiki-uart.o)
 .janus_2cc_veneer
                0x00408138        0x0 contiki-OrisenStamp.a(dbg-printf.o)
 .janus_2cc_veneer
                0x00408138        0x0 contiki-OrisenStamp.a(strformat.o)
 .janus_2cc_veneer
                0x00408138        0x0 contiki-OrisenStamp.a(adc.o)
 .janus_2cc_veneer
                0x00408138        0x0 contiki-OrisenStamp.a(gpio.o)
 .janus_2cc_veneer
                0x00408138        0x0 contiki-OrisenStamp.a(gpio-util.o)
 .janus_2cc_veneer
                0x00408138        0x0 contiki-OrisenStamp.a(i2c.o)
 .janus_2cc_veneer
                0x00408138        0x0 contiki-OrisenStamp.a(maca.o)
 .janus_2cc_veneer
                0x00408138        0x0 contiki-OrisenStamp.a(nvm.o)
 .janus_2cc_veneer
                0x00408138        0x0 contiki-OrisenStamp.a(uart1.o)
 .janus_2cc_veneer
                0x00408138        0x0 contiki-OrisenStamp.a(uart2.o)
 .janus_2cc_veneer
                0x00408138        0x0 contiki-OrisenStamp.a(default_lowleve)
 .janus_2cc_veneer
                0x00408138        0x0 contiki-OrisenStamp.a(isr.o)
 .janus_2cc_veneer
                0x00408138        0x0 contiki-OrisenStamp.a(frame802154.o)
 .janus_2cc_veneer
                0x00408138        0x0 contiki-OrisenStamp.a(timer.o)
 .janus_2cc_veneer
                0x00408138        0x0 contiki-OrisenStamp.a(debug-uart.o)
 .janus_2cc_veneer
                0x00408138        0x0 contiki-OrisenStamp.a(leds-arch.o)
 .janus_2cc_veneer
                0x00408138        0x0 /home/user/CodeSourcery/Sourcery_G++_Lite/bin/../lib/gcc/arm-none-eabi/4.3.2/libgcc.a(_udivsi3.o)
 .janus_2cc_veneer
                0x00408138        0x0 /home/user/CodeSourcery/Sourcery_G++_Lite/bin/../lib/gcc/arm-none-eabi/4.3.2/libgcc.a(_divsi3.o)
 .janus_2cc_veneer
                0x00408138        0x0 /home/user/CodeSourcery/Sourcery_G++_Lite/bin/../lib/gcc/arm-none-eabi/4.3.2/libgcc.a(_dvmd_tls.o)
 .janus_2cc_veneer
                0x00408138        0x0 /home/user/CodeSourcery/Sourcery_G++_Lite/bin/../lib/gcc/arm-none-eabi/4.3.2/libgcc.a(_aeabi_uldivmod.o)
 .janus_2cc_veneer
                0x00408138        0x0 /home/user/CodeSourcery/Sourcery_G++_Lite/bin/../lib/gcc/arm-none-eabi/4.3.2/libgcc.a(bpabi.o)
 .janus_2cc_veneer
                0x00408138        0x0 /home/user/CodeSourcery/Sourcery_G++_Lite/bin/../lib/gcc/arm-none-eabi/4.3.2/libgcc.a(_divdi3.o)
 .janus_2cc_veneer
                0x00408138        0x0 /home/user/CodeSourcery/Sourcery_G++_Lite/bin/../lib/gcc/arm-none-eabi/4.3.2/libgcc.a(_udivdi3.o)
 .janus_2cc_veneer
                0x00408138        0x0 /home/user/CodeSourcery/Sourcery_G++_Lite/bin/../lib/gcc/arm-none-eabi/4.3.2/libgcc.a(_clz.o)
 .janus_2cc_veneer
                0x00408138        0x0 /home/user/CodeSourcery/Sourcery_G++_Lite/bin/../lib/gcc/arm-none-eabi/4.3.2/../../../../arm-none-eabi/lib/libc.a(lib_a-memcmp.o)
 .janus_2cc_veneer
                0x00408138        0x0 /home/user/CodeSourcery/Sourcery_G++_Lite/bin/../lib/gcc/arm-none-eabi/4.3.2/../../../../arm-none-eabi/lib/libc.a(lib_a-memcpy.o)
 .janus_2cc_veneer
                0x00408138        0x0 /home/user/CodeSourcery/Sourcery_G++_Lite/bin/../lib/gcc/arm-none-eabi/4.3.2/../../../../arm-none-eabi/lib/libc.a(lib_a-memset.o)
 .janus_2cc_veneer
                0x00408138        0x0 /home/user/CodeSourcery/Sourcery_G++_Lite/bin/../lib/gcc/arm-none-eabi/4.3.2/../../../../arm-none-eabi/lib/libc.a(lib_a-strlen.o)
 .janus_2cc_veneer
                0x00408138        0x0 /home/user/CodeSourcery/Sourcery_G++_Lite/bin/../lib/gcc/arm-none-eabi/4.3.2/../../../../arm-none-eabi/lib/libc.a(lib_a-strncmp.o)

.interp
 *(.interp)

.note.gnu.build-id
 *(.note.gnu.build-id)

.hash
 *(.hash)

.gnu.hash
 *(.gnu.hash)

.dynsym
 *(.dynsym)

.dynstr
 *(.dynstr)

.gnu.version
 *(.gnu.version)

.gnu.version_d
 *(.gnu.version_d)

.gnu.version_r
 *(.gnu.version_r)

.rel.dyn
 *(.rel.init)
 *(.rel.text .rel.text.* .rel.gnu.linkonce.t.*)
 *(.rel.fini)
 *(.rel.rodata .rel.rodata.* .rel.gnu.linkonce.r.*)
 *(.rel.data.rel.ro* .rel.gnu.linkonce.d.rel.ro.*)
 *(.rel.data .rel.data.* .rel.gnu.linkonce.d.*)
 *(.rel.tdata .rel.tdata.* .rel.gnu.linkonce.td.*)
 *(.rel.tbss .rel.tbss.* .rel.gnu.linkonce.tb.*)
 *(.rel.ctors)
 *(.rel.dtors)
 *(.rel.got)
 *(.rel.bss .rel.bss.* .rel.gnu.linkonce.b.*)

.rela.dyn
 *(.rela.init)
 *(.rela.text .rela.text.* .rela.gnu.linkonce.t.*)
 *(.rela.fini)
 *(.rela.rodata .rela.rodata.* .rela.gnu.linkonce.r.*)
 *(.rela.data .rela.data.* .rela.gnu.linkonce.d.*)
 *(.rela.tdata .rela.tdata.* .rela.gnu.linkonce.td.*)
 *(.rela.tbss .rela.tbss.* .rela.gnu.linkonce.tb.*)
 *(.rela.ctors)
 *(.rela.dtors)
 *(.rela.got)
 *(.rela.bss .rela.bss.* .rela.gnu.linkonce.b.*)

.rel.plt
 *(.rel.plt)

.rela.plt
 *(.rela.plt)

.init
 *(.init)

.plt
 *(.plt)

.fini
 *(.fini)
                0x00408138                PROVIDE (__etext, .)
                0x00408138                PROVIDE (_etext, .)
                0x00408138                PROVIDE (etext, .)

.rodata         0x00408138      0x7f8
 *(.rodata .rodata.* .gnu.linkonce.r.*)
 .rodata.abc_call
                0x00408138        0x8 sensorStamp.co
 .rodata.autostart_processes
                0x00408140        0x8 sensorStamp.co
                0x00408140                autostart_processes
 .rodata.str1.1
                0x00408148       0x46 sensorStamp.co
                                 0x48 (size before relaxing)
 .rodata.str1.1
                0x0040818e       0xea obj_OrisenStamp/contiki-stamp-main.o
                                 0xf0 (size before relaxing)
 .rodata.addr_ff
                0x00408278        0x8 obj_OrisenStamp/contiki-stamp-main.o
                0x00408278                addr_ff
 .rodata.rimeaddr_null
                0x00408280        0x8 contiki-OrisenStamp.a(rimeaddr.o)
                0x00408280                rimeaddr_null
 .rodata.str1.1
                0x00408288        0x5 contiki-OrisenStamp.a(rime.o)
 *fill*         0x0040828d        0x3 00
 .rodata.rime_driver
                0x00408290        0xc contiki-OrisenStamp.a(rime.o)
                0x00408290                rime_driver
 .rodata.broadcast_callbacks
                0x0040829c        0x8 contiki-OrisenStamp.a(broadcast-annou)
 .rodata.attributes
                0x004082a4        0x4 contiki-OrisenStamp.a(broadcast.o)
 .rodata.broadcast
                0x004082a8        0x8 contiki-OrisenStamp.a(broadcast.o)
 .rodata.attributes
                0x004082b0        0x2 contiki-OrisenStamp.a(abc.o)
 *fill*         0x004082b2        0x2 00
 .rodata.chameleon_bitopt
                0x004082b4        0xc contiki-OrisenStamp.a(chameleon-bitop)
                0x004082b4                chameleon_bitopt
 .rodata.bitmask
                0x004082c0        0x9 contiki-OrisenStamp.a(chameleon-bitop)
 .rodata.str1.1
                0x004082c9        0x8 contiki-OrisenStamp.a(nullrdc.o)
 *fill*         0x004082d1        0x3 00
 .rodata.nullrdc_driver
                0x004082d4       0x20 contiki-OrisenStamp.a(nullrdc.o)
                0x004082d4                nullrdc_driver
 .rodata.framer_802154
                0x004082f4        0x8 contiki-OrisenStamp.a(framer-802154.o)
                0x004082f4                framer_802154
 .rodata.str1.1
                0x004082fc        0x5 contiki-OrisenStamp.a(csma.o)
 *fill*         0x00408301        0x3 00
 .rodata.csma_driver
                0x00408304       0x1c contiki-OrisenStamp.a(csma.o)
                0x00408304                csma_driver
 .rodata.str1.1
                0x00408320        0xe contiki-OrisenStamp.a(serial-line.o)
 .rodata.str1.1
                0x0040832e        0xc contiki-OrisenStamp.a(etimer.o)
 .rodata.str1.1
                0x0040833a        0xf contiki-OrisenStamp.a(ctimer.o)
 *fill*         0x00408349        0x3 00
 .rodata.packetbuf
                0x0040834c        0x4 contiki-OrisenStamp.a(packetbuf.o)
 .rodata.str1.1
                0x00408350        0x7 contiki-OrisenStamp.a(button-sensor.o)
 *fill*         0x00408357        0x1 00
 .rodata.button_sensor
                0x00408358       0x10 contiki-OrisenStamp.a(button-sensor.o)
                0x00408358                button_sensor
 .rodata.str1.1
                0x00408368        0x8 contiki-OrisenStamp.a(sensors.o)
 .rodata.C.13.4643
                0x00408370        0x2 contiki-OrisenStamp.a(RTC.o)
 .rodata.str1.1
                0x00408372        0xc contiki-OrisenStamp.a(RTC.o)
 .rodata.str1.1
                0x0040837e       0x1a contiki-OrisenStamp.a(kbi_events.o)
 .rodata.ioPins_configurePin
                0x00408398       0x40 contiki-OrisenStamp.a(io-pins.o)
 .rodata.initialSettings
                0x004083d8       0x50 contiki-OrisenStamp.a(io-pins.o)
 .rodata.str1.1
                0x00408428        0xd contiki-OrisenStamp.a(contiki-maca.o)
 *fill*         0x00408435        0x3 00
 .rodata.contiki_maca_driver
                0x00408438       0x28 contiki-OrisenStamp.a(contiki-maca.o)
                0x00408438                contiki_maca_driver
 .rodata.buffer.1350
                0x00408460       0x10 contiki-OrisenStamp.a(strformat.o)
 .rodata.str1.1
                0x00408470       0x35 contiki-OrisenStamp.a(strformat.o)
                                 0x37 (size before relaxing)
 .rodata.buffer.1364
                0x004084a5       0x10 contiki-OrisenStamp.a(strformat.o)
 .rodata.str1.1
                0x004084b5       0x41 contiki-OrisenStamp.a(i2c.o)
 *fill*         0x004084f6        0x2 00
 .rodata.decode_status
                0x004084f8       0x3c contiki-OrisenStamp.a(maca.o)
 .rodata.addr_cal5
                0x00408534       0x10 contiki-OrisenStamp.a(maca.o)
                0x00408534                addr_cal5
 .rodata.PSMVAL
                0x00408544       0x4c contiki-OrisenStamp.a(maca.o)
                0x00408544                PSMVAL
 .rodata.addr_seq2
                0x00408590        0x8 contiki-OrisenStamp.a(maca.o)
                0x00408590                addr_seq2
 .rodata.AIMVAL
                0x00408598       0x4c contiki-OrisenStamp.a(maca.o)
                0x00408598                AIMVAL
 .rodata.addr_seq1
                0x004085e4        0x8 contiki-OrisenStamp.a(maca.o)
                0x004085e4                addr_seq1
 .rodata.PAVAL  0x004085ec       0x4c contiki-OrisenStamp.a(maca.o)
                0x004085ec                PAVAL
 .rodata.addr_cal3_seq1
                0x00408638        0xc contiki-OrisenStamp.a(maca.o)
                0x00408638                addr_cal3_seq1
 .rodata.addr_cal3_seq3
                0x00408644        0x4 contiki-OrisenStamp.a(maca.o)
                0x00408644                addr_cal3_seq3
 .rodata.data_reg_rep
                0x00408648       0xac contiki-OrisenStamp.a(maca.o)
                0x00408648                data_reg_rep
 .rodata.VCODivF
                0x004086f4       0x40 contiki-OrisenStamp.a(maca.o)
                0x004086f4                VCODivF
 .rodata.addr_cal3_seq2
                0x00408734        0x8 contiki-OrisenStamp.a(maca.o)
                0x00408734                addr_cal3_seq2
 .rodata.VCODivI
                0x0040873c       0x10 contiki-OrisenStamp.a(maca.o)
                0x0040873c                VCODivI
 .rodata.data_seq1
                0x0040874c        0x8 contiki-OrisenStamp.a(maca.o)
                0x0040874c                data_seq1
 .rodata.data_seq2
                0x00408754        0x8 contiki-OrisenStamp.a(maca.o)
                0x00408754                data_seq2
 .rodata.data_cal5
                0x0040875c       0x10 contiki-OrisenStamp.a(maca.o)
                0x0040875c                data_cal5
 .rodata.data_cal3_seq1
                0x0040876c        0xc contiki-OrisenStamp.a(maca.o)
                0x0040876c                data_cal3_seq1
 .rodata.addr_reg_rep
                0x00408778       0xac contiki-OrisenStamp.a(maca.o)
                0x00408778                addr_reg_rep
 .rodata.data_cal3_seq2
                0x00408824        0x8 contiki-OrisenStamp.a(maca.o)
                0x00408824                data_cal3_seq2
 .rodata.data_cal3_seq3
                0x0040882c        0x4 contiki-OrisenStamp.a(maca.o)
                0x0040882c                data_cal3_seq3
 .rodata        0x00408830      0x100 /home/user/CodeSourcery/Sourcery_G++_Lite/bin/../lib/gcc/arm-none-eabi/4.3.2/libgcc.a(_clz.o)
                0x00408830                __clz_tab

.ARM.exidx      0x00408930       0x10
 .ARM.exidx     0x00408930        0x8 /home/user/CodeSourcery/Sourcery_G++_Lite/bin/../lib/gcc/arm-none-eabi/4.3.2/libgcc.a(_divdi3.o)
 .ARM.exidx     0x00408938        0x8 /home/user/CodeSourcery/Sourcery_G++_Lite/bin/../lib/gcc/arm-none-eabi/4.3.2/libgcc.a(_udivdi3.o)

.rodata1
 *(.rodata1)

.eh_frame_hdr
 *(.eh_frame_hdr)

.eh_frame
 *(.eh_frame)

.gcc_except_table
 *(.gcc_except_table .gcc_except_table.*)
                0x00408940                . = ALIGN (0x4)
                0x00408940                . = (0x4 DATA_SEGMENT_ALIGN 0x4)

.eh_frame
 *(.eh_frame)

.gcc_except_table
 *(.gcc_except_table .gcc_except_table.*)

.tdata
 *(.tdata .tdata.* .gnu.linkonce.td.*)

.tbss
 *(.tbss .tbss.* .gnu.linkonce.tb.*)
 *(.tcommon)

.preinit_array  0x00408940        0x0
                0x00408940                PROVIDE (__preinit_array_start, .)
 *(.preinit_array)
                0x00408940                PROVIDE (__preinit_array_end, .)

.init_array     0x00408940        0x0
                0x00408940                PROVIDE (__init_array_start, .)
 *(SORT(.init_array.*))
 *(.init_array)
                0x00408940                PROVIDE (__init_array_end, .)

.fini_array     0x00408940        0x0
                0x00408940                PROVIDE (__fini_array_start, .)
 *(.fini_array)
 *(SORT(.fini_array.*))
                0x00408940                PROVIDE (__fini_array_end, .)

.ctors
 *crtbegin.o(.ctors)
 *crtbegin?.o(.ctors)
 *(EXCLUDE_FILE(*crtend?.o *crtend.o) .ctors)
 *(SORT(.ctors.*))
 *(.ctors)

.dtors
 *crtbegin.o(.dtors)
 *crtbegin?.o(.dtors)
 *(EXCLUDE_FILE(*crtend?.o *crtend.o) .dtors)
 *(SORT(.dtors.*))
 *(.dtors)

.jcr
 *(.jcr)

.data.rel.ro
 *(.data.rel.ro.local* .gnu.linkonce.d.rel.ro.local.*)
 *(.data.rel.ro* .gnu.linkonce.d.rel.ro.*)

.dynamic
 *(.dynamic)
                0x00408940                . = (. DATA_SEGMENT_RELRO_END 0x0)

.got
 *(.got.plt)
 *(.got)

.data           0x00408940      0x120
                0x00408940                __data_start = .
 *(.data .data.* .gnu.linkonce.d.*)
 .data.test_uart2_process
                0x00408940       0x10 sensorStamp.co
                0x00408940                test_uart2_process
 .data.example_abc_process
                0x00408950       0x10 sensorStamp.co
                0x00408950                example_abc_process
 .data.sensors  0x00408960        0x8 obj_OrisenStamp/contiki-stamp-main.o
                0x00408960                sensors
 .data.metadata_memb
                0x00408968        0xc contiki-OrisenStamp.a(csma.o)
 .data.neighbor_memb
                0x00408974        0xc contiki-OrisenStamp.a(csma.o)
 .data.packet_memb
                0x00408980        0xc contiki-OrisenStamp.a(csma.o)
 .data.serial_line_process
                0x0040898c       0x10 contiki-OrisenStamp.a(serial-line.o)
                0x0040898c                serial_line_process
 .data.etimer_process
                0x0040899c       0x10 contiki-OrisenStamp.a(etimer.o)
                0x0040899c                etimer_process
 .data.ctimer_process
                0x004089ac       0x10 contiki-OrisenStamp.a(ctimer.o)
                0x004089ac                ctimer_process
 .data.bufmem   0x004089bc        0xc contiki-OrisenStamp.a(queuebuf.o)
 .data.refbufmem
                0x004089c8        0xc contiki-OrisenStamp.a(queuebuf.o)
 .data.buframmem
                0x004089d4        0xc contiki-OrisenStamp.a(queuebuf.o)
 .data.sensors_process
                0x004089e0       0x10 contiki-OrisenStamp.a(sensors.o)
                0x004089e0                sensors_process
 .data.RTC_process
                0x004089f0       0x10 contiki-OrisenStamp.a(RTC.o)