Archive member included because of file (symbol)

contiki-OrisenStamp.a(rimeaddr.o)
                              obj_OrisenStamp/contiki-stamp-main.o (rimeaddr_copy)
contiki-OrisenStamp.a(rime.o)
                              obj_OrisenStamp/contiki-stamp-main.o (rime_driver)
contiki-OrisenStamp.a(rimestats.o)
                              contiki-OrisenStamp.a(rime.o) (rimestats)
contiki-OrisenStamp.a(announcement.o)
                              contiki-OrisenStamp.a(rime.o) (announcement_init)
contiki-OrisenStamp.a(broadcast-annou)
                              contiki-OrisenStamp.a(rime.o) (broadcast_announcement_init)
contiki-OrisenStamp.a(broadcast.o)
                              contiki-OrisenStamp.a(broadcast-annou) (broadcast_send)
contiki-OrisenStamp.a(abc.o)  contiki-OrisenStamp.a(rime.o) (abc_input)
contiki-OrisenStamp.a(chameleon.o)
                              contiki-OrisenStamp.a(rime.o) (chameleon_parse)
contiki-OrisenStamp.a(channel.o)
                              contiki-OrisenStamp.a(abc.o) (channel_close)
contiki-OrisenStamp.a(chameleon-bitop)
                              contiki-OrisenStamp.a(chameleon.o) (chameleon_bitopt)
contiki-OrisenStamp.a(nullrdc.o)
                              obj_OrisenStamp/contiki-stamp-main.o (nullrdc_driver)
contiki-OrisenStamp.a(mac.o)  contiki-OrisenStamp.a(nullrdc.o) (mac_call_sent_callback)
contiki-OrisenStamp.a(framer-802154.o)
                              contiki-OrisenStamp.a(nullrdc.o) (framer_802154)
contiki-OrisenStamp.a(csma.o)
                              obj_OrisenStamp/contiki-stamp-main.o (csma_driver)
contiki-OrisenStamp.a(process.o)
                              obj_OrisenStamp/contiki-stamp-main.o (process_init)
contiki-OrisenStamp.a(autostart.o)
                              obj_OrisenStamp/contiki-stamp-main.o (autostart_start)
contiki-OrisenStamp.a(serial-line.o)
                              obj_OrisenStamp/contiki-stamp-main.o (serial_line_init)
contiki-OrisenStamp.a(memb.o)
                              contiki-OrisenStamp.a(csma.o) (memb_alloc)
contiki-OrisenStamp.a(list.o)
                              contiki-OrisenStamp.a(announcement.o) (list_init)
contiki-OrisenStamp.a(etimer.o)
                              obj_OrisenStamp/contiki-stamp-main.o (etimer_process)
contiki-OrisenStamp.a(ctimer.o)
                              contiki-OrisenStamp.a(broadcast-annou) (ctimer_stop)
contiki-OrisenStamp.a(random.o)
                              contiki-OrisenStamp.a(broadcast-annou) (random_rand)
contiki-OrisenStamp.a(ringbuf.o)
                              contiki-OrisenStamp.a(serial-line.o) (ringbuf_init)
contiki-OrisenStamp.a(packetbuf.o)
                              contiki-OrisenStamp.a(chameleon-bitop) (packetbuf_hdrreduce)
contiki-OrisenStamp.a(queuebuf.o)
                              contiki-OrisenStamp.a(nullrdc.o) (queuebuf_to_packetbuf)
contiki-OrisenStamp.a(clock.o)
                              obj_OrisenStamp/contiki-stamp-main.o (clock_init)
contiki-OrisenStamp.a(button-sensor.o)
                              obj_OrisenStamp/contiki-stamp-main.o (button_sensor)
contiki-OrisenStamp.a(sensors.o)
                              contiki-OrisenStamp.a(button-sensor.o) (sensors_changed)
contiki-OrisenStamp.a(RTC.o)  obj_OrisenStamp/contiki-stamp-main.o (RTC_init)
contiki-OrisenStamp.a(kbi_events.o)
                              obj_OrisenStamp/contiki-stamp-main.o (kbi_event_process)
contiki-OrisenStamp.a(io-pins.o)
                              obj_OrisenStamp/contiki-stamp-main.o (ioPins_init)
contiki-OrisenStamp.a(contiki-crm.o)
                              obj_OrisenStamp/contiki-stamp-main.o (cal_ring_osc)
contiki-OrisenStamp.a(contiki-maca.o)
                              contiki-OrisenStamp.a(nullrdc.o) (contiki_maca_driver)
contiki-OrisenStamp.a(contiki-misc.o)
                              contiki-OrisenStamp.a(random.o) (srand)
contiki-OrisenStamp.a(leds.o)
                              sensorStamp.co (leds_off)
contiki-OrisenStamp.a(contiki-uart.o)
                              obj_OrisenStamp/contiki-stamp-main.o (uart1_set_input)
contiki-OrisenStamp.a(dbg-printf.o)
                              sensorStamp.co (printf)
contiki-OrisenStamp.a(dbg-sprintf.o)
                              sensorStamp.co (sprintf)
contiki-OrisenStamp.a(strformat.o)
                              contiki-OrisenStamp.a(dbg-printf.o) (format_str_v)
contiki-OrisenStamp.a(adc.o)  contiki-OrisenStamp.a(io-pins.o) (adc_service)
contiki-OrisenStamp.a(gpio.o)
                              contiki-OrisenStamp.a(button-sensor.o) (gpio_data_get)
contiki-OrisenStamp.a(gpio-util.o)
                              contiki-OrisenStamp.a(adc.o) (gpio_select_function)
contiki-OrisenStamp.a(i2c.o)  contiki-OrisenStamp.a(RTC.o) (i2c_transferred)
contiki-OrisenStamp.a(maca.o)
                              contiki-OrisenStamp.a(contiki-maca.o) (free_packet)
contiki-OrisenStamp.a(nvm.o)  obj_OrisenStamp/contiki-stamp-main.o (nvm_detect)
[...]
Memory Configuration

Name             Origin             Length             Attributes
ram              0x00400000         0x00018000         xrw
*default*        0x00000000         0xffffffff

Linker script and memory map

LOAD sensorStamp.co
LOAD obj_OrisenStamp/contiki-stamp-main.o
LOAD obj_OrisenStamp/start.o
LOAD contiki-OrisenStamp.a
LOAD contiki-OrisenStamp.a
START GROUP
LOAD /home/user/CodeSourcery/Sourcery_G++_Lite/bin/../lib/gcc/arm-none-eabi/4.3.2/libgcc.a
LOAD /home/user/CodeSourcery/Sourcery_G++_Lite/bin/../lib/gcc/arm-none-eabi/4.3.2/../../../../arm-none-eabi/lib/libc.a
END GROUP
                0x00000400                SYS_STACK_SIZE = 0x400
                0x00000100                IRQ_STACK_SIZE = 0x100
                0x00000100                FIQ_STACK_SIZE = 0x100
                0x00000100                SVC_STACK_SIZE = 0x100
                0x00000010                ABT_STACK_SIZE = 0x10
                0x00000010                UND_STACK_SIZE = 0x10
                0x00001000                HEAP_SIZE = 0x1000
                0x00400000                PROVIDE (__executable_start, 0x400000)
                0x00400000                . = 0x400000

.text           0x00400000     0x9008
 *(.start)
 .start         0x00400000      0x8b4 obj_OrisenStamp/start.o
                0x00400890                _bss_start
                0x00400894                _bss_end
                0x00400000                _start
 *(.irq)
 .irq           0x004008b4      0x214 contiki-OrisenStamp.a(isr.o)
                0x004008b4                irq
 *(.text .stub .text.* .gnu.linkonce.t.*)
 .text.process_thread_example_abc_process
                0x00400ac8      0x138 sensorStamp.co
 .text.abc_recv
                0x00400c00       0x54 sensorStamp.co
 .text.process_thread_test_uart2_process
                0x00400c54      0x178 sensorStamp.co
 .text.sd_card_switch_init
                0x00400dcc       0x44 obj_OrisenStamp/contiki-stamp-main.o
                0x00400dcc                sd_card_switch_init
                0x00400dd4                .real_start_ofsd_card_switch_init
 .text.kbi4_init
                0x00400e10       0x64 obj_OrisenStamp/contiki-stamp-main.o
                0x00400e18                .real_start_ofkbi4_init
                0x00400e10                kbi4_init
 .text.kbi5_init
                0x00400e74       0x68 obj_OrisenStamp/contiki-stamp-main.o
                0x00400e74                kbi5_init
                0x00400e7c                .real_start_ofkbi5_init
 .text.print_welcome
                0x00400edc       0x40 obj_OrisenStamp/contiki-stamp-main.o
                0x00400edc                print_welcome
                0x00400ee4                .real_start_ofprint_welcome
 .text.set_rimeaddr
                0x00400f1c      0x104 obj_OrisenStamp/contiki-stamp-main.o
                0x00400f1c                set_rimeaddr
                0x00400f24                .real_start_ofset_rimeaddr
 .text.stamp_init
                0x00401020       0xc4 obj_OrisenStamp/contiki-stamp-main.o
                0x00401028                .real_start_ofstamp_init
                0x00401020                stamp_init
 .text.init_lowlevel
                0x004010e4       0x60 obj_OrisenStamp/contiki-stamp-main.o
                0x004010e4                init_lowlevel
                0x004010ec                .real_start_ofinit_lowlevel
 .text.main     0x00401144      0x1e0 obj_OrisenStamp/contiki-stamp-main.o
                0x0040114c                .real_start_ofmain
                0x00401144                main
 .text.rimeaddr_copy
                0x00401324       0x1c contiki-OrisenStamp.a(rimeaddr.o)
                0x00401324                rimeaddr_copy
                0x0040132c                .real_start_ofrimeaddr_copy
 .text.rimeaddr_cmp
                0x00401340       0x2c contiki-OrisenStamp.a(rimeaddr.o)
                0x00401348                .real_start_ofrimeaddr_cmp
                0x00401340                rimeaddr_cmp
 .text.rimeaddr_set_node_addr
                0x0040136c       0x28 contiki-OrisenStamp.a(rimeaddr.o)
                0x0040136c                rimeaddr_set_node_addr
                0x00401374                .real_start_ofrimeaddr_set_node_addr
 .text.input    0x00401394       0x60 contiki-OrisenStamp.a(rime.o)
 .text.init     0x004013f4       0x50 contiki-OrisenStamp.a(rime.o)
 .text.rime_output
                0x00401444       0x50 contiki-OrisenStamp.a(rime.o)
                0x0040144c                .real_start_ofrime_output
                0x00401444                rime_output
 .text.packet_sent
                0x00401494       0x50 contiki-OrisenStamp.a(rime.o)
 .text.announcement_register_observer_callback
                0x004014e4       0x14 contiki-OrisenStamp.a(announcement.o)
                0x004014e4                announcement_register_observer_callback
                0x004014ec                .real_start_ofannouncement_register_observer_callback
 .text.announcement_list
                0x004014f8       0x24 contiki-OrisenStamp.a(announcement.o)
                0x00401500                .real_start_ofannouncement_list
                0x004014f8                announcement_list
 .text.announcement_heard
                0x0040151c       0x50 contiki-OrisenStamp.a(announcement.o)
                0x0040151c                announcement_heard
                0x00401524                .real_start_ofannouncement_heard
 .text.announcement_init
                0x0040156c       0x24 contiki-OrisenStamp.a(announcement.o)
                0x00401574                .real_start_ofannouncement_init
                0x0040156c                announcement_init
 .text.adv_packet_sent
                0x00401590        0x4 contiki-OrisenStamp.a(broadcast-annou)
 .text.broadcast_announcement_init
                0x00401594       0x54 contiki-OrisenStamp.a(broadcast-annou)
                0x0040159c                .real_start_ofbroadcast_announcement_init
                0x00401594                broadcast_announcement_init
 .text.adv_packet_received
                0x004015e8       0x7c contiki-OrisenStamp.a(broadcast-annou)
 .text.set_timers
                0x00401664       0x54 contiki-OrisenStamp.a(broadcast-annou)
 .text.new_announcement
                0x004016b8       0x28 contiki-OrisenStamp.a(broadcast-annou)
 .text.send_timer
                0x004016e0       0x2c contiki-OrisenStamp.a(broadcast-annou)
 .text.send_adv
                0x0040170c       0x8c contiki-OrisenStamp.a(broadcast-annou)
 .text.sent_by_abc
                0x00401798       0x18 contiki-OrisenStamp.a(broadcast.o)
 .text.broadcast_send
                0x004017b0       0x38 contiki-OrisenStamp.a(broadcast.o)
                0x004017b0                broadcast_send
                0x004017b8                .real_start_ofbroadcast_send
 .text.recv_from_abc
                0x004017e8       0x30 contiki-OrisenStamp.a(broadcast.o)
 .text.broadcast_open
                0x00401818       0x40 contiki-OrisenStamp.a(broadcast.o)
                0x00401818                broadcast_open
                0x00401820                .real_start_ofbroadcast_open
 .text.abc_input
                0x00401858       0x1c contiki-OrisenStamp.a(abc.o)
                0x00401858                abc_input
                0x00401860                .real_start_ofabc_input
 .text.abc_sent
                0x00401874       0x20 contiki-OrisenStamp.a(abc.o)
                0x00401874                abc_sent
                0x0040187c                .real_start_ofabc_sent
 .text.abc_send
                0x00401894       0x20 contiki-OrisenStamp.a(abc.o)
                0x00401894                abc_send
                0x0040189c                .real_start_ofabc_send
 .text.abc_close
                0x004018b4       0x20 contiki-OrisenStamp.a(abc.o)
                0x004018bc                .real_start_ofabc_close
                0x004018b4                abc_close
 .text.abc_open
                0x004018d4       0x38 contiki-OrisenStamp.a(abc.o)
                0x004018d4                abc_open
                0x004018dc                .real_start_ofabc_open
 .text.packetbuf_set_attr
                0x0040190c       0x10 contiki-OrisenStamp.a(chameleon.o)
 .text.chameleon_parse
                0x0040191c       0x38 contiki-OrisenStamp.a(chameleon.o)
                0x0040191c                chameleon_parse
                0x00401924                .real_start_ofchameleon_parse
 .text.chameleon_create
                0x00401954       0x38 contiki-OrisenStamp.a(chameleon.o)
                0x00401954                chameleon_create
                0x0040195c                .real_start_ofchameleon_create
 .text.chameleon_hdrsize
                0x0040198c       0x20 contiki-OrisenStamp.a(chameleon.o)
                0x0040198c                chameleon_hdrsize
                0x00401994                .real_start_ofchameleon_hdrsize
 .text.chameleon_init
                0x004019ac       0x20 contiki-OrisenStamp.a(chameleon.o)
                0x004019ac                chameleon_init
                0x004019b4                .real_start_ofchameleon_init
 .text.channel_lookup
                0x004019cc       0x38 contiki-OrisenStamp.a(channel.o)
                0x004019cc                channel_lookup
                0x004019d4                .real_start_ofchannel_lookup
 .text.channel_close
                0x00401a04       0x28 contiki-OrisenStamp.a(channel.o)
                0x00401a0c                .real_start_ofchannel_close
                0x00401a04                channel_close
 .text.channel_open
                0x00401a2c       0x2c contiki-OrisenStamp.a(channel.o)
                0x00401a2c                channel_open
                0x00401a34                .real_start_ofchannel_open
 .text.channel_set_attributes
                0x00401a58       0x38 contiki-OrisenStamp.a(channel.o)
                0x00401a58                channel_set_attributes
                0x00401a60                .real_start_ofchannel_set_attributes
 .text.channel_init
                0x00401a90       0x24 contiki-OrisenStamp.a(channel.o)
                0x00401a98                .real_start_ofchannel_init
                0x00401a90                channel_init
 .text.get_bits_in_byte
                0x00401ab4       0x2c contiki-OrisenStamp.a(chameleon-bitop)
                0x00401ab4                get_bits_in_byte
                0x00401abc                .real_start_ofget_bits_in_byte
 .text.get_bits
                0x00401ae0       0x9c contiki-OrisenStamp.a(chameleon-bitop)
                0x00401ae8                .real_start_ofget_bits
                0x00401ae0                get_bits
 .text.header_size
                0x00401b7c       0x18 contiki-OrisenStamp.a(chameleon-bitop)
 .text.set_bits_in_byte
                0x00401b94       0x2c contiki-OrisenStamp.a(chameleon-bitop)
                0x00401b9c                .real_start_ofset_bits_in_byte
                0x00401b94                set_bits_in_byte
 .text.set_bits
                0x00401bc0       0xa8 contiki-OrisenStamp.a(chameleon-bitop)
                0x00401bc0                set_bits
                0x00401bc8                .real_start_ofset_bits
 .text.pack_header
                0x00401c68       0xb8 contiki-OrisenStamp.a(chameleon-bitop)
 .text.unpack_header
                0x00401d20       0xec contiki-OrisenStamp.a(chameleon-bitop)
 .text.packetbuf_addr
                0x00401e0c       0x10 contiki-OrisenStamp.a(nullrdc.o)
 .text.on       0x00401e1c       0x18 contiki-OrisenStamp.a(nullrdc.o)
 .text.off      0x00401e34       0x20 contiki-OrisenStamp.a(nullrdc.o)
 .text.channel_check_interval
                0x00401e54        0x4 contiki-OrisenStamp.a(nullrdc.o)
 .text.init     0x00401e58       0x18 contiki-OrisenStamp.a(nullrdc.o)
 .text.packet_input
                0x00401e70       0x60 contiki-OrisenStamp.a(nullrdc.o)
 .text.send_packet
                0x00401ed0       0x90 contiki-OrisenStamp.a(nullrdc.o)
 .text.send_list
                0x00401f60       0x30 contiki-OrisenStamp.a(nullrdc.o)
 .text.mac_call_sent_callback
                0x00401f90       0x24 contiki-OrisenStamp.a(mac.o)
                0x00401f98                .real_start_ofmac_call_sent_callback
                0x00401f90                mac_call_sent_callback
 .text.packetbuf_set_attr
                0x00401fb4       0x10 contiki-OrisenStamp.a(framer-802154.o)
 .text.packetbuf_addr
                0x00401fc4       0x10 contiki-OrisenStamp.a(framer-802154.o)
 .text.packetbuf_set_addr
                0x00401fd4       0x28 contiki-OrisenStamp.a(framer-802154.o)
 .text.parse    0x00401ffc       0xc8 contiki-OrisenStamp.a(framer-802154.o)
 .text.create   0x004020c4      0x15c contiki-OrisenStamp.a(framer-802154.o)
 .text.packetbuf_addr
                0x00402220       0x10 contiki-OrisenStamp.a(csma.o)
 .text.default_timebase
                0x00402230       0x20 contiki-OrisenStamp.a(csma.o)
 .text.input_packet
                0x00402250       0x18 contiki-OrisenStamp.a(csma.o)
 .text.on       0x00402268       0x18 contiki-OrisenStamp.a(csma.o)
 .text.off      0x00402280       0x18 contiki-OrisenStamp.a(csma.o)
 .text.channel_check_interval
                0x00402298       0x20 contiki-OrisenStamp.a(csma.o)
 .text.transmit_packet_list
                0x004022b8       0x38 contiki-OrisenStamp.a(csma.o)
 .text.send_packet
                0x004022f0      0x1cc contiki-OrisenStamp.a(csma.o)
 .text.free_first_packet
                0x004024bc       0xc4 contiki-OrisenStamp.a(csma.o)
 .text.packet_sent
                0x00402580       0xf0 contiki-OrisenStamp.a(csma.o)
 .text.init     0x00402670       0x30 contiki-OrisenStamp.a(csma.o)
 .text.process_alloc_event
                0x004026a0       0x18 contiki-OrisenStamp.a(process.o)
                0x004026a8                .real_start_ofprocess_alloc_event
                0x004026a0                process_alloc_event
 .text.process_init
                0x004026b8       0x40 contiki-OrisenStamp.a(process.o)
                0x004026b8                process_init
                0x004026c0                .real_start_ofprocess_init
 .text.process_post
                0x004026f8       0x68 contiki-OrisenStamp.a(process.o)
                0x004026f8                process_post
                0x00402700                .real_start_ofprocess_post
 .text.process_poll
                0x00402760       0x2c contiki-OrisenStamp.a(process.o)
                0x00402760                process_poll
                0x00402768                .real_start_ofprocess_poll
 .text.process_is_running
                0x0040278c       0x10 contiki-OrisenStamp.a(process.o)
                0x0040278c                process_is_running
                0x00402794                .real_start_ofprocess_is_running
 .text.exit_process
                0x0040279c       0xa4 contiki-OrisenStamp.a(process.o)
 .text.call_process
                0x00402840       0x50 contiki-OrisenStamp.a(process.o)
 .text.process_post_synch
                0x00402890       0x28 contiki-OrisenStamp.a(process.o)
                0x00402898                .real_start_ofprocess_post_synch
                0x00402890                process_post_synch
 .text.process_start
                0x004028b8       0x44 contiki-OrisenStamp.a(process.o)
                0x004028c0                .real_start_ofprocess_start
                0x004028b8                process_start
 .text.do_poll  0x004028fc       0x44 contiki-OrisenStamp.a(process.o)
 .text.process_run
                0x00402940       0xdc contiki-OrisenStamp.a(process.o)
                0x00402948                .real_start_ofprocess_run
                0x00402940                process_run
 .text.autostart_start
                0x00402a1c       0x2c contiki-OrisenStamp.a(autostart.o)
                0x00402a24                .real_start_ofautostart_start
                0x00402a1c                autostart_start
 .text.process_thread_serial_line_process
                0x00402a48       0xb4 contiki-OrisenStamp.a(serial-line.o)
 .text.serial_line_init
                0x00402afc       0x40 contiki-OrisenStamp.a(serial-line.o)
                0x00402b04                .real_start_ofserial_line_init
                0x00402afc                serial_line_init
 .text.serial_line_input_byte
                0x00402b3c       0x68 contiki-OrisenStamp.a(serial-line.o)
                0x00402b44                .real_start_ofserial_line_input_byte
                0x00402b3c                serial_line_input_byte
 .text.memb_alloc
                0x00402ba4       0x38 contiki-OrisenStamp.a(memb.o)
                0x00402bac                .real_start_ofmemb_alloc
                0x00402ba4                memb_alloc
 .text.memb_free
                0x00402bdc       0x40 contiki-OrisenStamp.a(memb.o)
                0x00402bdc                memb_free
                0x00402be4                .real_start_ofmemb_free
 .text.memb_inmemb
                0x00402c1c       0x34 contiki-OrisenStamp.a(memb.o)
                0x00402c24                .real_start_ofmemb_inmemb
                0x00402c1c                memb_inmemb
 .text.memb_init
                0x00402c50       0x34 contiki-OrisenStamp.a(memb.o)
                0x00402c58                .real_start_ofmemb_init
                0x00402c50                memb_init
 .text.list_init
                0x00402c84       0x10 contiki-OrisenStamp.a(list.o)
                0x00402c8c                .real_start_oflist_init
                0x00402c84                list_init
 .text.list_head
                0x00402c94        0xc contiki-OrisenStamp.a(list.o)
                0x00402c94                list_head
                0x00402c9c                .real_start_oflist_head
 .text.list_tail
                0x00402ca0       0x20 contiki-OrisenStamp.a(list.o)
                0x00402ca0                list_tail
                0x00402ca8                .real_start_oflist_tail
 .text.list_pop
                0x00402cc0       0x1c contiki-OrisenStamp.a(list.o)
                0x00402cc8                .real_start_oflist_pop
                0x00402cc0                list_pop
 .text.list_remove
                0x00402cdc       0x38 contiki-OrisenStamp.a(list.o)
                0x00402ce4                .real_start_oflist_remove
                0x00402cdc                list_remove
 .text.list_push
                0x00402d14       0x28 contiki-OrisenStamp.a(list.o)
                0x00402d14                list_push
                0x00402d1c                .real_start_oflist_push
 .text.list_add
                0x00402d3c       0x3c contiki-OrisenStamp.a(list.o)
                0x00402d3c                list_add
                0x00402d44                .real_start_oflist_add
 .text.list_length
                0x00402d78       0x1c contiki-OrisenStamp.a(list.o)
                0x00402d78                list_length
                0x00402d80                .real_start_oflist_length
 .text.list_item_next
                0x00402d94       0x14 contiki-OrisenStamp.a(list.o)
                0x00402d94                list_item_next
                0x00402d9c                .real_start_oflist_item_next
 .text.etimer_pending
                0x00402da8       0x18 contiki-OrisenStamp.a(etimer.o)
                0x00402da8                etimer_pending
                0x00402db0                .real_start_ofetimer_pending
 .text.etimer_next_expiration_time
                0x00402dc0       0x2c contiki-OrisenStamp.a(etimer.o)
                0x00402dc0                etimer_next_expiration_time
                0x00402dc8                .real_start_ofetimer_next_expiration_time
 .text.update_time
                0x00402dec       0x54 contiki-OrisenStamp.a(etimer.o)
 .text.etimer_stop
                0x00402e40       0x4c contiki-OrisenStamp.a(etimer.o)
                0x00402e40                etimer_stop
                0x00402e48                .real_start_ofetimer_stop
 .text.etimer_request_poll
                0x00402e8c       0x24 contiki-OrisenStamp.a(etimer.o)
                0x00402e94                .real_start_ofetimer_request_poll
                0x00402e8c                etimer_request_poll
 .text.process_thread_etimer_process
                0x00402eb0       0xc8 contiki-OrisenStamp.a(etimer.o)
 .text.add_timer
                0x00402f78       0x50 contiki-OrisenStamp.a(etimer.o)
 .text.etimer_set
                0x00402fc8       0x2c contiki-OrisenStamp.a(etimer.o)
                0x00402fc8                etimer_set
                0x00402fd0                .real_start_ofetimer_set
 .text.process_thread_ctimer_process
                0x00402ff4       0xa8 contiki-OrisenStamp.a(ctimer.o)
 .text.ctimer_stop
                0x0040309c       0x48 contiki-OrisenStamp.a(ctimer.o)
                0x004030a4                .real_start_ofctimer_stop
                0x0040309c                ctimer_stop
 .text.ctimer_set
                0x004030e4       0x74 contiki-OrisenStamp.a(ctimer.o)
                0x004030e4                ctimer_set
                0x004030ec                .real_start_ofctimer_set
 .text.ctimer_init
                0x00403158       0x40 contiki-OrisenStamp.a(ctimer.o)
                0x00403160                .real_start_ofctimer_init
                0x00403158                ctimer_init
 .text.random_rand
                0x00403198       0x24 contiki-OrisenStamp.a(random.o)
                0x00403198                random_rand
                0x004031a0                .real_start_ofrandom_rand
 .text.ringbuf_init
                0x004031bc       0x18 contiki-OrisenStamp.a(ringbuf.o)
                0x004031bc                ringbuf_init
                0x004031c4                .real_start_ofringbuf_init
 .text.ringbuf_put
                0x004031d4       0x34 contiki-OrisenStamp.a(ringbuf.o)
                0x004031d4                ringbuf_put
                0x004031dc                .real_start_ofringbuf_put
 .text.ringbuf_get
                0x00403208       0x30 contiki-OrisenStamp.a(ringbuf.o)
                0x00403208                ringbuf_get
                0x00403210                .real_start_ofringbuf_get
 .text.packetbuf_hdrreduce
                0x00403238       0x38 contiki-OrisenStamp.a(packetbuf.o)
                0x00403240                .real_start_ofpacketbuf_hdrreduce
                0x00403238                packetbuf_hdrreduce
 .text.packetbuf_set_datalen
                0x00403270       0x14 contiki-OrisenStamp.a(packetbuf.o)
                0x00403270                packetbuf_set_datalen
                0x00403278                .real_start_ofpacketbuf_set_datalen
 .text.packetbuf_dataptr
                0x00403284       0x20 contiki-OrisenStamp.a(packetbuf.o)
                0x0040328c                .real_start_ofpacketbuf_dataptr
                0x00403284                packetbuf_dataptr
 .text.packetbuf_hdrptr
                0x004032a4       0x1c contiki-OrisenStamp.a(packetbuf.o)
                0x004032a4                packetbuf_hdrptr
                0x004032ac                .real_start_ofpacketbuf_hdrptr
 .text.packetbuf_is_reference
                0x004032c0       0x24 contiki-OrisenStamp.a(packetbuf.o)
                0x004032c0                packetbuf_is_reference
                0x004032c8                .real_start_ofpacketbuf_is_reference
 .text.packetbuf_reference_ptr
                0x004032e4       0x14 contiki-OrisenStamp.a(packetbuf.o)
                0x004032e4                packetbuf_reference_ptr
                0x004032ec                .real_start_ofpacketbuf_reference_ptr
 .text.packetbuf_datalen
                0x004032f8       0x14 contiki-OrisenStamp.a(packetbuf.o)
                0x004032f8                packetbuf_datalen
                0x00403300                .real_start_ofpacketbuf_datalen
 .text.packetbuf_hdrlen
                0x0040330c       0x1c contiki-OrisenStamp.a(packetbuf.o)
                0x0040330c                packetbuf_hdrlen
                0x00403314                .real_start_ofpacketbuf_hdrlen
 .text.packetbuf_totlen
                0x00403328       0x2c contiki-OrisenStamp.a(packetbuf.o)
                0x00403328                packetbuf_totlen
                0x00403330                .real_start_ofpacketbuf_totlen
 .text.packetbuf_hdralloc
                0x00403354       0x3c contiki-OrisenStamp.a(packetbuf.o)
                0x0040335c                .real_start_ofpacketbuf_hdralloc
                0x00403354                packetbuf_hdralloc
 .text.packetbuf_attr_copyfrom
                0x00403390       0x3c contiki-OrisenStamp.a(packetbuf.o)
                0x00403390                packetbuf_attr_copyfrom
                0x00403398                .real_start_ofpacketbuf_attr_copyfrom
 .text.packetbuf_attr_copyto
                0x004033cc       0x38 contiki-OrisenStamp.a(packetbuf.o)
                0x004033cc                packetbuf_attr_copyto
                0x004033d4                .real_start_ofpacketbuf_attr_copyto
 .text.packetbuf_copyto
                0x00403404       0x74 contiki-OrisenStamp.a(packetbuf.o)
                0x00403404                packetbuf_copyto
                0x0040340c                .real_start_ofpacketbuf_copyto
 .text.packetbuf_copyto_hdr
                0x00403478       0x3c contiki-OrisenStamp.a(packetbuf.o)
                0x00403478                packetbuf_copyto_hdr
                0x00403480                .real_start_ofpacketbuf_copyto_hdr
 .text.packetbuf_compact
                0x004034b4       0x7c contiki-OrisenStamp.a(packetbuf.o)
                0x004034bc                .real_start_ofpacketbuf_compact
                0x004034b4                packetbuf_compact
 .text.packetbuf_attr_clear
                0x00403530       0x60 contiki-OrisenStamp.a(packetbuf.o)
                0x00403538                .real_start_ofpacketbuf_attr_clear
                0x00403530                packetbuf_attr_clear
 .text.packetbuf_clear
                0x00403590       0x4c contiki-OrisenStamp.a(packetbuf.o)
                0x00403598                .real_start_ofpacketbuf_clear
                0x00403590                packetbuf_clear
 .text.packetbuf_copyfrom
                0x004035dc       0x50 contiki-OrisenStamp.a(packetbuf.o)
                0x004035dc                packetbuf_copyfrom
                0x004035e4                .real_start_ofpacketbuf_copyfrom
 .text.queuebuf_to_packetbuf
                0x0040362c       0xa0 contiki-OrisenStamp.a(queuebuf.o)
                0x00403634                .real_start_ofqueuebuf_to_packetbuf
                0x0040362c                queuebuf_to_packetbuf
 .text.queuebuf_free
                0x004036cc       0x6c contiki-OrisenStamp.a(queuebuf.o)
                0x004036cc                queuebuf_free
                0x004036d4                .real_start_ofqueuebuf_free
 .text.queuebuf_update_attr_from_packetbuf
                0x00403738       0x28 contiki-OrisenStamp.a(queuebuf.o)
                0x00403738                queuebuf_update_attr_from_packetbuf
                0x00403740                .real_start_ofqueuebuf_update_attr_from_packetbuf
 .text.queuebuf_new_from_packetbuf
                0x00403760       0xb0 contiki-OrisenStamp.a(queuebuf.o)
                0x00403760                queuebuf_new_from_packetbuf
                0x00403768                .real_start_ofqueuebuf_new_from_packetbuf
 .text.queuebuf_init
                0x00403810       0x38 contiki-OrisenStamp.a(queuebuf.o)
                0x00403810                queuebuf_init
                0x00403818                .real_start_ofqueuebuf_init
 .text.clock_init
                0x00403848       0x50 contiki-OrisenStamp.a(clock.o)
                0x00403848                clock_init
                0x00403850                .real_start_ofclock_init
 .text.clock_time
                0x00403898       0x14 contiki-OrisenStamp.a(clock.o)
                0x004038a0                .real_start_ofclock_time
                0x00403898                clock_time
 .text.clock_seconds
                0x004038ac       0x14 contiki-OrisenStamp.a(clock.o)
                0x004038ac                clock_seconds
                0x004038b4                .real_start_ofclock_seconds
 .text.clock_delay_usec
                0x004038c0       0x44 contiki-OrisenStamp.a(clock.o)
                0x004038c0                clock_delay_usec
                0x004038c8                .real_start_ofclock_delay_usec
 .text.clock_delay_msec
                0x00403904       0x30 contiki-OrisenStamp.a(clock.o)
                0x00403904                clock_delay_msec
                0x0040390c                .real_start_ofclock_delay_msec
 .text.tmr0_isr
                0x00403934       0xa0 contiki-OrisenStamp.a(clock.o)
                0x0040393c                .real_start_oftmr0_isr
                0x00403934                tmr0_isr
 .text.status   0x004039d4       0x1c contiki-OrisenStamp.a(button-sensor.o)
 .text.configure
                0x004039f0       0x4c contiki-OrisenStamp.a(button-sensor.o)
 *fill*         0x00403a3c        0x4 00000000
 .text.value    0x00403a40       0x30 contiki-OrisenStamp.a(button-sensor.o)
 .text.kbi4_isr
                0x00403a70       0x34 contiki-OrisenStamp.a(button-sensor.o)
                0x00403a70                kbi4_isr
                0x00403a78                .real_start_ofkbi4_isr
 .text.get_sensor_index
                0x00403aa4       0x28 contiki-OrisenStamp.a(sensors.o)
 .text.process_thread_sensors_process
                0x00403acc       0xec contiki-OrisenStamp.a(sensors.o)
 .text.sensors_changed
                0x00403bb8       0x40 contiki-OrisenStamp.a(sensors.o)
                0x00403bc0                .real_start_ofsensors_changed
                0x00403bb8                sensors_changed
 .text.M41T62_writeRegN
                0x00403bf8       0x30 contiki-OrisenStamp.a(RTC.o)
                0x00403c00                .real_start_ofM41T62_writeRegN
                0x00403bf8                M41T62_writeRegN
 .text.M41T62_writeReg
                0x00403c28       0x58 contiki-OrisenStamp.a(RTC.o)
                0x00403c30                .real_start_ofM41T62_writeReg
                0x00403c28                M41T62_writeReg
 .text.M41T62_readRegN
                0x00403c80       0x58 contiki-OrisenStamp.a(RTC.o)
                0x00403c80                M41T62_readRegN
                0x00403c88                .real_start_ofM41T62_readRegN
 .text.RTC_resetRegisters
                0x00403cd8       0x74 contiki-OrisenStamp.a(RTC.o)
                0x00403ce0                .real_start_ofRTC_resetRegisters
                0x00403cd8                RTC_resetRegisters
 .text.M41T62_readReg
                0x00403d4c       0x58 contiki-OrisenStamp.a(RTC.o)
                0x00403d4c                M41T62_readReg
                0x00403d54                .real_start_ofM41T62_readReg
 .text.process_thread_RTC_process
                0x00403da4       0x7c contiki-OrisenStamp.a(RTC.o)
 .text.RTC_start
                0x00403e20       0x40 contiki-OrisenStamp.a(RTC.o)
                0x00403e20                RTC_start
                0x00403e28                .real_start_ofRTC_start
 .text.RTC_stop
                0x00403e60       0x44 contiki-OrisenStamp.a(RTC.o)
                0x00403e68                .real_start_ofRTC_stop
                0x00403e60                RTC_stop
 .text.kbi5_isr
                0x00403ea4       0x34 contiki-OrisenStamp.a(RTC.o)
                0x00403ea4                kbi5_isr
                0x00403eac                .real_start_ofkbi5_isr
 .text.RTC_init
                0x00403ed8       0xc0 contiki-OrisenStamp.a(RTC.o)
                0x00403ed8                RTC_init
                0x00403ee0                .real_start_ofRTC_init
 .text.kbi_event_init
                0x00403f98       0xcc contiki-OrisenStamp.a(kbi_events.o)
                0x00403f98                kbi_event_init
                0x00403fa0                .real_start_ofkbi_event_init
 .text.process_thread_kbi_event_process
                0x00404064       0xa4 contiki-OrisenStamp.a(kbi_events.o)
 .text.kbi7_isr
                0x00404108       0x3c contiki-OrisenStamp.a(kbi_events.o)
                0x00404108                kbi7_isr
                0x00404110                .real_start_ofkbi7_isr
 .text.kbi6_isr
                0x00404144       0x3c contiki-OrisenStamp.a(kbi_events.o)
                0x0040414c                .real_start_ofkbi6_isr
                0x00404144                kbi6_isr
 .text.ioPins_configurePin
                0x00404180      0x5d4 contiki-OrisenStamp.a(io-pins.o)
                0x00404188                .real_start_ofioPins_configurePin
                0x00404180                ioPins_configurePin
 .text.ioPins_init
                0x00404754       0x78 contiki-OrisenStamp.a(io-pins.o)
                0x00404754                ioPins_init
                0x0040475c                .real_start_ofioPins_init
 .text.cal_ring_osc
                0x004047cc       0x6c contiki-OrisenStamp.a(contiki-crm.o)
                0x004047cc                cal_ring_osc
                0x004047d4                .real_start_ofcal_ring_osc
 .text.packetbuf_set_attr
                0x00404838       0x10 contiki-OrisenStamp.a(contiki-maca.o)
 .text.contiki_maca_init
                0x00404848        0xc contiki-OrisenStamp.a(contiki-maca.o)
                0x00404850                .real_start_ofcontiki_maca_init
                0x00404848                contiki_maca_init
 .text.contiki_maca_channel_clear
                0x00404854        0xc contiki-OrisenStamp.a(contiki-maca.o)
                0x0040485c                .real_start_ofcontiki_maca_channel_clear
                0x00404854                contiki_maca_channel_clear
 .text.contiki_maca_receiving_packet
                0x00404860        0xc contiki-OrisenStamp.a(contiki-maca.o)
                0x00404860                contiki_maca_receiving_packet
                0x00404868                .real_start_ofcontiki_maca_receiving_packet
 .text.contiki_maca_pending_packet
                0x0040486c       0x18 contiki-OrisenStamp.a(contiki-maca.o)
                0x00404874                .real_start_ofcontiki_maca_pending_packet
                0x0040486c                contiki_maca_pending_packet
 .text.contiki_maca_on_request
                0x00404884       0x20 contiki-OrisenStamp.a(contiki-maca.o)
                0x0040488c                .real_start_ofcontiki_maca_on_request
                0x00404884                contiki_maca_on_request
 .text.contiki_maca_off_request
                0x004048a4       0x20 contiki-OrisenStamp.a(contiki-maca.o)
                0x004048a4                contiki_maca_off_request
                0x004048ac                .real_start_ofcontiki_maca_off_request
 .text.maca_rx_callback
                0x004048c4       0x24 contiki-OrisenStamp.a(contiki-maca.o)
                0x004048c4                maca_rx_callback
                0x004048cc                .real_start_ofmaca_rx_callback
 .text.contiki_maca_prepare
                0x004048e8       0x44 contiki-OrisenStamp.a(contiki-maca.o)
                0x004048f0                .real_start_ofcontiki_maca_prepare
                0x004048e8                contiki_maca_prepare
 .text.contiki_maca_transmit
                0x0040492c       0x58 contiki-OrisenStamp.a(contiki-maca.o)
                0x0040492c                contiki_maca_transmit
                0x00404934                .real_start_ofcontiki_maca_transmit
 .text.contiki_maca_send
                0x00404984       0x4c contiki-OrisenStamp.a(contiki-maca.o)
                0x0040498c                .real_start_ofcontiki_maca_send
                0x00404984                contiki_maca_send
 .text.contiki_maca_read
                0x004049d0       0x74 contiki-OrisenStamp.a(contiki-maca.o)
                0x004049d8                .real_start_ofcontiki_maca_read
                0x004049d0                contiki_maca_read
 .text.process_thread_contiki_maca_process
                0x00404a44       0xb4 contiki-OrisenStamp.a(contiki-maca.o)
 .text.rand     0x00404af8       0x14 contiki-OrisenStamp.a(contiki-misc.o)
                0x00404af8                rand
                0x00404b00                .real_start_ofrand
 .text._sbrk    0x00404b0c       0x40 contiki-OrisenStamp.a(contiki-misc.o)
                0x00404b0c                _sbrk
                0x00404b14                .real_start_of_sbrk
 .text.show_leds
                0x00404b4c       0x28 contiki-OrisenStamp.a(leds.o)
 .text.leds_off
                0x00404b74       0x30 contiki-OrisenStamp.a(leds.o)
                0x00404b74                leds_off
                0x00404b7c                .real_start_ofleds_off
 .text.leds_on  0x00404ba4       0x30 contiki-OrisenStamp.a(leds.o)
                0x00404ba4                leds_on
                0x00404bac                .real_start_ofleds_on
 .text.leds_init
                0x00404bd4       0x30 contiki-OrisenStamp.a(leds.o)
                0x00404bdc                .real_start_ofleds_init
                0x00404bd4                leds_init
 .text.uart1_set_input
                0x00404c04       0x14 contiki-OrisenStamp.a(contiki-uart.o)
                0x00404c0c                .real_start_ofuart1_set_input
                0x00404c04                uart1_set_input
 .text.printf   0x00404c18       0x34 contiki-OrisenStamp.a(dbg-printf.o)
                0x00404c18                printf
                0x00404c20                .real_start_ofprintf
 .text.write_str
                0x00404c4c       0x20 contiki-OrisenStamp.a(dbg-printf.o)
 .text.sprintf  0x00404c6c       0x44 contiki-OrisenStamp.a(dbg-sprintf.o)
                0x00404c74                .real_start_ofsprintf
                0x00404c6c                sprintf
 .text.buffer_str
                0x00404cb0       0x24 contiki-OrisenStamp.a(dbg-sprintf.o)
 .text.parse_uint
                0x00404cd4       0x28 contiki-OrisenStamp.a(strformat.o)
 .text.output_uint_hex
                0x00404cfc       0x48 contiki-OrisenStamp.a(strformat.o)
 .text.fill_space
                0x00404d44       0x40 contiki-OrisenStamp.a(strformat.o)
 .text.format_str_v
                0x00404d84      0x760 contiki-OrisenStamp.a(strformat.o)
                0x00404d84                format_str_v
                0x00404d8c                .real_start_offormat_str_v
 .text.adc_init
                0x004054e4       0x8c contiki-OrisenStamp.a(adc.o)
                0x004054ec                .real_start_ofadc_init
                0x004054e4                adc_init
 .text.gpio_data_get
                0x00405570       0x34 contiki-OrisenStamp.a(gpio.o)
                0x00405570                gpio_data_get
                0x00405578                .real_start_ofgpio_data_get
 .text.gpio_select_function
                0x004055a4       0x30 contiki-OrisenStamp.a(gpio-util.o)
                0x004055ac                .real_start_ofgpio_select_function
                0x004055a4                gpio_select_function
 .text.gpio_reg_set
                0x004055d4       0x20 contiki-OrisenStamp.a(gpio-util.o)
                0x004055d4                gpio_reg_set
                0x004055dc                .real_start_ofgpio_reg_set
 .text.gpio_reg_clear
                0x004055f4       0x20 contiki-OrisenStamp.a(gpio-util.o)
                0x004055fc                .real_start_ofgpio_reg_clear
                0x004055f4                gpio_reg_clear
 .text.gpio_set_pad_dir
                0x00405614       0x44 contiki-OrisenStamp.a(gpio-util.o)
                0x00405614                gpio_set_pad_dir
                0x0040561c                .real_start_ofgpio_set_pad_dir
 .text.i2c_force_reset
                0x00405658       0x24 contiki-OrisenStamp.a(i2c.o)
                0x00405660                .real_start_ofi2c_force_reset
                0x00405658                i2c_force_reset
 .text.i2c_busy
                0x0040567c       0x1c contiki-OrisenStamp.a(i2c.o)
                0x0040567c                i2c_busy
                0x00405684                .real_start_ofi2c_busy
 .text.i2c_transferred
                0x00405698       0x50 contiki-OrisenStamp.a(i2c.o)
                0x00405698                i2c_transferred
                0x004056a0                .real_start_ofi2c_transferred
 .text.i2c_enable
                0x004056e8       0x64 contiki-OrisenStamp.a(i2c.o)
                0x004056f0                .real_start_ofi2c_enable
                0x004056e8                i2c_enable
 .text.i2c_isr  0x0040574c      0x114 contiki-OrisenStamp.a(i2c.o)
                0x00405754                .real_start_ofi2c_isr
                0x0040574c                i2c_isr
 .text.i2c_transmitinit
                0x00405860       0xc4 contiki-OrisenStamp.a(i2c.o)
                0x00405860                i2c_transmitinit
                0x00405868                .real_start_ofi2c_transmitinit
 .text.i2c_receiveinit
                0x00405924       0xd0 contiki-OrisenStamp.a(i2c.o)
                0x00405924                i2c_receiveinit
                0x0040592c                .real_start_ofi2c_receiveinit
 .text.free_packet
                0x004059f4       0x64 contiki-OrisenStamp.a(maca.o)
                0x004059f4                free_packet
                0x004059fc                .real_start_offree_packet
 .text.get_free_packet
                0x00405a58       0x54 contiki-OrisenStamp.a(maca.o)
                0x00405a58                get_free_packet
                0x00405a60                .real_start_ofget_free_packet
 .text.post_receive
                0x00405aac       0xbc contiki-OrisenStamp.a(maca.o)
                0x00405aac                post_receive
                0x00405ab4                .real_start_ofpost_receive
 .text.rx_packet
                0x00405b68       0x54 contiki-OrisenStamp.a(maca.o)
                0x00405b70                .real_start_ofrx_packet
                0x00405b68                rx_packet
 .text.post_tx  0x00405bbc       0xdc contiki-OrisenStamp.a(maca.o)
                0x00405bbc                post_tx
                0x00405bc4                .real_start_ofpost_tx
 .text.tx_packet
                0x00405c98       0x98 contiki-OrisenStamp.a(maca.o)
                0x00405ca0                .real_start_oftx_packet
                0x00405c98                tx_packet
 .text.free_all_packets
                0x00405d30       0x94 contiki-OrisenStamp.a(maca.o)
                0x00405d38                .real_start_offree_all_packets
                0x00405d30                free_all_packets
 .text.free_tx_head
                0x00405dc4       0x64 contiki-OrisenStamp.a(maca.o)
                0x00405dc4                free_tx_head
                0x00405dcc                .real_start_offree_tx_head
 .text.add_to_rx
                0x00405e28       0x70 contiki-OrisenStamp.a(maca.o)
                0x00405e30                .real_start_ofadd_to_rx
                0x00405e28                add_to_rx
 .text.insert_at_rx_head
                0x00405e98       0x70 contiki-OrisenStamp.a(maca.o)
                0x00405ea0                .real_start_ofinsert_at_rx_head
                0x00405e98                insert_at_rx_head
 .text.init_phy
                0x00405f08       0x68 contiki-OrisenStamp.a(maca.o)
                0x00405f10                .real_start_ofinit_phy
                0x00405f08                init_phy
 .text.reset_maca
                0x00405f70       0x5c contiki-OrisenStamp.a(maca.o)
                0x00405f70                reset_maca
                0x00405f78                .real_start_ofreset_maca
 .text.flyback_init
                0x00405fcc       0x3c contiki-OrisenStamp.a(maca.o)
                0x00405fcc                flyback_init
                0x00405fd4                .real_start_offlyback_init
 .text.get_ctov
                0x00406008       0x24 contiki-OrisenStamp.a(maca.o)
                0x00406010                .real_start_ofget_ctov
                0x00406008                get_ctov
 .text.set_power
                0x0040602c       0x78 contiki-OrisenStamp.a(maca.o)
                0x0040602c                set_power
                0x00406034                .real_start_ofset_power
 .text.set_channel
                0x004060a4       0xc8 contiki-OrisenStamp.a(maca.o)
                0x004060a4                set_channel
                0x004060ac                .real_start_ofset_channel
 .text.exec_init_entry
                0x0040616c       0x88 contiki-OrisenStamp.a(maca.o)
                0x0040616c                exec_init_entry
                0x00406174                .real_start_ofexec_init_entry
 .text.init_from_flash
                0x004061f4       0xe0 contiki-OrisenStamp.a(maca.o)
                0x004061fc                .real_start_ofinit_from_flash
                0x004061f4                init_from_flash
 .text.radio_init
                0x004062d4      0x218 contiki-OrisenStamp.a(maca.o)
                0x004062dc                .real_start_ofradio_init
                0x004062d4                radio_init
 .text.maca_init
                0x004064ec       0xbc contiki-OrisenStamp.a(maca.o)
                0x004064f4                .real_start_ofmaca_init
                0x004064ec                maca_init
 .text.ResumeMACASync
                0x004065a8       0xe0 contiki-OrisenStamp.a(maca.o)
                0x004065a8                ResumeMACASync
                0x004065b0                .real_start_ofResumeMACASync
 .text.decode_status
                0x00406688       0x48 contiki-OrisenStamp.a(maca.o)
                0x00406688                decode_status
                0x00406690                .real_start_ofdecode_status
 .text.check_maca
                0x004066d0       0xc8 contiki-OrisenStamp.a(maca.o)
                0x004066d0                check_maca
                0x004066d8                .real_start_ofcheck_maca
 .text.maca_isr
                0x00406798      0x1dc contiki-OrisenStamp.a(maca.o)
                0x004067a0                .real_start_ofmaca_isr
                0x00406798                maca_isr
 .text.uart1_isr
                0x00406974       0xc8 contiki-OrisenStamp.a(uart1.o)
                0x00406974                uart1_isr
                0x0040697c                .real_start_ofuart1_isr
 .text.uart1_putc
                0x00406a3c       0xa8 contiki-OrisenStamp.a(uart1.o)
                0x00406a44                .real_start_ofuart1_putc
                0x00406a3c                uart1_putc
 .text.uart1_getc
                0x00406ae4       0x64 contiki-OrisenStamp.a(uart1.o)
                0x00406ae4                uart1_getc
                0x00406aec                .real_start_ofuart1_getc
 .text.uart2_isr
                0x00406b48       0xc8 contiki-OrisenStamp.a(uart2.o)
                0x00406b48                uart2_isr
                0x00406b50                .real_start_ofuart2_isr
 .text.uart2_getc
                0x00406c10       0x64 contiki-OrisenStamp.a(uart2.o)
                0x00406c10                uart2_getc
                0x00406c18                .real_start_ofuart2_getc
 .text.default_vreg_init
                0x00406c74       0x4c contiki-OrisenStamp.a(default_lowleve)
                0x00406c7c                .real_start_ofdefault_vreg_init
                0x00406c74                default_vreg_init
 .text.uart1_init
                0x00406cc0       0xdc contiki-OrisenStamp.a(default_lowleve)
                0x00406cc0                uart1_init
                0x00406cc8                .real_start_ofuart1_init
 .text.uart2_init
                0x00406d9c       0xd0 contiki-OrisenStamp.a(default_lowleve)
                0x00406d9c                uart2_init
                0x00406da4                .real_start_ofuart2_init
 .text.addr_len
                0x00406e6c       0x18 contiki-OrisenStamp.a(frame802154.o)
 .text.frame802154_parse
                0x00406e84      0x14c contiki-OrisenStamp.a(frame802154.o)
                0x00406e8c                .real_start_offrame802154_parse
                0x00406e84                frame802154_parse
 .text.field_len
                0x00406fd0       0x74 contiki-OrisenStamp.a(frame802154.o)
 .text.frame802154_create
                0x00407044      0x114 contiki-OrisenStamp.a(frame802154.o)
                0x00407044                frame802154_create
                0x0040704c                .real_start_offrame802154_create
 .text.frame802154_hdrlen
                0x00407158       0x40 contiki-OrisenStamp.a(frame802154.o)
                0x00407158                frame802154_hdrlen
                0x00407160                .real_start_offrame802154_hdrlen
 .text.timer_expired
                0x00407198       0x30 contiki-OrisenStamp.a(timer.o)
                0x00407198                timer_expired
                0x004071a0                .real_start_oftimer_expired
 .text.timer_set
                0x004071c8       0x24 contiki-OrisenStamp.a(timer.o)
                0x004071d0                .real_start_oftimer_set
                0x004071c8                timer_set
 .text.dbg_send_bytes
                0x004071ec       0x3c contiki-OrisenStamp.a(debug-uart.o)
                0x004071ec                dbg_send_bytes
                0x004071f4                .real_start_ofdbg_send_bytes
 .text.leds_arch_set
                0x00407228       0x54 contiki-OrisenStamp.a(leds-arch.o)
                0x00407230                .real_start_ofleds_arch_set
                0x00407228                leds_arch_set
 .text.leds_arch_init
                0x0040727c       0x68 contiki-OrisenStamp.a(leds-arch.o)
                0x0040727c                leds_arch_init
                0x00407284                .real_start_ofleds_arch_init
 .text          0x004072e4      0x114 /home/user/CodeSourcery/Sourcery_G++_Lite/bin/../lib/gcc/arm-none-eabi/4.3.2/libgcc.a(_udivsi3.o)
                0x004072e4                __udivsi3
                0x004072e4                __aeabi_uidiv
                0x004073d8                __aeabi_uidivmod
 .text          0x004073f8      0x148 /home/user/CodeSourcery/Sourcery_G++_Lite/bin/../lib/gcc/arm-none-eabi/4.3.2/libgcc.a(_divsi3.o)
                0x004073f8                __aeabi_idiv
                0x004073f8                __divsi3
                0x00407520                __aeabi_idivmod
 .text          0x00407540        0x4 /home/user/CodeSourcery/Sourcery_G++_Lite/bin/../lib/gcc/arm-none-eabi/4.3.2/libgcc.a(_dvmd_tls.o)
                0x00407540                __aeabi_ldiv0
                0x00407540                __aeabi_idiv0
 .text          0x00407544       0x3c /home/user/CodeSourcery/Sourcery_G++_Lite/bin/../lib/gcc/arm-none-eabi/4.3.2/libgcc.a(_aeabi_uldivmod.o)
                0x00407544                __aeabi_uldivmod
 .text          0x00407580       0x80 /home/user/CodeSourcery/Sourcery_G++_Lite/bin/../lib/gcc/arm-none-eabi/4.3.2/libgcc.a(bpabi.o)
                0x00407580                __gnu_uldivmod_helper
                0x004075c0                __gnu_ldivmod_helper
 .text          0x00407600      0x56c /home/user/CodeSourcery/Sourcery_G++_Lite/bin/../lib/gcc/arm-none-eabi/4.3.2/libgcc.a(_divdi3.o)
                0x00407600                __divdi3
 .text          0x00407b6c      0x4fc /home/user/CodeSourcery/Sourcery_G++_Lite/bin/../lib/gcc/arm-none-eabi/4.3.2/libgcc.a(_udivdi3.o)
                0x00407b6c                __udivdi3
 .text          0x00408068       0x40 /home/user/CodeSourcery/Sourcery_G++_Lite/bin/../lib/gcc/arm-none-eabi/4.3.2/../../../../arm-none-eabi/lib/libc.a(lib_a-malloc.o)
                0x00408088                malloc
                0x00408068                free
 .text          0x004080a8      0x72c /home/user/CodeSourcery/Sourcery_G++_Lite/bin/../lib/gcc/arm-none-eabi/4.3.2/../../../../arm-none-eabi/lib/libc.a(lib_a-mallocr.o)
                0x004080a8                _malloc_r
 .text          0x004087d4       0xac /home/user/CodeSourcery/Sourcery_G++_Lite/bin/../lib/gcc/arm-none-eabi/4.3.2/../../../../arm-none-eabi/lib/libc.a(lib_a-memcmp.o)
                0x004087d4                memcmp
 .text          0x00408880       0xfc /home/user/CodeSourcery/Sourcery_G++_Lite/bin/../lib/gcc/arm-none-eabi/4.3.2/../../../../arm-none-eabi/lib/libc.a(lib_a-memcpy.o)
                0x00408880                memcpy
 .text          0x0040897c       0xd0 /home/user/CodeSourcery/Sourcery_G++_Lite/bin/../lib/gcc/arm-none-eabi/4.3.2/../../../../arm-none-eabi/lib/libc.a(lib_a-memset.o)
                0x0040897c                memset
 .text          0x00408a4c        0x8 /home/user/CodeSourcery/Sourcery_G++_Lite/bin/../lib/gcc/arm-none-eabi/4.3.2/../../../../arm-none-eabi/lib/libc.a(lib_a-mlock.o)
                0x00408a50                __malloc_unlock
                0x00408a4c                __malloc_lock
 .text          0x00408a54       0x40 /home/user/CodeSourcery/Sourcery_G++_Lite/bin/../lib/gcc/arm-none-eabi/4.3.2/../../../../arm-none-eabi/lib/libc.a(lib_a-sbrkr.o)
                0x00408a54                _sbrk_r
 .text          0x00408a94       0xa8 /home/user/CodeSourcery/Sourcery_G++_Lite/bin/../lib/gcc/arm-none-eabi/4.3.2/../../../../arm-none-eabi/lib/libc.a(lib_a-strcat.o)
                0x00408a94                strcat
 .text          0x00408b3c       0xb8 /home/user/CodeSourcery/Sourcery_G++_Lite/bin/../lib/gcc/arm-none-eabi/4.3.2/../../../../arm-none-eabi/lib/libc.a(lib_a-strcpy.o)
                0x00408b3c                strcpy
 .text          0x00408bf4       0x9c /home/user/CodeSourcery/Sourcery_G++_Lite/bin/../lib/gcc/arm-none-eabi/4.3.2/../../../../arm-none-eabi/lib/libc.a(lib_a-strlen.o)
                0x00408bf4                strlen
 .text          0x00408c90      0x378 /home/user/CodeSourcery/Sourcery_G++_Lite/bin/../lib/gcc/arm-none-eabi/4.3.2/../../../../arm-none-eabi/lib/libc.a(lib_a-freer.o)
                0x00408d8c                _free_r
                0x00408c90                _malloc_trim_r
 *(.gnu.warning)
 *(.glue_7t)
 .glue_7t       0x00409008        0x0 sensorStamp.co
 .glue_7t       0x00409008        0x0 obj_OrisenStamp/contiki-stamp-main.o
 .glue_7t       0x00409008        0x0 obj_OrisenStamp/start.o
 .glue_7t       0x00409008        0x0 contiki-OrisenStamp.a(rimeaddr.o)
 .glue_7t       0x00409008        0x0 contiki-OrisenStamp.a(rime.o)
 .glue_7t       0x00409008        0x0 contiki-OrisenStamp.a(rimestats.o)
 .glue_7t       0x00409008        0x0 contiki-OrisenStamp.a(announcement.o)
 .glue_7t       0x00409008        0x0 contiki-OrisenStamp.a(broadcast-annou)
 .glue_7t       0x00409008        0x0 contiki-OrisenStamp.a(broadcast.o)
 .glue_7t       0x00409008        0x0 contiki-OrisenStamp.a(abc.o)
 .glue_7t       0x00409008        0x0 contiki-OrisenStamp.a(chameleon.o)
 .glue_7t       0x00409008        0x0 contiki-OrisenStamp.a(channel.o)
 .glue_7t       0x00409008        0x0 contiki-OrisenStamp.a(chameleon-bitop)
 .glue_7t       0x00409008        0x0 contiki-OrisenStamp.a(nullrdc.o)
 .glue_7t       0x00409008        0x0 contiki-OrisenStamp.a(mac.o)
 .glue_7t       0x00409008        0x0 contiki-OrisenStamp.a(framer-802154.o)
 .glue_7t       0x00409008        0x0 contiki-OrisenStamp.a(csma.o)
 .glue_7t       0x00409008        0x0 contiki-OrisenStamp.a(process.o)
 .glue_7t       0x00409008        0x0 contiki-OrisenStamp.a(autostart.o)
 .glue_7t       0x00409008        0x0 contiki-OrisenStamp.a(serial-line.o)
 .glue_7t       0x00409008        0x0 contiki-OrisenStamp.a(memb.o)
 .glue_7t       0x00409008        0x0 contiki-OrisenStamp.a(list.o)
 .glue_7t       0x00409008        0x0 contiki-OrisenStamp.a(etimer.o)
 .glue_7t       0x00409008        0x0 contiki-OrisenStamp.a(ctimer.o)
 .glue_7t       0x00409008        0x0 contiki-OrisenStamp.a(random.o)
 .glue_7t       0x00409008        0x0 contiki-OrisenStamp.a(ringbuf.o)
 .glue_7t       0x00409008        0x0 contiki-OrisenStamp.a(packetbuf.o)
 .glue_7t       0x00409008        0x0 contiki-OrisenStamp.a(queuebuf.o)
 .glue_7t       0x00409008        0x0 contiki-OrisenStamp.a(clock.o)
 .glue_7t       0x00409008        0x0 contiki-OrisenStamp.a(button-sensor.o)
 .glue_7t       0x00409008        0x0 contiki-OrisenStamp.a(sensors.o)
 .glue_7t       0x00409008        0x0 contiki-OrisenStamp.a(RTC.o)
 .glue_7t       0x00409008        0x0 contiki-OrisenStamp.a(kbi_events.o)
 .glue_7t       0x00409008        0x0 contiki-OrisenStamp.a(io-pins.o)
 .glue_7t       0x00409008        0x0 contiki-OrisenStamp.a(contiki-crm.o)
 .glue_7t       0x00409008        0x0 contiki-OrisenStamp.a(contiki-maca.o)
 .glue_7t       0x00409008        0x0 contiki-OrisenStamp.a(contiki-misc.o)
 .glue_7t       0x00409008        0x0 contiki-OrisenStamp.a(leds.o)
 .glue_7t       0x00409008        0x0 contiki-OrisenStamp.a(contiki-uart.o)
 .glue_7t       0x00409008        0x0 contiki-OrisenStamp.a(dbg-printf.o)
 .glue_7t       0x00409008        0x0 contiki-OrisenStamp.a(dbg-sprintf.o)
 .glue_7t       0x00409008        0x0 contiki-OrisenStamp.a(strformat.o)
 .glue_7t       0x00409008        0x0 contiki-OrisenStamp.a(adc.o)
 .glue_7t       0x00409008        0x0 contiki-OrisenStamp.a(gpio.o)
 .glue_7t       0x00409008        0x0 contiki-OrisenStamp.a(gpio-util.o)
 .glue_7t       0x00409008        0x0 contiki-OrisenStamp.a(i2c.o)
 .glue_7t       0x00409008        0x0 contiki-OrisenStamp.a(maca.o)
 .glue_7t       0x00409008        0x0 contiki-OrisenStamp.a(nvm.o)
 .glue_7t       0x00409008        0x0 contiki-OrisenStamp.a(uart1.o)
 .glue_7t       0x00409008        0x0 contiki-OrisenStamp.a(uart2.o)
 .glue_7t       0x00409008        0x0 contiki-OrisenStamp.a(default_lowleve)
 .glue_7t       0x00409008        0x0 contiki-OrisenStamp.a(isr.o)
 .glue_7t       0x00409008        0x0 contiki-OrisenStamp.a(frame802154.o)
 .glue_7t       0x00409008        0x0 contiki-OrisenStamp.a(timer.o)
 .glue_7t       0x00409008        0x0 contiki-OrisenStamp.a(debug-uart.o)
 .glue_7t       0x00409008        0x0 contiki-OrisenStamp.a(leds-arch.o)
 .glue_7t       0x00409008        0x0 /home/user/CodeSourcery/Sourcery_G++_Lite/bin/../lib/gcc/arm-none-eabi/4.3.2/libgcc.a(_udivsi3.o)
 .glue_7t       0x00409008        0x0 /home/user/CodeSourcery/Sourcery_G++_Lite/bin/../lib/gcc/arm-none-eabi/4.3.2/libgcc.a(_divsi3.o)
 .glue_7t       0x00409008        0x0 /home/user/CodeSourcery/Sourcery_G++_Lite/bin/../lib/gcc/arm-none-eabi/4.3.2/libgcc.a(_dvmd_tls.o)
 .glue_7t       0x00409008        0x0 /home/user/CodeSourcery/Sourcery_G++_Lite/bin/../lib/gcc/arm-none-eabi/4.3.2/libgcc.a(_aeabi_uldivmod.o)
 .glue_7t       0x00409008        0x0 /home/user/CodeSourcery/Sourcery_G++_Lite/bin/../lib/gcc/arm-none-eabi/4.3.2/libgcc.a(bpabi.o)
 .glue_7t       0x00409008        0x0 /home/user/CodeSourcery/Sourcery_G++_Lite/bin/../lib/gcc/arm-none-eabi/4.3.2/libgcc.a(_divdi3.o)
 .glue_7t       0x00409008        0x0 /home/user/CodeSourcery/Sourcery_G++_Lite/bin/../lib/gcc/arm-none-eabi/4.3.2/libgcc.a(_udivdi3.o)
 .glue_7t       0x00409008        0x0 /home/user/CodeSourcery/Sourcery_G++_Lite/bin/../lib/gcc/arm-none-eabi/4.3.2/libgcc.a(_clz.o)
 .glue_7t       0x00409008        0x0 /home/user/CodeSourcery/Sourcery_G++_Lite/bin/../lib/gcc/arm-none-eabi/4.3.2/../../../../arm-none-eabi/lib/libc.a(lib_a-malloc.o)
 .glue_7t       0x00409008        0x0 /home/user/CodeSourcery/Sourcery_G++_Lite/bin/../lib/gcc/arm-none-eabi/4.3.2/../../../../arm-none-eabi/lib/libc.a(lib_a-mallocr.o)
 .glue_7t       0x00409008        0x0 /home/user/CodeSourcery/Sourcery_G++_Lite/bin/../lib/gcc/arm-none-eabi/4.3.2/../../../../arm-none-eabi/lib/libc.a(lib_a-memcmp.o)
 .glue_7t       0x00409008        0x0 /home/user/CodeSourcery/Sourcery_G++_Lite/bin/../lib/gcc/arm-none-eabi/4.3.2/../../../../arm-none-eabi/lib/libc.a(lib_a-memcpy.o)
 .glue_7t       0x00409008        0x0 /home/user/CodeSourcery/Sourcery_G++_Lite/bin/../lib/gcc/arm-none-eabi/4.3.2/../../../../arm-none-eabi/lib/libc.a(lib_a-memset.o)
 .glue_7t       0x00409008        0x0 /home/user/CodeSourcery/Sourcery_G++_Lite/bin/../lib/gcc/arm-none-eabi/4.3.2/../../../../arm-none-eabi/lib/libc.a(lib_a-mlock.o)
 .glue_7t       0x00409008        0x0 /home/user/CodeSourcery/Sourcery_G++_Lite/bin/../lib/gcc/arm-none-eabi/4.3.2/../../../../arm-none-eabi/lib/libc.a(lib_a-sbrkr.o)
 .glue_7t       0x00409008        0x0 /home/user/CodeSourcery/Sourcery_G++_Lite/bin/../lib/gcc/arm-none-eabi/4.3.2/../../../../arm-none-eabi/lib/libc.a(lib_a-strcat.o)
 .glue_7t       0x00409008        0x0 /home/user/CodeSourcery/Sourcery_G++_Lite/bin/../lib/gcc/arm-none-eabi/4.3.2/../../../../arm-none-eabi/lib/libc.a(lib_a-strcpy.o)
 .glue_7t       0x00409008        0x0 /home/user/CodeSourcery/Sourcery_G++_Lite/bin/../lib/gcc/arm-none-eabi/4.3.2/../../../../arm-none-eabi/lib/libc.a(lib_a-strlen.o)
 .glue_7t       0x00409008        0x0 /home/user/CodeSourcery/Sourcery_G++_Lite/bin/../lib/gcc/arm-none-eabi/4.3.2/../../../../arm-none-eabi/lib/libc.a(lib_a-strncmp.o)
 .glue_7t       0x00409008        0x0 /home/user/CodeSourcery/Sourcery_G++_Lite/bin/../lib/gcc/arm-none-eabi/4.3.2/../../../../arm-none-eabi/lib/libc.a(lib_a-freer.o)
 .glue_7t       0x00409008        0x0 /home/user/CodeSourcery/Sourcery_G++_Lite/bin/../lib/gcc/arm-none-eabi/4.3.2/../../../../arm-none-eabi/lib/libc.a(lib_a-impure.o)
 .glue_7t       0x00409008        0x0 /home/user/CodeSourcery/Sourcery_G++_Lite/bin/../lib/gcc/arm-none-eabi/4.3.2/../../../../arm-none-eabi/lib/libc.a(lib_a-reent.o)
 *(.glue_7)
 .glue_7        0x00409008        0x0 sensorStamp.co
 .glue_7        0x00409008        0x0 obj_OrisenStamp/contiki-stamp-main.o
 .glue_7        0x00409008        0x0 obj_OrisenStamp/start.o
 .glue_7        0x00409008        0x0 contiki-OrisenStamp.a(rimeaddr.o)
 .glue_7        0x00409008        0x0 contiki-OrisenStamp.a(rime.o)
 .glue_7        0x00409008        0x0 contiki-OrisenStamp.a(rimestats.o)
 .glue_7        0x00409008        0x0 contiki-OrisenStamp.a(announcement.o)
 .glue_7        0x00409008        0x0 contiki-OrisenStamp.a(broadcast-annou)
 .glue_7        0x00409008        0x0 contiki-OrisenStamp.a(broadcast.o)
 .glue_7        0x00409008        0x0 contiki-OrisenStamp.a(abc.o)
 .glue_7        0x00409008        0x0 contiki-OrisenStamp.a(chameleon.o)
 .glue_7        0x00409008        0x0 contiki-OrisenStamp.a(channel.o)
 .glue_7        0x00409008        0x0 contiki-OrisenStamp.a(chameleon-bitop)
 .glue_7        0x00409008        0x0 contiki-OrisenStamp.a(nullrdc.o)
 .glue_7        0x00409008        0x0 contiki-OrisenStamp.a(mac.o)
 .glue_7        0x00409008        0x0 contiki-OrisenStamp.a(framer-802154.o)
 .glue_7        0x00409008        0x0 contiki-OrisenStamp.a(csma.o)
 .glue_7        0x00409008        0x0 contiki-OrisenStamp.a(process.o)
 .glue_7        0x00409008        0x0 contiki-OrisenStamp.a(autostart.o)
 .glue_7        0x00409008        0x0 contiki-OrisenStamp.a(serial-line.o)
 .glue_7        0x00409008        0x0 contiki-OrisenStamp.a(memb.o)
 .glue_7        0x00409008        0x0 contiki-OrisenStamp.a(list.o)
 .glue_7        0x00409008        0x0 contiki-OrisenStamp.a(etimer.o)
 .glue_7        0x00409008        0x0 contiki-OrisenStamp.a(ctimer.o)
 .glue_7        0x00409008        0x0 contiki-OrisenStamp.a(random.o)
 .glue_7        0x00409008        0x0 contiki-OrisenStamp.a(ringbuf.o)
 .glue_7        0x00409008        0x0 contiki-OrisenStamp.a(packetbuf.o)
 .glue_7        0x00409008        0x0 contiki-OrisenStamp.a(queuebuf.o)
 .glue_7        0x00409008        0x0 contiki-OrisenStamp.a(clock.o)
 .glue_7        0x00409008        0x0 contiki-OrisenStamp.a(button-sensor.o)
 .glue_7        0x00409008        0x0 contiki-OrisenStamp.a(sensors.o)
 .glue_7        0x00409008        0x0 contiki-OrisenStamp.a(RTC.o)
 .glue_7        0x00409008        0x0 contiki-OrisenStamp.a(kbi_events.o)
 .glue_7        0x00409008        0x0 contiki-OrisenStamp.a(io-pins.o)
 .glue_7        0x00409008        0x0 contiki-OrisenStamp.a(contiki-crm.o)
 .glue_7        0x00409008        0x0 contiki-OrisenStamp.a(contiki-maca.o)
 .glue_7        0x00409008        0x0 contiki-OrisenStamp.a(contiki-misc.o)
 .glue_7        0x00409008        0x0 contiki-OrisenStamp.a(leds.o)
 .glue_7        0x00409008        0x0 contiki-OrisenStamp.a(contiki-uart.o)
 .glue_7        0x00409008        0x0 contiki-OrisenStamp.a(dbg-printf.o)
 .glue_7        0x00409008        0x0 contiki-OrisenStamp.a(dbg-sprintf.o)
 .glue_7        0x00409008        0x0 contiki-OrisenStamp.a(strformat.o)
 .glue_7        0x00409008        0x0 contiki-OrisenStamp.a(adc.o)
 .glue_7        0x00409008        0x0 contiki-OrisenStamp.a(gpio.o)
 .glue_7        0x00409008        0x0 contiki-OrisenStamp.a(gpio-util.o)
 .glue_7        0x00409008        0x0 contiki-OrisenStamp.a(i2c.o)
 .glue_7        0x00409008        0x0 contiki-OrisenStamp.a(maca.o)
 .glue_7        0x00409008        0x0 contiki-OrisenStamp.a(nvm.o)
 .glue_7        0x00409008        0x0 contiki-OrisenStamp.a(uart1.o)
 .glue_7        0x00409008        0x0 contiki-OrisenStamp.a(uart2.o)
 .glue_7        0x00409008        0x0 contiki-OrisenStamp.a(default_lowleve)
 .glue_7        0x00409008        0x0 contiki-OrisenStamp.a(isr.o)
 .glue_7        0x00409008        0x0 contiki-OrisenStamp.a(frame802154.o)
 .glue_7        0x00409008        0x0 contiki-OrisenStamp.a(timer.o)
 .glue_7        0x00409008        0x0 contiki-OrisenStamp.a(debug-uart.o)
 .glue_7        0x00409008        0x0 contiki-OrisenStamp.a(leds-arch.o)
 .glue_7        0x00409008        0x0 /home/user/CodeSourcery/Sourcery_G++_Lite/bin/../lib/gcc/arm-none-eabi/4.3.2/libgcc.a(_udivsi3.o)
 .glue_7        0x00409008        0x0 /home/user/CodeSourcery/Sourcery_G++_Lite/bin/../lib/gcc/arm-none-eabi/4.3.2/libgcc.a(_divsi3.o)
 .glue_7        0x00409008        0x0 /home/user/CodeSourcery/Sourcery_G++_Lite/bin/../lib/gcc/arm-none-eabi/4.3.2/libgcc.a(_dvmd_tls.o)
 .glue_7        0x00409008        0x0 /home/user/CodeSourcery/Sourcery_G++_Lite/bin/../lib/gcc/arm-none-eabi/4.3.2/libgcc.a(_aeabi_uldivmod.o)
 .glue_7        0x00409008        0x0 /home/user/CodeSourcery/Sourcery_G++_Lite/bin/../lib/gcc/arm-none-eabi/4.3.2/libgcc.a(bpabi.o)
 .glue_7        0x00409008        0x0 /home/user/CodeSourcery/Sourcery_G++_Lite/bin/../lib/gcc/arm-none-eabi/4.3.2/libgcc.a(_divdi3.o)
 .glue_7        0x00409008        0x0 /home/user/CodeSourcery/Sourcery_G++_Lite/bin/../lib/gcc/arm-none-eabi/4.3.2/libgcc.a(_udivdi3.o)
 .glue_7        0x00409008        0x0 /home/user/CodeSourcery/Sourcery_G++_Lite/bin/../lib/gcc/arm-none-eabi/4.3.2/libgcc.a(_clz.o)
 .glue_7        0x00409008        0x0 /home/user/CodeSourcery/Sourcery_G++_Lite/bin/../lib/gcc/arm-none-eabi/4.3.2/../../../../arm-none-eabi/lib/libc.a(lib_a-malloc.o)
 .glue_7        0x00409008        0x0 /home/user/CodeSourcery/Sourcery_G++_Lite/bin/../lib/gcc/arm-none-eabi/4.3.2/../../../../arm-none-eabi/lib/libc.a(lib_a-mallocr.o)
 .glue_7        0x00409008        0x0 /home/user/CodeSourcery/Sourcery_G++_Lite/bin/../lib/gcc/arm-none-eabi/4.3.2/../../../../arm-none-eabi/lib/libc.a(lib_a-memcmp.o)
 .glue_7        0x00409008        0x0 /home/user/CodeSourcery/Sourcery_G++_Lite/bin/../lib/gcc/arm-none-eabi/4.3.2/../../../../arm-none-eabi/lib/libc.a(lib_a-memcpy.o)
 .glue_7        0x00409008        0x0 /home/user/CodeSourcery/Sourcery_G++_Lite/bin/../lib/gcc/arm-none-eabi/4.3.2/../../../../arm-none-eabi/lib/libc.a(lib_a-memset.o)
 .glue_7        0x00409008        0x0 /home/user/CodeSourcery/Sourcery_G++_Lite/bin/../lib/gcc/arm-none-eabi/4.3.2/../../../../arm-none-eabi/lib/libc.a(lib_a-mlock.o)
 .glue_7        0x00409008        0x0 /home/user/CodeSourcery/Sourcery_G++_Lite/bin/../lib/gcc/arm-none-eabi/4.3.2/../../../../arm-none-eabi/lib/libc.a(lib_a-sbrkr.o)
 .glue_7        0x00409008        0x0 /home/user/CodeSourcery/Sourcery_G++_Lite/bin/../lib/gcc/arm-none-eabi/4.3.2/../../../../arm-none-eabi/lib/libc.a(lib_a-strcat.o)
 .glue_7        0x00409008        0x0 /home/user/CodeSourcery/Sourcery_G++_Lite/bin/../lib/gcc/arm-none-eabi/4.3.2/../../../../arm-none-eabi/lib/libc.a(lib_a-strcpy.o)
 .glue_7        0x00409008        0x0 /home/user/CodeSourcery/Sourcery_G++_Lite/bin/../lib/gcc/arm-none-eabi/4.3.2/../../../../arm-none-eabi/lib/libc.a(lib_a-strlen.o)
 .glue_7        0x00409008        0x0 /home/user/CodeSourcery/Sourcery_G++_Lite/bin/../lib/gcc/arm-none-eabi/4.3.2/../../../../arm-none-eabi/lib/libc.a(lib_a-strncmp.o)
 .glue_7        0x00409008        0x0 /home/user/CodeSourcery/Sourcery_G++_Lite/bin/../lib/gcc/arm-none-eabi/4.3.2/../../../../arm-none-eabi/lib/libc.a(lib_a-freer.o)
 .glue_7        0x00409008        0x0 /home/user/CodeSourcery/Sourcery_G++_Lite/bin/../lib/gcc/arm-none-eabi/4.3.2/../../../../arm-none-eabi/lib/libc.a(lib_a-impure.o)
 .glue_7        0x00409008        0x0 /home/user/CodeSourcery/Sourcery_G++_Lite/bin/../lib/gcc/arm-none-eabi/4.3.2/../../../../arm-none-eabi/lib/libc.a(lib_a-reent.o)
 *(.vfp11_veneer)
 .vfp11_veneer  0x00409008        0x0 sensorStamp.co
 .vfp11_veneer  0x00409008        0x0 obj_OrisenStamp/contiki-stamp-main.o
 .vfp11_veneer  0x00409008        0x0 obj_OrisenStamp/start.o
 .vfp11_veneer  0x00409008        0x0 contiki-OrisenStamp.a(rimeaddr.o)
 .vfp11_veneer  0x00409008        0x0 contiki-OrisenStamp.a(rime.o)
 .vfp11_veneer  0x00409008        0x0 contiki-OrisenStamp.a(rimestats.o)
 .vfp11_veneer  0x00409008        0x0 contiki-OrisenStamp.a(announcement.o)
 .vfp11_veneer  0x00409008        0x0 contiki-OrisenStamp.a(broadcast-annou)
 .vfp11_veneer  0x00409008        0x0 contiki-OrisenStamp.a(broadcast.o)
 .vfp11_veneer  0x00409008        0x0 contiki-OrisenStamp.a(abc.o)
 .vfp11_veneer  0x00409008        0x0 contiki-OrisenStamp.a(chameleon.o)
 .vfp11_veneer  0x00409008        0x0 contiki-OrisenStamp.a(channel.o)
 .vfp11_veneer  0x00409008        0x0 contiki-OrisenStamp.a(chameleon-bitop)
 .vfp11_veneer  0x00409008        0x0 contiki-OrisenStamp.a(nullrdc.o)
 .vfp11_veneer  0x00409008        0x0 contiki-OrisenStamp.a(mac.o)
 .vfp11_veneer  0x00409008        0x0 contiki-OrisenStamp.a(framer-802154.o)
 .vfp11_veneer  0x00409008        0x0 contiki-OrisenStamp.a(csma.o)
 .vfp11_veneer  0x00409008        0x0 contiki-OrisenStamp.a(process.o)
 .vfp11_veneer  0x00409008        0x0 contiki-OrisenStamp.a(autostart.o)
 .vfp11_veneer  0x00409008        0x0 contiki-OrisenStamp.a(serial-line.o)
 .vfp11_veneer  0x00409008        0x0 contiki-OrisenStamp.a(memb.o)
 .vfp11_veneer  0x00409008        0x0 contiki-OrisenStamp.a(list.o)
 .vfp11_veneer  0x00409008        0x0 contiki-OrisenStamp.a(etimer.o)
 .vfp11_veneer  0x00409008        0x0 contiki-OrisenStamp.a(ctimer.o)
 .vfp11_veneer  0x00409008        0x0 contiki-OrisenStamp.a(random.o)
 .vfp11_veneer  0x00409008        0x0 contiki-OrisenStamp.a(ringbuf.o)
 .vfp11_veneer  0x00409008        0x0 contiki-OrisenStamp.a(packetbuf.o)
 .vfp11_veneer  0x00409008        0x0 contiki-OrisenStamp.a(queuebuf.o)
 .vfp11_veneer  0x00409008        0x0 contiki-OrisenStamp.a(clock.o)
 .vfp11_veneer  0x00409008        0x0 contiki-OrisenStamp.a(button-sensor.o)
 .vfp11_veneer  0x00409008        0x0 contiki-OrisenStamp.a(sensors.o)
 .vfp11_veneer  0x00409008        0x0 contiki-OrisenStamp.a(RTC.o)
 .vfp11_veneer  0x00409008        0x0 contiki-OrisenStamp.a(kbi_events.o)
 .vfp11_veneer  0x00409008        0x0 contiki-OrisenStamp.a(io-pins.o)
 .vfp11_veneer  0x00409008        0x0 contiki-OrisenStamp.a(contiki-crm.o)
 .vfp11_veneer  0x00409008        0x0 contiki-OrisenStamp.a(contiki-maca.o)
 .vfp11_veneer  0x00409008        0x0 contiki-OrisenStamp.a(contiki-misc.o)
 .vfp11_veneer  0x00409008        0x0 contiki-OrisenStamp.a(leds.o)
 .vfp11_veneer  0x00409008        0x0 contiki-OrisenStamp.a(contiki-uart.o)
 .vfp11_veneer  0x00409008        0x0 contiki-OrisenStamp.a(dbg-printf.o)
 .vfp11_veneer  0x00409008        0x0 contiki-OrisenStamp.a(dbg-sprintf.o)
 .vfp11_veneer  0x00409008        0x0 contiki-OrisenStamp.a(strformat.o)
 .vfp11_veneer  0x00409008        0x0 contiki-OrisenStamp.a(adc.o)
 .vfp11_veneer  0x00409008        0x0 contiki-OrisenStamp.a(gpio.o)
 .vfp11_veneer  0x00409008        0x0 contiki-OrisenStamp.a(gpio-util.o)
 .vfp11_veneer  0x00409008        0x0 contiki-OrisenStamp.a(i2c.o)
 .vfp11_veneer  0x00409008        0x0 contiki-OrisenStamp.a(maca.o)
 .vfp11_veneer  0x00409008        0x0 contiki-OrisenStamp.a(nvm.o)
 .vfp11_veneer  0x00409008        0x0 contiki-OrisenStamp.a(uart1.o)
 .vfp11_veneer  0x00409008        0x0 contiki-OrisenStamp.a(uart2.o)
 .vfp11_veneer  0x00409008        0x0 contiki-OrisenStamp.a(default_lowleve)
 .vfp11_veneer  0x00409008        0x0 contiki-OrisenStamp.a(isr.o)
 .vfp11_veneer  0x00409008        0x0 contiki-OrisenStamp.a(frame802154.o)
 .vfp11_veneer  0x00409008        0x0 contiki-OrisenStamp.a(timer.o)
 .vfp11_veneer  0x00409008        0x0 contiki-OrisenStamp.a(debug-uart.o)
 .vfp11_veneer  0x00409008        0x0 contiki-OrisenStamp.a(leds-arch.o)
 .vfp11_veneer  0x00409008        0x0 /home/user/CodeSourcery/Sourcery_G++_Lite/bin/../lib/gcc/arm-none-eabi/4.3.2/libgcc.a(_udivsi3.o)
 .vfp11_veneer  0x00409008        0x0 /home/user/CodeSourcery/Sourcery_G++_Lite/bin/../lib/gcc/arm-none-eabi/4.3.2/libgcc.a(_divsi3.o)
 .vfp11_veneer  0x00409008        0x0 /home/user/CodeSourcery/Sourcery_G++_Lite/bin/../lib/gcc/arm-none-eabi/4.3.2/libgcc.a(_dvmd_tls.o)
 .vfp11_veneer  0x00409008        0x0 /home/user/CodeSourcery/Sourcery_G++_Lite/bin/../lib/gcc/arm-none-eabi/4.3.2/libgcc.a(_aeabi_uldivmod.o)
 .vfp11_veneer  0x00409008        0x0 /home/user/CodeSourcery/Sourcery_G++_Lite/bin/../lib/gcc/arm-none-eabi/4.3.2/libgcc.a(bpabi.o)
 .vfp11_veneer  0x00409008        0x0 /home/user/CodeSourcery/Sourcery_G++_Lite/bin/../lib/gcc/arm-none-eabi/4.3.2/libgcc.a(_divdi3.o)
 .vfp11_veneer  0x00409008        0x0 /home/user/CodeSourcery/Sourcery_G++_Lite/bin/../lib/gcc/arm-none-eabi/4.3.2/libgcc.a(_udivdi3.o)
 .vfp11_veneer  0x00409008        0x0 /home/user/CodeSourcery/Sourcery_G++_Lite/bin/../lib/gcc/arm-none-eabi/4.3.2/libgcc.a(_clz.o)
 .vfp11_veneer  0x00409008        0x0 /home/user/CodeSourcery/Sourcery_G++_Lite/bin/../lib/gcc/arm-none-eabi/4.3.2/../../../../arm-none-eabi/lib/libc.a(lib_a-malloc.o)
 .vfp11_veneer  0x00409008        0x0 /home/user/CodeSourcery/Sourcery_G++_Lite/bin/../lib/gcc/arm-none-eabi/4.3.2/../../../../arm-none-eabi/lib/libc.a(lib_a-mallocr.o)
 .vfp11_veneer  0x00409008        0x0 /home/user/CodeSourcery/Sourcery_G++_Lite/bin/../lib/gcc/arm-none-eabi/4.3.2/../../../../arm-none-eabi/lib/libc.a(lib_a-memcmp.o)
 .vfp11_veneer  0x00409008        0x0 /home/user/CodeSourcery/Sourcery_G++_Lite/bin/../lib/gcc/arm-none-eabi/4.3.2/../../../../arm-none-eabi/lib/libc.a(lib_a-memcpy.o)
 .vfp11_veneer  0x00409008        0x0 /home/user/CodeSourcery/Sourcery_G++_Lite/bin/../lib/gcc/arm-none-eabi/4.3.2/../../../../arm-none-eabi/lib/libc.a(lib_a-memset.o)
 .vfp11_veneer  0x00409008        0x0 /home/user/CodeSourcery/Sourcery_G++_Lite/bin/../lib/gcc/arm-none-eabi/4.3.2/../../../../arm-none-eabi/lib/libc.a(lib_a-mlock.o)
 .vfp11_veneer  0x00409008        0x0 /home/user/CodeSourcery/Sourcery_G++_Lite/bin/../lib/gcc/arm-none-eabi/4.3.2/../../../../arm-none-eabi/lib/libc.a(lib_a-sbrkr.o)
 .vfp11_veneer  0x00409008        0x0 /home/user/CodeSourcery/Sourcery_G++_Lite/bin/../lib/gcc/arm-none-eabi/4.3.2/../../../../arm-none-eabi/lib/libc.a(lib_a-strcat.o)
 .vfp11_veneer  0x00409008        0x0 /home/user/CodeSourcery/Sourcery_G++_Lite/bin/../lib/gcc/arm-none-eabi/4.3.2/../../../../arm-none-eabi/lib/libc.a(lib_a-strcpy.o)
 .vfp11_veneer  0x00409008        0x0 /home/user/CodeSourcery/Sourcery_G++_Lite/bin/../lib/gcc/arm-none-eabi/4.3.2/../../../../arm-none-eabi/lib/libc.a(lib_a-strlen.o)
 .vfp11_veneer  0x00409008        0x0 /home/user/CodeSourcery/Sourcery_G++_Lite/bin/../lib/gcc/arm-none-eabi/4.3.2/../../../../arm-none-eabi/lib/libc.a(lib_a-strncmp.o)
 .vfp11_veneer  0x00409008        0x0 /home/user/CodeSourcery/Sourcery_G++_Lite/bin/../lib/gcc/arm-none-eabi/4.3.2/../../../../arm-none-eabi/lib/libc.a(lib_a-freer.o)
 .vfp11_veneer  0x00409008        0x0 /home/user/CodeSourcery/Sourcery_G++_Lite/bin/../lib/gcc/arm-none-eabi/4.3.2/../../../../arm-none-eabi/lib/libc.a(lib_a-impure.o)
 .vfp11_veneer  0x00409008        0x0 /home/user/CodeSourcery/Sourcery_G++_Lite/bin/../lib/gcc/arm-none-eabi/4.3.2/../../../../arm-none-eabi/lib/libc.a(lib_a-reent.o)
 *(.v4_bx)
 .v4_bx         0x00409008        0x0 sensorStamp.co
 .v4_bx         0x00409008        0x0 obj_OrisenStamp/contiki-stamp-main.o
 .v4_bx         0x00409008        0x0 obj_OrisenStamp/start.o
 .v4_bx         0x00409008        0x0 contiki-OrisenStamp.a(rimeaddr.o)
 .v4_bx         0x00409008        0x0 contiki-OrisenStamp.a(rime.o)
 .v4_bx         0x00409008        0x0 contiki-OrisenStamp.a(rimestats.o)
 .v4_bx         0x00409008        0x0 contiki-OrisenStamp.a(announcement.o)
 .v4_bx         0x00409008        0x0 contiki-OrisenStamp.a(broadcast-annou)
 .v4_bx         0x00409008        0x0 contiki-OrisenStamp.a(broadcast.o)
 .v4_bx         0x00409008        0x0 contiki-OrisenStamp.a(abc.o)
 .v4_bx         0x00409008        0x0 contiki-OrisenStamp.a(chameleon.o)
 .v4_bx         0x00409008        0x0 contiki-OrisenStamp.a(channel.o)
 .v4_bx         0x00409008        0x0 contiki-OrisenStamp.a(chameleon-bitop)
 .v4_bx         0x00409008        0x0 contiki-OrisenStamp.a(nullrdc.o)
 .v4_bx         0x00409008        0x0 contiki-OrisenStamp.a(mac.o)
 .v4_bx         0x00409008        0x0 contiki-OrisenStamp.a(framer-802154.o)
 .v4_bx         0x00409008        0x0 contiki-OrisenStamp.a(csma.o)
 .v4_bx         0x00409008        0x0 contiki-OrisenStamp.a(process.o)
 .v4_bx         0x00409008        0x0 contiki-OrisenStamp.a(autostart.o)
 .v4_bx         0x00409008        0x0 contiki-OrisenStamp.a(serial-line.o)
 .v4_bx         0x00409008        0x0 contiki-OrisenStamp.a(memb.o)
 .v4_bx         0x00409008        0x0 contiki-OrisenStamp.a(list.o)
 .v4_bx         0x00409008        0x0 contiki-OrisenStamp.a(etimer.o)
 .v4_bx         0x00409008        0x0 contiki-OrisenStamp.a(ctimer.o)
 .v4_bx         0x00409008        0x0 contiki-OrisenStamp.a(random.o)
 .v4_bx         0x00409008        0x0 contiki-OrisenStamp.a(ringbuf.o)
 .v4_bx         0x00409008        0x0 contiki-OrisenStamp.a(packetbuf.o)
 .v4_bx         0x00409008        0x0 contiki-OrisenStamp.a(queuebuf.o)
 .v4_bx         0x00409008        0x0 contiki-OrisenStamp.a(clock.o)
 .v4_bx         0x00409008        0x0 contiki-OrisenStamp.a(button-sensor.o)
 .v4_bx         0x00409008        0x0 contiki-OrisenStamp.a(sensors.o)
 .v4_bx         0x00409008        0x0 contiki-OrisenStamp.a(RTC.o)
 .v4_bx         0x00409008        0x0 contiki-OrisenStamp.a(kbi_events.o)
 .v4_bx         0x00409008        0x0 contiki-OrisenStamp.a(io-pins.o)
 .v4_bx         0x00409008        0x0 contiki-OrisenStamp.a(contiki-crm.o)
 .v4_bx         0x00409008        0x0 contiki-OrisenStamp.a(contiki-maca.o)
 .v4_bx         0x00409008        0x0 contiki-OrisenStamp.a(contiki-misc.o)
 .v4_bx         0x00409008        0x0 contiki-OrisenStamp.a(leds.o)
 .v4_bx         0x00409008        0x0 contiki-OrisenStamp.a(contiki-uart.o)
 .v4_bx         0x00409008        0x0 contiki-OrisenStamp.a(dbg-printf.o)
 .v4_bx         0x00409008        0x0 contiki-OrisenStamp.a(dbg-sprintf.o)
 .v4_bx         0x00409008        0x0 contiki-OrisenStamp.a(strformat.o)
 .v4_bx         0x00409008        0x0 contiki-OrisenStamp.a(adc.o)
 .v4_bx         0x00409008        0x0 contiki-OrisenStamp.a(gpio.o)
 .v4_bx         0x00409008        0x0 contiki-OrisenStamp.a(gpio-util.o)
 .v4_bx         0x00409008        0x0 contiki-OrisenStamp.a(i2c.o)
 .v4_bx         0x00409008        0x0 contiki-OrisenStamp.a(maca.o)
 .v4_bx         0x00409008        0x0 contiki-OrisenStamp.a(nvm.o)
 .v4_bx         0x00409008        0x0 contiki-OrisenStamp.a(uart1.o)
 .v4_bx         0x00409008        0x0 contiki-OrisenStamp.a(uart2.o)
 .v4_bx         0x00409008        0x0 contiki-OrisenStamp.a(default_lowleve)
 .v4_bx         0x00409008        0x0 contiki-OrisenStamp.a(isr.o)
 .v4_bx         0x00409008        0x0 contiki-OrisenStamp.a(frame802154.o)
 .v4_bx         0x00409008        0x0 contiki-OrisenStamp.a(timer.o)
 .v4_bx         0x00409008        0x0 contiki-OrisenStamp.a(debug-uart.o)
 .v4_bx         0x00409008        0x0 contiki-OrisenStamp.a(leds-arch.o)
 .v4_bx         0x00409008        0x0 /home/user/CodeSourcery/Sourcery_G++_Lite/bin/../lib/gcc/arm-none-eabi/4.3.2/libgcc.a(_udivsi3.o)
 .v4_bx         0x00409008        0x0 /home/user/CodeSourcery/Sourcery_G++_Lite/bin/../lib/gcc/arm-none-eabi/4.3.2/libgcc.a(_divsi3.o)
 .v4_bx         0x00409008        0x0 /home/user/CodeSourcery/Sourcery_G++_Lite/bin/../lib/gcc/arm-none-eabi/4.3.2/libgcc.a(_dvmd_tls.o)
 .v4_bx         0x00409008        0x0 /home/user/CodeSourcery/Sourcery_G++_Lite/bin/../lib/gcc/arm-none-eabi/4.3.2/libgcc.a(_aeabi_uldivmod.o)
 .v4_bx         0x00409008        0x0 /home/user/CodeSourcery/Sourcery_G++_Lite/bin/../lib/gcc/arm-none-eabi/4.3.2/libgcc.a(bpabi.o)
 .v4_bx         0x00409008        0x0 /home/user/CodeSourcery/Sourcery_G++_Lite/bin/../lib/gcc/arm-none-eabi/4.3.2/libgcc.a(_divdi3.o)
 .v4_bx         0x00409008        0x0 /home/user/CodeSourcery/Sourcery_G++_Lite/bin/../lib/gcc/arm-none-eabi/4.3.2/libgcc.a(_udivdi3.o)
 .v4_bx         0x00409008        0x0 /home/user/CodeSourcery/Sourcery_G++_Lite/bin/../lib/gcc/arm-none-eabi/4.3.2/libgcc.a(_clz.o)
 .v4_bx         0x00409008        0x0 /home/user/CodeSourcery/Sourcery_G++_Lite/bin/../lib/gcc/arm-none-eabi/4.3.2/../../../../arm-none-eabi/lib/libc.a(lib_a-malloc.o)
 .v4_bx         0x00409008        0x0 /home/user/CodeSourcery/Sourcery_G++_Lite/bin/../lib/gcc/arm-none-eabi/4.3.2/../../../../arm-none-eabi/lib/libc.a(lib_a-mallocr.o)
 .v4_bx         0x00409008        0x0 /home/user/CodeSourcery/Sourcery_G++_Lite/bin/../lib/gcc/arm-none-eabi/4.3.2/../../../../arm-none-eabi/lib/libc.a(lib_a-memcmp.o)
 .v4_bx         0x00409008        0x0 /home/user/CodeSourcery/Sourcery_G++_Lite/bin/../lib/gcc/arm-none-eabi/4.3.2/../../../../arm-none-eabi/lib/libc.a(lib_a-memcpy.o)
 .v4_bx         0x00409008        0x0 /home/user/CodeSourcery/Sourcery_G++_Lite/bin/../lib/gcc/arm-none-eabi/4.3.2/../../../../arm-none-eabi/lib/libc.a(lib_a-memset.o)
 .v4_bx         0x00409008        0x0 /home/user/CodeSourcery/Sourcery_G++_Lite/bin/../lib/gcc/arm-none-eabi/4.3.2/../../../../arm-none-eabi/lib/libc.a(lib_a-mlock.o)
 .v4_bx         0x00409008        0x0 /home/user/CodeSourcery/Sourcery_G++_Lite/bin/../lib/gcc/arm-none-eabi/4.3.2/../../../../arm-none-eabi/lib/libc.a(lib_a-sbrkr.o)
 .v4_bx         0x00409008        0x0 /home/user/CodeSourcery/Sourcery_G++_Lite/bin/../lib/gcc/arm-none-eabi/4.3.2/../../../../arm-none-eabi/lib/libc.a(lib_a-strcat.o)
 .v4_bx         0x00409008        0x0 /home/user/CodeSourcery/Sourcery_G++_Lite/bin/../lib/gcc/arm-none-eabi/4.3.2/../../../../arm-none-eabi/lib/libc.a(lib_a-strcpy.o)
 .v4_bx         0x00409008        0x0 /home/user/CodeSourcery/Sourcery_G++_Lite/bin/../lib/gcc/arm-none-eabi/4.3.2/../../../../arm-none-eabi/lib/libc.a(lib_a-strlen.o)
 .v4_bx         0x00409008        0x0 /home/user/CodeSourcery/Sourcery_G++_Lite/bin/../lib/gcc/arm-none-eabi/4.3.2/../../../../arm-none-eabi/lib/libc.a(lib_a-strncmp.o)
 .v4_bx         0x00409008        0x0 /home/user/CodeSourcery/Sourcery_G++_Lite/bin/../lib/gcc/arm-none-eabi/4.3.2/../../../../arm-none-eabi/lib/libc.a(lib_a-freer.o)
 .v4_bx         0x00409008        0x0 /home/user/CodeSourcery/Sourcery_G++_Lite/bin/../lib/gcc/arm-none-eabi/4.3.2/../../../../arm-none-eabi/lib/libc.a(lib_a-impure.o)
 .v4_bx         0x00409008        0x0 /home/user/CodeSourcery/Sourcery_G++_Lite/bin/../lib/gcc/arm-none-eabi/4.3.2/../../../../arm-none-eabi/lib/libc.a(lib_a-reent.o)

.janus_2cc_veneer
                0x00409008        0x0
 .janus_2cc_veneer
                0x00409008        0x0 sensorStamp.co
 .janus_2cc_veneer
                0x00409008        0x0 obj_OrisenStamp/contiki-stamp-main.o
 .janus_2cc_veneer
                0x00409008        0x0 obj_OrisenStamp/start.o
 .janus_2cc_veneer
                0x00409008        0x0 contiki-OrisenStamp.a(rimeaddr.o)
 .janus_2cc_veneer
                0x00409008        0x0 contiki-OrisenStamp.a(rime.o)
 .janus_2cc_veneer
                0x00409008        0x0 contiki-OrisenStamp.a(rimestats.o)
 .janus_2cc_veneer
                0x00409008        0x0 contiki-OrisenStamp.a(announcement.o)
 .janus_2cc_veneer
                0x00409008        0x0 contiki-OrisenStamp.a(broadcast-annou)
 .janus_2cc_veneer
                0x00409008        0x0 contiki-OrisenStamp.a(broadcast.o)
 .janus_2cc_veneer
                0x00409008        0x0 contiki-OrisenStamp.a(abc.o)
 .janus_2cc_veneer
                0x00409008        0x0 contiki-OrisenStamp.a(chameleon.o)
 .janus_2cc_veneer
                0x00409008        0x0 contiki-OrisenStamp.a(channel.o)
 .janus_2cc_veneer
                0x00409008        0x0 contiki-OrisenStamp.a(chameleon-bitop)
 .janus_2cc_veneer
                0x00409008        0x0 contiki-OrisenStamp.a(nullrdc.o)
 .janus_2cc_veneer
                0x00409008        0x0 contiki-OrisenStamp.a(mac.o)
 .janus_2cc_veneer
                0x00409008        0x0 contiki-OrisenStamp.a(framer-802154.o)
 .janus_2cc_veneer
                0x00409008        0x0 contiki-OrisenStamp.a(csma.o)
 .janus_2cc_veneer
                0x00409008        0x0 contiki-OrisenStamp.a(process.o)
 .janus_2cc_veneer
                0x00409008        0x0 contiki-OrisenStamp.a(autostart.o)
 .janus_2cc_veneer
                0x00409008        0x0 contiki-OrisenStamp.a(serial-line.o)
 .janus_2cc_veneer
                0x00409008        0x0 contiki-OrisenStamp.a(memb.o)
 .janus_2cc_veneer
                0x00409008        0x0 contiki-OrisenStamp.a(list.o)
 .janus_2cc_veneer
                0x00409008        0x0 contiki-OrisenStamp.a(etimer.o)
 .janus_2cc_veneer
                0x00409008        0x0 contiki-OrisenStamp.a(ctimer.o)
 .janus_2cc_veneer
                0x00409008        0x0 contiki-OrisenStamp.a(random.o)
 .janus_2cc_veneer
                0x00409008        0x0 contiki-OrisenStamp.a(ringbuf.o)
 .janus_2cc_veneer
                0x00409008        0x0 contiki-OrisenStamp.a(packetbuf.o)
 .janus_2cc_veneer
                0x00409008        0x0 contiki-OrisenStamp.a(queuebuf.o)
 .janus_2cc_veneer
                0x00409008        0x0 contiki-OrisenStamp.a(clock.o)
 .janus_2cc_veneer
                0x00409008        0x0 contiki-OrisenStamp.a(button-sensor.o)
 .janus_2cc_veneer
                0x00409008        0x0 contiki-OrisenStamp.a(sensors.o)
 .janus_2cc_veneer
                0x00409008        0x0 contiki-OrisenStamp.a(RTC.o)
 .janus_2cc_veneer
                0x00409008        0x0 contiki-OrisenStamp.a(kbi_events.o)
 .janus_2cc_veneer
                0x00409008        0x0 contiki-OrisenStamp.a(io-pins.o)
 .janus_2cc_veneer
                0x00409008        0x0 contiki-OrisenStamp.a(contiki-crm.o)
 .janus_2cc_veneer
                0x00409008        0x0 contiki-OrisenStamp.a(contiki-maca.o)
 .janus_2cc_veneer
                0x00409008        0x0 contiki-OrisenStamp.a(contiki-misc.o)
 .janus_2cc_veneer
                0x00409008        0x0 contiki-OrisenStamp.a(leds.o)
 .janus_2cc_veneer
                0x00409008        0x0 contiki-OrisenStamp.a(contiki-uart.o)
 .janus_2cc_veneer
                0x00409008        0x0 contiki-OrisenStamp.a(dbg-printf.o)
 .janus_2cc_veneer
                0x00409008        0x0 contiki-OrisenStamp.a(dbg-sprintf.o)
 .janus_2cc_veneer
                0x00409008        0x0 contiki-OrisenStamp.a(strformat.o)
 .janus_2cc_veneer
                0x00409008        0x0 contiki-OrisenStamp.a(adc.o)
 .janus_2cc_veneer
                0x00409008        0x0 contiki-OrisenStamp.a(gpio.o)
 .janus_2cc_veneer
                0x00409008        0x0 contiki-OrisenStamp.a(gpio-util.o)
 .janus_2cc_veneer
                0x00409008        0x0 contiki-OrisenStamp.a(i2c.o)
 .janus_2cc_veneer
                0x00409008        0x0 contiki-OrisenStamp.a(maca.o)
 .janus_2cc_veneer
                0x00409008        0x0 contiki-OrisenStamp.a(nvm.o)
 .janus_2cc_veneer
                0x00409008        0x0 contiki-OrisenStamp.a(uart1.o)
 .janus_2cc_veneer
                0x00409008        0x0 contiki-OrisenStamp.a(uart2.o)
 .janus_2cc_veneer
                0x00409008        0x0 contiki-OrisenStamp.a(default_lowleve)
 .janus_2cc_veneer
                0x00409008        0x0 contiki-OrisenStamp.a(isr.o)
 .janus_2cc_veneer
                0x00409008        0x0 contiki-OrisenStamp.a(frame802154.o)
 .janus_2cc_veneer
                0x00409008        0x0 contiki-OrisenStamp.a(timer.o)
 .janus_2cc_veneer
                0x00409008        0x0 contiki-OrisenStamp.a(debug-uart.o)
 .janus_2cc_veneer
                0x00409008        0x0 contiki-OrisenStamp.a(leds-arch.o)
 .janus_2cc_veneer
                0x00409008        0x0 /home/user/CodeSourcery/Sourcery_G++_Lite/bin/../lib/gcc/arm-none-eabi/4.3.2/libgcc.a(_udivsi3.o)
 .janus_2cc_veneer
                0x00409008        0x0 /home/user/CodeSourcery/Sourcery_G++_Lite/bin/../lib/gcc/arm-none-eabi/4.3.2/libgcc.a(_divsi3.o)
 .janus_2cc_veneer
                0x00409008        0x0 /home/user/CodeSourcery/Sourcery_G++_Lite/bin/../lib/gcc/arm-none-eabi/4.3.2/libgcc.a(_dvmd_tls.o)
 .janus_2cc_veneer
                0x00409008        0x0 /home/user/CodeSourcery/Sourcery_G++_Lite/bin/../lib/gcc/arm-none-eabi/4.3.2/libgcc.a(_aeabi_uldivmod.o)
 .janus_2cc_veneer
                0x00409008        0x0 /home/user/CodeSourcery/Sourcery_G++_Lite/bin/../lib/gcc/arm-none-eabi/4.3.2/libgcc.a(bpabi.o)
 .janus_2cc_veneer
                0x00409008        0x0 /home/user/CodeSourcery/Sourcery_G++_Lite/bin/../lib/gcc/arm-none-eabi/4.3.2/libgcc.a(_divdi3.o)
 .janus_2cc_veneer
                0x00409008        0x0 /home/user/CodeSourcery/Sourcery_G++_Lite/bin/../lib/gcc/arm-none-eabi/4.3.2/libgcc.a(_udivdi3.o)
 .janus_2cc_veneer
                0x00409008        0x0 /home/user/CodeSourcery/Sourcery_G++_Lite/bin/../lib/gcc/arm-none-eabi/4.3.2/libgcc.a(_clz.o)
 .janus_2cc_veneer
                0x00409008        0x0 /home/user/CodeSourcery/Sourcery_G++_Lite/bin/../lib/gcc/arm-none-eabi/4.3.2/../../../../arm-none-eabi/lib/libc.a(lib_a-malloc.o)
 .janus_2cc_veneer
                0x00409008        0x0 /home/user/CodeSourcery/Sourcery_G++_Lite/bin/../lib/gcc/arm-none-eabi/4.3.2/../../../../arm-none-eabi/lib/libc.a(lib_a-mallocr.o)
 .janus_2cc_veneer
                0x00409008        0x0 /home/user/CodeSourcery/Sourcery_G++_Lite/bin/../lib/gcc/arm-none-eabi/4.3.2/../../../../arm-none-eabi/lib/libc.a(lib_a-memcmp.o)
 .janus_2cc_veneer
                0x00409008        0x0 /home/user/CodeSourcery/Sourcery_G++_Lite/bin/../lib/gcc/arm-none-eabi/4.3.2/../../../../arm-none-eabi/lib/libc.a(lib_a-memcpy.o)
 .janus_2cc_veneer
                0x00409008        0x0 /home/user/CodeSourcery/Sourcery_G++_Lite/bin/../lib/gcc/arm-none-eabi/4.3.2/../../../../arm-none-eabi/lib/libc.a(lib_a-memset.o)
 .janus_2cc_veneer
                0x00409008        0x0 /home/user/CodeSourcery/Sourcery_G++_Lite/bin/../lib/gcc/arm-none-eabi/4.3.2/../../../../arm-none-eabi/lib/libc.a(lib_a-mlock.o)
 .janus_2cc_veneer
                0x00409008        0x0 /home/user/CodeSourcery/Sourcery_G++_Lite/bin/../lib/gcc/arm-none-eabi/4.3.2/../../../../arm-none-eabi/lib/libc.a(lib_a-sbrkr.o)
 .janus_2cc_veneer
                0x00409008        0x0 /home/user/CodeSourcery/Sourcery_G++_Lite/bin/../lib/gcc/arm-none-eabi/4.3.2/../../../../arm-none-eabi/lib/libc.a(lib_a-strcat.o)
 .janus_2cc_veneer
                0x00409008        0x0 /home/user/CodeSourcery/Sourcery_G++_Lite/bin/../lib/gcc/arm-none-eabi/4.3.2/../../../../arm-none-eabi/lib/libc.a(lib_a-strcpy.o)
 .janus_2cc_veneer
                0x00409008        0x0 /home/user/CodeSourcery/Sourcery_G++_Lite/bin/../lib/gcc/arm-none-eabi/4.3.2/../../../../arm-none-eabi/lib/libc.a(lib_a-strlen.o)
 .janus_2cc_veneer
                0x00409008        0x0 /home/user/CodeSourcery/Sourcery_G++_Lite/bin/../lib/gcc/arm-none-eabi/4.3.2/../../../../arm-none-eabi/lib/libc.a(lib_a-strncmp.o)
 .janus_2cc_veneer
                0x00409008        0x0 /home/user/CodeSourcery/Sourcery_G++_Lite/bin/../lib/gcc/arm-none-eabi/4.3.2/../../../../arm-none-eabi/lib/libc.a(lib_a-freer.o)
 .janus_2cc_veneer
                0x00409008        0x0 /home/user/CodeSourcery/Sourcery_G++_Lite/bin/../lib/gcc/arm-none-eabi/4.3.2/../../../../arm-none-eabi/lib/libc.a(lib_a-impure.o)
 .janus_2cc_veneer
                0x00409008        0x0 /home/user/CodeSourcery/Sourcery_G++_Lite/bin/../lib/gcc/arm-none-eabi/4.3.2/../../../../arm-none-eabi/lib/libc.a(lib_a-reent.o)

.interp
 *(.interp)

.note.gnu.build-id
 *(.note.gnu.build-id)

.hash
 *(.hash)

.gnu.hash
 *(.gnu.hash)

.dynsym
 *(.dynsym)

.dynstr
 *(.dynstr)

.gnu.version
 *(.gnu.version)

.gnu.version_d
 *(.gnu.version_d)

.gnu.version_r
 *(.gnu.version_r)

.rel.dyn
 *(.rel.init)
 *(.rel.text .rel.text.* .rel.gnu.linkonce.t.*)
 *(.rel.fini)
 *(.rel.rodata .rel.rodata.* .rel.gnu.linkonce.r.*)
 *(.rel.data.rel.ro* .rel.gnu.linkonce.d.rel.ro.*)
 *(.rel.data .rel.data.* .rel.gnu.linkonce.d.*)
 *(.rel.tdata .rel.tdata.* .rel.gnu.linkonce.td.*)
 *(.rel.tbss .rel.tbss.* .rel.gnu.linkonce.tb.*)
 *(.rel.ctors)
 *(.rel.dtors)
 *(.rel.got)
 *(.rel.bss .rel.bss.* .rel.gnu.linkonce.b.*)

.rela.dyn
 *(.rela.init)
 *(.rela.text .rela.text.* .rela.gnu.linkonce.t.*)
 *(.rela.fini)
 *(.rela.rodata .rela.rodata.* .rela.gnu.linkonce.r.*)
 *(.rela.data .rela.data.* .rela.gnu.linkonce.d.*)
 *(.rela.tdata .rela.tdata.* .rela.gnu.linkonce.td.*)
 *(.rela.tbss .rela.tbss.* .rela.gnu.linkonce.tb.*)
 *(.rela.ctors)
 *(.rela.dtors)
 *(.rela.got)
 *(.rela.bss .rela.bss.* .rela.gnu.linkonce.b.*)

.rel.plt
 *(.rel.plt)

.rela.plt
 *(.rela.plt)

.init
 *(.init)

.plt
 *(.plt)

.fini
 *(.fini)
                0x00409008                PROVIDE (__etext, .)
                0x00409008                PROVIDE (_etext, .)
                0x00409008                PROVIDE (etext, .)

.rodata         0x00409008      0x820
 *(.rodata .rodata.* .gnu.linkonce.r.*)
 .rodata        0x00409008        0x6 sensorStamp.co
 *fill*         0x0040900e        0x2 00
 .rodata.abc_call
                0x00409010        0x8 sensorStamp.co
 .rodata.autostart_processes
                0x00409018        0x8 sensorStamp.co
                0x00409018                autostart_processes
 .rodata.str1.1