Archive member included because of file (symbol)

contiki-OrisenStamp.a(rimeaddr.o)
                              obj_OrisenStamp/contiki-stamp-main.o (rimeaddr_copy)
contiki-OrisenStamp.a(rime.o)
                              obj_OrisenStamp/contiki-stamp-main.o (rime_driver)
contiki-OrisenStamp.a(rimestats.o)
                              contiki-OrisenStamp.a(rime.o) (rimestats)
contiki-OrisenStamp.a(announcement.o)
                              contiki-OrisenStamp.a(rime.o) (announcement_init)
contiki-OrisenStamp.a(broadcast-annou)
                              contiki-OrisenStamp.a(rime.o) (broadcast_announcement_init)
contiki-OrisenStamp.a(broadcast.o)
                              contiki-OrisenStamp.a(broadcast-annou) (broadcast_send)
contiki-OrisenStamp.a(abc.o)  contiki-OrisenStamp.a(rime.o) (abc_input)
contiki-OrisenStamp.a(chameleon.o)
                              contiki-OrisenStamp.a(rime.o) (chameleon_parse)
contiki-OrisenStamp.a(channel.o)
                              contiki-OrisenStamp.a(abc.o) (channel_close)
contiki-OrisenStamp.a(chameleon-bitop)
                              contiki-OrisenStamp.a(chameleon.o) (chameleon_bitopt)
contiki-OrisenStamp.a(nullrdc.o)
                              obj_OrisenStamp/contiki-stamp-main.o (nullrdc_driver)
contiki-OrisenStamp.a(mac.o)  contiki-OrisenStamp.a(nullrdc.o) (mac_call_sent_callback)
contiki-OrisenStamp.a(framer-802154.o)
                              contiki-OrisenStamp.a(nullrdc.o) (framer_802154)
contiki-OrisenStamp.a(csma.o)
                              obj_OrisenStamp/contiki-stamp-main.o (csma_driver)
contiki-OrisenStamp.a(process.o)
                              obj_OrisenStamp/contiki-stamp-main.o (process_init)
contiki-OrisenStamp.a(autostart.o)
                              obj_OrisenStamp/contiki-stamp-main.o (autostart_start)
contiki-OrisenStamp.a(serial-line.o)
                              obj_OrisenStamp/contiki-stamp-main.o (serial_line_init)
contiki-OrisenStamp.a(memb.o)
                              contiki-OrisenStamp.a(csma.o) (memb_alloc)
contiki-OrisenStamp.a(list.o)
                              contiki-OrisenStamp.a(announcement.o) (list_init)
contiki-OrisenStamp.a(etimer.o)
                              obj_OrisenStamp/contiki-stamp-main.o (etimer_process)
contiki-OrisenStamp.a(ctimer.o)
                              contiki-OrisenStamp.a(broadcast-annou) (ctimer_stop)
contiki-OrisenStamp.a(random.o)
                              contiki-OrisenStamp.a(broadcast-annou) (random_rand)
contiki-OrisenStamp.a(ringbuf.o)
                              contiki-OrisenStamp.a(serial-line.o) (ringbuf_init)
contiki-OrisenStamp.a(packetbuf.o)
                              contiki-OrisenStamp.a(chameleon-bitop) (packetbuf_hdrreduce)
contiki-OrisenStamp.a(queuebuf.o)
                              contiki-OrisenStamp.a(nullrdc.o) (queuebuf_to_packetbuf)
contiki-OrisenStamp.a(clock.o)
                              obj_OrisenStamp/contiki-stamp-main.o (clock_init)
contiki-OrisenStamp.a(button-sensor.o)
                              obj_OrisenStamp/contiki-stamp-main.o (button_sensor)
contiki-OrisenStamp.a(sensors.o)
                              contiki-OrisenStamp.a(button-sensor.o) (sensors_changed)
contiki-OrisenStamp.a(RTC.o)  obj_OrisenStamp/contiki-stamp-main.o (RTC_init)
contiki-OrisenStamp.a(kbi_events.o)
                              obj_OrisenStamp/contiki-stamp-main.o (kbi_event_process)
contiki-OrisenStamp.a(io-pins.o)
                              obj_OrisenStamp/contiki-stamp-main.o (ioPins_init)
contiki-OrisenStamp.a(contiki-crm.o)
                              obj_OrisenStamp/contiki-stamp-main.o (cal_ring_osc)
contiki-OrisenStamp.a(contiki-maca.o)
                              contiki-OrisenStamp.a(nullrdc.o) (contiki_maca_driver)
contiki-OrisenStamp.a(contiki-misc.o)
                              contiki-OrisenStamp.a(random.o) (srand)
contiki-OrisenStamp.a(leds.o)
                              sensorStamp.co (leds_off)
contiki-OrisenStamp.a(contiki-uart.o)
                              obj_OrisenStamp/contiki-stamp-main.o (uart1_set_input)
contiki-OrisenStamp.a(dbg-printf.o)
                              sensorStamp.co (printf)
contiki-OrisenStamp.a(dbg-sprintf.o)
                              sensorStamp.co (sprintf)
contiki-OrisenStamp.a(strformat.o)
                              contiki-OrisenStamp.a(dbg-printf.o) (format_str_v)
contiki-OrisenStamp.a(adc.o)  contiki-OrisenStamp.a(io-pins.o) (adc_service)
contiki-OrisenStamp.a(gpio.o)
                              contiki-OrisenStamp.a(button-sensor.o) (gpio_data_get)
contiki-OrisenStamp.a(gpio-util.o)
                              contiki-OrisenStamp.a(adc.o) (gpio_select_function)
contiki-OrisenStamp.a(i2c.o)  contiki-OrisenStamp.a(RTC.o) (i2c_transferred)
contiki-OrisenStamp.a(maca.o)
                              contiki-OrisenStamp.a(contiki-maca.o) (free_packet)
contiki-OrisenStamp.a(nvm.o)  obj_OrisenStamp/contiki-stamp-main.o (nvm_detect)
[...]
Memory Configuration

Name             Origin             Length             Attributes
ram              0x00400000         0x00018000         xrw
*default*        0x00000000         0xffffffff

Linker script and memory map

LOAD sensorStamp.co
LOAD obj_OrisenStamp/contiki-stamp-main.o
LOAD obj_OrisenStamp/start.o
LOAD contiki-OrisenStamp.a
LOAD contiki-OrisenStamp.a
START GROUP
LOAD /home/user/CodeSourcery/Sourcery_G++_Lite/bin/../lib/gcc/arm-none-eabi/4.3.2/libgcc.a
LOAD /home/user/CodeSourcery/Sourcery_G++_Lite/bin/../lib/gcc/arm-none-eabi/4.3.2/../../../../arm-none-eabi/lib/libc.a
END GROUP
                0x00000400                SYS_STACK_SIZE = 0x400
                0x00000100                IRQ_STACK_SIZE = 0x100
                0x00000100                FIQ_STACK_SIZE = 0x100
                0x00000100                SVC_STACK_SIZE = 0x100
                0x00000010                ABT_STACK_SIZE = 0x10
                0x00000010                UND_STACK_SIZE = 0x10
                0x00001000                HEAP_SIZE = 0x1000
                0x00400000                PROVIDE (__executable_start, 0x400000)
                0x00400000                . = 0x400000

.text           0x00400000     0x8e18
 *(.start)
 .start         0x00400000      0x8b4 obj_OrisenStamp/start.o
                0x00400890                _bss_start
                0x00400894                _bss_end
                0x00400000                _start
 *(.irq)
 .irq           0x004008b4      0x214 contiki-OrisenStamp.a(isr.o)
                0x004008b4                irq
 *(.text .stub .text.* .gnu.linkonce.t.*)
 .text.process_thread_example_abc_process
                0x00400ac8      0x138 sensorStamp.co
 .text.abc_recv
                0x00400c00       0x54 sensorStamp.co
 .text.process_thread_test_uart2_process
                0x00400c54       0xe8 sensorStamp.co
 .text.sd_card_switch_init
                0x00400d3c       0x44 obj_OrisenStamp/contiki-stamp-main.o
                0x00400d3c                sd_card_switch_init
                0x00400d44                .real_start_ofsd_card_switch_init
 .text.kbi4_init
                0x00400d80       0x64 obj_OrisenStamp/contiki-stamp-main.o
                0x00400d88                .real_start_ofkbi4_init
                0x00400d80                kbi4_init
 .text.kbi5_init
                0x00400de4       0x68 obj_OrisenStamp/contiki-stamp-main.o
                0x00400de4                kbi5_init
                0x00400dec                .real_start_ofkbi5_init
 .text.print_welcome
                0x00400e4c       0x40 obj_OrisenStamp/contiki-stamp-main.o
                0x00400e4c                print_welcome
                0x00400e54                .real_start_ofprint_welcome
 .text.set_rimeaddr
                0x00400e8c      0x104 obj_OrisenStamp/contiki-stamp-main.o
                0x00400e8c                set_rimeaddr
                0x00400e94                .real_start_ofset_rimeaddr
 .text.stamp_init
                0x00400f90       0xc4 obj_OrisenStamp/contiki-stamp-main.o
                0x00400f98                .real_start_ofstamp_init
                0x00400f90                stamp_init
 .text.init_lowlevel
                0x00401054       0x60 obj_OrisenStamp/contiki-stamp-main.o
                0x00401054                init_lowlevel
                0x0040105c                .real_start_ofinit_lowlevel
 .text.main     0x004010b4      0x1e0 obj_OrisenStamp/contiki-stamp-main.o
                0x004010bc                .real_start_ofmain
                0x004010b4                main
 .text.rimeaddr_copy
                0x00401294       0x1c contiki-OrisenStamp.a(rimeaddr.o)
                0x00401294                rimeaddr_copy
                0x0040129c                .real_start_ofrimeaddr_copy
 .text.rimeaddr_cmp
                0x004012b0       0x2c contiki-OrisenStamp.a(rimeaddr.o)
                0x004012b8                .real_start_ofrimeaddr_cmp
                0x004012b0                rimeaddr_cmp
 .text.rimeaddr_set_node_addr
                0x004012dc       0x28 contiki-OrisenStamp.a(rimeaddr.o)
                0x004012dc                rimeaddr_set_node_addr
                0x004012e4                .real_start_ofrimeaddr_set_node_addr
 .text.input    0x00401304       0x60 contiki-OrisenStamp.a(rime.o)
 .text.init     0x00401364       0x50 contiki-OrisenStamp.a(rime.o)
 .text.rime_output
                0x004013b4       0x50 contiki-OrisenStamp.a(rime.o)
                0x004013bc                .real_start_ofrime_output
                0x004013b4                rime_output
 .text.packet_sent
                0x00401404       0x50 contiki-OrisenStamp.a(rime.o)
 .text.announcement_register_observer_callback
                0x00401454       0x14 contiki-OrisenStamp.a(announcement.o)
                0x00401454                announcement_register_observer_callback
                0x0040145c                .real_start_ofannouncement_register_observer_callback
 .text.announcement_list
                0x00401468       0x24 contiki-OrisenStamp.a(announcement.o)
                0x00401470                .real_start_ofannouncement_list
                0x00401468                announcement_list
 .text.announcement_heard
                0x0040148c       0x50 contiki-OrisenStamp.a(announcement.o)
                0x0040148c                announcement_heard
                0x00401494                .real_start_ofannouncement_heard
 .text.announcement_init
                0x004014dc       0x24 contiki-OrisenStamp.a(announcement.o)
                0x004014e4                .real_start_ofannouncement_init
                0x004014dc                announcement_init
 .text.adv_packet_sent
                0x00401500        0x4 contiki-OrisenStamp.a(broadcast-annou)
 .text.broadcast_announcement_init
                0x00401504       0x54 contiki-OrisenStamp.a(broadcast-annou)
                0x0040150c                .real_start_ofbroadcast_announcement_init
                0x00401504                broadcast_announcement_init
 .text.adv_packet_received
                0x00401558       0x7c contiki-OrisenStamp.a(broadcast-annou)
 .text.set_timers
                0x004015d4       0x54 contiki-OrisenStamp.a(broadcast-annou)
 .text.new_announcement
                0x00401628       0x28 contiki-OrisenStamp.a(broadcast-annou)
 .text.send_timer
                0x00401650       0x2c contiki-OrisenStamp.a(broadcast-annou)
 .text.send_adv
                0x0040167c       0x8c contiki-OrisenStamp.a(broadcast-annou)
 .text.sent_by_abc
                0x00401708       0x18 contiki-OrisenStamp.a(broadcast.o)
 .text.broadcast_send
                0x00401720       0x38 contiki-OrisenStamp.a(broadcast.o)
                0x00401720                broadcast_send
                0x00401728                .real_start_ofbroadcast_send
 .text.recv_from_abc
                0x00401758       0x30 contiki-OrisenStamp.a(broadcast.o)
 .text.broadcast_open
                0x00401788       0x40 contiki-OrisenStamp.a(broadcast.o)
                0x00401788                broadcast_open
                0x00401790                .real_start_ofbroadcast_open
 .text.abc_input
                0x004017c8       0x1c contiki-OrisenStamp.a(abc.o)
                0x004017c8                abc_input
                0x004017d0                .real_start_ofabc_input
 .text.abc_sent
                0x004017e4       0x20 contiki-OrisenStamp.a(abc.o)
                0x004017e4                abc_sent
                0x004017ec                .real_start_ofabc_sent
 .text.abc_send
                0x00401804       0x20 contiki-OrisenStamp.a(abc.o)
                0x00401804                abc_send
                0x0040180c                .real_start_ofabc_send
 .text.abc_close
                0x00401824       0x20 contiki-OrisenStamp.a(abc.o)
                0x0040182c                .real_start_ofabc_close
                0x00401824                abc_close
 .text.abc_open
                0x00401844       0x38 contiki-OrisenStamp.a(abc.o)
                0x00401844                abc_open
                0x0040184c                .real_start_ofabc_open
 .text.packetbuf_set_attr
                0x0040187c       0x10 contiki-OrisenStamp.a(chameleon.o)
 .text.chameleon_parse
                0x0040188c       0x38 contiki-OrisenStamp.a(chameleon.o)
                0x0040188c                chameleon_parse
                0x00401894                .real_start_ofchameleon_parse
 .text.chameleon_create
                0x004018c4       0x38 contiki-OrisenStamp.a(chameleon.o)
                0x004018c4                chameleon_create
                0x004018cc                .real_start_ofchameleon_create
 .text.chameleon_hdrsize
                0x004018fc       0x20 contiki-OrisenStamp.a(chameleon.o)
                0x004018fc                chameleon_hdrsize
                0x00401904                .real_start_ofchameleon_hdrsize
 .text.chameleon_init
                0x0040191c       0x20 contiki-OrisenStamp.a(chameleon.o)
                0x0040191c                chameleon_init
                0x00401924                .real_start_ofchameleon_init
 .text.channel_lookup
                0x0040193c       0x38 contiki-OrisenStamp.a(channel.o)
                0x0040193c                channel_lookup
                0x00401944                .real_start_ofchannel_lookup
 .text.channel_close
                0x00401974       0x28 contiki-OrisenStamp.a(channel.o)
                0x0040197c                .real_start_ofchannel_close
                0x00401974                channel_close
 .text.channel_open
                0x0040199c       0x2c contiki-OrisenStamp.a(channel.o)
                0x0040199c                channel_open
                0x004019a4                .real_start_ofchannel_open
 .text.channel_set_attributes
                0x004019c8       0x38 contiki-OrisenStamp.a(channel.o)
                0x004019c8                channel_set_attributes
                0x004019d0                .real_start_ofchannel_set_attributes
 .text.channel_init
                0x00401a00       0x24 contiki-OrisenStamp.a(channel.o)
                0x00401a08                .real_start_ofchannel_init
                0x00401a00                channel_init
 .text.get_bits_in_byte
                0x00401a24       0x2c contiki-OrisenStamp.a(chameleon-bitop)
                0x00401a24                get_bits_in_byte
                0x00401a2c                .real_start_ofget_bits_in_byte
 .text.get_bits
                0x00401a50       0x9c contiki-OrisenStamp.a(chameleon-bitop)
                0x00401a58                .real_start_ofget_bits
                0x00401a50                get_bits
 .text.header_size
                0x00401aec       0x18 contiki-OrisenStamp.a(chameleon-bitop)
 .text.set_bits_in_byte
                0x00401b04       0x2c contiki-OrisenStamp.a(chameleon-bitop)
                0x00401b0c                .real_start_ofset_bits_in_byte
                0x00401b04                set_bits_in_byte
 .text.set_bits
                0x00401b30       0xa8 contiki-OrisenStamp.a(chameleon-bitop)
                0x00401b30                set_bits
                0x00401b38                .real_start_ofset_bits
 .text.pack_header
                0x00401bd8       0xb8 contiki-OrisenStamp.a(chameleon-bitop)
 .text.unpack_header
                0x00401c90       0xec contiki-OrisenStamp.a(chameleon-bitop)
 .text.packetbuf_addr
                0x00401d7c       0x10 contiki-OrisenStamp.a(nullrdc.o)
 .text.on       0x00401d8c       0x18 contiki-OrisenStamp.a(nullrdc.o)
 .text.off      0x00401da4       0x20 contiki-OrisenStamp.a(nullrdc.o)
 .text.channel_check_interval
                0x00401dc4        0x4 contiki-OrisenStamp.a(nullrdc.o)
 .text.init     0x00401dc8       0x18 contiki-OrisenStamp.a(nullrdc.o)
 .text.packet_input
                0x00401de0       0x60 contiki-OrisenStamp.a(nullrdc.o)
 .text.send_packet
                0x00401e40       0x90 contiki-OrisenStamp.a(nullrdc.o)
 .text.send_list
                0x00401ed0       0x30 contiki-OrisenStamp.a(nullrdc.o)
 .text.mac_call_sent_callback
                0x00401f00       0x24 contiki-OrisenStamp.a(mac.o)
                0x00401f08                .real_start_ofmac_call_sent_callback
                0x00401f00                mac_call_sent_callback
 .text.packetbuf_set_attr
                0x00401f24       0x10 contiki-OrisenStamp.a(framer-802154.o)
 .text.packetbuf_addr
                0x00401f34       0x10 contiki-OrisenStamp.a(framer-802154.o)
 .text.packetbuf_set_addr
                0x00401f44       0x28 contiki-OrisenStamp.a(framer-802154.o)
 .text.parse    0x00401f6c       0xc8 contiki-OrisenStamp.a(framer-802154.o)
 .text.create   0x00402034      0x15c contiki-OrisenStamp.a(framer-802154.o)
 .text.packetbuf_addr
                0x00402190       0x10 contiki-OrisenStamp.a(csma.o)
 .text.default_timebase
                0x004021a0       0x20 contiki-OrisenStamp.a(csma.o)
 .text.input_packet
                0x004021c0       0x18 contiki-OrisenStamp.a(csma.o)
 .text.on       0x004021d8       0x18 contiki-OrisenStamp.a(csma.o)
 .text.off      0x004021f0       0x18 contiki-OrisenStamp.a(csma.o)
 .text.channel_check_interval
                0x00402208       0x20 contiki-OrisenStamp.a(csma.o)
 .text.transmit_packet_list
                0x00402228       0x38 contiki-OrisenStamp.a(csma.o)
 .text.send_packet
                0x00402260      0x1cc contiki-OrisenStamp.a(csma.o)
 .text.free_first_packet
                0x0040242c       0xc4 contiki-OrisenStamp.a(csma.o)
 .text.packet_sent
                0x004024f0       0xf0 contiki-OrisenStamp.a(csma.o)
 .text.init     0x004025e0       0x30 contiki-OrisenStamp.a(csma.o)
 .text.process_alloc_event
                0x00402610       0x18 contiki-OrisenStamp.a(process.o)
                0x00402618                .real_start_ofprocess_alloc_event
                0x00402610                process_alloc_event
 .text.process_init
                0x00402628       0x40 contiki-OrisenStamp.a(process.o)
                0x00402628                process_init
                0x00402630                .real_start_ofprocess_init
 .text.process_post
                0x00402668       0x68 contiki-OrisenStamp.a(process.o)
                0x00402668                process_post
                0x00402670                .real_start_ofprocess_post
 .text.process_poll
                0x004026d0       0x2c contiki-OrisenStamp.a(process.o)
                0x004026d0                process_poll
                0x004026d8                .real_start_ofprocess_poll
 .text.process_is_running
                0x004026fc       0x10 contiki-OrisenStamp.a(process.o)
                0x004026fc                process_is_running
                0x00402704                .real_start_ofprocess_is_running
 .text.exit_process
                0x0040270c       0xa4 contiki-OrisenStamp.a(process.o)
 .text.call_process
                0x004027b0       0x50 contiki-OrisenStamp.a(process.o)
 .text.process_post_synch
                0x00402800       0x28 contiki-OrisenStamp.a(process.o)
                0x00402808                .real_start_ofprocess_post_synch
                0x00402800                process_post_synch
 .text.process_start
                0x00402828       0x44 contiki-OrisenStamp.a(process.o)
                0x00402830                .real_start_ofprocess_start
                0x00402828                process_start
 .text.do_poll  0x0040286c       0x44 contiki-OrisenStamp.a(process.o)
 .text.process_run
                0x004028b0       0xdc contiki-OrisenStamp.a(process.o)
                0x004028b8                .real_start_ofprocess_run
                0x004028b0                process_run
 .text.autostart_start
                0x0040298c       0x2c contiki-OrisenStamp.a(autostart.o)
                0x00402994                .real_start_ofautostart_start
                0x0040298c                autostart_start
 .text.process_thread_serial_line_process
                0x004029b8       0xb4 contiki-OrisenStamp.a(serial-line.o)
 .text.serial_line_init
                0x00402a6c       0x40 contiki-OrisenStamp.a(serial-line.o)
                0x00402a74                .real_start_ofserial_line_init
                0x00402a6c                serial_line_init
 .text.serial_line_input_byte
                0x00402aac       0x68 contiki-OrisenStamp.a(serial-line.o)
                0x00402ab4                .real_start_ofserial_line_input_byte
                0x00402aac                serial_line_input_byte
 .text.memb_alloc
                0x00402b14       0x38 contiki-OrisenStamp.a(memb.o)
                0x00402b1c                .real_start_ofmemb_alloc
                0x00402b14                memb_alloc
 .text.memb_free
                0x00402b4c       0x40 contiki-OrisenStamp.a(memb.o)
                0x00402b4c                memb_free
                0x00402b54                .real_start_ofmemb_free
 .text.memb_inmemb
                0x00402b8c       0x34 contiki-OrisenStamp.a(memb.o)
                0x00402b94                .real_start_ofmemb_inmemb
                0x00402b8c                memb_inmemb
 .text.memb_init
                0x00402bc0       0x34 contiki-OrisenStamp.a(memb.o)
                0x00402bc8                .real_start_ofmemb_init
                0x00402bc0                memb_init
 .text.list_init
                0x00402bf4       0x10 contiki-OrisenStamp.a(list.o)
                0x00402bfc                .real_start_oflist_init
                0x00402bf4                list_init
 .text.list_head
                0x00402c04        0xc contiki-OrisenStamp.a(list.o)
                0x00402c04                list_head
                0x00402c0c                .real_start_oflist_head
 .text.list_tail
                0x00402c10       0x20 contiki-OrisenStamp.a(list.o)
                0x00402c10                list_tail
                0x00402c18                .real_start_oflist_tail
 .text.list_pop
                0x00402c30       0x1c contiki-OrisenStamp.a(list.o)
                0x00402c38                .real_start_oflist_pop
                0x00402c30                list_pop
 .text.list_remove
                0x00402c4c       0x38 contiki-OrisenStamp.a(list.o)
                0x00402c54                .real_start_oflist_remove
                0x00402c4c                list_remove
 .text.list_push
                0x00402c84       0x28 contiki-OrisenStamp.a(list.o)
                0x00402c84                list_push
                0x00402c8c                .real_start_oflist_push
 .text.list_add
                0x00402cac       0x3c contiki-OrisenStamp.a(list.o)
                0x00402cac                list_add
                0x00402cb4                .real_start_oflist_add
 .text.list_length
                0x00402ce8       0x1c contiki-OrisenStamp.a(list.o)
                0x00402ce8                list_length
                0x00402cf0                .real_start_oflist_length
 .text.list_item_next
                0x00402d04       0x14 contiki-OrisenStamp.a(list.o)
                0x00402d04                list_item_next
                0x00402d0c                .real_start_oflist_item_next
 .text.etimer_pending
                0x00402d18       0x18 contiki-OrisenStamp.a(etimer.o)
                0x00402d18                etimer_pending
                0x00402d20                .real_start_ofetimer_pending
 .text.etimer_next_expiration_time
                0x00402d30       0x2c contiki-OrisenStamp.a(etimer.o)
                0x00402d30                etimer_next_expiration_time
                0x00402d38                .real_start_ofetimer_next_expiration_time
 .text.update_time
                0x00402d5c       0x54 contiki-OrisenStamp.a(etimer.o)
 .text.etimer_stop
                0x00402db0       0x4c contiki-OrisenStamp.a(etimer.o)
                0x00402db0                etimer_stop
                0x00402db8                .real_start_ofetimer_stop
 .text.etimer_request_poll
                0x00402dfc       0x24 contiki-OrisenStamp.a(etimer.o)
                0x00402e04                .real_start_ofetimer_request_poll
                0x00402dfc                etimer_request_poll
 .text.process_thread_etimer_process
                0x00402e20       0xc8 contiki-OrisenStamp.a(etimer.o)
 .text.add_timer
                0x00402ee8       0x50 contiki-OrisenStamp.a(etimer.o)
 .text.etimer_set
                0x00402f38       0x2c contiki-OrisenStamp.a(etimer.o)
                0x00402f38                etimer_set
                0x00402f40                .real_start_ofetimer_set
 .text.process_thread_ctimer_process
                0x00402f64       0xa8 contiki-OrisenStamp.a(ctimer.o)
 .text.ctimer_stop
                0x0040300c       0x48 contiki-OrisenStamp.a(ctimer.o)
                0x00403014                .real_start_ofctimer_stop
                0x0040300c                ctimer_stop
 .text.ctimer_set
                0x00403054       0x74 contiki-OrisenStamp.a(ctimer.o)
                0x00403054                ctimer_set
                0x0040305c                .real_start_ofctimer_set
 .text.ctimer_init
                0x004030c8       0x40 contiki-OrisenStamp.a(ctimer.o)
                0x004030d0                .real_start_ofctimer_init
                0x004030c8                ctimer_init
 .text.random_rand
                0x00403108       0x24 contiki-OrisenStamp.a(random.o)
                0x00403108                random_rand
                0x00403110                .real_start_ofrandom_rand
 .text.ringbuf_init
                0x0040312c       0x18 contiki-OrisenStamp.a(ringbuf.o)
                0x0040312c                ringbuf_init
                0x00403134                .real_start_ofringbuf_init
 .text.ringbuf_put
                0x00403144       0x34 contiki-OrisenStamp.a(ringbuf.o)
                0x00403144                ringbuf_put
                0x0040314c                .real_start_ofringbuf_put
 .text.ringbuf_get
                0x00403178       0x30 contiki-OrisenStamp.a(ringbuf.o)
                0x00403178                ringbuf_get
                0x00403180                .real_start_ofringbuf_get
 .text.packetbuf_hdrreduce
                0x004031a8       0x38 contiki-OrisenStamp.a(packetbuf.o)
                0x004031b0                .real_start_ofpacketbuf_hdrreduce
                0x004031a8                packetbuf_hdrreduce
 .text.packetbuf_set_datalen
                0x004031e0       0x14 contiki-OrisenStamp.a(packetbuf.o)
                0x004031e0                packetbuf_set_datalen
                0x004031e8                .real_start_ofpacketbuf_set_datalen
 .text.packetbuf_dataptr
                0x004031f4       0x20 contiki-OrisenStamp.a(packetbuf.o)
                0x004031fc                .real_start_ofpacketbuf_dataptr
                0x004031f4                packetbuf_dataptr
 .text.packetbuf_hdrptr
                0x00403214       0x1c contiki-OrisenStamp.a(packetbuf.o)
                0x00403214                packetbuf_hdrptr
                0x0040321c                .real_start_ofpacketbuf_hdrptr
 .text.packetbuf_is_reference
                0x00403230       0x24 contiki-OrisenStamp.a(packetbuf.o)
                0x00403230                packetbuf_is_reference
                0x00403238                .real_start_ofpacketbuf_is_reference
 .text.packetbuf_reference_ptr
                0x00403254       0x14 contiki-OrisenStamp.a(packetbuf.o)
                0x00403254                packetbuf_reference_ptr
                0x0040325c                .real_start_ofpacketbuf_reference_ptr
 .text.packetbuf_datalen
                0x00403268       0x14 contiki-OrisenStamp.a(packetbuf.o)
                0x00403268                packetbuf_datalen
                0x00403270                .real_start_ofpacketbuf_datalen
 .text.packetbuf_hdrlen
                0x0040327c       0x1c contiki-OrisenStamp.a(packetbuf.o)
                0x0040327c                packetbuf_hdrlen
                0x00403284                .real_start_ofpacketbuf_hdrlen
 .text.packetbuf_totlen
                0x00403298       0x2c contiki-OrisenStamp.a(packetbuf.o)
                0x00403298                packetbuf_totlen
                0x004032a0                .real_start_ofpacketbuf_totlen
 .text.packetbuf_hdralloc
                0x004032c4       0x3c contiki-OrisenStamp.a(packetbuf.o)
                0x004032cc                .real_start_ofpacketbuf_hdralloc
                0x004032c4                packetbuf_hdralloc
 .text.packetbuf_attr_copyfrom
                0x00403300       0x3c contiki-OrisenStamp.a(packetbuf.o)
                0x00403300                packetbuf_attr_copyfrom
                0x00403308                .real_start_ofpacketbuf_attr_copyfrom
 .text.packetbuf_attr_copyto
                0x0040333c       0x38 contiki-OrisenStamp.a(packetbuf.o)
                0x0040333c                packetbuf_attr_copyto
                0x00403344                .real_start_ofpacketbuf_attr_copyto
 .text.packetbuf_copyto
                0x00403374       0x74 contiki-OrisenStamp.a(packetbuf.o)
                0x00403374                packetbuf_copyto
                0x0040337c                .real_start_ofpacketbuf_copyto
 .text.packetbuf_copyto_hdr
                0x004033e8       0x3c contiki-OrisenStamp.a(packetbuf.o)
                0x004033e8                packetbuf_copyto_hdr
                0x004033f0                .real_start_ofpacketbuf_copyto_hdr
 .text.packetbuf_compact
                0x00403424       0x7c contiki-OrisenStamp.a(packetbuf.o)
                0x0040342c                .real_start_ofpacketbuf_compact
                0x00403424                packetbuf_compact
 .text.packetbuf_attr_clear
                0x004034a0       0x60 contiki-OrisenStamp.a(packetbuf.o)
                0x004034a8                .real_start_ofpacketbuf_attr_clear
                0x004034a0                packetbuf_attr_clear
 .text.packetbuf_clear
                0x00403500       0x4c contiki-OrisenStamp.a(packetbuf.o)
                0x00403508                .real_start_ofpacketbuf_clear
                0x00403500                packetbuf_clear
 .text.packetbuf_copyfrom
                0x0040354c       0x50 contiki-OrisenStamp.a(packetbuf.o)
                0x0040354c                packetbuf_copyfrom
                0x00403554                .real_start_ofpacketbuf_copyfrom
 .text.queuebuf_to_packetbuf
                0x0040359c       0xa0 contiki-OrisenStamp.a(queuebuf.o)
                0x004035a4                .real_start_ofqueuebuf_to_packetbuf
                0x0040359c                queuebuf_to_packetbuf
 .text.queuebuf_free
                0x0040363c       0x6c contiki-OrisenStamp.a(queuebuf.o)
                0x0040363c                queuebuf_free
                0x00403644                .real_start_ofqueuebuf_free
 .text.queuebuf_update_attr_from_packetbuf
                0x004036a8       0x28 contiki-OrisenStamp.a(queuebuf.o)
                0x004036a8                queuebuf_update_attr_from_packetbuf
                0x004036b0                .real_start_ofqueuebuf_update_attr_from_packetbuf
 .text.queuebuf_new_from_packetbuf
                0x004036d0       0xb0 contiki-OrisenStamp.a(queuebuf.o)
                0x004036d0                queuebuf_new_from_packetbuf
                0x004036d8                .real_start_ofqueuebuf_new_from_packetbuf
 .text.queuebuf_init
                0x00403780       0x38 contiki-OrisenStamp.a(queuebuf.o)
                0x00403780                queuebuf_init
                0x00403788                .real_start_ofqueuebuf_init
 .text.clock_init
                0x004037b8       0x50 contiki-OrisenStamp.a(clock.o)
                0x004037b8                clock_init
                0x004037c0                .real_start_ofclock_init
 .text.clock_time
                0x00403808       0x14 contiki-OrisenStamp.a(clock.o)
                0x00403810                .real_start_ofclock_time
                0x00403808                clock_time
 .text.clock_seconds
                0x0040381c       0x14 contiki-OrisenStamp.a(clock.o)
                0x0040381c                clock_seconds
                0x00403824                .real_start_ofclock_seconds
 .text.clock_delay_usec
                0x00403830       0x44 contiki-OrisenStamp.a(clock.o)
                0x00403830                clock_delay_usec
                0x00403838                .real_start_ofclock_delay_usec
 .text.clock_delay_msec
                0x00403874       0x30 contiki-OrisenStamp.a(clock.o)
                0x00403874                clock_delay_msec
                0x0040387c                .real_start_ofclock_delay_msec
 .text.tmr0_isr
                0x004038a4       0xa0 contiki-OrisenStamp.a(clock.o)
                0x004038ac                .real_start_oftmr0_isr
                0x004038a4                tmr0_isr
 .text.status   0x00403944       0x1c contiki-OrisenStamp.a(button-sensor.o)
 .text.configure
                0x00403960       0x4c contiki-OrisenStamp.a(button-sensor.o)
 *fill*         0x004039ac        0x4 00000000
 .text.value    0x004039b0       0x30 contiki-OrisenStamp.a(button-sensor.o)
 .text.kbi4_isr
                0x004039e0       0x34 contiki-OrisenStamp.a(button-sensor.o)
                0x004039e0                kbi4_isr
                0x004039e8                .real_start_ofkbi4_isr
 .text.get_sensor_index
                0x00403a14       0x28 contiki-OrisenStamp.a(sensors.o)
 .text.process_thread_sensors_process
                0x00403a3c       0xec contiki-OrisenStamp.a(sensors.o)
 .text.sensors_changed
                0x00403b28       0x40 contiki-OrisenStamp.a(sensors.o)
                0x00403b30                .real_start_ofsensors_changed
                0x00403b28                sensors_changed
 .text.M41T62_writeRegN
                0x00403b68       0x30 contiki-OrisenStamp.a(RTC.o)
                0x00403b70                .real_start_ofM41T62_writeRegN
                0x00403b68                M41T62_writeRegN
 .text.M41T62_writeReg
                0x00403b98       0x58 contiki-OrisenStamp.a(RTC.o)
                0x00403ba0                .real_start_ofM41T62_writeReg
                0x00403b98                M41T62_writeReg
 .text.M41T62_readRegN
                0x00403bf0       0x58 contiki-OrisenStamp.a(RTC.o)
                0x00403bf0                M41T62_readRegN
                0x00403bf8                .real_start_ofM41T62_readRegN
 .text.RTC_resetRegisters
                0x00403c48       0x74 contiki-OrisenStamp.a(RTC.o)
                0x00403c50                .real_start_ofRTC_resetRegisters
                0x00403c48                RTC_resetRegisters
 .text.M41T62_readReg
                0x00403cbc       0x58 contiki-OrisenStamp.a(RTC.o)
                0x00403cbc                M41T62_readReg
                0x00403cc4                .real_start_ofM41T62_readReg
 .text.process_thread_RTC_process
                0x00403d14       0x7c contiki-OrisenStamp.a(RTC.o)
 .text.RTC_start
                0x00403d90       0x40 contiki-OrisenStamp.a(RTC.o)
                0x00403d90                RTC_start
                0x00403d98                .real_start_ofRTC_start
 .text.RTC_stop
                0x00403dd0       0x44 contiki-OrisenStamp.a(RTC.o)
                0x00403dd8                .real_start_ofRTC_stop
                0x00403dd0                RTC_stop
 .text.kbi5_isr
                0x00403e14       0x34 contiki-OrisenStamp.a(RTC.o)
                0x00403e14                kbi5_isr
                0x00403e1c                .real_start_ofkbi5_isr
 .text.RTC_init
                0x00403e48       0xc0 contiki-OrisenStamp.a(RTC.o)
                0x00403e48                RTC_init
                0x00403e50                .real_start_ofRTC_init
 .text.kbi_event_init
                0x00403f08       0xcc contiki-OrisenStamp.a(kbi_events.o)
                0x00403f08                kbi_event_init
                0x00403f10                .real_start_ofkbi_event_init
 .text.process_thread_kbi_event_process
                0x00403fd4       0xa4 contiki-OrisenStamp.a(kbi_events.o)
 .text.kbi7_isr
                0x00404078       0x3c contiki-OrisenStamp.a(kbi_events.o)
                0x00404078                kbi7_isr
                0x00404080                .real_start_ofkbi7_isr
 .text.kbi6_isr
                0x004040b4       0x3c contiki-OrisenStamp.a(kbi_events.o)
                0x004040bc                .real_start_ofkbi6_isr
                0x004040b4                kbi6_isr
 .text.ioPins_configurePin
                0x004040f0      0x5d4 contiki-OrisenStamp.a(io-pins.o)
                0x004040f8                .real_start_ofioPins_configurePin
                0x004040f0                ioPins_configurePin
 .text.ioPins_init
                0x004046c4       0x78 contiki-OrisenStamp.a(io-pins.o)
                0x004046c4                ioPins_init
                0x004046cc                .real_start_ofioPins_init
 .text.cal_ring_osc
                0x0040473c       0x6c contiki-OrisenStamp.a(contiki-crm.o)
                0x0040473c                cal_ring_osc
                0x00404744                .real_start_ofcal_ring_osc
 .text.packetbuf_set_attr
                0x004047a8       0x10 contiki-OrisenStamp.a(contiki-maca.o)
 .text.contiki_maca_init
                0x004047b8        0xc contiki-OrisenStamp.a(contiki-maca.o)
                0x004047c0                .real_start_ofcontiki_maca_init
                0x004047b8                contiki_maca_init
 .text.contiki_maca_channel_clear
                0x004047c4        0xc contiki-OrisenStamp.a(contiki-maca.o)
                0x004047cc                .real_start_ofcontiki_maca_channel_clear
                0x004047c4                contiki_maca_channel_clear
 .text.contiki_maca_receiving_packet
                0x004047d0        0xc contiki-OrisenStamp.a(contiki-maca.o)
                0x004047d0                contiki_maca_receiving_packet
                0x004047d8                .real_start_ofcontiki_maca_receiving_packet
 .text.contiki_maca_pending_packet
                0x004047dc       0x18 contiki-OrisenStamp.a(contiki-maca.o)
                0x004047e4                .real_start_ofcontiki_maca_pending_packet
                0x004047dc                contiki_maca_pending_packet
 .text.contiki_maca_on_request
                0x004047f4       0x20 contiki-OrisenStamp.a(contiki-maca.o)
                0x004047fc                .real_start_ofcontiki_maca_on_request
                0x004047f4                contiki_maca_on_request
 .text.contiki_maca_off_request
                0x00404814       0x20 contiki-OrisenStamp.a(contiki-maca.o)
                0x00404814                contiki_maca_off_request
                0x0040481c                .real_start_ofcontiki_maca_off_request
 .text.maca_rx_callback
                0x00404834       0x24 contiki-OrisenStamp.a(contiki-maca.o)
                0x00404834                maca_rx_callback
                0x0040483c                .real_start_ofmaca_rx_callback
 .text.contiki_maca_prepare
                0x00404858       0x44 contiki-OrisenStamp.a(contiki-maca.o)
                0x00404860                .real_start_ofcontiki_maca_prepare
                0x00404858                contiki_maca_prepare
 .text.contiki_maca_transmit
                0x0040489c       0x58 contiki-OrisenStamp.a(contiki-maca.o)
                0x0040489c                contiki_maca_transmit
                0x004048a4                .real_start_ofcontiki_maca_transmit
 .text.contiki_maca_send
                0x004048f4       0x4c contiki-OrisenStamp.a(contiki-maca.o)
                0x004048fc                .real_start_ofcontiki_maca_send
                0x004048f4                contiki_maca_send
 .text.contiki_maca_read
                0x00404940       0x74 contiki-OrisenStamp.a(contiki-maca.o)
                0x00404948                .real_start_ofcontiki_maca_read
                0x00404940                contiki_maca_read
 .text.process_thread_contiki_maca_process
                0x004049b4       0xb4 contiki-OrisenStamp.a(contiki-maca.o)
 .text.rand     0x00404a68       0x14 contiki-OrisenStamp.a(contiki-misc.o)
                0x00404a68                rand
                0x00404a70                .real_start_ofrand
 .text._sbrk    0x00404a7c       0x40 contiki-OrisenStamp.a(contiki-misc.o)
                0x00404a7c                _sbrk
                0x00404a84                .real_start_of_sbrk
 .text.show_leds
                0x00404abc       0x28 contiki-OrisenStamp.a(leds.o)
 .text.leds_off
                0x00404ae4       0x30 contiki-OrisenStamp.a(leds.o)
                0x00404ae4                leds_off
                0x00404aec                .real_start_ofleds_off
 .text.leds_on  0x00404b14       0x30 contiki-OrisenStamp.a(leds.o)
                0x00404b14                leds_on
                0x00404b1c                .real_start_ofleds_on
 .text.leds_init
                0x00404b44       0x30 contiki-OrisenStamp.a(leds.o)
                0x00404b4c                .real_start_ofleds_init
                0x00404b44                leds_init
 .text.uart1_set_input
                0x00404b74       0x14 contiki-OrisenStamp.a(contiki-uart.o)
                0x00404b7c                .real_start_ofuart1_set_input
                0x00404b74                uart1_set_input
 .text.printf   0x00404b88       0x34 contiki-OrisenStamp.a(dbg-printf.o)
                0x00404b88                printf
                0x00404b90                .real_start_ofprintf
 .text.write_str
                0x00404bbc       0x20 contiki-OrisenStamp.a(dbg-printf.o)
 .text.sprintf  0x00404bdc       0x44 contiki-OrisenStamp.a(dbg-sprintf.o)
                0x00404be4                .real_start_ofsprintf
                0x00404bdc                sprintf
 .text.buffer_str
                0x00404c20       0x24 contiki-OrisenStamp.a(dbg-sprintf.o)
 .text.parse_uint
                0x00404c44       0x28 contiki-OrisenStamp.a(strformat.o)
 .text.output_uint_hex
                0x00404c6c       0x48 contiki-OrisenStamp.a(strformat.o)
 .text.fill_space
                0x00404cb4       0x40 contiki-OrisenStamp.a(strformat.o)
 .text.format_str_v
                0x00404cf4      0x760 contiki-OrisenStamp.a(strformat.o)
                0x00404cf4                format_str_v
                0x00404cfc                .real_start_offormat_str_v
 .text.adc_init
                0x00405454       0x8c contiki-OrisenStamp.a(adc.o)
                0x0040545c                .real_start_ofadc_init
                0x00405454                adc_init
 .text.gpio_data_get
                0x004054e0       0x34 contiki-OrisenStamp.a(gpio.o)
                0x004054e0                gpio_data_get
                0x004054e8                .real_start_ofgpio_data_get
 .text.gpio_select_function
                0x00405514       0x30 contiki-OrisenStamp.a(gpio-util.o)
                0x0040551c                .real_start_ofgpio_select_function
                0x00405514                gpio_select_function
 .text.gpio_reg_set
                0x00405544       0x20 contiki-OrisenStamp.a(gpio-util.o)
                0x00405544                gpio_reg_set
                0x0040554c                .real_start_ofgpio_reg_set
 .text.gpio_reg_clear
                0x00405564       0x20 contiki-OrisenStamp.a(gpio-util.o)
                0x0040556c                .real_start_ofgpio_reg_clear
                0x00405564                gpio_reg_clear
 .text.gpio_set_pad_dir
                0x00405584       0x44 contiki-OrisenStamp.a(gpio-util.o)
                0x00405584                gpio_set_pad_dir
                0x0040558c                .real_start_ofgpio_set_pad_dir
 .text.i2c_force_reset
                0x004055c8       0x24 contiki-OrisenStamp.a(i2c.o)
                0x004055d0                .real_start_ofi2c_force_reset
                0x004055c8                i2c_force_reset
 .text.i2c_busy
                0x004055ec       0x1c contiki-OrisenStamp.a(i2c.o)
                0x004055ec                i2c_busy
                0x004055f4                .real_start_ofi2c_busy
 .text.i2c_transferred
                0x00405608       0x50 contiki-OrisenStamp.a(i2c.o)
                0x00405608                i2c_transferred
                0x00405610                .real_start_ofi2c_transferred
 .text.i2c_enable
                0x00405658       0x64 contiki-OrisenStamp.a(i2c.o)
                0x00405660                .real_start_ofi2c_enable
                0x00405658                i2c_enable
 .text.i2c_isr  0x004056bc      0x114 contiki-OrisenStamp.a(i2c.o)
                0x004056c4                .real_start_ofi2c_isr
                0x004056bc                i2c_isr
 .text.i2c_transmitinit
                0x004057d0       0xc4 contiki-OrisenStamp.a(i2c.o)
                0x004057d0                i2c_transmitinit
                0x004057d8                .real_start_ofi2c_transmitinit
 .text.i2c_receiveinit
                0x00405894       0xd0 contiki-OrisenStamp.a(i2c.o)
                0x00405894                i2c_receiveinit
                0x0040589c                .real_start_ofi2c_receiveinit
 .text.free_packet
                0x00405964       0x64 contiki-OrisenStamp.a(maca.o)
                0x00405964                free_packet
                0x0040596c                .real_start_offree_packet
 .text.get_free_packet
                0x004059c8       0x54 contiki-OrisenStamp.a(maca.o)
                0x004059c8                get_free_packet
                0x004059d0                .real_start_ofget_free_packet
 .text.post_receive
                0x00405a1c       0xbc contiki-OrisenStamp.a(maca.o)
                0x00405a1c                post_receive
                0x00405a24                .real_start_ofpost_receive
 .text.rx_packet
                0x00405ad8       0x54 contiki-OrisenStamp.a(maca.o)
                0x00405ae0                .real_start_ofrx_packet
                0x00405ad8                rx_packet
 .text.post_tx  0x00405b2c       0xdc contiki-OrisenStamp.a(maca.o)
                0x00405b2c                post_tx
                0x00405b34                .real_start_ofpost_tx
 .text.tx_packet
                0x00405c08       0x98 contiki-OrisenStamp.a(maca.o)
                0x00405c10                .real_start_oftx_packet
                0x00405c08                tx_packet
 .text.free_all_packets
                0x00405ca0       0x94 contiki-OrisenStamp.a(maca.o)
                0x00405ca8                .real_start_offree_all_packets
                0x00405ca0                free_all_packets
 .text.free_tx_head
                0x00405d34       0x64 contiki-OrisenStamp.a(maca.o)
                0x00405d34                free_tx_head
                0x00405d3c                .real_start_offree_tx_head
 .text.add_to_rx
                0x00405d98       0x70 contiki-OrisenStamp.a(maca.o)
                0x00405da0                .real_start_ofadd_to_rx
                0x00405d98                add_to_rx
 .text.insert_at_rx_head
                0x00405e08       0x70 contiki-OrisenStamp.a(maca.o)
                0x00405e10                .real_start_ofinsert_at_rx_head
                0x00405e08                insert_at_rx_head
 .text.init_phy
                0x00405e78       0x68 contiki-OrisenStamp.a(maca.o)
                0x00405e80                .real_start_ofinit_phy
                0x00405e78                init_phy
 .text.reset_maca
                0x00405ee0       0x5c contiki-OrisenStamp.a(maca.o)
                0x00405ee0                reset_maca
                0x00405ee8                .real_start_ofreset_maca
 .text.flyback_init
                0x00405f3c       0x3c contiki-OrisenStamp.a(maca.o)
                0x00405f3c                flyback_init
                0x00405f44                .real_start_offlyback_init
 .text.get_ctov
                0x00405f78       0x24 contiki-OrisenStamp.a(maca.o)
                0x00405f80                .real_start_ofget_ctov
                0x00405f78                get_ctov
 .text.set_power
                0x00405f9c       0x78 contiki-OrisenStamp.a(maca.o)
                0x00405f9c                set_power
                0x00405fa4                .real_start_ofset_power
 .text.set_channel
                0x00406014       0xc8 contiki-OrisenStamp.a(maca.o)
                0x00406014                set_channel
                0x0040601c                .real_start_ofset_channel
 .text.exec_init_entry
                0x004060dc       0x88 contiki-OrisenStamp.a(maca.o)
                0x004060dc                exec_init_entry
                0x004060e4                .real_start_ofexec_init_entry
 .text.init_from_flash
                0x00406164       0xe0 contiki-OrisenStamp.a(maca.o)
                0x0040616c                .real_start_ofinit_from_flash
                0x00406164                init_from_flash
 .text.radio_init
                0x00406244      0x218 contiki-OrisenStamp.a(maca.o)
                0x0040624c                .real_start_ofradio_init
                0x00406244                radio_init
 .text.maca_init
                0x0040645c       0xbc contiki-OrisenStamp.a(maca.o)
                0x00406464                .real_start_ofmaca_init
                0x0040645c                maca_init
 .text.ResumeMACASync
                0x00406518       0xe0 contiki-OrisenStamp.a(maca.o)
                0x00406518                ResumeMACASync
                0x00406520                .real_start_ofResumeMACASync
 .text.decode_status
                0x004065f8       0x48 contiki-OrisenStamp.a(maca.o)
                0x004065f8                decode_status
                0x00406600                .real_start_ofdecode_status
 .text.check_maca
                0x00406640       0xc8 contiki-OrisenStamp.a(maca.o)
                0x00406640                check_maca
                0x00406648                .real_start_ofcheck_maca
 .text.maca_isr
                0x00406708      0x1dc contiki-OrisenStamp.a(maca.o)
                0x00406710                .real_start_ofmaca_isr
                0x00406708                maca_isr
 .text.uart1_isr
                0x004068e4       0xc8 contiki-OrisenStamp.a(uart1.o)
                0x004068e4                uart1_isr
                0x004068ec                .real_start_ofuart1_isr
 .text.uart1_putc
                0x004069ac       0xa8 contiki-OrisenStamp.a(uart1.o)
                0x004069b4                .real_start_ofuart1_putc
                0x004069ac                uart1_putc
 .text.uart1_getc
                0x00406a54       0x64 contiki-OrisenStamp.a(uart1.o)
                0x00406a54                uart1_getc
                0x00406a5c                .real_start_ofuart1_getc
 .text.uart2_isr
                0x00406ab8       0xc8 contiki-OrisenStamp.a(uart2.o)
                0x00406ab8                uart2_isr
                0x00406ac0                .real_start_ofuart2_isr
 .text.uart2_getc
                0x00406b80       0x64 contiki-OrisenStamp.a(uart2.o)
                0x00406b80                uart2_getc
                0x00406b88                .real_start_ofuart2_getc
 .text.default_vreg_init
                0x00406be4       0x4c contiki-OrisenStamp.a(default_lowleve)
                0x00406bec                .real_start_ofdefault_vreg_init
                0x00406be4                default_vreg_init
 .text.uart1_init
                0x00406c30       0xdc contiki-OrisenStamp.a(default_lowleve)
                0x00406c30                uart1_init
                0x00406c38                .real_start_ofuart1_init
 .text.uart2_init
                0x00406d0c       0xd0 contiki-OrisenStamp.a(default_lowleve)
                0x00406d0c                uart2_init
                0x00406d14                .real_start_ofuart2_init
 .text.addr_len
                0x00406ddc       0x18 contiki-OrisenStamp.a(frame802154.o)
 .text.frame802154_parse
                0x00406df4      0x14c contiki-OrisenStamp.a(frame802154.o)
                0x00406dfc                .real_start_offrame802154_parse
                0x00406df4                frame802154_parse
 .text.field_len
                0x00406f40       0x74 contiki-OrisenStamp.a(frame802154.o)
 .text.frame802154_create
                0x00406fb4      0x114 contiki-OrisenStamp.a(frame802154.o)
                0x00406fb4                frame802154_create
                0x00406fbc                .real_start_offrame802154_create
 .text.frame802154_hdrlen
                0x004070c8       0x40 contiki-OrisenStamp.a(frame802154.o)
                0x004070c8                frame802154_hdrlen
                0x004070d0                .real_start_offrame802154_hdrlen
 .text.timer_expired
                0x00407108       0x30 contiki-OrisenStamp.a(timer.o)
                0x00407108                timer_expired
                0x00407110                .real_start_oftimer_expired
 .text.timer_set
                0x00407138       0x24 contiki-OrisenStamp.a(timer.o)
                0x00407140                .real_start_oftimer_set
                0x00407138                timer_set
 .text.dbg_send_bytes
                0x0040715c       0x3c contiki-OrisenStamp.a(debug-uart.o)
                0x0040715c                dbg_send_bytes
                0x00407164                .real_start_ofdbg_send_bytes
 .text.leds_arch_set
                0x00407198       0x54 contiki-OrisenStamp.a(leds-arch.o)
                0x004071a0                .real_start_ofleds_arch_set
                0x00407198                leds_arch_set
 .text.leds_arch_init
                0x004071ec       0x68 contiki-OrisenStamp.a(leds-arch.o)
                0x004071ec                leds_arch_init
                0x004071f4                .real_start_ofleds_arch_init
 .text          0x00407254      0x114 /home/user/CodeSourcery/Sourcery_G++_Lite/bin/../lib/gcc/arm-none-eabi/4.3.2/libgcc.a(_udivsi3.o)
                0x00407254                __udivsi3
                0x00407254                __aeabi_uidiv
                0x00407348                __aeabi_uidivmod
 .text          0x00407368      0x148 /home/user/CodeSourcery/Sourcery_G++_Lite/bin/../lib/gcc/arm-none-eabi/4.3.2/libgcc.a(_divsi3.o)
                0x00407368                __aeabi_idiv
                0x00407368                __divsi3
                0x00407490                __aeabi_idivmod
 .text          0x004074b0        0x4 /home/user/CodeSourcery/Sourcery_G++_Lite/bin/../lib/gcc/arm-none-eabi/4.3.2/libgcc.a(_dvmd_tls.o)
                0x004074b0                __aeabi_ldiv0
                0x004074b0                __aeabi_idiv0
 .text          0x004074b4       0x3c /home/user/CodeSourcery/Sourcery_G++_Lite/bin/../lib/gcc/arm-none-eabi/4.3.2/libgcc.a(_aeabi_uldivmod.o)
                0x004074b4                __aeabi_uldivmod
 .text          0x004074f0       0x80 /home/user/CodeSourcery/Sourcery_G++_Lite/bin/../lib/gcc/arm-none-eabi/4.3.2/libgcc.a(bpabi.o)
                0x004074f0                __gnu_uldivmod_helper
                0x00407530                __gnu_ldivmod_helper
 .text          0x00407570      0x56c /home/user/CodeSourcery/Sourcery_G++_Lite/bin/../lib/gcc/arm-none-eabi/4.3.2/libgcc.a(_divdi3.o)
                0x00407570                __divdi3
 .text          0x00407adc      0x4fc /home/user/CodeSourcery/Sourcery_G++_Lite/bin/../lib/gcc/arm-none-eabi/4.3.2/libgcc.a(_udivdi3.o)
                0x00407adc                __udivdi3
 .text          0x00407fd8       0x40 /home/user/CodeSourcery/Sourcery_G++_Lite/bin/../lib/gcc/arm-none-eabi/4.3.2/../../../../arm-none-eabi/lib/libc.a(lib_a-malloc.o)
                0x00407ff8                malloc
                0x00407fd8                free
 .text          0x00408018      0x72c /home/user/CodeSourcery/Sourcery_G++_Lite/bin/../lib/gcc/arm-none-eabi/4.3.2/../../../../arm-none-eabi/lib/libc.a(lib_a-mallocr.o)
                0x00408018                _malloc_r
 .text          0x00408744       0xac /home/user/CodeSourcery/Sourcery_G++_Lite/bin/../lib/gcc/arm-none-eabi/4.3.2/../../../../arm-none-eabi/lib/libc.a(lib_a-memcmp.o)
                0x00408744                memcmp
 .text          0x004087f0       0xfc /home/user/CodeSourcery/Sourcery_G++_Lite/bin/../lib/gcc/arm-none-eabi/4.3.2/../../../../arm-none-eabi/lib/libc.a(lib_a-memcpy.o)
                0x004087f0                memcpy
 .text          0x004088ec       0xd0 /home/user/CodeSourcery/Sourcery_G++_Lite/bin/../lib/gcc/arm-none-eabi/4.3.2/../../../../arm-none-eabi/lib/libc.a(lib_a-memset.o)
                0x004088ec                memset
 .text          0x004089bc        0x8 /home/user/CodeSourcery/Sourcery_G++_Lite/bin/../lib/gcc/arm-none-eabi/4.3.2/../../../../arm-none-eabi/lib/libc.a(lib_a-mlock.o)
                0x004089c0                __malloc_unlock
                0x004089bc                __malloc_lock
 .text          0x004089c4       0x40 /home/user/CodeSourcery/Sourcery_G++_Lite/bin/../lib/gcc/arm-none-eabi/4.3.2/../../../../arm-none-eabi/lib/libc.a(lib_a-sbrkr.o)
                0x004089c4                _sbrk_r
 .text          0x00408a04       0x9c /home/user/CodeSourcery/Sourcery_G++_Lite/bin/../lib/gcc/arm-none-eabi/4.3.2/../../../../arm-none-eabi/lib/libc.a(lib_a-strlen.o)
                0x00408a04                strlen
 .text          0x00408aa0      0x378 /home/user/CodeSourcery/Sourcery_G++_Lite/bin/../lib/gcc/arm-none-eabi/4.3.2/../../../../arm-none-eabi/lib/libc.a(lib_a-freer.o)
                0x00408b9c                _free_r
                0x00408aa0                _malloc_trim_r
 *(.gnu.warning)
 *(.glue_7t)
 .glue_7t       0x00408e18        0x0 sensorStamp.co
 .glue_7t       0x00408e18        0x0 obj_OrisenStamp/contiki-stamp-main.o
 .glue_7t       0x00408e18        0x0 obj_OrisenStamp/start.o
 .glue_7t       0x00408e18        0x0 contiki-OrisenStamp.a(rimeaddr.o)
 .glue_7t       0x00408e18        0x0 contiki-OrisenStamp.a(rime.o)
 .glue_7t       0x00408e18        0x0 contiki-OrisenStamp.a(rimestats.o)
 .glue_7t       0x00408e18        0x0 contiki-OrisenStamp.a(announcement.o)
 .glue_7t       0x00408e18        0x0 contiki-OrisenStamp.a(broadcast-annou)
 .glue_7t       0x00408e18        0x0 contiki-OrisenStamp.a(broadcast.o)
 .glue_7t       0x00408e18        0x0 contiki-OrisenStamp.a(abc.o)
 .glue_7t       0x00408e18        0x0 contiki-OrisenStamp.a(chameleon.o)
 .glue_7t       0x00408e18        0x0 contiki-OrisenStamp.a(channel.o)
 .glue_7t       0x00408e18        0x0 contiki-OrisenStamp.a(chameleon-bitop)
 .glue_7t       0x00408e18        0x0 contiki-OrisenStamp.a(nullrdc.o)
 .glue_7t       0x00408e18        0x0 contiki-OrisenStamp.a(mac.o)
 .glue_7t       0x00408e18        0x0 contiki-OrisenStamp.a(framer-802154.o)
 .glue_7t       0x00408e18        0x0 contiki-OrisenStamp.a(csma.o)
 .glue_7t       0x00408e18        0x0 contiki-OrisenStamp.a(process.o)
 .glue_7t       0x00408e18        0x0 contiki-OrisenStamp.a(autostart.o)
 .glue_7t       0x00408e18        0x0 contiki-OrisenStamp.a(serial-line.o)
 .glue_7t       0x00408e18        0x0 contiki-OrisenStamp.a(memb.o)
 .glue_7t       0x00408e18        0x0 contiki-OrisenStamp.a(list.o)
 .glue_7t       0x00408e18        0x0 contiki-OrisenStamp.a(etimer.o)
 .glue_7t       0x00408e18        0x0 contiki-OrisenStamp.a(ctimer.o)
 .glue_7t       0x00408e18        0x0 contiki-OrisenStamp.a(random.o)
 .glue_7t       0x00408e18        0x0 contiki-OrisenStamp.a(ringbuf.o)
 .glue_7t       0x00408e18        0x0 contiki-OrisenStamp.a(packetbuf.o)
 .glue_7t       0x00408e18        0x0 contiki-OrisenStamp.a(queuebuf.o)
 .glue_7t       0x00408e18        0x0 contiki-OrisenStamp.a(clock.o)
 .glue_7t       0x00408e18        0x0 contiki-OrisenStamp.a(button-sensor.o)
 .glue_7t       0x00408e18        0x0 contiki-OrisenStamp.a(sensors.o)
 .glue_7t       0x00408e18        0x0 contiki-OrisenStamp.a(RTC.o)
 .glue_7t       0x00408e18        0x0 contiki-OrisenStamp.a(kbi_events.o)
 .glue_7t       0x00408e18        0x0 contiki-OrisenStamp.a(io-pins.o)
 .glue_7t       0x00408e18        0x0 contiki-OrisenStamp.a(contiki-crm.o)
 .glue_7t       0x00408e18        0x0 contiki-OrisenStamp.a(contiki-maca.o)
 .glue_7t       0x00408e18        0x0 contiki-OrisenStamp.a(contiki-misc.o)
 .glue_7t       0x00408e18        0x0 contiki-OrisenStamp.a(leds.o)
 .glue_7t       0x00408e18        0x0 contiki-OrisenStamp.a(contiki-uart.o)
 .glue_7t       0x00408e18        0x0 contiki-OrisenStamp.a(dbg-printf.o)
 .glue_7t       0x00408e18        0x0 contiki-OrisenStamp.a(dbg-sprintf.o)
 .glue_7t       0x00408e18        0x0 contiki-OrisenStamp.a(strformat.o)
 .glue_7t       0x00408e18        0x0 contiki-OrisenStamp.a(adc.o)
 .glue_7t       0x00408e18        0x0 contiki-OrisenStamp.a(gpio.o)
 .glue_7t       0x00408e18        0x0 contiki-OrisenStamp.a(gpio-util.o)
 .glue_7t       0x00408e18        0x0 contiki-OrisenStamp.a(i2c.o)
 .glue_7t       0x00408e18        0x0 contiki-OrisenStamp.a(maca.o)
 .glue_7t       0x00408e18        0x0 contiki-OrisenStamp.a(nvm.o)
 .glue_7t       0x00408e18        0x0 contiki-OrisenStamp.a(uart1.o)
 .glue_7t       0x00408e18        0x0 contiki-OrisenStamp.a(uart2.o)
 .glue_7t       0x00408e18        0x0 contiki-OrisenStamp.a(default_lowleve)
 .glue_7t       0x00408e18        0x0 contiki-OrisenStamp.a(isr.o)
 .glue_7t       0x00408e18        0x0 contiki-OrisenStamp.a(frame802154.o)
 .glue_7t       0x00408e18        0x0 contiki-OrisenStamp.a(timer.o)
 .glue_7t       0x00408e18        0x0 contiki-OrisenStamp.a(debug-uart.o)
 .glue_7t       0x00408e18        0x0 contiki-OrisenStamp.a(leds-arch.o)
 .glue_7t       0x00408e18        0x0 /home/user/CodeSourcery/Sourcery_G++_Lite/bin/../lib/gcc/arm-none-eabi/4.3.2/libgcc.a(_udivsi3.o)
 .glue_7t       0x00408e18        0x0 /home/user/CodeSourcery/Sourcery_G++_Lite/bin/../lib/gcc/arm-none-eabi/4.3.2/libgcc.a(_divsi3.o)
 .glue_7t       0x00408e18        0x0 /home/user/CodeSourcery/Sourcery_G++_Lite/bin/../lib/gcc/arm-none-eabi/4.3.2/libgcc.a(_dvmd_tls.o)
 .glue_7t       0x00408e18        0x0 /home/user/CodeSourcery/Sourcery_G++_Lite/bin/../lib/gcc/arm-none-eabi/4.3.2/libgcc.a(_aeabi_uldivmod.o)
 .glue_7t       0x00408e18        0x0 /home/user/CodeSourcery/Sourcery_G++_Lite/bin/../lib/gcc/arm-none-eabi/4.3.2/libgcc.a(bpabi.o)
 .glue_7t       0x00408e18        0x0 /home/user/CodeSourcery/Sourcery_G++_Lite/bin/../lib/gcc/arm-none-eabi/4.3.2/libgcc.a(_divdi3.o)
 .glue_7t       0x00408e18        0x0 /home/user/CodeSourcery/Sourcery_G++_Lite/bin/../lib/gcc/arm-none-eabi/4.3.2/libgcc.a(_udivdi3.o)
 .glue_7t       0x00408e18        0x0 /home/user/CodeSourcery/Sourcery_G++_Lite/bin/../lib/gcc/arm-none-eabi/4.3.2/libgcc.a(_clz.o)
 .glue_7t       0x00408e18        0x0 /home/user/CodeSourcery/Sourcery_G++_Lite/bin/../lib/gcc/arm-none-eabi/4.3.2/../../../../arm-none-eabi/lib/libc.a(lib_a-malloc.o)
 .glue_7t       0x00408e18        0x0 /home/user/CodeSourcery/Sourcery_G++_Lite/bin/../lib/gcc/arm-none-eabi/4.3.2/../../../../arm-none-eabi/lib/libc.a(lib_a-mallocr.o)
 .glue_7t       0x00408e18        0x0 /home/user/CodeSourcery/Sourcery_G++_Lite/bin/../lib/gcc/arm-none-eabi/4.3.2/../../../../arm-none-eabi/lib/libc.a(lib_a-memcmp.o)
 .glue_7t       0x00408e18        0x0 /home/user/CodeSourcery/Sourcery_G++_Lite/bin/../lib/gcc/arm-none-eabi/4.3.2/../../../../arm-none-eabi/lib/libc.a(lib_a-memcpy.o)
 .glue_7t       0x00408e18        0x0 /home/user/CodeSourcery/Sourcery_G++_Lite/bin/../lib/gcc/arm-none-eabi/4.3.2/../../../../arm-none-eabi/lib/libc.a(lib_a-memset.o)
 .glue_7t       0x00408e18        0x0 /home/user/CodeSourcery/Sourcery_G++_Lite/bin/../lib/gcc/arm-none-eabi/4.3.2/../../../../arm-none-eabi/lib/libc.a(lib_a-mlock.o)
 .glue_7t       0x00408e18        0x0 /home/user/CodeSourcery/Sourcery_G++_Lite/bin/../lib/gcc/arm-none-eabi/4.3.2/../../../../arm-none-eabi/lib/libc.a(lib_a-sbrkr.o)
 .glue_7t       0x00408e18        0x0 /home/user/CodeSourcery/Sourcery_G++_Lite/bin/../lib/gcc/arm-none-eabi/4.3.2/../../../../arm-none-eabi/lib/libc.a(lib_a-strlen.o)
 .glue_7t       0x00408e18        0x0 /home/user/CodeSourcery/Sourcery_G++_Lite/bin/../lib/gcc/arm-none-eabi/4.3.2/../../../../arm-none-eabi/lib/libc.a(lib_a-strncmp.o)
 .glue_7t       0x00408e18        0x0 /home/user/CodeSourcery/Sourcery_G++_Lite/bin/../lib/gcc/arm-none-eabi/4.3.2/../../../../arm-none-eabi/lib/libc.a(lib_a-freer.o)
 .glue_7t       0x00408e18        0x0 /home/user/CodeSourcery/Sourcery_G++_Lite/bin/../lib/gcc/arm-none-eabi/4.3.2/../../../../arm-none-eabi/lib/libc.a(lib_a-impure.o)
 .glue_7t       0x00408e18        0x0 /home/user/CodeSourcery/Sourcery_G++_Lite/bin/../lib/gcc/arm-none-eabi/4.3.2/../../../../arm-none-eabi/lib/libc.a(lib_a-reent.o)
 *(.glue_7)
 .glue_7        0x00408e18        0x0 sensorStamp.co
 .glue_7        0x00408e18        0x0 obj_OrisenStamp/contiki-stamp-main.o
 .glue_7        0x00408e18        0x0 obj_OrisenStamp/start.o
 .glue_7        0x00408e18        0x0 contiki-OrisenStamp.a(rimeaddr.o)
 .glue_7        0x00408e18        0x0 contiki-OrisenStamp.a(rime.o)
 .glue_7        0x00408e18        0x0 contiki-OrisenStamp.a(rimestats.o)
 .glue_7        0x00408e18        0x0 contiki-OrisenStamp.a(announcement.o)
 .glue_7        0x00408e18        0x0 contiki-OrisenStamp.a(broadcast-annou)
 .glue_7        0x00408e18        0x0 contiki-OrisenStamp.a(broadcast.o)
 .glue_7        0x00408e18        0x0 contiki-OrisenStamp.a(abc.o)
 .glue_7        0x00408e18        0x0 contiki-OrisenStamp.a(chameleon.o)
 .glue_7        0x00408e18        0x0 contiki-OrisenStamp.a(channel.o)
 .glue_7        0x00408e18        0x0 contiki-OrisenStamp.a(chameleon-bitop)
 .glue_7        0x00408e18        0x0 contiki-OrisenStamp.a(nullrdc.o)
 .glue_7        0x00408e18        0x0 contiki-OrisenStamp.a(mac.o)
 .glue_7        0x00408e18        0x0 contiki-OrisenStamp.a(framer-802154.o)
 .glue_7        0x00408e18        0x0 contiki-OrisenStamp.a(csma.o)
 .glue_7        0x00408e18        0x0 contiki-OrisenStamp.a(process.o)
 .glue_7        0x00408e18        0x0 contiki-OrisenStamp.a(autostart.o)
 .glue_7        0x00408e18        0x0 contiki-OrisenStamp.a(serial-line.o)
 .glue_7        0x00408e18        0x0 contiki-OrisenStamp.a(memb.o)
 .glue_7        0x00408e18        0x0 contiki-OrisenStamp.a(list.o)
 .glue_7        0x00408e18        0x0 contiki-OrisenStamp.a(etimer.o)
 .glue_7        0x00408e18        0x0 contiki-OrisenStamp.a(ctimer.o)
 .glue_7        0x00408e18        0x0 contiki-OrisenStamp.a(random.o)
 .glue_7        0x00408e18        0x0 contiki-OrisenStamp.a(ringbuf.o)
 .glue_7        0x00408e18        0x0 contiki-OrisenStamp.a(packetbuf.o)
 .glue_7        0x00408e18        0x0 contiki-OrisenStamp.a(queuebuf.o)
 .glue_7        0x00408e18        0x0 contiki-OrisenStamp.a(clock.o)
 .glue_7        0x00408e18        0x0 contiki-OrisenStamp.a(button-sensor.o)
 .glue_7        0x00408e18        0x0 contiki-OrisenStamp.a(sensors.o)
 .glue_7        0x00408e18        0x0 contiki-OrisenStamp.a(RTC.o)
 .glue_7        0x00408e18        0x0 contiki-OrisenStamp.a(kbi_events.o)
 .glue_7        0x00408e18        0x0 contiki-OrisenStamp.a(io-pins.o)
 .glue_7        0x00408e18        0x0 contiki-OrisenStamp.a(contiki-crm.o)
 .glue_7        0x00408e18        0x0 contiki-OrisenStamp.a(contiki-maca.o)
 .glue_7        0x00408e18        0x0 contiki-OrisenStamp.a(contiki-misc.o)
 .glue_7        0x00408e18        0x0 contiki-OrisenStamp.a(leds.o)
 .glue_7        0x00408e18        0x0 contiki-OrisenStamp.a(contiki-uart.o)
 .glue_7        0x00408e18        0x0 contiki-OrisenStamp.a(dbg-printf.o)
 .glue_7        0x00408e18        0x0 contiki-OrisenStamp.a(dbg-sprintf.o)
 .glue_7        0x00408e18        0x0 contiki-OrisenStamp.a(strformat.o)
 .glue_7        0x00408e18        0x0 contiki-OrisenStamp.a(adc.o)
 .glue_7        0x00408e18        0x0 contiki-OrisenStamp.a(gpio.o)
 .glue_7        0x00408e18        0x0 contiki-OrisenStamp.a(gpio-util.o)
 .glue_7        0x00408e18        0x0 contiki-OrisenStamp.a(i2c.o)
 .glue_7        0x00408e18        0x0 contiki-OrisenStamp.a(maca.o)
 .glue_7        0x00408e18        0x0 contiki-OrisenStamp.a(nvm.o)
 .glue_7        0x00408e18        0x0 contiki-OrisenStamp.a(uart1.o)
 .glue_7        0x00408e18        0x0 contiki-OrisenStamp.a(uart2.o)
 .glue_7        0x00408e18        0x0 contiki-OrisenStamp.a(default_lowleve)
 .glue_7        0x00408e18        0x0 contiki-OrisenStamp.a(isr.o)
 .glue_7        0x00408e18        0x0 contiki-OrisenStamp.a(frame802154.o)
 .glue_7        0x00408e18        0x0 contiki-OrisenStamp.a(timer.o)
 .glue_7        0x00408e18        0x0 contiki-OrisenStamp.a(debug-uart.o)
 .glue_7        0x00408e18        0x0 contiki-OrisenStamp.a(leds-arch.o)
 .glue_7        0x00408e18        0x0 /home/user/CodeSourcery/Sourcery_G++_Lite/bin/../lib/gcc/arm-none-eabi/4.3.2/libgcc.a(_udivsi3.o)
 .glue_7        0x00408e18        0x0 /home/user/CodeSourcery/Sourcery_G++_Lite/bin/../lib/gcc/arm-none-eabi/4.3.2/libgcc.a(_divsi3.o)
 .glue_7        0x00408e18        0x0 /home/user/CodeSourcery/Sourcery_G++_Lite/bin/../lib/gcc/arm-none-eabi/4.3.2/libgcc.a(_dvmd_tls.o)
 .glue_7        0x00408e18        0x0 /home/user/CodeSourcery/Sourcery_G++_Lite/bin/../lib/gcc/arm-none-eabi/4.3.2/libgcc.a(_aeabi_uldivmod.o)
 .glue_7        0x00408e18        0x0 /home/user/CodeSourcery/Sourcery_G++_Lite/bin/../lib/gcc/arm-none-eabi/4.3.2/libgcc.a(bpabi.o)
 .glue_7        0x00408e18        0x0 /home/user/CodeSourcery/Sourcery_G++_Lite/bin/../lib/gcc/arm-none-eabi/4.3.2/libgcc.a(_divdi3.o)
 .glue_7        0x00408e18        0x0 /home/user/CodeSourcery/Sourcery_G++_Lite/bin/../lib/gcc/arm-none-eabi/4.3.2/libgcc.a(_udivdi3.o)
 .glue_7        0x00408e18        0x0 /home/user/CodeSourcery/Sourcery_G++_Lite/bin/../lib/gcc/arm-none-eabi/4.3.2/libgcc.a(_clz.o)
 .glue_7        0x00408e18        0x0 /home/user/CodeSourcery/Sourcery_G++_Lite/bin/../lib/gcc/arm-none-eabi/4.3.2/../../../../arm-none-eabi/lib/libc.a(lib_a-malloc.o)
 .glue_7        0x00408e18        0x0 /home/user/CodeSourcery/Sourcery_G++_Lite/bin/../lib/gcc/arm-none-eabi/4.3.2/../../../../arm-none-eabi/lib/libc.a(lib_a-mallocr.o)
 .glue_7        0x00408e18        0x0 /home/user/CodeSourcery/Sourcery_G++_Lite/bin/../lib/gcc/arm-none-eabi/4.3.2/../../../../arm-none-eabi/lib/libc.a(lib_a-memcmp.o)
 .glue_7        0x00408e18        0x0 /home/user/CodeSourcery/Sourcery_G++_Lite/bin/../lib/gcc/arm-none-eabi/4.3.2/../../../../arm-none-eabi/lib/libc.a(lib_a-memcpy.o)
 .glue_7        0x00408e18        0x0 /home/user/CodeSourcery/Sourcery_G++_Lite/bin/../lib/gcc/arm-none-eabi/4.3.2/../../../../arm-none-eabi/lib/libc.a(lib_a-memset.o)
 .glue_7        0x00408e18        0x0 /home/user/CodeSourcery/Sourcery_G++_Lite/bin/../lib/gcc/arm-none-eabi/4.3.2/../../../../arm-none-eabi/lib/libc.a(lib_a-mlock.o)
 .glue_7        0x00408e18        0x0 /home/user/CodeSourcery/Sourcery_G++_Lite/bin/../lib/gcc/arm-none-eabi/4.3.2/../../../../arm-none-eabi/lib/libc.a(lib_a-sbrkr.o)
 .glue_7        0x00408e18        0x0 /home/user/CodeSourcery/Sourcery_G++_Lite/bin/../lib/gcc/arm-none-eabi/4.3.2/../../../../arm-none-eabi/lib/libc.a(lib_a-strlen.o)
 .glue_7        0x00408e18        0x0 /home/user/CodeSourcery/Sourcery_G++_Lite/bin/../lib/gcc/arm-none-eabi/4.3.2/../../../../arm-none-eabi/lib/libc.a(lib_a-strncmp.o)
 .glue_7        0x00408e18        0x0 /home/user/CodeSourcery/Sourcery_G++_Lite/bin/../lib/gcc/arm-none-eabi/4.3.2/../../../../arm-none-eabi/lib/libc.a(lib_a-freer.o)
 .glue_7        0x00408e18        0x0 /home/user/CodeSourcery/Sourcery_G++_Lite/bin/../lib/gcc/arm-none-eabi/4.3.2/../../../../arm-none-eabi/lib/libc.a(lib_a-impure.o)
 .glue_7        0x00408e18        0x0 /home/user/CodeSourcery/Sourcery_G++_Lite/bin/../lib/gcc/arm-none-eabi/4.3.2/../../../../arm-none-eabi/lib/libc.a(lib_a-reent.o)
 *(.vfp11_veneer)
 .vfp11_veneer  0x00408e18        0x0 sensorStamp.co
 .vfp11_veneer  0x00408e18        0x0 obj_OrisenStamp/contiki-stamp-main.o
 .vfp11_veneer  0x00408e18        0x0 obj_OrisenStamp/start.o
 .vfp11_veneer  0x00408e18        0x0 contiki-OrisenStamp.a(rimeaddr.o)
 .vfp11_veneer  0x00408e18        0x0 contiki-OrisenStamp.a(rime.o)
 .vfp11_veneer  0x00408e18        0x0 contiki-OrisenStamp.a(rimestats.o)
 .vfp11_veneer  0x00408e18        0x0 contiki-OrisenStamp.a(announcement.o)
 .vfp11_veneer  0x00408e18        0x0 contiki-OrisenStamp.a(broadcast-annou)
 .vfp11_veneer  0x00408e18        0x0 contiki-OrisenStamp.a(broadcast.o)
 .vfp11_veneer  0x00408e18        0x0 contiki-OrisenStamp.a(abc.o)
 .vfp11_veneer  0x00408e18        0x0 contiki-OrisenStamp.a(chameleon.o)
 .vfp11_veneer  0x00408e18        0x0 contiki-OrisenStamp.a(channel.o)
 .vfp11_veneer  0x00408e18        0x0 contiki-OrisenStamp.a(chameleon-bitop)
 .vfp11_veneer  0x00408e18        0x0 contiki-OrisenStamp.a(nullrdc.o)
 .vfp11_veneer  0x00408e18        0x0 contiki-OrisenStamp.a(mac.o)
 .vfp11_veneer  0x00408e18        0x0 contiki-OrisenStamp.a(framer-802154.o)
 .vfp11_veneer  0x00408e18        0x0 contiki-OrisenStamp.a(csma.o)
 .vfp11_veneer  0x00408e18        0x0 contiki-OrisenStamp.a(process.o)
 .vfp11_veneer  0x00408e18        0x0 contiki-OrisenStamp.a(autostart.o)
 .vfp11_veneer  0x00408e18        0x0 contiki-OrisenStamp.a(serial-line.o)
 .vfp11_veneer  0x00408e18        0x0 contiki-OrisenStamp.a(memb.o)
 .vfp11_veneer  0x00408e18        0x0 contiki-OrisenStamp.a(list.o)
 .vfp11_veneer  0x00408e18        0x0 contiki-OrisenStamp.a(etimer.o)
 .vfp11_veneer  0x00408e18        0x0 contiki-OrisenStamp.a(ctimer.o)
 .vfp11_veneer  0x00408e18        0x0 contiki-OrisenStamp.a(random.o)
 .vfp11_veneer  0x00408e18        0x0 contiki-OrisenStamp.a(ringbuf.o)
 .vfp11_veneer  0x00408e18        0x0 contiki-OrisenStamp.a(packetbuf.o)
 .vfp11_veneer  0x00408e18        0x0 contiki-OrisenStamp.a(queuebuf.o)
 .vfp11_veneer  0x00408e18        0x0 contiki-OrisenStamp.a(clock.o)
 .vfp11_veneer  0x00408e18        0x0 contiki-OrisenStamp.a(button-sensor.o)
 .vfp11_veneer  0x00408e18        0x0 contiki-OrisenStamp.a(sensors.o)
 .vfp11_veneer  0x00408e18        0x0 contiki-OrisenStamp.a(RTC.o)
 .vfp11_veneer  0x00408e18        0x0 contiki-OrisenStamp.a(kbi_events.o)
 .vfp11_veneer  0x00408e18        0x0 contiki-OrisenStamp.a(io-pins.o)
 .vfp11_veneer  0x00408e18        0x0 contiki-OrisenStamp.a(contiki-crm.o)
 .vfp11_veneer  0x00408e18        0x0 contiki-OrisenStamp.a(contiki-maca.o)
 .vfp11_veneer  0x00408e18        0x0 contiki-OrisenStamp.a(contiki-misc.o)
 .vfp11_veneer  0x00408e18        0x0 contiki-OrisenStamp.a(leds.o)
 .vfp11_veneer  0x00408e18        0x0 contiki-OrisenStamp.a(contiki-uart.o)
 .vfp11_veneer  0x00408e18        0x0 contiki-OrisenStamp.a(dbg-printf.o)
 .vfp11_veneer  0x00408e18        0x0 contiki-OrisenStamp.a(dbg-sprintf.o)
 .vfp11_veneer  0x00408e18        0x0 contiki-OrisenStamp.a(strformat.o)
 .vfp11_veneer  0x00408e18        0x0 contiki-OrisenStamp.a(adc.o)
 .vfp11_veneer  0x00408e18        0x0 contiki-OrisenStamp.a(gpio.o)
 .vfp11_veneer  0x00408e18        0x0 contiki-OrisenStamp.a(gpio-util.o)
 .vfp11_veneer  0x00408e18        0x0 contiki-OrisenStamp.a(i2c.o)
 .vfp11_veneer  0x00408e18        0x0 contiki-OrisenStamp.a(maca.o)
 .vfp11_veneer  0x00408e18        0x0 contiki-OrisenStamp.a(nvm.o)
 .vfp11_veneer  0x00408e18        0x0 contiki-OrisenStamp.a(uart1.o)
 .vfp11_veneer  0x00408e18        0x0 contiki-OrisenStamp.a(uart2.o)
 .vfp11_veneer  0x00408e18        0x0 contiki-OrisenStamp.a(default_lowleve)
 .vfp11_veneer  0x00408e18        0x0 contiki-OrisenStamp.a(isr.o)
 .vfp11_veneer  0x00408e18        0x0 contiki-OrisenStamp.a(frame802154.o)
 .vfp11_veneer  0x00408e18        0x0 contiki-OrisenStamp.a(timer.o)
 .vfp11_veneer  0x00408e18        0x0 contiki-OrisenStamp.a(debug-uart.o)
 .vfp11_veneer  0x00408e18        0x0 contiki-OrisenStamp.a(leds-arch.o)
 .vfp11_veneer  0x00408e18        0x0 /home/user/CodeSourcery/Sourcery_G++_Lite/bin/../lib/gcc/arm-none-eabi/4.3.2/libgcc.a(_udivsi3.o)
 .vfp11_veneer  0x00408e18        0x0 /home/user/CodeSourcery/Sourcery_G++_Lite/bin/../lib/gcc/arm-none-eabi/4.3.2/libgcc.a(_divsi3.o)
 .vfp11_veneer  0x00408e18        0x0 /home/user/CodeSourcery/Sourcery_G++_Lite/bin/../lib/gcc/arm-none-eabi/4.3.2/libgcc.a(_dvmd_tls.o)
 .vfp11_veneer  0x00408e18        0x0 /home/user/CodeSourcery/Sourcery_G++_Lite/bin/../lib/gcc/arm-none-eabi/4.3.2/libgcc.a(_aeabi_uldivmod.o)
 .vfp11_veneer  0x00408e18        0x0 /home/user/CodeSourcery/Sourcery_G++_Lite/bin/../lib/gcc/arm-none-eabi/4.3.2/libgcc.a(bpabi.o)
 .vfp11_veneer  0x00408e18        0x0 /home/user/CodeSourcery/Sourcery_G++_Lite/bin/../lib/gcc/arm-none-eabi/4.3.2/libgcc.a(_divdi3.o)
 .vfp11_veneer  0x00408e18        0x0 /home/user/CodeSourcery/Sourcery_G++_Lite/bin/../lib/gcc/arm-none-eabi/4.3.2/libgcc.a(_udivdi3.o)
 .vfp11_veneer  0x00408e18        0x0 /home/user/CodeSourcery/Sourcery_G++_Lite/bin/../lib/gcc/arm-none-eabi/4.3.2/libgcc.a(_clz.o)
 .vfp11_veneer  0x00408e18        0x0 /home/user/CodeSourcery/Sourcery_G++_Lite/bin/../lib/gcc/arm-none-eabi/4.3.2/../../../../arm-none-eabi/lib/libc.a(lib_a-malloc.o)
 .vfp11_veneer  0x00408e18        0x0 /home/user/CodeSourcery/Sourcery_G++_Lite/bin/../lib/gcc/arm-none-eabi/4.3.2/../../../../arm-none-eabi/lib/libc.a(lib_a-mallocr.o)
 .vfp11_veneer  0x00408e18        0x0 /home/user/CodeSourcery/Sourcery_G++_Lite/bin/../lib/gcc/arm-none-eabi/4.3.2/../../../../arm-none-eabi/lib/libc.a(lib_a-memcmp.o)
 .vfp11_veneer  0x00408e18        0x0 /home/user/CodeSourcery/Sourcery_G++_Lite/bin/../lib/gcc/arm-none-eabi/4.3.2/../../../../arm-none-eabi/lib/libc.a(lib_a-memcpy.o)
 .vfp11_veneer  0x00408e18        0x0 /home/user/CodeSourcery/Sourcery_G++_Lite/bin/../lib/gcc/arm-none-eabi/4.3.2/../../../../arm-none-eabi/lib/libc.a(lib_a-memset.o)
 .vfp11_veneer  0x00408e18        0x0 /home/user/CodeSourcery/Sourcery_G++_Lite/bin/../lib/gcc/arm-none-eabi/4.3.2/../../../../arm-none-eabi/lib/libc.a(lib_a-mlock.o)
 .vfp11_veneer  0x00408e18        0x0 /home/user/CodeSourcery/Sourcery_G++_Lite/bin/../lib/gcc/arm-none-eabi/4.3.2/../../../../arm-none-eabi/lib/libc.a(lib_a-sbrkr.o)
 .vfp11_veneer  0x00408e18        0x0 /home/user/CodeSourcery/Sourcery_G++_Lite/bin/../lib/gcc/arm-none-eabi/4.3.2/../../../../arm-none-eabi/lib/libc.a(lib_a-strlen.o)
 .vfp11_veneer  0x00408e18        0x0 /home/user/CodeSourcery/Sourcery_G++_Lite/bin/../lib/gcc/arm-none-eabi/4.3.2/../../../../arm-none-eabi/lib/libc.a(lib_a-strncmp.o)
 .vfp11_veneer  0x00408e18        0x0 /home/user/CodeSourcery/Sourcery_G++_Lite/bin/../lib/gcc/arm-none-eabi/4.3.2/../../../../arm-none-eabi/lib/libc.a(lib_a-freer.o)
 .vfp11_veneer  0x00408e18        0x0 /home/user/CodeSourcery/Sourcery_G++_Lite/bin/../lib/gcc/arm-none-eabi/4.3.2/../../../../arm-none-eabi/lib/libc.a(lib_a-impure.o)
 .vfp11_veneer  0x00408e18        0x0 /home/user/CodeSourcery/Sourcery_G++_Lite/bin/../lib/gcc/arm-none-eabi/4.3.2/../../../../arm-none-eabi/lib/libc.a(lib_a-reent.o)
 *(.v4_bx)
 .v4_bx         0x00408e18        0x0 sensorStamp.co
 .v4_bx         0x00408e18        0x0 obj_OrisenStamp/contiki-stamp-main.o
 .v4_bx         0x00408e18        0x0 obj_OrisenStamp/start.o
 .v4_bx         0x00408e18        0x0 contiki-OrisenStamp.a(rimeaddr.o)
 .v4_bx         0x00408e18        0x0 contiki-OrisenStamp.a(rime.o)
 .v4_bx         0x00408e18        0x0 contiki-OrisenStamp.a(rimestats.o)
 .v4_bx         0x00408e18        0x0 contiki-OrisenStamp.a(announcement.o)
 .v4_bx         0x00408e18        0x0 contiki-OrisenStamp.a(broadcast-annou)
 .v4_bx         0x00408e18        0x0 contiki-OrisenStamp.a(broadcast.o)
 .v4_bx         0x00408e18        0x0 contiki-OrisenStamp.a(abc.o)
 .v4_bx         0x00408e18        0x0 contiki-OrisenStamp.a(chameleon.o)
 .v4_bx         0x00408e18        0x0 contiki-OrisenStamp.a(channel.o)
 .v4_bx         0x00408e18        0x0 contiki-OrisenStamp.a(chameleon-bitop)
 .v4_bx         0x00408e18        0x0 contiki-OrisenStamp.a(nullrdc.o)
 .v4_bx         0x00408e18        0x0 contiki-OrisenStamp.a(mac.o)
 .v4_bx         0x00408e18        0x0 contiki-OrisenStamp.a(framer-802154.o)
 .v4_bx         0x00408e18        0x0 contiki-OrisenStamp.a(csma.o)
 .v4_bx         0x00408e18        0x0 contiki-OrisenStamp.a(process.o)
 .v4_bx         0x00408e18        0x0 contiki-OrisenStamp.a(autostart.o)
 .v4_bx         0x00408e18        0x0 contiki-OrisenStamp.a(serial-line.o)
 .v4_bx         0x00408e18        0x0 contiki-OrisenStamp.a(memb.o)
 .v4_bx         0x00408e18        0x0 contiki-OrisenStamp.a(list.o)
 .v4_bx         0x00408e18        0x0 contiki-OrisenStamp.a(etimer.o)
 .v4_bx         0x00408e18        0x0 contiki-OrisenStamp.a(ctimer.o)
 .v4_bx         0x00408e18        0x0 contiki-OrisenStamp.a(random.o)
 .v4_bx         0x00408e18        0x0 contiki-OrisenStamp.a(ringbuf.o)
 .v4_bx         0x00408e18        0x0 contiki-OrisenStamp.a(packetbuf.o)
 .v4_bx         0x00408e18        0x0 contiki-OrisenStamp.a(queuebuf.o)
 .v4_bx         0x00408e18        0x0 contiki-OrisenStamp.a(clock.o)
 .v4_bx         0x00408e18        0x0 contiki-OrisenStamp.a(button-sensor.o)
 .v4_bx         0x00408e18        0x0 contiki-OrisenStamp.a(sensors.o)
 .v4_bx         0x00408e18        0x0 contiki-OrisenStamp.a(RTC.o)
 .v4_bx         0x00408e18        0x0 contiki-OrisenStamp.a(kbi_events.o)
 .v4_bx         0x00408e18        0x0 contiki-OrisenStamp.a(io-pins.o)
 .v4_bx         0x00408e18        0x0 contiki-OrisenStamp.a(contiki-crm.o)
 .v4_bx         0x00408e18        0x0 contiki-OrisenStamp.a(contiki-maca.o)
 .v4_bx         0x00408e18        0x0 contiki-OrisenStamp.a(contiki-misc.o)
 .v4_bx         0x00408e18        0x0 contiki-OrisenStamp.a(leds.o)
 .v4_bx         0x00408e18        0x0 contiki-OrisenStamp.a(contiki-uart.o)
 .v4_bx         0x00408e18        0x0 contiki-OrisenStamp.a(dbg-printf.o)
 .v4_bx         0x00408e18        0x0 contiki-OrisenStamp.a(dbg-sprintf.o)
 .v4_bx         0x00408e18        0x0 contiki-OrisenStamp.a(strformat.o)
 .v4_bx         0x00408e18        0x0 contiki-OrisenStamp.a(adc.o)
 .v4_bx         0x00408e18        0x0 contiki-OrisenStamp.a(gpio.o)
 .v4_bx         0x00408e18        0x0 contiki-OrisenStamp.a(gpio-util.o)
 .v4_bx         0x00408e18        0x0 contiki-OrisenStamp.a(i2c.o)
 .v4_bx         0x00408e18        0x0 contiki-OrisenStamp.a(maca.o)
 .v4_bx         0x00408e18        0x0 contiki-OrisenStamp.a(nvm.o)
 .v4_bx         0x00408e18        0x0 contiki-OrisenStamp.a(uart1.o)
 .v4_bx         0x00408e18        0x0 contiki-OrisenStamp.a(uart2.o)
 .v4_bx         0x00408e18        0x0 contiki-OrisenStamp.a(default_lowleve)
 .v4_bx         0x00408e18        0x0 contiki-OrisenStamp.a(isr.o)
 .v4_bx         0x00408e18        0x0 contiki-OrisenStamp.a(frame802154.o)
 .v4_bx         0x00408e18        0x0 contiki-OrisenStamp.a(timer.o)
 .v4_bx         0x00408e18        0x0 contiki-OrisenStamp.a(debug-uart.o)
 .v4_bx         0x00408e18        0x0 contiki-OrisenStamp.a(leds-arch.o)
 .v4_bx         0x00408e18        0x0 /home/user/CodeSourcery/Sourcery_G++_Lite/bin/../lib/gcc/arm-none-eabi/4.3.2/libgcc.a(_udivsi3.o)
 .v4_bx         0x00408e18        0x0 /home/user/CodeSourcery/Sourcery_G++_Lite/bin/../lib/gcc/arm-none-eabi/4.3.2/libgcc.a(_divsi3.o)
 .v4_bx         0x00408e18        0x0 /home/user/CodeSourcery/Sourcery_G++_Lite/bin/../lib/gcc/arm-none-eabi/4.3.2/libgcc.a(_dvmd_tls.o)
 .v4_bx         0x00408e18        0x0 /home/user/CodeSourcery/Sourcery_G++_Lite/bin/../lib/gcc/arm-none-eabi/4.3.2/libgcc.a(_aeabi_uldivmod.o)
 .v4_bx         0x00408e18        0x0 /home/user/CodeSourcery/Sourcery_G++_Lite/bin/../lib/gcc/arm-none-eabi/4.3.2/libgcc.a(bpabi.o)
 .v4_bx         0x00408e18        0x0 /home/user/CodeSourcery/Sourcery_G++_Lite/bin/../lib/gcc/arm-none-eabi/4.3.2/libgcc.a(_divdi3.o)
 .v4_bx         0x00408e18        0x0 /home/user/CodeSourcery/Sourcery_G++_Lite/bin/../lib/gcc/arm-none-eabi/4.3.2/libgcc.a(_udivdi3.o)
 .v4_bx         0x00408e18        0x0 /home/user/CodeSourcery/Sourcery_G++_Lite/bin/../lib/gcc/arm-none-eabi/4.3.2/libgcc.a(_clz.o)
 .v4_bx         0x00408e18        0x0 /home/user/CodeSourcery/Sourcery_G++_Lite/bin/../lib/gcc/arm-none-eabi/4.3.2/../../../../arm-none-eabi/lib/libc.a(lib_a-malloc.o)
 .v4_bx         0x00408e18        0x0 /home/user/CodeSourcery/Sourcery_G++_Lite/bin/../lib/gcc/arm-none-eabi/4.3.2/../../../../arm-none-eabi/lib/libc.a(lib_a-mallocr.o)
 .v4_bx         0x00408e18        0x0 /home/user/CodeSourcery/Sourcery_G++_Lite/bin/../lib/gcc/arm-none-eabi/4.3.2/../../../../arm-none-eabi/lib/libc.a(lib_a-memcmp.o)
 .v4_bx         0x00408e18        0x0 /home/user/CodeSourcery/Sourcery_G++_Lite/bin/../lib/gcc/arm-none-eabi/4.3.2/../../../../arm-none-eabi/lib/libc.a(lib_a-memcpy.o)
 .v4_bx         0x00408e18        0x0 /home/user/CodeSourcery/Sourcery_G++_Lite/bin/../lib/gcc/arm-none-eabi/4.3.2/../../../../arm-none-eabi/lib/libc.a(lib_a-memset.o)
 .v4_bx         0x00408e18        0x0 /home/user/CodeSourcery/Sourcery_G++_Lite/bin/../lib/gcc/arm-none-eabi/4.3.2/../../../../arm-none-eabi/lib/libc.a(lib_a-mlock.o)
 .v4_bx         0x00408e18        0x0 /home/user/CodeSourcery/Sourcery_G++_Lite/bin/../lib/gcc/arm-none-eabi/4.3.2/../../../../arm-none-eabi/lib/libc.a(lib_a-sbrkr.o)
 .v4_bx         0x00408e18        0x0 /home/user/CodeSourcery/Sourcery_G++_Lite/bin/../lib/gcc/arm-none-eabi/4.3.2/../../../../arm-none-eabi/lib/libc.a(lib_a-strlen.o)
 .v4_bx         0x00408e18        0x0 /home/user/CodeSourcery/Sourcery_G++_Lite/bin/../lib/gcc/arm-none-eabi/4.3.2/../../../../arm-none-eabi/lib/libc.a(lib_a-strncmp.o)
 .v4_bx         0x00408e18        0x0 /home/user/CodeSourcery/Sourcery_G++_Lite/bin/../lib/gcc/arm-none-eabi/4.3.2/../../../../arm-none-eabi/lib/libc.a(lib_a-freer.o)
 .v4_bx         0x00408e18        0x0 /home/user/CodeSourcery/Sourcery_G++_Lite/bin/../lib/gcc/arm-none-eabi/4.3.2/../../../../arm-none-eabi/lib/libc.a(lib_a-impure.o)
 .v4_bx         0x00408e18        0x0 /home/user/CodeSourcery/Sourcery_G++_Lite/bin/../lib/gcc/arm-none-eabi/4.3.2/../../../../arm-none-eabi/lib/libc.a(lib_a-reent.o)

.janus_2cc_veneer
                0x00408e18        0x0
 .janus_2cc_veneer
                0x00408e18        0x0 sensorStamp.co
 .janus_2cc_veneer
                0x00408e18        0x0 obj_OrisenStamp/contiki-stamp-main.o
 .janus_2cc_veneer
                0x00408e18        0x0 obj_OrisenStamp/start.o
 .janus_2cc_veneer
                0x00408e18        0x0 contiki-OrisenStamp.a(rimeaddr.o)
 .janus_2cc_veneer
                0x00408e18        0x0 contiki-OrisenStamp.a(rime.o)
 .janus_2cc_veneer
                0x00408e18        0x0 contiki-OrisenStamp.a(rimestats.o)
 .janus_2cc_veneer
                0x00408e18        0x0 contiki-OrisenStamp.a(announcement.o)
 .janus_2cc_veneer
                0x00408e18        0x0 contiki-OrisenStamp.a(broadcast-annou)
 .janus_2cc_veneer
                0x00408e18        0x0 contiki-OrisenStamp.a(broadcast.o)
 .janus_2cc_veneer
                0x00408e18        0x0 contiki-OrisenStamp.a(abc.o)
 .janus_2cc_veneer
                0x00408e18        0x0 contiki-OrisenStamp.a(chameleon.o)
 .janus_2cc_veneer
                0x00408e18        0x0 contiki-OrisenStamp.a(channel.o)
 .janus_2cc_veneer
                0x00408e18        0x0 contiki-OrisenStamp.a(chameleon-bitop)
 .janus_2cc_veneer
                0x00408e18        0x0 contiki-OrisenStamp.a(nullrdc.o)
 .janus_2cc_veneer
                0x00408e18        0x0 contiki-OrisenStamp.a(mac.o)
 .janus_2cc_veneer
                0x00408e18        0x0 contiki-OrisenStamp.a(framer-802154.o)
 .janus_2cc_veneer
                0x00408e18        0x0 contiki-OrisenStamp.a(csma.o)
 .janus_2cc_veneer
                0x00408e18        0x0 contiki-OrisenStamp.a(process.o)
 .janus_2cc_veneer
                0x00408e18        0x0 contiki-OrisenStamp.a(autostart.o)
 .janus_2cc_veneer
                0x00408e18        0x0 contiki-OrisenStamp.a(serial-line.o)
 .janus_2cc_veneer
                0x00408e18        0x0 contiki-OrisenStamp.a(memb.o)
 .janus_2cc_veneer
                0x00408e18        0x0 contiki-OrisenStamp.a(list.o)
 .janus_2cc_veneer
                0x00408e18        0x0 contiki-OrisenStamp.a(etimer.o)
 .janus_2cc_veneer
                0x00408e18        0x0 contiki-OrisenStamp.a(ctimer.o)
 .janus_2cc_veneer
                0x00408e18        0x0 contiki-OrisenStamp.a(random.o)
 .janus_2cc_veneer
                0x00408e18        0x0 contiki-OrisenStamp.a(ringbuf.o)
 .janus_2cc_veneer
                0x00408e18        0x0 contiki-OrisenStamp.a(packetbuf.o)
 .janus_2cc_veneer
                0x00408e18        0x0 contiki-OrisenStamp.a(queuebuf.o)
 .janus_2cc_veneer
                0x00408e18        0x0 contiki-OrisenStamp.a(clock.o)
 .janus_2cc_veneer
                0x00408e18        0x0 contiki-OrisenStamp.a(button-sensor.o)
 .janus_2cc_veneer
                0x00408e18        0x0 contiki-OrisenStamp.a(sensors.o)
 .janus_2cc_veneer
                0x00408e18        0x0 contiki-OrisenStamp.a(RTC.o)
 .janus_2cc_veneer
                0x00408e18        0x0 contiki-OrisenStamp.a(kbi_events.o)
 .janus_2cc_veneer
                0x00408e18        0x0 contiki-OrisenStamp.a(io-pins.o)
 .janus_2cc_veneer
                0x00408e18        0x0 contiki-OrisenStamp.a(contiki-crm.o)
 .janus_2cc_veneer
                0x00408e18        0x0 contiki-OrisenStamp.a(contiki-maca.o)
 .janus_2cc_veneer
                0x00408e18        0x0 contiki-OrisenStamp.a(contiki-misc.o)
 .janus_2cc_veneer
                0x00408e18        0x0 contiki-OrisenStamp.a(leds.o)
 .janus_2cc_veneer
                0x00408e18        0x0 contiki-OrisenStamp.a(contiki-uart.o)
 .janus_2cc_veneer
                0x00408e18        0x0 contiki-OrisenStamp.a(dbg-printf.o)
 .janus_2cc_veneer
                0x00408e18        0x0 contiki-OrisenStamp.a(dbg-sprintf.o)
 .janus_2cc_veneer
                0x00408e18        0x0 contiki-OrisenStamp.a(strformat.o)
 .janus_2cc_veneer
                0x00408e18        0x0 contiki-OrisenStamp.a(adc.o)
 .janus_2cc_veneer
                0x00408e18        0x0 contiki-OrisenStamp.a(gpio.o)
 .janus_2cc_veneer
                0x00408e18        0x0 contiki-OrisenStamp.a(gpio-util.o)
 .janus_2cc_veneer
                0x00408e18        0x0 contiki-OrisenStamp.a(i2c.o)
 .janus_2cc_veneer
                0x00408e18        0x0 contiki-OrisenStamp.a(maca.o)
 .janus_2cc_veneer
                0x00408e18        0x0 contiki-OrisenStamp.a(nvm.o)
 .janus_2cc_veneer
                0x00408e18        0x0 contiki-OrisenStamp.a(uart1.o)
 .janus_2cc_veneer
                0x00408e18        0x0 contiki-OrisenStamp.a(uart2.o)
 .janus_2cc_veneer
                0x00408e18        0x0 contiki-OrisenStamp.a(default_lowleve)
 .janus_2cc_veneer
                0x00408e18        0x0 contiki-OrisenStamp.a(isr.o)
 .janus_2cc_veneer
                0x00408e18        0x0 contiki-OrisenStamp.a(frame802154.o)
 .janus_2cc_veneer
                0x00408e18        0x0 contiki-OrisenStamp.a(timer.o)
 .janus_2cc_veneer
                0x00408e18        0x0 contiki-OrisenStamp.a(debug-uart.o)
 .janus_2cc_veneer
                0x00408e18        0x0 contiki-OrisenStamp.a(leds-arch.o)
 .janus_2cc_veneer
                0x00408e18        0x0 /home/user/CodeSourcery/Sourcery_G++_Lite/bin/../lib/gcc/arm-none-eabi/4.3.2/libgcc.a(_udivsi3.o)
 .janus_2cc_veneer
                0x00408e18        0x0 /home/user/CodeSourcery/Sourcery_G++_Lite/bin/../lib/gcc/arm-none-eabi/4.3.2/libgcc.a(_divsi3.o)
 .janus_2cc_veneer
                0x00408e18        0x0 /home/user/CodeSourcery/Sourcery_G++_Lite/bin/../lib/gcc/arm-none-eabi/4.3.2/libgcc.a(_dvmd_tls.o)
 .janus_2cc_veneer
                0x00408e18        0x0 /home/user/CodeSourcery/Sourcery_G++_Lite/bin/../lib/gcc/arm-none-eabi/4.3.2/libgcc.a(_aeabi_uldivmod.o)
 .janus_2cc_veneer
                0x00408e18        0x0 /home/user/CodeSourcery/Sourcery_G++_Lite/bin/../lib/gcc/arm-none-eabi/4.3.2/libgcc.a(bpabi.o)
 .janus_2cc_veneer
                0x00408e18        0x0 /home/user/CodeSourcery/Sourcery_G++_Lite/bin/../lib/gcc/arm-none-eabi/4.3.2/libgcc.a(_divdi3.o)
 .janus_2cc_veneer
                0x00408e18        0x0 /home/user/CodeSourcery/Sourcery_G++_Lite/bin/../lib/gcc/arm-none-eabi/4.3.2/libgcc.a(_udivdi3.o)
 .janus_2cc_veneer
                0x00408e18        0x0 /home/user/CodeSourcery/Sourcery_G++_Lite/bin/../lib/gcc/arm-none-eabi/4.3.2/libgcc.a(_clz.o)
 .janus_2cc_veneer
                0x00408e18        0x0 /home/user/CodeSourcery/Sourcery_G++_Lite/bin/../lib/gcc/arm-none-eabi/4.3.2/../../../../arm-none-eabi/lib/libc.a(lib_a-malloc.o)
 .janus_2cc_veneer
                0x00408e18        0x0 /home/user/CodeSourcery/Sourcery_G++_Lite/bin/../lib/gcc/arm-none-eabi/4.3.2/../../../../arm-none-eabi/lib/libc.a(lib_a-mallocr.o)
 .janus_2cc_veneer
                0x00408e18        0x0 /home/user/CodeSourcery/Sourcery_G++_Lite/bin/../lib/gcc/arm-none-eabi/4.3.2/../../../../arm-none-eabi/lib/libc.a(lib_a-memcmp.o)
 .janus_2cc_veneer
                0x00408e18        0x0 /home/user/CodeSourcery/Sourcery_G++_Lite/bin/../lib/gcc/arm-none-eabi/4.3.2/../../../../arm-none-eabi/lib/libc.a(lib_a-memcpy.o)
 .janus_2cc_veneer
                0x00408e18        0x0 /home/user/CodeSourcery/Sourcery_G++_Lite/bin/../lib/gcc/arm-none-eabi/4.3.2/../../../../arm-none-eabi/lib/libc.a(lib_a-memset.o)
 .janus_2cc_veneer
                0x00408e18        0x0 /home/user/CodeSourcery/Sourcery_G++_Lite/bin/../lib/gcc/arm-none-eabi/4.3.2/../../../../arm-none-eabi/lib/libc.a(lib_a-mlock.o)
 .janus_2cc_veneer
                0x00408e18        0x0 /home/user/CodeSourcery/Sourcery_G++_Lite/bin/../lib/gcc/arm-none-eabi/4.3.2/../../../../arm-none-eabi/lib/libc.a(lib_a-sbrkr.o)
 .janus_2cc_veneer
                0x00408e18        0x0 /home/user/CodeSourcery/Sourcery_G++_Lite/bin/../lib/gcc/arm-none-eabi/4.3.2/../../../../arm-none-eabi/lib/libc.a(lib_a-strlen.o)
 .janus_2cc_veneer
                0x00408e18        0x0 /home/user/CodeSourcery/Sourcery_G++_Lite/bin/../lib/gcc/arm-none-eabi/4.3.2/../../../../arm-none-eabi/lib/libc.a(lib_a-strncmp.o)
 .janus_2cc_veneer
                0x00408e18        0x0 /home/user/CodeSourcery/Sourcery_G++_Lite/bin/../lib/gcc/arm-none-eabi/4.3.2/../../../../arm-none-eabi/lib/libc.a(lib_a-freer.o)
 .janus_2cc_veneer
                0x00408e18        0x0 /home/user/CodeSourcery/Sourcery_G++_Lite/bin/../lib/gcc/arm-none-eabi/4.3.2/../../../../arm-none-eabi/lib/libc.a(lib_a-impure.o)
 .janus_2cc_veneer
                0x00408e18        0x0 /home/user/CodeSourcery/Sourcery_G++_Lite/bin/../lib/gcc/arm-none-eabi/4.3.2/../../../../arm-none-eabi/lib/libc.a(lib_a-reent.o)

.interp
 *(.interp)

.note.gnu.build-id
 *(.note.gnu.build-id)

.hash
 *(.hash)

.gnu.hash
 *(.gnu.hash)

.dynsym
 *(.dynsym)

.dynstr
 *(.dynstr)

.gnu.version
 *(.gnu.version)

.gnu.version_d
 *(.gnu.version_d)

.gnu.version_r
 *(.gnu.version_r)

.rel.dyn
 *(.rel.init)
 *(.rel.text .rel.text.* .rel.gnu.linkonce.t.*)
 *(.rel.fini)
 *(.rel.rodata .rel.rodata.* .rel.gnu.linkonce.r.*)
 *(.rel.data.rel.ro* .rel.gnu.linkonce.d.rel.ro.*)
 *(.rel.data .rel.data.* .rel.gnu.linkonce.d.*)
 *(.rel.tdata .rel.tdata.* .rel.gnu.linkonce.td.*)
 *(.rel.tbss .rel.tbss.* .rel.gnu.linkonce.tb.*)
 *(.rel.ctors)
 *(.rel.dtors)
 *(.rel.got)
 *(.rel.bss .rel.bss.* .rel.gnu.linkonce.b.*)

.rela.dyn
 *(.rela.init)
 *(.rela.text .rela.text.* .rela.gnu.linkonce.t.*)
 *(.rela.fini)
 *(.rela.rodata .rela.rodata.* .rela.gnu.linkonce.r.*)
 *(.rela.data .rela.data.* .rela.gnu.linkonce.d.*)
 *(.rela.tdata .rela.tdata.* .rela.gnu.linkonce.td.*)
 *(.rela.tbss .rela.tbss.* .rela.gnu.linkonce.tb.*)
 *(.rela.ctors)
 *(.rela.dtors)
 *(.rela.got)
 *(.rela.bss .rela.bss.* .rela.gnu.linkonce.b.*)

.rel.plt
 *(.rel.plt)

.rela.plt
 *(.rela.plt)

.init
 *(.init)

.plt
 *(.plt)

.fini
 *(.fini)
                0x00408e18                PROVIDE (__etext, .)
                0x00408e18                PROVIDE (_etext, .)
                0x00408e18                PROVIDE (etext, .)

.rodata         0x00408e18      0x800
 *(.rodata .rodata.* .gnu.linkonce.r.*)
 .rodata.abc_call
                0x00408e18        0x8 sensorStamp.co
 .rodata.autostart_processes
                0x00408e20        0x8 sensorStamp.co
                0x00408e20                autostart_processes
 .rodata.str1.1
                0x00408e28       0x47 sensorStamp.co
 .rodata.str1.1
                0x00408e6f       0xed obj_OrisenStamp/contiki-stamp-main.o
                                 0xf0 (size before relaxing)
 .rodata.addr_ff
                0x00408f5c        0x8 obj_OrisenStamp/contiki-stamp-main.o
                0x00408f5c                addr_ff
 .rodata.rimeaddr_null
                0x00408f64        0x8 contiki-OrisenStamp.a(rimeaddr.o)
                0x00408f64                rimeaddr_null
 .rodata.str1.1
                0x00408f6c        0x5 contiki-OrisenStamp.a(rime.o)
 *fill*         0x00408f71        0x3 00
 .rodata.rime_driver
                0x00408f74        0xc contiki-OrisenStamp.a(rime.o)
                0x00408f74                rime_driver
 .rodata.broadcast_callbacks
                0x00408f80        0x8 contiki-OrisenStamp.a(broadcast-annou)
 .rodata.attributes
                0x00408f88        0x4 contiki-OrisenStamp.a(broadcast.o)
 .rodata.broadcast
                0x00408f8c        0x8 contiki-OrisenStamp.a(broadcast.o)
 .rodata.attributes
                0x00408f94        0x2 contiki-OrisenStamp.a(abc.o)
 *fill*         0x00408f96        0x2 00
 .rodata.chameleon_bitopt
                0x00408f98        0xc contiki-OrisenStamp.a(chameleon-bitop)
                0x00408f98                chameleon_bitopt
 .rodata.bitmask
                0x00408fa4        0x9 contiki-OrisenStamp.a(chameleon-bitop)
 .rodata.str1.1
                0x00408fad        0x8 contiki-OrisenStamp.a(nullrdc.o)
 *fill*         0x00408fb5        0x3 00
 .rodata.nullrdc_driver
                0x00408fb8       0x20 contiki-OrisenStamp.a(nullrdc.o)
                0x00408fb8                nullrdc_driver
 .rodata.framer_802154
                0x00408fd8        0x8 contiki-OrisenStamp.a(framer-802154.o)
                0x00408fd8                framer_802154
 .rodata.str1.1
                0x00408fe0        0x5 contiki-OrisenStamp.a(csma.o)
 *fill*         0x00408fe5        0x3 00
 .rodata.csma_driver
                0x00408fe8       0x1c contiki-OrisenStamp.a(csma.o)
                0x00408fe8                csma_driver
 .rodata.str1.1
                0x00409004        0xe contiki-OrisenStamp.a(serial-line.o)
 .rodata.str1.1