Archive member included because of file (symbol)

contiki-OrisenStamp.a(rimeaddr.o)
                              obj_OrisenStamp/contiki-stamp-main.o (rimeaddr_copy)
contiki-OrisenStamp.a(rime.o)
                              obj_OrisenStamp/contiki-stamp-main.o (rime_driver)
contiki-OrisenStamp.a(rimestats.o)
                              contiki-OrisenStamp.a(rime.o) (rimestats)
contiki-OrisenStamp.a(announcement.o)
                              contiki-OrisenStamp.a(rime.o) (announcement_init)
contiki-OrisenStamp.a(broadcast-annou)
                              contiki-OrisenStamp.a(rime.o) (broadcast_announcement_init)
contiki-OrisenStamp.a(broadcast.o)
                              contiki-OrisenStamp.a(broadcast-annou) (broadcast_send)
contiki-OrisenStamp.a(abc.o)  contiki-OrisenStamp.a(rime.o) (abc_input)
contiki-OrisenStamp.a(chameleon.o)
                              contiki-OrisenStamp.a(rime.o) (chameleon_parse)
contiki-OrisenStamp.a(channel.o)
                              contiki-OrisenStamp.a(abc.o) (channel_close)
contiki-OrisenStamp.a(chameleon-bitop)
                              contiki-OrisenStamp.a(chameleon.o) (chameleon_bitopt)
contiki-OrisenStamp.a(nullrdc.o)
                              obj_OrisenStamp/contiki-stamp-main.o (nullrdc_driver)
contiki-OrisenStamp.a(mac.o)  contiki-OrisenStamp.a(nullrdc.o) (mac_call_sent_callback)
contiki-OrisenStamp.a(framer-802154.o)
                              contiki-OrisenStamp.a(nullrdc.o) (framer_802154)
contiki-OrisenStamp.a(csma.o)
                              obj_OrisenStamp/contiki-stamp-main.o (csma_driver)
contiki-OrisenStamp.a(process.o)
                              obj_OrisenStamp/contiki-stamp-main.o (process_init)
contiki-OrisenStamp.a(autostart.o)
                              obj_OrisenStamp/contiki-stamp-main.o (autostart_start)
contiki-OrisenStamp.a(serial-line.o)
                              obj_OrisenStamp/contiki-stamp-main.o (serial_line_init)
contiki-OrisenStamp.a(memb.o)
                              contiki-OrisenStamp.a(csma.o) (memb_alloc)
contiki-OrisenStamp.a(list.o)
                              contiki-OrisenStamp.a(announcement.o) (list_init)
contiki-OrisenStamp.a(etimer.o)
                              DataRecieve.co (etimer_expired)
contiki-OrisenStamp.a(ctimer.o)
                              contiki-OrisenStamp.a(broadcast-annou) (ctimer_stop)
contiki-OrisenStamp.a(random.o)
                              contiki-OrisenStamp.a(broadcast-annou) (random_rand)
contiki-OrisenStamp.a(ringbuf.o)
                              contiki-OrisenStamp.a(serial-line.o) (ringbuf_init)
contiki-OrisenStamp.a(packetbuf.o)
                              contiki-OrisenStamp.a(chameleon-bitop) (packetbuf_hdrreduce)
contiki-OrisenStamp.a(queuebuf.o)
                              contiki-OrisenStamp.a(nullrdc.o) (queuebuf_to_packetbuf)
contiki-OrisenStamp.a(clock.o)
                              obj_OrisenStamp/contiki-stamp-main.o (clock_init)
contiki-OrisenStamp.a(button-sensor.o)
                              obj_OrisenStamp/contiki-stamp-main.o (button_sensor)
contiki-OrisenStamp.a(sensors.o)
                              contiki-OrisenStamp.a(button-sensor.o) (sensors_changed)
contiki-OrisenStamp.a(RTC.o)  obj_OrisenStamp/contiki-stamp-main.o (RTC_init)
contiki-OrisenStamp.a(kbi_events.o)
                              obj_OrisenStamp/contiki-stamp-main.o (kbi_event_process)
contiki-OrisenStamp.a(io-pins.o)
                              obj_OrisenStamp/contiki-stamp-main.o (ioPins_init)
contiki-OrisenStamp.a(contiki-crm.o)
                              obj_OrisenStamp/contiki-stamp-main.o (cal_ring_osc)
contiki-OrisenStamp.a(contiki-maca.o)
                              contiki-OrisenStamp.a(nullrdc.o) (contiki_maca_driver)
contiki-OrisenStamp.a(contiki-misc.o)
                              contiki-OrisenStamp.a(random.o) (srand)
contiki-OrisenStamp.a(leds.o)
                              DataRecieve.co (leds_off)
contiki-OrisenStamp.a(contiki-uart.o)
                              obj_OrisenStamp/contiki-stamp-main.o (uart1_set_input)
contiki-OrisenStamp.a(dbg-printf.o)
                              DataRecieve.co (printf)
contiki-OrisenStamp.a(strformat.o)
                              contiki-OrisenStamp.a(dbg-printf.o) (format_str_v)
contiki-OrisenStamp.a(adc.o)  contiki-OrisenStamp.a(io-pins.o) (adc_service)
contiki-OrisenStamp.a(gpio.o)
                              contiki-OrisenStamp.a(button-sensor.o) (gpio_data_get)
contiki-OrisenStamp.a(gpio-util.o)
                              contiki-OrisenStamp.a(adc.o) (gpio_select_function)
contiki-OrisenStamp.a(i2c.o)  contiki-OrisenStamp.a(RTC.o) (i2c_transferred)
contiki-OrisenStamp.a(maca.o)
                              contiki-OrisenStamp.a(contiki-maca.o) (free_packet)
contiki-OrisenStamp.a(nvm.o)  obj_OrisenStamp/contiki-stamp-main.o (nvm_detect)
contiki-OrisenStamp.a(uart1.o)
                              obj_OrisenStamp/contiki-stamp-main.o (uart1_getc)
[...]
Memory Configuration

Name             Origin             Length             Attributes
ram              0x00400000         0x00018000         xrw
*default*        0x00000000         0xffffffff

Linker script and memory map

LOAD DataRecieve.co
LOAD obj_OrisenStamp/contiki-stamp-main.o
LOAD obj_OrisenStamp/start.o
LOAD contiki-OrisenStamp.a
LOAD contiki-OrisenStamp.a
START GROUP
LOAD /home/user/CodeSourcery/Sourcery_G++_Lite/bin/../lib/gcc/arm-none-eabi/4.3.2/libgcc.a
LOAD /home/user/CodeSourcery/Sourcery_G++_Lite/bin/../lib/gcc/arm-none-eabi/4.3.2/../../../../arm-none-eabi/lib/libc.a
END GROUP
                0x00000400                SYS_STACK_SIZE = 0x400
                0x00000100                IRQ_STACK_SIZE = 0x100
                0x00000100                FIQ_STACK_SIZE = 0x100
                0x00000100                SVC_STACK_SIZE = 0x100
                0x00000010                ABT_STACK_SIZE = 0x10
                0x00000010                UND_STACK_SIZE = 0x10
                0x00001000                HEAP_SIZE = 0x1000
                0x00400000                PROVIDE (__executable_start, 0x400000)
                0x00400000                . = 0x400000

.text           0x00400000     0x7ec4
 *(.start)
 .start         0x00400000      0x8b4 obj_OrisenStamp/start.o
                0x00400890                _bss_start
                0x00400894                _bss_end
                0x00400000                _start
 *(.irq)
 .irq           0x004008b4      0x214 contiki-OrisenStamp.a(isr.o)
                0x004008b4                irq
 *(.text .stub .text.* .gnu.linkonce.t.*)
 .text.process_thread_example_abc_process
                0x00400ac8       0x78 DataRecieve.co
 .text.abc_recv
                0x00400b40       0x54 DataRecieve.co
 .text.sd_card_switch_init
                0x00400b94       0x44 obj_OrisenStamp/contiki-stamp-main.o
                0x00400b94                sd_card_switch_init
                0x00400b9c                .real_start_ofsd_card_switch_init
 .text.kbi4_init
                0x00400bd8       0x64 obj_OrisenStamp/contiki-stamp-main.o
                0x00400be0                .real_start_ofkbi4_init
                0x00400bd8                kbi4_init
 .text.kbi5_init
                0x00400c3c       0x68 obj_OrisenStamp/contiki-stamp-main.o
                0x00400c3c                kbi5_init
                0x00400c44                .real_start_ofkbi5_init
 .text.print_welcome
                0x00400ca4       0x40 obj_OrisenStamp/contiki-stamp-main.o
                0x00400ca4                print_welcome
                0x00400cac                .real_start_ofprint_welcome
 .text.set_rimeaddr
                0x00400ce4      0x104 obj_OrisenStamp/contiki-stamp-main.o
                0x00400ce4                set_rimeaddr
                0x00400cec                .real_start_ofset_rimeaddr
 .text.stamp_init
                0x00400de8       0xc4 obj_OrisenStamp/contiki-stamp-main.o
                0x00400df0                .real_start_ofstamp_init
                0x00400de8                stamp_init
 .text.init_lowlevel
                0x00400eac       0x60 obj_OrisenStamp/contiki-stamp-main.o
                0x00400eac                init_lowlevel
                0x00400eb4                .real_start_ofinit_lowlevel
 .text.main     0x00400f0c      0x1e0 obj_OrisenStamp/contiki-stamp-main.o
                0x00400f14                .real_start_ofmain
                0x00400f0c                main
 .text.rimeaddr_copy
                0x004010ec       0x1c contiki-OrisenStamp.a(rimeaddr.o)
                0x004010ec                rimeaddr_copy
                0x004010f4                .real_start_ofrimeaddr_copy
 .text.rimeaddr_cmp
                0x00401108       0x2c contiki-OrisenStamp.a(rimeaddr.o)
                0x00401110                .real_start_ofrimeaddr_cmp
                0x00401108                rimeaddr_cmp
 .text.rimeaddr_set_node_addr
                0x00401134       0x28 contiki-OrisenStamp.a(rimeaddr.o)
                0x00401134                rimeaddr_set_node_addr
                0x0040113c                .real_start_ofrimeaddr_set_node_addr
 .text.input    0x0040115c       0x60 contiki-OrisenStamp.a(rime.o)
 .text.init     0x004011bc       0x50 contiki-OrisenStamp.a(rime.o)
 .text.rime_output
                0x0040120c       0x50 contiki-OrisenStamp.a(rime.o)
                0x00401214                .real_start_ofrime_output
                0x0040120c                rime_output
 .text.packet_sent
                0x0040125c       0x50 contiki-OrisenStamp.a(rime.o)
 .text.announcement_register_observer_callback
                0x004012ac       0x14 contiki-OrisenStamp.a(announcement.o)
                0x004012ac                announcement_register_observer_callback
                0x004012b4                .real_start_ofannouncement_register_observer_callback
 .text.announcement_list
                0x004012c0       0x24 contiki-OrisenStamp.a(announcement.o)
                0x004012c8                .real_start_ofannouncement_list
                0x004012c0                announcement_list
 .text.announcement_heard
                0x004012e4       0x50 contiki-OrisenStamp.a(announcement.o)
                0x004012e4                announcement_heard
                0x004012ec                .real_start_ofannouncement_heard
 .text.announcement_init
                0x00401334       0x24 contiki-OrisenStamp.a(announcement.o)
                0x0040133c                .real_start_ofannouncement_init
                0x00401334                announcement_init
 .text.adv_packet_sent
                0x00401358        0x4 contiki-OrisenStamp.a(broadcast-annou)
 .text.broadcast_announcement_init
                0x0040135c       0x54 contiki-OrisenStamp.a(broadcast-annou)
                0x00401364                .real_start_ofbroadcast_announcement_init
                0x0040135c                broadcast_announcement_init
 .text.adv_packet_received
                0x004013b0       0x7c contiki-OrisenStamp.a(broadcast-annou)
 .text.set_timers
                0x0040142c       0x54 contiki-OrisenStamp.a(broadcast-annou)
 .text.new_announcement
                0x00401480       0x28 contiki-OrisenStamp.a(broadcast-annou)
 .text.send_timer
                0x004014a8       0x2c contiki-OrisenStamp.a(broadcast-annou)
 .text.send_adv
                0x004014d4       0x8c contiki-OrisenStamp.a(broadcast-annou)
 .text.sent_by_abc
                0x00401560       0x18 contiki-OrisenStamp.a(broadcast.o)
 .text.broadcast_send
                0x00401578       0x38 contiki-OrisenStamp.a(broadcast.o)
                0x00401578                broadcast_send
                0x00401580                .real_start_ofbroadcast_send
 .text.recv_from_abc
                0x004015b0       0x30 contiki-OrisenStamp.a(broadcast.o)
 .text.broadcast_open
                0x004015e0       0x40 contiki-OrisenStamp.a(broadcast.o)
                0x004015e0                broadcast_open
                0x004015e8                .real_start_ofbroadcast_open
 .text.abc_input
                0x00401620       0x1c contiki-OrisenStamp.a(abc.o)
                0x00401620                abc_input
                0x00401628                .real_start_ofabc_input
 .text.abc_sent
                0x0040163c       0x20 contiki-OrisenStamp.a(abc.o)
                0x0040163c                abc_sent
                0x00401644                .real_start_ofabc_sent
 .text.abc_send
                0x0040165c       0x20 contiki-OrisenStamp.a(abc.o)
                0x0040165c                abc_send
                0x00401664                .real_start_ofabc_send
 .text.abc_close
                0x0040167c       0x20 contiki-OrisenStamp.a(abc.o)
                0x00401684                .real_start_ofabc_close
                0x0040167c                abc_close
 .text.abc_open
                0x0040169c       0x38 contiki-OrisenStamp.a(abc.o)
                0x0040169c                abc_open
                0x004016a4                .real_start_ofabc_open
 .text.packetbuf_set_attr
                0x004016d4       0x10 contiki-OrisenStamp.a(chameleon.o)
 .text.chameleon_parse
                0x004016e4       0x38 contiki-OrisenStamp.a(chameleon.o)
                0x004016e4                chameleon_parse
                0x004016ec                .real_start_ofchameleon_parse
 .text.chameleon_create
                0x0040171c       0x38 contiki-OrisenStamp.a(chameleon.o)
                0x0040171c                chameleon_create
                0x00401724                .real_start_ofchameleon_create
 .text.chameleon_hdrsize
                0x00401754       0x20 contiki-OrisenStamp.a(chameleon.o)
                0x00401754                chameleon_hdrsize
                0x0040175c                .real_start_ofchameleon_hdrsize
 .text.chameleon_init
                0x00401774       0x20 contiki-OrisenStamp.a(chameleon.o)
                0x00401774                chameleon_init
                0x0040177c                .real_start_ofchameleon_init
 .text.channel_lookup
                0x00401794       0x38 contiki-OrisenStamp.a(channel.o)
                0x00401794                channel_lookup
                0x0040179c                .real_start_ofchannel_lookup
 .text.channel_close
                0x004017cc       0x28 contiki-OrisenStamp.a(channel.o)
                0x004017d4                .real_start_ofchannel_close
                0x004017cc                channel_close
 .text.channel_open
                0x004017f4       0x2c contiki-OrisenStamp.a(channel.o)
                0x004017f4                channel_open
                0x004017fc                .real_start_ofchannel_open
 .text.channel_set_attributes
                0x00401820       0x38 contiki-OrisenStamp.a(channel.o)
                0x00401820                channel_set_attributes
                0x00401828                .real_start_ofchannel_set_attributes
 .text.channel_init
                0x00401858       0x24 contiki-OrisenStamp.a(channel.o)
                0x00401860                .real_start_ofchannel_init
                0x00401858                channel_init
 .text.get_bits_in_byte
                0x0040187c       0x2c contiki-OrisenStamp.a(chameleon-bitop)
                0x0040187c                get_bits_in_byte
                0x00401884                .real_start_ofget_bits_in_byte
 .text.get_bits
                0x004018a8       0x9c contiki-OrisenStamp.a(chameleon-bitop)
                0x004018b0                .real_start_ofget_bits
                0x004018a8                get_bits
 .text.header_size
                0x00401944       0x18 contiki-OrisenStamp.a(chameleon-bitop)
 .text.set_bits_in_byte
                0x0040195c       0x2c contiki-OrisenStamp.a(chameleon-bitop)
                0x00401964                .real_start_ofset_bits_in_byte
                0x0040195c                set_bits_in_byte
 .text.set_bits
                0x00401988       0xa8 contiki-OrisenStamp.a(chameleon-bitop)
                0x00401988                set_bits
                0x00401990                .real_start_ofset_bits
 .text.pack_header
                0x00401a30       0xb8 contiki-OrisenStamp.a(chameleon-bitop)
 .text.unpack_header
                0x00401ae8       0xec contiki-OrisenStamp.a(chameleon-bitop)
 .text.packetbuf_addr
                0x00401bd4       0x10 contiki-OrisenStamp.a(nullrdc.o)
 .text.on       0x00401be4       0x18 contiki-OrisenStamp.a(nullrdc.o)
 .text.off      0x00401bfc       0x20 contiki-OrisenStamp.a(nullrdc.o)
 .text.channel_check_interval
                0x00401c1c        0x4 contiki-OrisenStamp.a(nullrdc.o)
 .text.init     0x00401c20       0x18 contiki-OrisenStamp.a(nullrdc.o)
 .text.packet_input
                0x00401c38       0x60 contiki-OrisenStamp.a(nullrdc.o)
 .text.send_packet
                0x00401c98       0x90 contiki-OrisenStamp.a(nullrdc.o)
 .text.send_list
                0x00401d28       0x30 contiki-OrisenStamp.a(nullrdc.o)
 .text.mac_call_sent_callback
                0x00401d58       0x24 contiki-OrisenStamp.a(mac.o)
                0x00401d60                .real_start_ofmac_call_sent_callback
                0x00401d58                mac_call_sent_callback
 .text.packetbuf_set_attr
                0x00401d7c       0x10 contiki-OrisenStamp.a(framer-802154.o)
 .text.packetbuf_addr
                0x00401d8c       0x10 contiki-OrisenStamp.a(framer-802154.o)
 .text.packetbuf_set_addr
                0x00401d9c       0x28 contiki-OrisenStamp.a(framer-802154.o)
 .text.parse    0x00401dc4       0xc8 contiki-OrisenStamp.a(framer-802154.o)
 .text.create   0x00401e8c      0x15c contiki-OrisenStamp.a(framer-802154.o)
 .text.packetbuf_addr
                0x00401fe8       0x10 contiki-OrisenStamp.a(csma.o)
 .text.default_timebase
                0x00401ff8       0x20 contiki-OrisenStamp.a(csma.o)
 .text.input_packet
                0x00402018       0x18 contiki-OrisenStamp.a(csma.o)
 .text.on       0x00402030       0x18 contiki-OrisenStamp.a(csma.o)
 .text.off      0x00402048       0x18 contiki-OrisenStamp.a(csma.o)
 .text.channel_check_interval
                0x00402060       0x20 contiki-OrisenStamp.a(csma.o)
 .text.transmit_packet_list
                0x00402080       0x38 contiki-OrisenStamp.a(csma.o)
 .text.send_packet
                0x004020b8      0x1cc contiki-OrisenStamp.a(csma.o)
 .text.free_first_packet
                0x00402284       0xc4 contiki-OrisenStamp.a(csma.o)
 .text.packet_sent
                0x00402348       0xf0 contiki-OrisenStamp.a(csma.o)
 .text.init     0x00402438       0x30 contiki-OrisenStamp.a(csma.o)
 .text.process_alloc_event
                0x00402468       0x18 contiki-OrisenStamp.a(process.o)
                0x00402470                .real_start_ofprocess_alloc_event
                0x00402468                process_alloc_event
 .text.process_init
                0x00402480       0x40 contiki-OrisenStamp.a(process.o)
                0x00402480                process_init
                0x00402488                .real_start_ofprocess_init
 .text.process_post
                0x004024c0       0x68 contiki-OrisenStamp.a(process.o)
                0x004024c0                process_post
                0x004024c8                .real_start_ofprocess_post
 .text.process_poll
                0x00402528       0x2c contiki-OrisenStamp.a(process.o)
                0x00402528                process_poll
                0x00402530                .real_start_ofprocess_poll
 .text.process_is_running
                0x00402554       0x10 contiki-OrisenStamp.a(process.o)
                0x00402554                process_is_running
                0x0040255c                .real_start_ofprocess_is_running
 .text.exit_process
                0x00402564       0xa4 contiki-OrisenStamp.a(process.o)
 .text.call_process
                0x00402608       0x50 contiki-OrisenStamp.a(process.o)
 .text.process_post_synch
                0x00402658       0x28 contiki-OrisenStamp.a(process.o)
                0x00402660                .real_start_ofprocess_post_synch
                0x00402658                process_post_synch
 .text.process_start
                0x00402680       0x44 contiki-OrisenStamp.a(process.o)
                0x00402688                .real_start_ofprocess_start
                0x00402680                process_start
 .text.do_poll  0x004026c4       0x44 contiki-OrisenStamp.a(process.o)
 .text.process_run
                0x00402708       0xdc contiki-OrisenStamp.a(process.o)
                0x00402710                .real_start_ofprocess_run
                0x00402708                process_run
 .text.autostart_start
                0x004027e4       0x2c contiki-OrisenStamp.a(autostart.o)
                0x004027ec                .real_start_ofautostart_start
                0x004027e4                autostart_start
 .text.process_thread_serial_line_process
                0x00402810       0xb4 contiki-OrisenStamp.a(serial-line.o)
 .text.serial_line_init
                0x004028c4       0x40 contiki-OrisenStamp.a(serial-line.o)
                0x004028cc                .real_start_ofserial_line_init
                0x004028c4                serial_line_init
 .text.serial_line_input_byte
                0x00402904       0x68 contiki-OrisenStamp.a(serial-line.o)
                0x0040290c                .real_start_ofserial_line_input_byte
                0x00402904                serial_line_input_byte
 .text.memb_alloc
                0x0040296c       0x38 contiki-OrisenStamp.a(memb.o)
                0x00402974                .real_start_ofmemb_alloc
                0x0040296c                memb_alloc
 .text.memb_free
                0x004029a4       0x40 contiki-OrisenStamp.a(memb.o)
                0x004029a4                memb_free
                0x004029ac                .real_start_ofmemb_free
 .text.memb_inmemb
                0x004029e4       0x34 contiki-OrisenStamp.a(memb.o)
                0x004029ec                .real_start_ofmemb_inmemb
                0x004029e4                memb_inmemb
 .text.memb_init
                0x00402a18       0x34 contiki-OrisenStamp.a(memb.o)
                0x00402a20                .real_start_ofmemb_init
                0x00402a18                memb_init
 .text.list_init
                0x00402a4c       0x10 contiki-OrisenStamp.a(list.o)
                0x00402a54                .real_start_oflist_init
                0x00402a4c                list_init
 .text.list_head
                0x00402a5c        0xc contiki-OrisenStamp.a(list.o)
                0x00402a5c                list_head
                0x00402a64                .real_start_oflist_head
 .text.list_tail
                0x00402a68       0x20 contiki-OrisenStamp.a(list.o)
                0x00402a68                list_tail
                0x00402a70                .real_start_oflist_tail
 .text.list_pop
                0x00402a88       0x1c contiki-OrisenStamp.a(list.o)
                0x00402a90                .real_start_oflist_pop
                0x00402a88                list_pop
 .text.list_remove
                0x00402aa4       0x38 contiki-OrisenStamp.a(list.o)
                0x00402aac                .real_start_oflist_remove
                0x00402aa4                list_remove
 .text.list_push
                0x00402adc       0x28 contiki-OrisenStamp.a(list.o)
                0x00402adc                list_push
                0x00402ae4                .real_start_oflist_push
 .text.list_add
                0x00402b04       0x3c contiki-OrisenStamp.a(list.o)
                0x00402b04                list_add
                0x00402b0c                .real_start_oflist_add
 .text.list_length
                0x00402b40       0x1c contiki-OrisenStamp.a(list.o)
                0x00402b40                list_length
                0x00402b48                .real_start_oflist_length
 .text.list_item_next
                0x00402b5c       0x14 contiki-OrisenStamp.a(list.o)
                0x00402b5c                list_item_next
                0x00402b64                .real_start_oflist_item_next
 .text.etimer_expired
                0x00402b70       0x10 contiki-OrisenStamp.a(etimer.o)
                0x00402b78                .real_start_ofetimer_expired
                0x00402b70                etimer_expired
 .text.etimer_pending
                0x00402b80       0x18 contiki-OrisenStamp.a(etimer.o)
                0x00402b80                etimer_pending
                0x00402b88                .real_start_ofetimer_pending
 .text.etimer_next_expiration_time
                0x00402b98       0x2c contiki-OrisenStamp.a(etimer.o)
                0x00402b98                etimer_next_expiration_time
                0x00402ba0                .real_start_ofetimer_next_expiration_time
 .text.update_time
                0x00402bc4       0x54 contiki-OrisenStamp.a(etimer.o)
 .text.etimer_stop
                0x00402c18       0x4c contiki-OrisenStamp.a(etimer.o)
                0x00402c18                etimer_stop
                0x00402c20                .real_start_ofetimer_stop
 .text.etimer_request_poll
                0x00402c64       0x24 contiki-OrisenStamp.a(etimer.o)
                0x00402c6c                .real_start_ofetimer_request_poll
                0x00402c64                etimer_request_poll
 .text.process_thread_etimer_process
                0x00402c88       0xc8 contiki-OrisenStamp.a(etimer.o)
 .text.add_timer
                0x00402d50       0x50 contiki-OrisenStamp.a(etimer.o)
 .text.etimer_set
                0x00402da0       0x2c contiki-OrisenStamp.a(etimer.o)
                0x00402da0                etimer_set
                0x00402da8                .real_start_ofetimer_set
 .text.process_thread_ctimer_process
                0x00402dcc       0xa8 contiki-OrisenStamp.a(ctimer.o)
 .text.ctimer_stop
                0x00402e74       0x48 contiki-OrisenStamp.a(ctimer.o)
                0x00402e7c                .real_start_ofctimer_stop
                0x00402e74                ctimer_stop
 .text.ctimer_set
                0x00402ebc       0x74 contiki-OrisenStamp.a(ctimer.o)
                0x00402ebc                ctimer_set
                0x00402ec4                .real_start_ofctimer_set
 .text.ctimer_init
                0x00402f30       0x40 contiki-OrisenStamp.a(ctimer.o)
                0x00402f38                .real_start_ofctimer_init
                0x00402f30                ctimer_init
 .text.random_rand
                0x00402f70       0x24 contiki-OrisenStamp.a(random.o)
                0x00402f70                random_rand
                0x00402f78                .real_start_ofrandom_rand
 .text.ringbuf_init
                0x00402f94       0x18 contiki-OrisenStamp.a(ringbuf.o)
                0x00402f94                ringbuf_init
                0x00402f9c                .real_start_ofringbuf_init
 .text.ringbuf_put
                0x00402fac       0x34 contiki-OrisenStamp.a(ringbuf.o)
                0x00402fac                ringbuf_put
                0x00402fb4                .real_start_ofringbuf_put
 .text.ringbuf_get
                0x00402fe0       0x30 contiki-OrisenStamp.a(ringbuf.o)
                0x00402fe0                ringbuf_get
                0x00402fe8                .real_start_ofringbuf_get
 .text.packetbuf_hdrreduce
                0x00403010       0x38 contiki-OrisenStamp.a(packetbuf.o)
                0x00403018                .real_start_ofpacketbuf_hdrreduce
                0x00403010                packetbuf_hdrreduce
 .text.packetbuf_set_datalen
                0x00403048       0x14 contiki-OrisenStamp.a(packetbuf.o)
                0x00403048                packetbuf_set_datalen
                0x00403050                .real_start_ofpacketbuf_set_datalen
 .text.packetbuf_dataptr
                0x0040305c       0x20 contiki-OrisenStamp.a(packetbuf.o)
                0x00403064                .real_start_ofpacketbuf_dataptr
                0x0040305c                packetbuf_dataptr
 .text.packetbuf_hdrptr
                0x0040307c       0x1c contiki-OrisenStamp.a(packetbuf.o)
                0x0040307c                packetbuf_hdrptr
                0x00403084                .real_start_ofpacketbuf_hdrptr
 .text.packetbuf_is_reference
                0x00403098       0x24 contiki-OrisenStamp.a(packetbuf.o)
                0x00403098                packetbuf_is_reference
                0x004030a0                .real_start_ofpacketbuf_is_reference
 .text.packetbuf_reference_ptr
                0x004030bc       0x14 contiki-OrisenStamp.a(packetbuf.o)
                0x004030bc                packetbuf_reference_ptr
                0x004030c4                .real_start_ofpacketbuf_reference_ptr
 .text.packetbuf_datalen
                0x004030d0       0x14 contiki-OrisenStamp.a(packetbuf.o)
                0x004030d0                packetbuf_datalen
                0x004030d8                .real_start_ofpacketbuf_datalen
 .text.packetbuf_hdrlen
                0x004030e4       0x1c contiki-OrisenStamp.a(packetbuf.o)
                0x004030e4                packetbuf_hdrlen
                0x004030ec                .real_start_ofpacketbuf_hdrlen
 .text.packetbuf_totlen
                0x00403100       0x2c contiki-OrisenStamp.a(packetbuf.o)
                0x00403100                packetbuf_totlen
                0x00403108                .real_start_ofpacketbuf_totlen
 .text.packetbuf_hdralloc
                0x0040312c       0x3c contiki-OrisenStamp.a(packetbuf.o)
                0x00403134                .real_start_ofpacketbuf_hdralloc
                0x0040312c                packetbuf_hdralloc
 .text.packetbuf_attr_copyfrom
                0x00403168       0x3c contiki-OrisenStamp.a(packetbuf.o)
                0x00403168                packetbuf_attr_copyfrom
                0x00403170                .real_start_ofpacketbuf_attr_copyfrom
 .text.packetbuf_attr_copyto
                0x004031a4       0x38 contiki-OrisenStamp.a(packetbuf.o)
                0x004031a4                packetbuf_attr_copyto
                0x004031ac                .real_start_ofpacketbuf_attr_copyto
 .text.packetbuf_copyto
                0x004031dc       0x74 contiki-OrisenStamp.a(packetbuf.o)
                0x004031dc                packetbuf_copyto
                0x004031e4                .real_start_ofpacketbuf_copyto
 .text.packetbuf_copyto_hdr
                0x00403250       0x3c contiki-OrisenStamp.a(packetbuf.o)
                0x00403250                packetbuf_copyto_hdr
                0x00403258                .real_start_ofpacketbuf_copyto_hdr
 .text.packetbuf_compact
                0x0040328c       0x7c contiki-OrisenStamp.a(packetbuf.o)
                0x00403294                .real_start_ofpacketbuf_compact
                0x0040328c                packetbuf_compact
 .text.packetbuf_attr_clear
                0x00403308       0x60 contiki-OrisenStamp.a(packetbuf.o)
                0x00403310                .real_start_ofpacketbuf_attr_clear
                0x00403308                packetbuf_attr_clear
 .text.packetbuf_clear
                0x00403368       0x4c contiki-OrisenStamp.a(packetbuf.o)
                0x00403370                .real_start_ofpacketbuf_clear
                0x00403368                packetbuf_clear
 .text.packetbuf_copyfrom
                0x004033b4       0x50 contiki-OrisenStamp.a(packetbuf.o)
                0x004033b4                packetbuf_copyfrom
                0x004033bc                .real_start_ofpacketbuf_copyfrom
 .text.queuebuf_to_packetbuf
                0x00403404       0xa0 contiki-OrisenStamp.a(queuebuf.o)
                0x0040340c                .real_start_ofqueuebuf_to_packetbuf
                0x00403404                queuebuf_to_packetbuf
 .text.queuebuf_free
                0x004034a4       0x6c contiki-OrisenStamp.a(queuebuf.o)
                0x004034a4                queuebuf_free
                0x004034ac                .real_start_ofqueuebuf_free
 .text.queuebuf_update_attr_from_packetbuf
                0x00403510       0x28 contiki-OrisenStamp.a(queuebuf.o)
                0x00403510                queuebuf_update_attr_from_packetbuf
                0x00403518                .real_start_ofqueuebuf_update_attr_from_packetbuf
 .text.queuebuf_new_from_packetbuf
                0x00403538       0xb0 contiki-OrisenStamp.a(queuebuf.o)
                0x00403538                queuebuf_new_from_packetbuf
                0x00403540                .real_start_ofqueuebuf_new_from_packetbuf
 .text.queuebuf_init
                0x004035e8       0x38 contiki-OrisenStamp.a(queuebuf.o)
                0x004035e8                queuebuf_init
                0x004035f0                .real_start_ofqueuebuf_init
 .text.clock_init
                0x00403620       0x50 contiki-OrisenStamp.a(clock.o)
                0x00403620                clock_init
                0x00403628                .real_start_ofclock_init
 .text.clock_time
                0x00403670       0x14 contiki-OrisenStamp.a(clock.o)
                0x00403678                .real_start_ofclock_time
                0x00403670                clock_time
 .text.clock_delay_usec
                0x00403684       0x44 contiki-OrisenStamp.a(clock.o)
                0x00403684                clock_delay_usec
                0x0040368c                .real_start_ofclock_delay_usec
 .text.clock_delay_msec
                0x004036c8       0x30 contiki-OrisenStamp.a(clock.o)
                0x004036c8                clock_delay_msec
                0x004036d0                .real_start_ofclock_delay_msec
 .text.tmr0_isr
                0x004036f8       0xa0 contiki-OrisenStamp.a(clock.o)
                0x00403700                .real_start_oftmr0_isr
                0x004036f8                tmr0_isr
 .text.status   0x00403798       0x1c contiki-OrisenStamp.a(button-sensor.o)
 .text.configure
                0x004037b4       0x4c contiki-OrisenStamp.a(button-sensor.o)
 .text.value    0x00403800       0x30 contiki-OrisenStamp.a(button-sensor.o)
 .text.kbi4_isr
                0x00403830       0x34 contiki-OrisenStamp.a(button-sensor.o)
                0x00403830                kbi4_isr
                0x00403838                .real_start_ofkbi4_isr
 .text.get_sensor_index
                0x00403864       0x28 contiki-OrisenStamp.a(sensors.o)
 .text.process_thread_sensors_process
                0x0040388c       0xec contiki-OrisenStamp.a(sensors.o)
 .text.sensors_changed
                0x00403978       0x40 contiki-OrisenStamp.a(sensors.o)
                0x00403980                .real_start_ofsensors_changed
                0x00403978                sensors_changed
 .text.M41T62_writeRegN
                0x004039b8       0x30 contiki-OrisenStamp.a(RTC.o)
                0x004039c0                .real_start_ofM41T62_writeRegN
                0x004039b8                M41T62_writeRegN
 .text.M41T62_writeReg
                0x004039e8       0x58 contiki-OrisenStamp.a(RTC.o)
                0x004039f0                .real_start_ofM41T62_writeReg
                0x004039e8                M41T62_writeReg
 .text.M41T62_readRegN
                0x00403a40       0x58 contiki-OrisenStamp.a(RTC.o)
                0x00403a40                M41T62_readRegN
                0x00403a48                .real_start_ofM41T62_readRegN
 .text.RTC_resetRegisters
                0x00403a98       0x74 contiki-OrisenStamp.a(RTC.o)
                0x00403aa0                .real_start_ofRTC_resetRegisters
                0x00403a98                RTC_resetRegisters
 .text.M41T62_readReg
                0x00403b0c       0x58 contiki-OrisenStamp.a(RTC.o)
                0x00403b0c                M41T62_readReg
                0x00403b14                .real_start_ofM41T62_readReg
 .text.process_thread_RTC_process
                0x00403b64       0x7c contiki-OrisenStamp.a(RTC.o)
 .text.RTC_start
                0x00403be0       0x40 contiki-OrisenStamp.a(RTC.o)
                0x00403be0                RTC_start
                0x00403be8                .real_start_ofRTC_start
 .text.RTC_stop
                0x00403c20       0x44 contiki-OrisenStamp.a(RTC.o)
                0x00403c28                .real_start_ofRTC_stop
                0x00403c20                RTC_stop
 .text.kbi5_isr
                0x00403c64       0x34 contiki-OrisenStamp.a(RTC.o)
                0x00403c64                kbi5_isr
                0x00403c6c                .real_start_ofkbi5_isr
 .text.RTC_init
                0x00403c98       0xc0 contiki-OrisenStamp.a(RTC.o)
                0x00403c98                RTC_init
                0x00403ca0                .real_start_ofRTC_init
 .text.kbi_event_init
                0x00403d58       0xcc contiki-OrisenStamp.a(kbi_events.o)
                0x00403d58                kbi_event_init
                0x00403d60                .real_start_ofkbi_event_init
 .text.process_thread_kbi_event_process
                0x00403e24       0xa4 contiki-OrisenStamp.a(kbi_events.o)
 .text.kbi7_isr
                0x00403ec8       0x3c contiki-OrisenStamp.a(kbi_events.o)
                0x00403ec8                kbi7_isr
                0x00403ed0                .real_start_ofkbi7_isr
 .text.kbi6_isr
                0x00403f04       0x3c contiki-OrisenStamp.a(kbi_events.o)
                0x00403f0c                .real_start_ofkbi6_isr
                0x00403f04                kbi6_isr
 .text.ioPins_configurePin
                0x00403f40      0x5d4 contiki-OrisenStamp.a(io-pins.o)
                0x00403f48                .real_start_ofioPins_configurePin
                0x00403f40                ioPins_configurePin
 .text.ioPins_init
                0x00404514       0x78 contiki-OrisenStamp.a(io-pins.o)
                0x00404514                ioPins_init
                0x0040451c                .real_start_ofioPins_init
 .text.cal_ring_osc
                0x0040458c       0x6c contiki-OrisenStamp.a(contiki-crm.o)
                0x0040458c                cal_ring_osc
                0x00404594                .real_start_ofcal_ring_osc
 .text.packetbuf_set_attr
                0x004045f8       0x10 contiki-OrisenStamp.a(contiki-maca.o)
 .text.contiki_maca_init
                0x00404608        0xc contiki-OrisenStamp.a(contiki-maca.o)
                0x00404610                .real_start_ofcontiki_maca_init
                0x00404608                contiki_maca_init
 .text.contiki_maca_channel_clear
                0x00404614        0xc contiki-OrisenStamp.a(contiki-maca.o)
                0x0040461c                .real_start_ofcontiki_maca_channel_clear
                0x00404614                contiki_maca_channel_clear
 .text.contiki_maca_receiving_packet
                0x00404620        0xc contiki-OrisenStamp.a(contiki-maca.o)
                0x00404620                contiki_maca_receiving_packet
                0x00404628                .real_start_ofcontiki_maca_receiving_packet
 .text.contiki_maca_pending_packet
                0x0040462c       0x18 contiki-OrisenStamp.a(contiki-maca.o)
                0x00404634                .real_start_ofcontiki_maca_pending_packet
                0x0040462c                contiki_maca_pending_packet
 .text.contiki_maca_on_request
                0x00404644       0x20 contiki-OrisenStamp.a(contiki-maca.o)
                0x0040464c                .real_start_ofcontiki_maca_on_request
                0x00404644                contiki_maca_on_request
 .text.contiki_maca_off_request
                0x00404664       0x20 contiki-OrisenStamp.a(contiki-maca.o)
                0x00404664                contiki_maca_off_request
                0x0040466c                .real_start_ofcontiki_maca_off_request
 .text.maca_rx_callback
                0x00404684       0x24 contiki-OrisenStamp.a(contiki-maca.o)
                0x00404684                maca_rx_callback
                0x0040468c                .real_start_ofmaca_rx_callback
 .text.contiki_maca_prepare
                0x004046a8       0x44 contiki-OrisenStamp.a(contiki-maca.o)
                0x004046b0                .real_start_ofcontiki_maca_prepare
                0x004046a8                contiki_maca_prepare
 .text.contiki_maca_transmit
                0x004046ec       0x58 contiki-OrisenStamp.a(contiki-maca.o)
                0x004046ec                contiki_maca_transmit
                0x004046f4                .real_start_ofcontiki_maca_transmit
 .text.contiki_maca_send
                0x00404744       0x4c contiki-OrisenStamp.a(contiki-maca.o)
                0x0040474c                .real_start_ofcontiki_maca_send
                0x00404744                contiki_maca_send
 .text.contiki_maca_read
                0x00404790       0x74 contiki-OrisenStamp.a(contiki-maca.o)
                0x00404798                .real_start_ofcontiki_maca_read
                0x00404790                contiki_maca_read
 .text.process_thread_contiki_maca_process
                0x00404804       0xb4 contiki-OrisenStamp.a(contiki-maca.o)
 .text.rand     0x004048b8       0x14 contiki-OrisenStamp.a(contiki-misc.o)
                0x004048b8                rand
                0x004048c0                .real_start_ofrand
 .text.show_leds
                0x004048cc       0x28 contiki-OrisenStamp.a(leds.o)
 .text.leds_off
                0x004048f4       0x30 contiki-OrisenStamp.a(leds.o)
                0x004048f4                leds_off
                0x004048fc                .real_start_ofleds_off
 .text.leds_on  0x00404924       0x30 contiki-OrisenStamp.a(leds.o)
                0x00404924                leds_on
                0x0040492c                .real_start_ofleds_on
 .text.leds_init
                0x00404954       0x30 contiki-OrisenStamp.a(leds.o)
                0x0040495c                .real_start_ofleds_init
                0x00404954                leds_init
 .text.uart1_set_input
                0x00404984       0x14 contiki-OrisenStamp.a(contiki-uart.o)
                0x0040498c                .real_start_ofuart1_set_input
                0x00404984                uart1_set_input
 .text.printf   0x00404998       0x34 contiki-OrisenStamp.a(dbg-printf.o)
                0x00404998                printf
                0x004049a0                .real_start_ofprintf
 .text.write_str
                0x004049cc       0x20 contiki-OrisenStamp.a(dbg-printf.o)
 .text.parse_uint
                0x004049ec       0x28 contiki-OrisenStamp.a(strformat.o)
 .text.output_uint_hex
                0x00404a14       0x48 contiki-OrisenStamp.a(strformat.o)
 .text.fill_space
                0x00404a5c       0x40 contiki-OrisenStamp.a(strformat.o)
 .text.format_str_v
                0x00404a9c      0x760 contiki-OrisenStamp.a(strformat.o)
                0x00404a9c                format_str_v
                0x00404aa4                .real_start_offormat_str_v
 .text.adc_init
                0x004051fc       0x8c contiki-OrisenStamp.a(adc.o)
                0x00405204                .real_start_ofadc_init
                0x004051fc                adc_init
 .text.gpio_data_get
                0x00405288       0x34 contiki-OrisenStamp.a(gpio.o)
                0x00405288                gpio_data_get
                0x00405290                .real_start_ofgpio_data_get
 .text.gpio_select_function
                0x004052bc       0x30 contiki-OrisenStamp.a(gpio-util.o)
                0x004052c4                .real_start_ofgpio_select_function
                0x004052bc                gpio_select_function
 .text.gpio_reg_set
                0x004052ec       0x20 contiki-OrisenStamp.a(gpio-util.o)
                0x004052ec                gpio_reg_set
                0x004052f4                .real_start_ofgpio_reg_set
 .text.gpio_reg_clear
                0x0040530c       0x20 contiki-OrisenStamp.a(gpio-util.o)
                0x00405314                .real_start_ofgpio_reg_clear
                0x0040530c                gpio_reg_clear
 .text.gpio_set_pad_dir
                0x0040532c       0x44 contiki-OrisenStamp.a(gpio-util.o)
                0x0040532c                gpio_set_pad_dir
                0x00405334                .real_start_ofgpio_set_pad_dir
 .text.i2c_force_reset
                0x00405370       0x24 contiki-OrisenStamp.a(i2c.o)
                0x00405378                .real_start_ofi2c_force_reset
                0x00405370                i2c_force_reset
 .text.i2c_busy
                0x00405394       0x1c contiki-OrisenStamp.a(i2c.o)
                0x00405394                i2c_busy
                0x0040539c                .real_start_ofi2c_busy
 .text.i2c_transferred
                0x004053b0       0x50 contiki-OrisenStamp.a(i2c.o)
                0x004053b0                i2c_transferred
                0x004053b8                .real_start_ofi2c_transferred
 .text.i2c_enable
                0x00405400       0x64 contiki-OrisenStamp.a(i2c.o)
                0x00405408                .real_start_ofi2c_enable
                0x00405400                i2c_enable
 .text.i2c_isr  0x00405464      0x114 contiki-OrisenStamp.a(i2c.o)
                0x0040546c                .real_start_ofi2c_isr
                0x00405464                i2c_isr
 .text.i2c_transmitinit
                0x00405578       0xc4 contiki-OrisenStamp.a(i2c.o)
                0x00405578                i2c_transmitinit
                0x00405580                .real_start_ofi2c_transmitinit
 .text.i2c_receiveinit
                0x0040563c       0xd0 contiki-OrisenStamp.a(i2c.o)
                0x0040563c                i2c_receiveinit
                0x00405644                .real_start_ofi2c_receiveinit
 .text.free_packet
                0x0040570c       0x64 contiki-OrisenStamp.a(maca.o)
                0x0040570c                free_packet
                0x00405714                .real_start_offree_packet
 .text.get_free_packet
                0x00405770       0x54 contiki-OrisenStamp.a(maca.o)
                0x00405770                get_free_packet
                0x00405778                .real_start_ofget_free_packet
 .text.post_receive
                0x004057c4       0xbc contiki-OrisenStamp.a(maca.o)
                0x004057c4                post_receive
                0x004057cc                .real_start_ofpost_receive
 .text.rx_packet
                0x00405880       0x54 contiki-OrisenStamp.a(maca.o)
                0x00405888                .real_start_ofrx_packet
                0x00405880                rx_packet
 .text.post_tx  0x004058d4       0xdc contiki-OrisenStamp.a(maca.o)
                0x004058d4                post_tx
                0x004058dc                .real_start_ofpost_tx
 .text.tx_packet
                0x004059b0       0x98 contiki-OrisenStamp.a(maca.o)
                0x004059b8                .real_start_oftx_packet
                0x004059b0                tx_packet
 .text.free_all_packets
                0x00405a48       0x94 contiki-OrisenStamp.a(maca.o)
                0x00405a50                .real_start_offree_all_packets
                0x00405a48                free_all_packets
 .text.free_tx_head
                0x00405adc       0x64 contiki-OrisenStamp.a(maca.o)
                0x00405adc                free_tx_head
                0x00405ae4                .real_start_offree_tx_head
 .text.add_to_rx
                0x00405b40       0x70 contiki-OrisenStamp.a(maca.o)
                0x00405b48                .real_start_ofadd_to_rx
                0x00405b40                add_to_rx
 .text.insert_at_rx_head
                0x00405bb0       0x70 contiki-OrisenStamp.a(maca.o)
                0x00405bb8                .real_start_ofinsert_at_rx_head
                0x00405bb0                insert_at_rx_head
 .text.init_phy
                0x00405c20       0x68 contiki-OrisenStamp.a(maca.o)
                0x00405c28                .real_start_ofinit_phy
                0x00405c20                init_phy
 .text.reset_maca
                0x00405c88       0x5c contiki-OrisenStamp.a(maca.o)
                0x00405c88                reset_maca
                0x00405c90                .real_start_ofreset_maca
 .text.flyback_init
                0x00405ce4       0x3c contiki-OrisenStamp.a(maca.o)
                0x00405ce4                flyback_init
                0x00405cec                .real_start_offlyback_init
 .text.get_ctov
                0x00405d20       0x24 contiki-OrisenStamp.a(maca.o)
                0x00405d28                .real_start_ofget_ctov
                0x00405d20                get_ctov
 .text.set_power
                0x00405d44       0x78 contiki-OrisenStamp.a(maca.o)
                0x00405d44                set_power
                0x00405d4c                .real_start_ofset_power
 .text.set_channel
                0x00405dbc       0xc8 contiki-OrisenStamp.a(maca.o)
                0x00405dbc                set_channel
                0x00405dc4                .real_start_ofset_channel
 .text.exec_init_entry
                0x00405e84       0x88 contiki-OrisenStamp.a(maca.o)
                0x00405e84                exec_init_entry
                0x00405e8c                .real_start_ofexec_init_entry
 .text.init_from_flash
                0x00405f0c       0xe0 contiki-OrisenStamp.a(maca.o)
                0x00405f14                .real_start_ofinit_from_flash
                0x00405f0c                init_from_flash
 .text.radio_init
                0x00405fec      0x218 contiki-OrisenStamp.a(maca.o)
                0x00405ff4                .real_start_ofradio_init
                0x00405fec                radio_init
 .text.maca_init
                0x00406204       0xbc contiki-OrisenStamp.a(maca.o)
                0x0040620c                .real_start_ofmaca_init
                0x00406204                maca_init
 .text.ResumeMACASync
                0x004062c0       0xe0 contiki-OrisenStamp.a(maca.o)
                0x004062c0                ResumeMACASync
                0x004062c8                .real_start_ofResumeMACASync
 .text.decode_status
                0x004063a0       0x48 contiki-OrisenStamp.a(maca.o)
                0x004063a0                decode_status
                0x004063a8                .real_start_ofdecode_status
 .text.check_maca
                0x004063e8       0xc8 contiki-OrisenStamp.a(maca.o)
                0x004063e8                check_maca
                0x004063f0                .real_start_ofcheck_maca
 .text.maca_isr
                0x004064b0      0x1dc contiki-OrisenStamp.a(maca.o)
                0x004064b8                .real_start_ofmaca_isr
                0x004064b0                maca_isr
 .text.uart1_isr
                0x0040668c       0xc8 contiki-OrisenStamp.a(uart1.o)
                0x0040668c                uart1_isr
                0x00406694                .real_start_ofuart1_isr
 .text.uart1_putc
                0x00406754       0xa8 contiki-OrisenStamp.a(uart1.o)
                0x0040675c                .real_start_ofuart1_putc
                0x00406754                uart1_putc
 .text.uart1_getc
                0x004067fc       0x64 contiki-OrisenStamp.a(uart1.o)
                0x004067fc                uart1_getc
                0x00406804                .real_start_ofuart1_getc
 .text.default_vreg_init
                0x00406860       0x4c contiki-OrisenStamp.a(default_lowleve)
                0x00406868                .real_start_ofdefault_vreg_init
                0x00406860                default_vreg_init
 .text.uart1_init
                0x004068ac       0xdc contiki-OrisenStamp.a(default_lowleve)
                0x004068ac                uart1_init
                0x004068b4                .real_start_ofuart1_init
 .text.addr_len
                0x00406988       0x18 contiki-OrisenStamp.a(frame802154.o)
 .text.frame802154_parse
                0x004069a0      0x14c contiki-OrisenStamp.a(frame802154.o)
                0x004069a8                .real_start_offrame802154_parse
                0x004069a0                frame802154_parse
 .text.field_len
                0x00406aec       0x74 contiki-OrisenStamp.a(frame802154.o)
 .text.frame802154_create
                0x00406b60      0x114 contiki-OrisenStamp.a(frame802154.o)
                0x00406b60                frame802154_create
                0x00406b68                .real_start_offrame802154_create
 .text.frame802154_hdrlen
                0x00406c74       0x40 contiki-OrisenStamp.a(frame802154.o)
                0x00406c74                frame802154_hdrlen
                0x00406c7c                .real_start_offrame802154_hdrlen
 .text.timer_expired
                0x00406cb4       0x30 contiki-OrisenStamp.a(timer.o)
                0x00406cb4                timer_expired
                0x00406cbc                .real_start_oftimer_expired
 .text.timer_set
                0x00406ce4       0x24 contiki-OrisenStamp.a(timer.o)
                0x00406cec                .real_start_oftimer_set
                0x00406ce4                timer_set
 .text.dbg_send_bytes
                0x00406d08       0x3c contiki-OrisenStamp.a(debug-uart.o)
                0x00406d08                dbg_send_bytes
                0x00406d10                .real_start_ofdbg_send_bytes
 .text.leds_arch_set
                0x00406d44       0x54 contiki-OrisenStamp.a(leds-arch.o)
                0x00406d4c                .real_start_ofleds_arch_set
                0x00406d44                leds_arch_set
 .text.leds_arch_init
                0x00406d98       0x68 contiki-OrisenStamp.a(leds-arch.o)
                0x00406d98                leds_arch_init
                0x00406da0                .real_start_ofleds_arch_init
 .text.uart2_isr
                0x00406e00       0xc8 contiki-OrisenStamp.a(uart2.o)
                0x00406e00                uart2_isr
                0x00406e08                .real_start_ofuart2_isr
 .text          0x00406ec8      0x114 /home/user/CodeSourcery/Sourcery_G++_Lite/bin/../lib/gcc/arm-none-eabi/4.3.2/libgcc.a(_udivsi3.o)
                0x00406ec8                __udivsi3
                0x00406ec8                __aeabi_uidiv
                0x00406fbc                __aeabi_uidivmod
 .text          0x00406fdc      0x148 /home/user/CodeSourcery/Sourcery_G++_Lite/bin/../lib/gcc/arm-none-eabi/4.3.2/libgcc.a(_divsi3.o)
                0x00406fdc                __aeabi_idiv
                0x00406fdc                __divsi3
                0x00407104                __aeabi_idivmod
 .text          0x00407124        0x4 /home/user/CodeSourcery/Sourcery_G++_Lite/bin/../lib/gcc/arm-none-eabi/4.3.2/libgcc.a(_dvmd_tls.o)
                0x00407124                __aeabi_ldiv0
                0x00407124                __aeabi_idiv0
 .text          0x00407128       0x3c /home/user/CodeSourcery/Sourcery_G++_Lite/bin/../lib/gcc/arm-none-eabi/4.3.2/libgcc.a(_aeabi_uldivmod.o)
                0x00407128                __aeabi_uldivmod
 .text          0x00407164       0x80 /home/user/CodeSourcery/Sourcery_G++_Lite/bin/../lib/gcc/arm-none-eabi/4.3.2/libgcc.a(bpabi.o)
                0x00407164                __gnu_uldivmod_helper
                0x004071a4                __gnu_ldivmod_helper
 .text          0x004071e4      0x56c /home/user/CodeSourcery/Sourcery_G++_Lite/bin/../lib/gcc/arm-none-eabi/4.3.2/libgcc.a(_divdi3.o)
                0x004071e4                __divdi3
 .text          0x00407750      0x4fc /home/user/CodeSourcery/Sourcery_G++_Lite/bin/../lib/gcc/arm-none-eabi/4.3.2/libgcc.a(_udivdi3.o)
                0x00407750                __udivdi3
 .text          0x00407c4c       0xac /home/user/CodeSourcery/Sourcery_G++_Lite/bin/../lib/gcc/arm-none-eabi/4.3.2/../../../../arm-none-eabi/lib/libc.a(lib_a-memcmp.o)
                0x00407c4c                memcmp
 .text          0x00407cf8       0xfc /home/user/CodeSourcery/Sourcery_G++_Lite/bin/../lib/gcc/arm-none-eabi/4.3.2/../../../../arm-none-eabi/lib/libc.a(lib_a-memcpy.o)
                0x00407cf8                memcpy
 .text          0x00407df4       0xd0 /home/user/CodeSourcery/Sourcery_G++_Lite/bin/../lib/gcc/arm-none-eabi/4.3.2/../../../../arm-none-eabi/lib/libc.a(lib_a-memset.o)
                0x00407df4                memset
 *(.gnu.warning)
 *(.glue_7t)
 .glue_7t       0x00407ec4        0x0 DataRecieve.co
 .glue_7t       0x00407ec4        0x0 obj_OrisenStamp/contiki-stamp-main.o
 .glue_7t       0x00407ec4        0x0 obj_OrisenStamp/start.o
 .glue_7t       0x00407ec4        0x0 contiki-OrisenStamp.a(rimeaddr.o)
 .glue_7t       0x00407ec4        0x0 contiki-OrisenStamp.a(rime.o)
 .glue_7t       0x00407ec4        0x0 contiki-OrisenStamp.a(rimestats.o)
 .glue_7t       0x00407ec4        0x0 contiki-OrisenStamp.a(announcement.o)
 .glue_7t       0x00407ec4        0x0 contiki-OrisenStamp.a(broadcast-annou)
 .glue_7t       0x00407ec4        0x0 contiki-OrisenStamp.a(broadcast.o)
 .glue_7t       0x00407ec4        0x0 contiki-OrisenStamp.a(abc.o)
 .glue_7t       0x00407ec4        0x0 contiki-OrisenStamp.a(chameleon.o)
 .glue_7t       0x00407ec4        0x0 contiki-OrisenStamp.a(channel.o)
 .glue_7t       0x00407ec4        0x0 contiki-OrisenStamp.a(chameleon-bitop)
 .glue_7t       0x00407ec4        0x0 contiki-OrisenStamp.a(nullrdc.o)
 .glue_7t       0x00407ec4        0x0 contiki-OrisenStamp.a(mac.o)
 .glue_7t       0x00407ec4        0x0 contiki-OrisenStamp.a(framer-802154.o)
 .glue_7t       0x00407ec4        0x0 contiki-OrisenStamp.a(csma.o)
 .glue_7t       0x00407ec4        0x0 contiki-OrisenStamp.a(process.o)
 .glue_7t       0x00407ec4        0x0 contiki-OrisenStamp.a(autostart.o)
 .glue_7t       0x00407ec4        0x0 contiki-OrisenStamp.a(serial-line.o)
 .glue_7t       0x00407ec4        0x0 contiki-OrisenStamp.a(memb.o)
 .glue_7t       0x00407ec4        0x0 contiki-OrisenStamp.a(list.o)
 .glue_7t       0x00407ec4        0x0 contiki-OrisenStamp.a(etimer.o)
 .glue_7t       0x00407ec4        0x0 contiki-OrisenStamp.a(ctimer.o)
 .glue_7t       0x00407ec4        0x0 contiki-OrisenStamp.a(random.o)
 .glue_7t       0x00407ec4        0x0 contiki-OrisenStamp.a(ringbuf.o)
 .glue_7t       0x00407ec4        0x0 contiki-OrisenStamp.a(packetbuf.o)
 .glue_7t       0x00407ec4        0x0 contiki-OrisenStamp.a(queuebuf.o)
 .glue_7t       0x00407ec4        0x0 contiki-OrisenStamp.a(clock.o)
 .glue_7t       0x00407ec4        0x0 contiki-OrisenStamp.a(button-sensor.o)
 .glue_7t       0x00407ec4        0x0 contiki-OrisenStamp.a(sensors.o)
 .glue_7t       0x00407ec4        0x0 contiki-OrisenStamp.a(RTC.o)
 .glue_7t       0x00407ec4        0x0 contiki-OrisenStamp.a(kbi_events.o)
 .glue_7t       0x00407ec4        0x0 contiki-OrisenStamp.a(io-pins.o)
 .glue_7t       0x00407ec4        0x0 contiki-OrisenStamp.a(contiki-crm.o)
 .glue_7t       0x00407ec4        0x0 contiki-OrisenStamp.a(contiki-maca.o)
 .glue_7t       0x00407ec4        0x0 contiki-OrisenStamp.a(contiki-misc.o)
 .glue_7t       0x00407ec4        0x0 contiki-OrisenStamp.a(leds.o)
 .glue_7t       0x00407ec4        0x0 contiki-OrisenStamp.a(contiki-uart.o)
 .glue_7t       0x00407ec4        0x0 contiki-OrisenStamp.a(dbg-printf.o)
 .glue_7t       0x00407ec4        0x0 contiki-OrisenStamp.a(strformat.o)
 .glue_7t       0x00407ec4        0x0 contiki-OrisenStamp.a(adc.o)
 .glue_7t       0x00407ec4        0x0 contiki-OrisenStamp.a(gpio.o)
 .glue_7t       0x00407ec4        0x0 contiki-OrisenStamp.a(gpio-util.o)
 .glue_7t       0x00407ec4        0x0 contiki-OrisenStamp.a(i2c.o)
 .glue_7t       0x00407ec4        0x0 contiki-OrisenStamp.a(maca.o)
 .glue_7t       0x00407ec4        0x0 contiki-OrisenStamp.a(nvm.o)
 .glue_7t       0x00407ec4        0x0 contiki-OrisenStamp.a(uart1.o)
 .glue_7t       0x00407ec4        0x0 contiki-OrisenStamp.a(default_lowleve)
 .glue_7t       0x00407ec4        0x0 contiki-OrisenStamp.a(isr.o)
 .glue_7t       0x00407ec4        0x0 contiki-OrisenStamp.a(frame802154.o)
 .glue_7t       0x00407ec4        0x0 contiki-OrisenStamp.a(timer.o)
 .glue_7t       0x00407ec4        0x0 contiki-OrisenStamp.a(debug-uart.o)
 .glue_7t       0x00407ec4        0x0 contiki-OrisenStamp.a(leds-arch.o)
 .glue_7t       0x00407ec4        0x0 contiki-OrisenStamp.a(uart2.o)
 .glue_7t       0x00407ec4        0x0 /home/user/CodeSourcery/Sourcery_G++_Lite/bin/../lib/gcc/arm-none-eabi/4.3.2/libgcc.a(_udivsi3.o)
 .glue_7t       0x00407ec4        0x0 /home/user/CodeSourcery/Sourcery_G++_Lite/bin/../lib/gcc/arm-none-eabi/4.3.2/libgcc.a(_divsi3.o)
 .glue_7t       0x00407ec4        0x0 /home/user/CodeSourcery/Sourcery_G++_Lite/bin/../lib/gcc/arm-none-eabi/4.3.2/libgcc.a(_dvmd_tls.o)
 .glue_7t       0x00407ec4        0x0 /home/user/CodeSourcery/Sourcery_G++_Lite/bin/../lib/gcc/arm-none-eabi/4.3.2/libgcc.a(_aeabi_uldivmod.o)
 .glue_7t       0x00407ec4        0x0 /home/user/CodeSourcery/Sourcery_G++_Lite/bin/../lib/gcc/arm-none-eabi/4.3.2/libgcc.a(bpabi.o)
 .glue_7t       0x00407ec4        0x0 /home/user/CodeSourcery/Sourcery_G++_Lite/bin/../lib/gcc/arm-none-eabi/4.3.2/libgcc.a(_divdi3.o)
 .glue_7t       0x00407ec4        0x0 /home/user/CodeSourcery/Sourcery_G++_Lite/bin/../lib/gcc/arm-none-eabi/4.3.2/libgcc.a(_udivdi3.o)
 .glue_7t       0x00407ec4        0x0 /home/user/CodeSourcery/Sourcery_G++_Lite/bin/../lib/gcc/arm-none-eabi/4.3.2/libgcc.a(_clz.o)
 .glue_7t       0x00407ec4        0x0 /home/user/CodeSourcery/Sourcery_G++_Lite/bin/../lib/gcc/arm-none-eabi/4.3.2/../../../../arm-none-eabi/lib/libc.a(lib_a-memcmp.o)
 .glue_7t       0x00407ec4        0x0 /home/user/CodeSourcery/Sourcery_G++_Lite/bin/../lib/gcc/arm-none-eabi/4.3.2/../../../../arm-none-eabi/lib/libc.a(lib_a-memcpy.o)
 .glue_7t       0x00407ec4        0x0 /home/user/CodeSourcery/Sourcery_G++_Lite/bin/../lib/gcc/arm-none-eabi/4.3.2/../../../../arm-none-eabi/lib/libc.a(lib_a-memset.o)
 .glue_7t       0x00407ec4        0x0 /home/user/CodeSourcery/Sourcery_G++_Lite/bin/../lib/gcc/arm-none-eabi/4.3.2/../../../../arm-none-eabi/lib/libc.a(lib_a-strlen.o)
 .glue_7t       0x00407ec4        0x0 /home/user/CodeSourcery/Sourcery_G++_Lite/bin/../lib/gcc/arm-none-eabi/4.3.2/../../../../arm-none-eabi/lib/libc.a(lib_a-strncmp.o)
 *(.glue_7)
 .glue_7        0x00407ec4        0x0 DataRecieve.co
 .glue_7        0x00407ec4        0x0 obj_OrisenStamp/contiki-stamp-main.o
 .glue_7        0x00407ec4        0x0 obj_OrisenStamp/start.o
 .glue_7        0x00407ec4        0x0 contiki-OrisenStamp.a(rimeaddr.o)
 .glue_7        0x00407ec4        0x0 contiki-OrisenStamp.a(rime.o)
 .glue_7        0x00407ec4        0x0 contiki-OrisenStamp.a(rimestats.o)
 .glue_7        0x00407ec4        0x0 contiki-OrisenStamp.a(announcement.o)
 .glue_7        0x00407ec4        0x0 contiki-OrisenStamp.a(broadcast-annou)
 .glue_7        0x00407ec4        0x0 contiki-OrisenStamp.a(broadcast.o)
 .glue_7        0x00407ec4        0x0 contiki-OrisenStamp.a(abc.o)
 .glue_7        0x00407ec4        0x0 contiki-OrisenStamp.a(chameleon.o)
 .glue_7        0x00407ec4        0x0 contiki-OrisenStamp.a(channel.o)
 .glue_7        0x00407ec4        0x0 contiki-OrisenStamp.a(chameleon-bitop)
 .glue_7        0x00407ec4        0x0 contiki-OrisenStamp.a(nullrdc.o)
 .glue_7        0x00407ec4        0x0 contiki-OrisenStamp.a(mac.o)
 .glue_7        0x00407ec4        0x0 contiki-OrisenStamp.a(framer-802154.o)
 .glue_7        0x00407ec4        0x0 contiki-OrisenStamp.a(csma.o)
 .glue_7        0x00407ec4        0x0 contiki-OrisenStamp.a(process.o)
 .glue_7        0x00407ec4        0x0 contiki-OrisenStamp.a(autostart.o)
 .glue_7        0x00407ec4        0x0 contiki-OrisenStamp.a(serial-line.o)
 .glue_7        0x00407ec4        0x0 contiki-OrisenStamp.a(memb.o)
 .glue_7        0x00407ec4        0x0 contiki-OrisenStamp.a(list.o)
 .glue_7        0x00407ec4        0x0 contiki-OrisenStamp.a(etimer.o)
 .glue_7        0x00407ec4        0x0 contiki-OrisenStamp.a(ctimer.o)
 .glue_7        0x00407ec4        0x0 contiki-OrisenStamp.a(random.o)
 .glue_7        0x00407ec4        0x0 contiki-OrisenStamp.a(ringbuf.o)
 .glue_7        0x00407ec4        0x0 contiki-OrisenStamp.a(packetbuf.o)
 .glue_7        0x00407ec4        0x0 contiki-OrisenStamp.a(queuebuf.o)
 .glue_7        0x00407ec4        0x0 contiki-OrisenStamp.a(clock.o)
 .glue_7        0x00407ec4        0x0 contiki-OrisenStamp.a(button-sensor.o)
 .glue_7        0x00407ec4        0x0 contiki-OrisenStamp.a(sensors.o)
 .glue_7        0x00407ec4        0x0 contiki-OrisenStamp.a(RTC.o)
 .glue_7        0x00407ec4        0x0 contiki-OrisenStamp.a(kbi_events.o)
 .glue_7        0x00407ec4        0x0 contiki-OrisenStamp.a(io-pins.o)
 .glue_7        0x00407ec4        0x0 contiki-OrisenStamp.a(contiki-crm.o)
 .glue_7        0x00407ec4        0x0 contiki-OrisenStamp.a(contiki-maca.o)
 .glue_7        0x00407ec4        0x0 contiki-OrisenStamp.a(contiki-misc.o)
 .glue_7        0x00407ec4        0x0 contiki-OrisenStamp.a(leds.o)
 .glue_7        0x00407ec4        0x0 contiki-OrisenStamp.a(contiki-uart.o)
 .glue_7        0x00407ec4        0x0 contiki-OrisenStamp.a(dbg-printf.o)
 .glue_7        0x00407ec4        0x0 contiki-OrisenStamp.a(strformat.o)
 .glue_7        0x00407ec4        0x0 contiki-OrisenStamp.a(adc.o)
 .glue_7        0x00407ec4        0x0 contiki-OrisenStamp.a(gpio.o)
 .glue_7        0x00407ec4        0x0 contiki-OrisenStamp.a(gpio-util.o)
 .glue_7        0x00407ec4        0x0 contiki-OrisenStamp.a(i2c.o)
 .glue_7        0x00407ec4        0x0 contiki-OrisenStamp.a(maca.o)
 .glue_7        0x00407ec4        0x0 contiki-OrisenStamp.a(nvm.o)
 .glue_7        0x00407ec4        0x0 contiki-OrisenStamp.a(uart1.o)
 .glue_7        0x00407ec4        0x0 contiki-OrisenStamp.a(default_lowleve)
 .glue_7        0x00407ec4        0x0 contiki-OrisenStamp.a(isr.o)
 .glue_7        0x00407ec4        0x0 contiki-OrisenStamp.a(frame802154.o)
 .glue_7        0x00407ec4        0x0 contiki-OrisenStamp.a(timer.o)
 .glue_7        0x00407ec4        0x0 contiki-OrisenStamp.a(debug-uart.o)
 .glue_7        0x00407ec4        0x0 contiki-OrisenStamp.a(leds-arch.o)
 .glue_7        0x00407ec4        0x0 contiki-OrisenStamp.a(uart2.o)
 .glue_7        0x00407ec4        0x0 /home/user/CodeSourcery/Sourcery_G++_Lite/bin/../lib/gcc/arm-none-eabi/4.3.2/libgcc.a(_udivsi3.o)
 .glue_7        0x00407ec4        0x0 /home/user/CodeSourcery/Sourcery_G++_Lite/bin/../lib/gcc/arm-none-eabi/4.3.2/libgcc.a(_divsi3.o)
 .glue_7        0x00407ec4        0x0 /home/user/CodeSourcery/Sourcery_G++_Lite/bin/../lib/gcc/arm-none-eabi/4.3.2/libgcc.a(_dvmd_tls.o)
 .glue_7        0x00407ec4        0x0 /home/user/CodeSourcery/Sourcery_G++_Lite/bin/../lib/gcc/arm-none-eabi/4.3.2/libgcc.a(_aeabi_uldivmod.o)
 .glue_7        0x00407ec4        0x0 /home/user/CodeSourcery/Sourcery_G++_Lite/bin/../lib/gcc/arm-none-eabi/4.3.2/libgcc.a(bpabi.o)
 .glue_7        0x00407ec4        0x0 /home/user/CodeSourcery/Sourcery_G++_Lite/bin/../lib/gcc/arm-none-eabi/4.3.2/libgcc.a(_divdi3.o)
 .glue_7        0x00407ec4        0x0 /home/user/CodeSourcery/Sourcery_G++_Lite/bin/../lib/gcc/arm-none-eabi/4.3.2/libgcc.a(_udivdi3.o)
 .glue_7        0x00407ec4        0x0 /home/user/CodeSourcery/Sourcery_G++_Lite/bin/../lib/gcc/arm-none-eabi/4.3.2/libgcc.a(_clz.o)
 .glue_7        0x00407ec4        0x0 /home/user/CodeSourcery/Sourcery_G++_Lite/bin/../lib/gcc/arm-none-eabi/4.3.2/../../../../arm-none-eabi/lib/libc.a(lib_a-memcmp.o)
 .glue_7        0x00407ec4        0x0 /home/user/CodeSourcery/Sourcery_G++_Lite/bin/../lib/gcc/arm-none-eabi/4.3.2/../../../../arm-none-eabi/lib/libc.a(lib_a-memcpy.o)
 .glue_7        0x00407ec4        0x0 /home/user/CodeSourcery/Sourcery_G++_Lite/bin/../lib/gcc/arm-none-eabi/4.3.2/../../../../arm-none-eabi/lib/libc.a(lib_a-memset.o)
 .glue_7        0x00407ec4        0x0 /home/user/CodeSourcery/Sourcery_G++_Lite/bin/../lib/gcc/arm-none-eabi/4.3.2/../../../../arm-none-eabi/lib/libc.a(lib_a-strlen.o)
 .glue_7        0x00407ec4        0x0 /home/user/CodeSourcery/Sourcery_G++_Lite/bin/../lib/gcc/arm-none-eabi/4.3.2/../../../../arm-none-eabi/lib/libc.a(lib_a-strncmp.o)
 *(.vfp11_veneer)
 .vfp11_veneer  0x00407ec4        0x0 DataRecieve.co
 .vfp11_veneer  0x00407ec4        0x0 obj_OrisenStamp/contiki-stamp-main.o
 .vfp11_veneer  0x00407ec4        0x0 obj_OrisenStamp/start.o
 .vfp11_veneer  0x00407ec4        0x0 contiki-OrisenStamp.a(rimeaddr.o)
 .vfp11_veneer  0x00407ec4        0x0 contiki-OrisenStamp.a(rime.o)
 .vfp11_veneer  0x00407ec4        0x0 contiki-OrisenStamp.a(rimestats.o)
 .vfp11_veneer  0x00407ec4        0x0 contiki-OrisenStamp.a(announcement.o)
 .vfp11_veneer  0x00407ec4        0x0 contiki-OrisenStamp.a(broadcast-annou)
 .vfp11_veneer  0x00407ec4        0x0 contiki-OrisenStamp.a(broadcast.o)
 .vfp11_veneer  0x00407ec4        0x0 contiki-OrisenStamp.a(abc.o)
 .vfp11_veneer  0x00407ec4        0x0 contiki-OrisenStamp.a(chameleon.o)
 .vfp11_veneer  0x00407ec4        0x0 contiki-OrisenStamp.a(channel.o)
 .vfp11_veneer  0x00407ec4        0x0 contiki-OrisenStamp.a(chameleon-bitop)
 .vfp11_veneer  0x00407ec4        0x0 contiki-OrisenStamp.a(nullrdc.o)
 .vfp11_veneer  0x00407ec4        0x0 contiki-OrisenStamp.a(mac.o)
 .vfp11_veneer  0x00407ec4        0x0 contiki-OrisenStamp.a(framer-802154.o)
 .vfp11_veneer  0x00407ec4        0x0 contiki-OrisenStamp.a(csma.o)
 .vfp11_veneer  0x00407ec4        0x0 contiki-OrisenStamp.a(process.o)
 .vfp11_veneer  0x00407ec4        0x0 contiki-OrisenStamp.a(autostart.o)
 .vfp11_veneer  0x00407ec4        0x0 contiki-OrisenStamp.a(serial-line.o)
 .vfp11_veneer  0x00407ec4        0x0 contiki-OrisenStamp.a(memb.o)
 .vfp11_veneer  0x00407ec4        0x0 contiki-OrisenStamp.a(list.o)
 .vfp11_veneer  0x00407ec4        0x0 contiki-OrisenStamp.a(etimer.o)
 .vfp11_veneer  0x00407ec4        0x0 contiki-OrisenStamp.a(ctimer.o)
 .vfp11_veneer  0x00407ec4        0x0 contiki-OrisenStamp.a(random.o)
 .vfp11_veneer  0x00407ec4        0x0 contiki-OrisenStamp.a(ringbuf.o)
 .vfp11_veneer  0x00407ec4        0x0 contiki-OrisenStamp.a(packetbuf.o)
 .vfp11_veneer  0x00407ec4        0x0 contiki-OrisenStamp.a(queuebuf.o)
 .vfp11_veneer  0x00407ec4        0x0 contiki-OrisenStamp.a(clock.o)
 .vfp11_veneer  0x00407ec4        0x0 contiki-OrisenStamp.a(button-sensor.o)
 .vfp11_veneer  0x00407ec4        0x0 contiki-OrisenStamp.a(sensors.o)
 .vfp11_veneer  0x00407ec4        0x0 contiki-OrisenStamp.a(RTC.o)
 .vfp11_veneer  0x00407ec4        0x0 contiki-OrisenStamp.a(kbi_events.o)
 .vfp11_veneer  0x00407ec4        0x0 contiki-OrisenStamp.a(io-pins.o)
 .vfp11_veneer  0x00407ec4        0x0 contiki-OrisenStamp.a(contiki-crm.o)
 .vfp11_veneer  0x00407ec4        0x0 contiki-OrisenStamp.a(contiki-maca.o)
 .vfp11_veneer  0x00407ec4        0x0 contiki-OrisenStamp.a(contiki-misc.o)
 .vfp11_veneer  0x00407ec4        0x0 contiki-OrisenStamp.a(leds.o)
 .vfp11_veneer  0x00407ec4        0x0 contiki-OrisenStamp.a(contiki-uart.o)
 .vfp11_veneer  0x00407ec4        0x0 contiki-OrisenStamp.a(dbg-printf.o)
 .vfp11_veneer  0x00407ec4        0x0 contiki-OrisenStamp.a(strformat.o)
 .vfp11_veneer  0x00407ec4        0x0 contiki-OrisenStamp.a(adc.o)
 .vfp11_veneer  0x00407ec4        0x0 contiki-OrisenStamp.a(gpio.o)
 .vfp11_veneer  0x00407ec4        0x0 contiki-OrisenStamp.a(gpio-util.o)
 .vfp11_veneer  0x00407ec4        0x0 contiki-OrisenStamp.a(i2c.o)
 .vfp11_veneer  0x00407ec4        0x0 contiki-OrisenStamp.a(maca.o)
 .vfp11_veneer  0x00407ec4        0x0 contiki-OrisenStamp.a(nvm.o)
 .vfp11_veneer  0x00407ec4        0x0 contiki-OrisenStamp.a(uart1.o)
 .vfp11_veneer  0x00407ec4        0x0 contiki-OrisenStamp.a(default_lowleve)
 .vfp11_veneer  0x00407ec4        0x0 contiki-OrisenStamp.a(isr.o)
 .vfp11_veneer  0x00407ec4        0x0 contiki-OrisenStamp.a(frame802154.o)
 .vfp11_veneer  0x00407ec4        0x0 contiki-OrisenStamp.a(timer.o)
 .vfp11_veneer  0x00407ec4        0x0 contiki-OrisenStamp.a(debug-uart.o)
 .vfp11_veneer  0x00407ec4        0x0 contiki-OrisenStamp.a(leds-arch.o)
 .vfp11_veneer  0x00407ec4        0x0 contiki-OrisenStamp.a(uart2.o)
 .vfp11_veneer  0x00407ec4        0x0 /home/user/CodeSourcery/Sourcery_G++_Lite/bin/../lib/gcc/arm-none-eabi/4.3.2/libgcc.a(_udivsi3.o)
 .vfp11_veneer  0x00407ec4        0x0 /home/user/CodeSourcery/Sourcery_G++_Lite/bin/../lib/gcc/arm-none-eabi/4.3.2/libgcc.a(_divsi3.o)
 .vfp11_veneer  0x00407ec4        0x0 /home/user/CodeSourcery/Sourcery_G++_Lite/bin/../lib/gcc/arm-none-eabi/4.3.2/libgcc.a(_dvmd_tls.o)
 .vfp11_veneer  0x00407ec4        0x0 /home/user/CodeSourcery/Sourcery_G++_Lite/bin/../lib/gcc/arm-none-eabi/4.3.2/libgcc.a(_aeabi_uldivmod.o)
 .vfp11_veneer  0x00407ec4        0x0 /home/user/CodeSourcery/Sourcery_G++_Lite/bin/../lib/gcc/arm-none-eabi/4.3.2/libgcc.a(bpabi.o)
 .vfp11_veneer  0x00407ec4        0x0 /home/user/CodeSourcery/Sourcery_G++_Lite/bin/../lib/gcc/arm-none-eabi/4.3.2/libgcc.a(_divdi3.o)
 .vfp11_veneer  0x00407ec4        0x0 /home/user/CodeSourcery/Sourcery_G++_Lite/bin/../lib/gcc/arm-none-eabi/4.3.2/libgcc.a(_udivdi3.o)
 .vfp11_veneer  0x00407ec4        0x0 /home/user/CodeSourcery/Sourcery_G++_Lite/bin/../lib/gcc/arm-none-eabi/4.3.2/libgcc.a(_clz.o)
 .vfp11_veneer  0x00407ec4        0x0 /home/user/CodeSourcery/Sourcery_G++_Lite/bin/../lib/gcc/arm-none-eabi/4.3.2/../../../../arm-none-eabi/lib/libc.a(lib_a-memcmp.o)
 .vfp11_veneer  0x00407ec4        0x0 /home/user/CodeSourcery/Sourcery_G++_Lite/bin/../lib/gcc/arm-none-eabi/4.3.2/../../../../arm-none-eabi/lib/libc.a(lib_a-memcpy.o)
 .vfp11_veneer  0x00407ec4        0x0 /home/user/CodeSourcery/Sourcery_G++_Lite/bin/../lib/gcc/arm-none-eabi/4.3.2/../../../../arm-none-eabi/lib/libc.a(lib_a-memset.o)
 .vfp11_veneer  0x00407ec4        0x0 /home/user/CodeSourcery/Sourcery_G++_Lite/bin/../lib/gcc/arm-none-eabi/4.3.2/../../../../arm-none-eabi/lib/libc.a(lib_a-strlen.o)
 .vfp11_veneer  0x00407ec4        0x0 /home/user/CodeSourcery/Sourcery_G++_Lite/bin/../lib/gcc/arm-none-eabi/4.3.2/../../../../arm-none-eabi/lib/libc.a(lib_a-strncmp.o)
 *(.v4_bx)
 .v4_bx         0x00407ec4        0x0 DataRecieve.co
 .v4_bx         0x00407ec4        0x0 obj_OrisenStamp/contiki-stamp-main.o
 .v4_bx         0x00407ec4        0x0 obj_OrisenStamp/start.o
 .v4_bx         0x00407ec4        0x0 contiki-OrisenStamp.a(rimeaddr.o)
 .v4_bx         0x00407ec4        0x0 contiki-OrisenStamp.a(rime.o)
 .v4_bx         0x00407ec4        0x0 contiki-OrisenStamp.a(rimestats.o)
 .v4_bx         0x00407ec4        0x0 contiki-OrisenStamp.a(announcement.o)
 .v4_bx         0x00407ec4        0x0 contiki-OrisenStamp.a(broadcast-annou)
 .v4_bx         0x00407ec4        0x0 contiki-OrisenStamp.a(broadcast.o)
 .v4_bx         0x00407ec4        0x0 contiki-OrisenStamp.a(abc.o)
 .v4_bx         0x00407ec4        0x0 contiki-OrisenStamp.a(chameleon.o)
 .v4_bx         0x00407ec4        0x0 contiki-OrisenStamp.a(channel.o)
 .v4_bx         0x00407ec4        0x0 contiki-OrisenStamp.a(chameleon-bitop)
 .v4_bx         0x00407ec4        0x0 contiki-OrisenStamp.a(nullrdc.o)
 .v4_bx         0x00407ec4        0x0 contiki-OrisenStamp.a(mac.o)
 .v4_bx         0x00407ec4        0x0 contiki-OrisenStamp.a(framer-802154.o)
 .v4_bx         0x00407ec4        0x0 contiki-OrisenStamp.a(csma.o)
 .v4_bx         0x00407ec4        0x0 contiki-OrisenStamp.a(process.o)
 .v4_bx         0x00407ec4        0x0 contiki-OrisenStamp.a(autostart.o)
 .v4_bx         0x00407ec4        0x0 contiki-OrisenStamp.a(serial-line.o)
 .v4_bx         0x00407ec4        0x0 contiki-OrisenStamp.a(memb.o)
 .v4_bx         0x00407ec4        0x0 contiki-OrisenStamp.a(list.o)
 .v4_bx         0x00407ec4        0x0 contiki-OrisenStamp.a(etimer.o)
 .v4_bx         0x00407ec4        0x0 contiki-OrisenStamp.a(ctimer.o)
 .v4_bx         0x00407ec4        0x0 contiki-OrisenStamp.a(random.o)
 .v4_bx         0x00407ec4        0x0 contiki-OrisenStamp.a(ringbuf.o)
 .v4_bx         0x00407ec4        0x0 contiki-OrisenStamp.a(packetbuf.o)
 .v4_bx         0x00407ec4        0x0 contiki-OrisenStamp.a(queuebuf.o)
 .v4_bx         0x00407ec4        0x0 contiki-OrisenStamp.a(clock.o)
 .v4_bx         0x00407ec4        0x0 contiki-OrisenStamp.a(button-sensor.o)
 .v4_bx         0x00407ec4        0x0 contiki-OrisenStamp.a(sensors.o)
 .v4_bx         0x00407ec4        0x0 contiki-OrisenStamp.a(RTC.o)
 .v4_bx         0x00407ec4        0x0 contiki-OrisenStamp.a(kbi_events.o)
 .v4_bx         0x00407ec4        0x0 contiki-OrisenStamp.a(io-pins.o)
 .v4_bx         0x00407ec4        0x0 contiki-OrisenStamp.a(contiki-crm.o)
 .v4_bx         0x00407ec4        0x0 contiki-OrisenStamp.a(contiki-maca.o)
 .v4_bx         0x00407ec4        0x0 contiki-OrisenStamp.a(contiki-misc.o)
 .v4_bx         0x00407ec4        0x0 contiki-OrisenStamp.a(leds.o)
 .v4_bx         0x00407ec4        0x0 contiki-OrisenStamp.a(contiki-uart.o)
 .v4_bx         0x00407ec4        0x0 contiki-OrisenStamp.a(dbg-printf.o)
 .v4_bx         0x00407ec4        0x0 contiki-OrisenStamp.a(strformat.o)
 .v4_bx         0x00407ec4        0x0 contiki-OrisenStamp.a(adc.o)
 .v4_bx         0x00407ec4        0x0 contiki-OrisenStamp.a(gpio.o)
 .v4_bx         0x00407ec4        0x0 contiki-OrisenStamp.a(gpio-util.o)
 .v4_bx         0x00407ec4        0x0 contiki-OrisenStamp.a(i2c.o)
 .v4_bx         0x00407ec4        0x0 contiki-OrisenStamp.a(maca.o)
 .v4_bx         0x00407ec4        0x0 contiki-OrisenStamp.a(nvm.o)
 .v4_bx         0x00407ec4        0x0 contiki-OrisenStamp.a(uart1.o)
 .v4_bx         0x00407ec4        0x0 contiki-OrisenStamp.a(default_lowleve)
 .v4_bx         0x00407ec4        0x0 contiki-OrisenStamp.a(isr.o)
 .v4_bx         0x00407ec4        0x0 contiki-OrisenStamp.a(frame802154.o)
 .v4_bx         0x00407ec4        0x0 contiki-OrisenStamp.a(timer.o)
 .v4_bx         0x00407ec4        0x0 contiki-OrisenStamp.a(debug-uart.o)
 .v4_bx         0x00407ec4        0x0 contiki-OrisenStamp.a(leds-arch.o)
 .v4_bx         0x00407ec4        0x0 contiki-OrisenStamp.a(uart2.o)
 .v4_bx         0x00407ec4        0x0 /home/user/CodeSourcery/Sourcery_G++_Lite/bin/../lib/gcc/arm-none-eabi/4.3.2/libgcc.a(_udivsi3.o)
 .v4_bx         0x00407ec4        0x0 /home/user/CodeSourcery/Sourcery_G++_Lite/bin/../lib/gcc/arm-none-eabi/4.3.2/libgcc.a(_divsi3.o)
 .v4_bx         0x00407ec4        0x0 /home/user/CodeSourcery/Sourcery_G++_Lite/bin/../lib/gcc/arm-none-eabi/4.3.2/libgcc.a(_dvmd_tls.o)
 .v4_bx         0x00407ec4        0x0 /home/user/CodeSourcery/Sourcery_G++_Lite/bin/../lib/gcc/arm-none-eabi/4.3.2/libgcc.a(_aeabi_uldivmod.o)
 .v4_bx         0x00407ec4        0x0 /home/user/CodeSourcery/Sourcery_G++_Lite/bin/../lib/gcc/arm-none-eabi/4.3.2/libgcc.a(bpabi.o)
 .v4_bx         0x00407ec4        0x0 /home/user/CodeSourcery/Sourcery_G++_Lite/bin/../lib/gcc/arm-none-eabi/4.3.2/libgcc.a(_divdi3.o)
 .v4_bx         0x00407ec4        0x0 /home/user/CodeSourcery/Sourcery_G++_Lite/bin/../lib/gcc/arm-none-eabi/4.3.2/libgcc.a(_udivdi3.o)
 .v4_bx         0x00407ec4        0x0 /home/user/CodeSourcery/Sourcery_G++_Lite/bin/../lib/gcc/arm-none-eabi/4.3.2/libgcc.a(_clz.o)
 .v4_bx         0x00407ec4        0x0 /home/user/CodeSourcery/Sourcery_G++_Lite/bin/../lib/gcc/arm-none-eabi/4.3.2/../../../../arm-none-eabi/lib/libc.a(lib_a-memcmp.o)
 .v4_bx         0x00407ec4        0x0 /home/user/CodeSourcery/Sourcery_G++_Lite/bin/../lib/gcc/arm-none-eabi/4.3.2/../../../../arm-none-eabi/lib/libc.a(lib_a-memcpy.o)
 .v4_bx         0x00407ec4        0x0 /home/user/CodeSourcery/Sourcery_G++_Lite/bin/../lib/gcc/arm-none-eabi/4.3.2/../../../../arm-none-eabi/lib/libc.a(lib_a-memset.o)
 .v4_bx         0x00407ec4        0x0 /home/user/CodeSourcery/Sourcery_G++_Lite/bin/../lib/gcc/arm-none-eabi/4.3.2/../../../../arm-none-eabi/lib/libc.a(lib_a-strlen.o)
 .v4_bx         0x00407ec4        0x0 /home/user/CodeSourcery/Sourcery_G++_Lite/bin/../lib/gcc/arm-none-eabi/4.3.2/../../../../arm-none-eabi/lib/libc.a(lib_a-strncmp.o)

.janus_2cc_veneer
                0x00407ec4        0x0
 .janus_2cc_veneer
                0x00407ec4        0x0 DataRecieve.co
 .janus_2cc_veneer
                0x00407ec4        0x0 obj_OrisenStamp/contiki-stamp-main.o
 .janus_2cc_veneer
                0x00407ec4        0x0 obj_OrisenStamp/start.o
 .janus_2cc_veneer
                0x00407ec4        0x0 contiki-OrisenStamp.a(rimeaddr.o)
 .janus_2cc_veneer
                0x00407ec4        0x0 contiki-OrisenStamp.a(rime.o)
 .janus_2cc_veneer
                0x00407ec4        0x0 contiki-OrisenStamp.a(rimestats.o)
 .janus_2cc_veneer
                0x00407ec4        0x0 contiki-OrisenStamp.a(announcement.o)
 .janus_2cc_veneer
                0x00407ec4        0x0 contiki-OrisenStamp.a(broadcast-annou)
 .janus_2cc_veneer
                0x00407ec4        0x0 contiki-OrisenStamp.a(broadcast.o)
 .janus_2cc_veneer
                0x00407ec4        0x0 contiki-OrisenStamp.a(abc.o)
 .janus_2cc_veneer
                0x00407ec4        0x0 contiki-OrisenStamp.a(chameleon.o)
 .janus_2cc_veneer
                0x00407ec4        0x0 contiki-OrisenStamp.a(channel.o)
 .janus_2cc_veneer
                0x00407ec4        0x0 contiki-OrisenStamp.a(chameleon-bitop)
 .janus_2cc_veneer
                0x00407ec4        0x0 contiki-OrisenStamp.a(nullrdc.o)
 .janus_2cc_veneer
                0x00407ec4        0x0 contiki-OrisenStamp.a(mac.o)
 .janus_2cc_veneer
                0x00407ec4        0x0 contiki-OrisenStamp.a(framer-802154.o)
 .janus_2cc_veneer
                0x00407ec4        0x0 contiki-OrisenStamp.a(csma.o)
 .janus_2cc_veneer
                0x00407ec4        0x0 contiki-OrisenStamp.a(process.o)
 .janus_2cc_veneer
                0x00407ec4        0x0 contiki-OrisenStamp.a(autostart.o)
 .janus_2cc_veneer
                0x00407ec4        0x0 contiki-OrisenStamp.a(serial-line.o)
 .janus_2cc_veneer
                0x00407ec4        0x0 contiki-OrisenStamp.a(memb.o)
 .janus_2cc_veneer
                0x00407ec4        0x0 contiki-OrisenStamp.a(list.o)
 .janus_2cc_veneer
                0x00407ec4        0x0 contiki-OrisenStamp.a(etimer.o)
 .janus_2cc_veneer
                0x00407ec4        0x0 contiki-OrisenStamp.a(ctimer.o)
 .janus_2cc_veneer
                0x00407ec4        0x0 contiki-OrisenStamp.a(random.o)
 .janus_2cc_veneer
                0x00407ec4        0x0 contiki-OrisenStamp.a(ringbuf.o)
 .janus_2cc_veneer
                0x00407ec4        0x0 contiki-OrisenStamp.a(packetbuf.o)
 .janus_2cc_veneer
                0x00407ec4        0x0 contiki-OrisenStamp.a(queuebuf.o)
 .janus_2cc_veneer
                0x00407ec4        0x0 contiki-OrisenStamp.a(clock.o)
 .janus_2cc_veneer
                0x00407ec4        0x0 contiki-OrisenStamp.a(button-sensor.o)
 .janus_2cc_veneer
                0x00407ec4        0x0 contiki-OrisenStamp.a(sensors.o)
 .janus_2cc_veneer
                0x00407ec4        0x0 contiki-OrisenStamp.a(RTC.o)
 .janus_2cc_veneer
                0x00407ec4        0x0 contiki-OrisenStamp.a(kbi_events.o)
 .janus_2cc_veneer
                0x00407ec4        0x0 contiki-OrisenStamp.a(io-pins.o)
 .janus_2cc_veneer
                0x00407ec4        0x0 contiki-OrisenStamp.a(contiki-crm.o)
 .janus_2cc_veneer
                0x00407ec4        0x0 contiki-OrisenStamp.a(contiki-maca.o)
 .janus_2cc_veneer
                0x00407ec4        0x0 contiki-OrisenStamp.a(contiki-misc.o)
 .janus_2cc_veneer
                0x00407ec4        0x0 contiki-OrisenStamp.a(leds.o)
 .janus_2cc_veneer
                0x00407ec4        0x0 contiki-OrisenStamp.a(contiki-uart.o)
 .janus_2cc_veneer
                0x00407ec4        0x0 contiki-OrisenStamp.a(dbg-printf.o)
 .janus_2cc_veneer
                0x00407ec4        0x0 contiki-OrisenStamp.a(strformat.o)
 .janus_2cc_veneer
                0x00407ec4        0x0 contiki-OrisenStamp.a(adc.o)
 .janus_2cc_veneer
                0x00407ec4        0x0 contiki-OrisenStamp.a(gpio.o)
 .janus_2cc_veneer
                0x00407ec4        0x0 contiki-OrisenStamp.a(gpio-util.o)
 .janus_2cc_veneer
                0x00407ec4        0x0 contiki-OrisenStamp.a(i2c.o)
 .janus_2cc_veneer
                0x00407ec4        0x0 contiki-OrisenStamp.a(maca.o)
 .janus_2cc_veneer
                0x00407ec4        0x0 contiki-OrisenStamp.a(nvm.o)
 .janus_2cc_veneer
                0x00407ec4        0x0 contiki-OrisenStamp.a(uart1.o)
 .janus_2cc_veneer
                0x00407ec4        0x0 contiki-OrisenStamp.a(default_lowleve)
 .janus_2cc_veneer
                0x00407ec4        0x0 contiki-OrisenStamp.a(isr.o)
 .janus_2cc_veneer
                0x00407ec4        0x0 contiki-OrisenStamp.a(frame802154.o)
 .janus_2cc_veneer
                0x00407ec4        0x0 contiki-OrisenStamp.a(timer.o)
 .janus_2cc_veneer
                0x00407ec4        0x0 contiki-OrisenStamp.a(debug-uart.o)
 .janus_2cc_veneer
                0x00407ec4        0x0 contiki-OrisenStamp.a(leds-arch.o)
 .janus_2cc_veneer
                0x00407ec4        0x0 contiki-OrisenStamp.a(uart2.o)
 .janus_2cc_veneer
                0x00407ec4        0x0 /home/user/CodeSourcery/Sourcery_G++_Lite/bin/../lib/gcc/arm-none-eabi/4.3.2/libgcc.a(_udivsi3.o)
 .janus_2cc_veneer
                0x00407ec4        0x0 /home/user/CodeSourcery/Sourcery_G++_Lite/bin/../lib/gcc/arm-none-eabi/4.3.2/libgcc.a(_divsi3.o)
 .janus_2cc_veneer
                0x00407ec4        0x0 /home/user/CodeSourcery/Sourcery_G++_Lite/bin/../lib/gcc/arm-none-eabi/4.3.2/libgcc.a(_dvmd_tls.o)
 .janus_2cc_veneer
                0x00407ec4        0x0 /home/user/CodeSourcery/Sourcery_G++_Lite/bin/../lib/gcc/arm-none-eabi/4.3.2/libgcc.a(_aeabi_uldivmod.o)
 .janus_2cc_veneer
                0x00407ec4        0x0 /home/user/CodeSourcery/Sourcery_G++_Lite/bin/../lib/gcc/arm-none-eabi/4.3.2/libgcc.a(bpabi.o)
 .janus_2cc_veneer
                0x00407ec4        0x0 /home/user/CodeSourcery/Sourcery_G++_Lite/bin/../lib/gcc/arm-none-eabi/4.3.2/libgcc.a(_divdi3.o)
 .janus_2cc_veneer
                0x00407ec4        0x0 /home/user/CodeSourcery/Sourcery_G++_Lite/bin/../lib/gcc/arm-none-eabi/4.3.2/libgcc.a(_udivdi3.o)
 .janus_2cc_veneer
                0x00407ec4        0x0 /home/user/CodeSourcery/Sourcery_G++_Lite/bin/../lib/gcc/arm-none-eabi/4.3.2/libgcc.a(_clz.o)
 .janus_2cc_veneer
                0x00407ec4        0x0 /home/user/CodeSourcery/Sourcery_G++_Lite/bin/../lib/gcc/arm-none-eabi/4.3.2/../../../../arm-none-eabi/lib/libc.a(lib_a-memcmp.o)
 .janus_2cc_veneer
                0x00407ec4        0x0 /home/user/CodeSourcery/Sourcery_G++_Lite/bin/../lib/gcc/arm-none-eabi/4.3.2/../../../../arm-none-eabi/lib/libc.a(lib_a-memcpy.o)
 .janus_2cc_veneer
                0x00407ec4        0x0 /home/user/CodeSourcery/Sourcery_G++_Lite/bin/../lib/gcc/arm-none-eabi/4.3.2/../../../../arm-none-eabi/lib/libc.a(lib_a-memset.o)
 .janus_2cc_veneer
                0x00407ec4        0x0 /home/user/CodeSourcery/Sourcery_G++_Lite/bin/../lib/gcc/arm-none-eabi/4.3.2/../../../../arm-none-eabi/lib/libc.a(lib_a-strlen.o)
 .janus_2cc_veneer
                0x00407ec4        0x0 /home/user/CodeSourcery/Sourcery_G++_Lite/bin/../lib/gcc/arm-none-eabi/4.3.2/../../../../arm-none-eabi/lib/libc.a(lib_a-strncmp.o)

.interp
 *(.interp)

.note.gnu.build-id
 *(.note.gnu.build-id)

.hash
 *(.hash)

.gnu.hash
 *(.gnu.hash)

.dynsym
 *(.dynsym)

.dynstr
 *(.dynstr)

.gnu.version
 *(.gnu.version)

.gnu.version_d
 *(.gnu.version_d)

.gnu.version_r
 *(.gnu.version_r)

.rel.dyn
 *(.rel.init)
 *(.rel.text .rel.text.* .rel.gnu.linkonce.t.*)
 *(.rel.fini)
 *(.rel.rodata .rel.rodata.* .rel.gnu.linkonce.r.*)
 *(.rel.data.rel.ro* .rel.gnu.linkonce.d.rel.ro.*)
 *(.rel.data .rel.data.* .rel.gnu.linkonce.d.*)
 *(.rel.tdata .rel.tdata.* .rel.gnu.linkonce.td.*)
 *(.rel.tbss .rel.tbss.* .rel.gnu.linkonce.tb.*)
 *(.rel.ctors)
 *(.rel.dtors)
 *(.rel.got)
 *(.rel.bss .rel.bss.* .rel.gnu.linkonce.b.*)

.rela.dyn
 *(.rela.init)
 *(.rela.text .rela.text.* .rela.gnu.linkonce.t.*)
 *(.rela.fini)
 *(.rela.rodata .rela.rodata.* .rela.gnu.linkonce.r.*)
 *(.rela.data .rela.data.* .rela.gnu.linkonce.d.*)
 *(.rela.tdata .rela.tdata.* .rela.gnu.linkonce.td.*)
 *(.rela.tbss .rela.tbss.* .rela.gnu.linkonce.tb.*)
 *(.rela.ctors)
 *(.rela.dtors)
 *(.rela.got)
 *(.rela.bss .rela.bss.* .rela.gnu.linkonce.b.*)

.rel.plt
 *(.rel.plt)

.rela.plt
 *(.rela.plt)

.init
 *(.init)

.plt
 *(.plt)

.fini
 *(.fini)
                0x00407ec4                PROVIDE (__etext, .)
                0x00407ec4                PROVIDE (_etext, .)
                0x00407ec4                PROVIDE (etext, .)

.rodata         0x00407ec4      0x7c4
 *(.rodata .rodata.* .gnu.linkonce.r.*)
 .rodata.abc_call
                0x00407ec4        0x8 DataRecieve.co
 .rodata.autostart_processes
                0x00407ecc        0x8 DataRecieve.co
                0x00407ecc                autostart_processes
 .rodata.str1.1
                0x00407ed4        0xf DataRecieve.co
 .rodata.str1.1
                0x00407ee3       0xed obj_OrisenStamp/contiki-stamp-main.o
                                 0xf0 (size before relaxing)
 .rodata.addr_ff
                0x00407fd0        0x8 obj_OrisenStamp/contiki-stamp-main.o
                0x00407fd0                addr_ff
 .rodata.rimeaddr_null
                0x00407fd8        0x8 contiki-OrisenStamp.a(rimeaddr.o)
                0x00407fd8                rimeaddr_null
 .rodata.str1.1
                0x00407fe0        0x5 contiki-OrisenStamp.a(rime.o)
 *fill*         0x00407fe5        0x3 00
 .rodata.rime_driver
                0x00407fe8        0xc contiki-OrisenStamp.a(rime.o)
                0x00407fe8                rime_driver
 .rodata.broadcast_callbacks
                0x00407ff4        0x8 contiki-OrisenStamp.a(broadcast-annou)
 .rodata.attributes
                0x00407ffc        0x4 contiki-OrisenStamp.a(broadcast.o)
 .rodata.broadcast
                0x00408000        0x8 contiki-OrisenStamp.a(broadcast.o)
 .rodata.attributes
                0x00408008        0x2 contiki-OrisenStamp.a(abc.o)
 *fill*         0x0040800a        0x2 00
 .rodata.chameleon_bitopt
                0x0040800c        0xc contiki-OrisenStamp.a(chameleon-bitop)
                0x0040800c                chameleon_bitopt
 .rodata.bitmask
                0x00408018        0x9 contiki-OrisenStamp.a(chameleon-bitop)
 .rodata.str1.1
                0x00408021        0x8 contiki-OrisenStamp.a(nullrdc.o)
 *fill*         0x00408029        0x3 00
 .rodata.nullrdc_driver
                0x0040802c       0x20 contiki-OrisenStamp.a(nullrdc.o)
                0x0040802c                nullrdc_driver
 .rodata.framer_802154
                0x0040804c        0x8 contiki-OrisenStamp.a(framer-802154.o)
                0x0040804c                framer_802154
 .rodata.str1.1
                0x00408054        0x5 contiki-OrisenStamp.a(csma.o)
 *fill*         0x00408059        0x3 00
 .rodata.csma_driver
                0x0040805c       0x1c contiki-OrisenStamp.a(csma.o)
                0x0040805c                csma_driver
 .rodata.str1.1
                0x00408078        0xe contiki-OrisenStamp.a(serial-line.o)
 .rodata.str1.1
                0x00408086        0xc contiki-OrisenStamp.a(etimer.o)
 .rodata.str1.1
                0x00408092        0xf contiki-OrisenStamp.a(ctimer.o)
 *fill*         0x004080a1        0x3 00
 .rodata.packetbuf
                0x004080a4        0x4 contiki-OrisenStamp.a(packetbuf.o)
 .rodata.str1.1
                0x004080a8        0x7 contiki-OrisenStamp.a(button-sensor.o)
 *fill*         0x004080af        0x1 00
 .rodata.button_sensor
                0x004080b0       0x10 contiki-OrisenStamp.a(button-sensor.o)
                0x004080b0                button_sensor
 .rodata.str1.1
                0x004080c0        0x8 contiki-OrisenStamp.a(sensors.o)
 .rodata.C.13.4643
                0x004080c8        0x2 contiki-OrisenStamp.a(RTC.o)
 .rodata.str1.1
                0x004080ca        0xc contiki-OrisenStamp.a(RTC.o)
 .rodata.str1.1
                0x004080d6       0x1a contiki-OrisenStamp.a(kbi_events.o)
 .rodata.ioPins_configurePin
                0x004080f0       0x40 contiki-OrisenStamp.a(io-pins.o)
 .rodata.initialSettings
                0x00408130       0x50 contiki-OrisenStamp.a(io-pins.o)
 .rodata.str1.1
                0x00408180        0xd contiki-OrisenStamp.a(contiki-maca.o)
 *fill*         0x0040818d        0x3 00
 .rodata.contiki_maca_driver
                0x00408190       0x28 contiki-OrisenStamp.a(contiki-maca.o)
                0x00408190                contiki_maca_driver
 .rodata.buffer.1350
                0x004081b8       0x10 contiki-OrisenStamp.a(strformat.o)
 .rodata.str1.1
                0x004081c8       0x35 contiki-OrisenStamp.a(strformat.o)
                                 0x37 (size before relaxing)
 .rodata.buffer.1364
                0x004081fd       0x10 contiki-OrisenStamp.a(strformat.o)
 .rodata.str1.1
                0x0040820d       0x41 contiki-OrisenStamp.a(i2c.o)
 *fill*         0x0040824e        0x2 00
 .rodata.decode_status
                0x00408250       0x3c contiki-OrisenStamp.a(maca.o)
 .rodata.addr_cal5
                0x0040828c       0x10 contiki-OrisenStamp.a(maca.o)
                0x0040828c                addr_cal5
 .rodata.PSMVAL
                0x0040829c       0x4c contiki-OrisenStamp.a(maca.o)
                0x0040829c                PSMVAL
 .rodata.addr_seq2
                0x004082e8        0x8 contiki-OrisenStamp.a(maca.o)
                0x004082e8                addr_seq2
 .rodata.AIMVAL
                0x004082f0       0x4c contiki-OrisenStamp.a(maca.o)
                0x004082f0                AIMVAL
 .rodata.addr_seq1
                0x0040833c        0x8 contiki-OrisenStamp.a(maca.o)
                0x0040833c                addr_seq1
 .rodata.PAVAL  0x00408344       0x4c contiki-OrisenStamp.a(maca.o)
                0x00408344                PAVAL
 .rodata.addr_cal3_seq1
                0x00408390        0xc contiki-OrisenStamp.a(maca.o)
                0x00408390                addr_cal3_seq1
 .rodata.addr_cal3_seq3
                0x0040839c        0x4 contiki-OrisenStamp.a(maca.o)
                0x0040839c                addr_cal3_seq3
 .rodata.data_reg_rep
                0x004083a0       0xac contiki-OrisenStamp.a(maca.o)
                0x004083a0                data_reg_rep
 .rodata.VCODivF
                0x0040844c       0x40 contiki-OrisenStamp.a(maca.o)
                0x0040844c                VCODivF
 .rodata.addr_cal3_seq2
                0x0040848c        0x8 contiki-OrisenStamp.a(maca.o)
                0x0040848c                addr_cal3_seq2
 .rodata.VCODivI
                0x00408494       0x10 contiki-OrisenStamp.a(maca.o)
                0x00408494                VCODivI
 .rodata.data_seq1
                0x004084a4        0x8 contiki-OrisenStamp.a(maca.o)
                0x004084a4                data_seq1
 .rodata.data_seq2
                0x004084ac        0x8 contiki-OrisenStamp.a(maca.o)
                0x004084ac                data_seq2
 .rodata.data_cal5
                0x004084b4       0x10 contiki-OrisenStamp.a(maca.o)
                0x004084b4                data_cal5
 .rodata.data_cal3_seq1
                0x004084c4        0xc contiki-OrisenStamp.a(maca.o)
                0x004084c4                data_cal3_seq1
 .rodata.addr_reg_rep
                0x004084d0       0xac contiki-OrisenStamp.a(maca.o)
                0x004084d0                addr_reg_rep
 .rodata.data_cal3_seq2
                0x0040857c        0x8 contiki-OrisenStamp.a(maca.o)
                0x0040857c                data_cal3_seq2
 .rodata.data_cal3_seq3
                0x00408584        0x4 contiki-OrisenStamp.a(maca.o)
                0x00408584                data_cal3_seq3
 .rodata        0x00408588      0x100 /home/user/CodeSourcery/Sourcery_G++_Lite/bin/../lib/gcc/arm-none-eabi/4.3.2/libgcc.a(_clz.o)
                0x00408588                __clz_tab

.ARM.exidx      0x00408688       0x10
 .ARM.exidx     0x00408688        0x8 /home/user/CodeSourcery/Sourcery_G++_Lite/bin/../lib/gcc/arm-none-eabi/4.3.2/libgcc.a(_divdi3.o)
 .ARM.exidx     0x00408690        0x8 /home/user/CodeSourcery/Sourcery_G++_Lite/bin/../lib/gcc/arm-none-eabi/4.3.2/libgcc.a(_udivdi3.o)

.rodata1
 *(.rodata1)

.eh_frame_hdr
 *(.eh_frame_hdr)

.eh_frame
 *(.eh_frame)

.gcc_except_table
 *(.gcc_except_table .gcc_except_table.*)
                0x00408698                . = ALIGN (0x4)
                0x00408698                . = (0x4 DATA_SEGMENT_ALIGN 0x4)

.eh_frame
 *(.eh_frame)

.gcc_except_table
 *(.gcc_except_table .gcc_except_table.*)

.tdata
 *(.tdata .tdata.* .gnu.linkonce.td.*)

.tbss
 *(.tbss .tbss.* .gnu.linkonce.tb.*)
 *(.tcommon)

.preinit_array  0x00408698        0x0
                0x00408698                PROVIDE (__preinit_array_start, .)
 *(.preinit_array)
                0x00408698                PROVIDE (__preinit_array_end, .)

.init_array     0x00408698        0x0
                0x00408698                PROVIDE (__init_array_start, .)
 *(SORT(.init_array.*))
 *(.init_array)
                0x00408698                PROVIDE (__init_array_end, .)

.fini_array     0x00408698        0x0
                0x00408698                PROVIDE (__fini_array_start, .)
 *(.fini_array)
 *(SORT(.fini_array.*))
                0x00408698                PROVIDE (__fini_array_end, .)

.ctors
 *crtbegin.o(.ctors)
 *crtbegin?.o(.ctors)
 *(EXCLUDE_FILE(*crtend?.o *crtend.o) .ctors)
 *(SORT(.ctors.*))
 *(.ctors)

.dtors
 *crtbegin.o(.dtors)
 *crtbegin?.o(.dtors)
 *(EXCLUDE_FILE(*crtend?.o *crtend.o) .dtors)
 *(SORT(.dtors.*))
 *(.dtors)

.jcr
 *(.jcr)

.data.rel.ro
 *(.data.rel.ro.local* .gnu.linkonce.d.rel.ro.local.*)
 *(.data.rel.ro* .gnu.linkonce.d.rel.ro.*)

.dynamic
 *(.dynamic)
                0x00408698                . = (. DATA_SEGMENT_RELRO_END 0x0)

.got
 *(.got.plt)
 *(.got)

.data           0x00408698      0x110
                0x00408698                __data_start = .
 *(.data .data.* .gnu.linkonce.d.*)
 .data.example_abc_process
                0x00408698       0x10 DataRecieve.co
                0x00408698                example_abc_process
 .data.sensors  0x004086a8        0x8 obj_OrisenStamp/contiki-stamp-main.o
                0x004086a8                sensors
 .data.metadata_memb
                0x004086b0        0xc contiki-OrisenStamp.a(csma.o)
 .data.neighbor_memb
                0x004086bc        0xc contiki-OrisenStamp.a(csma.o)
 .data.packet_memb
                0x004086c8        0xc contiki-OrisenStamp.a(csma.o)
 .data.serial_line_process
                0x004086d4       0x10 contiki-OrisenStamp.a(serial-line.o)
                0x004086d4                serial_line_process
 .data.etimer_process
                0x004086e4       0x10 contiki-OrisenStamp.a(etimer.o)
                0x004086e4                etimer_process
 .data.ctimer_process
                0x004086f4       0x10 contiki-OrisenStamp.a(ctimer.o)
                0x004086f4                ctimer_process
 .data.bufmem   0x00408704        0xc contiki-OrisenStamp.a(queuebuf.o)
 .data.refbufmem
                0x00408710        0xc contiki-OrisenStamp.a(queuebuf.o)
 .data.buframmem
                0x0040871c        0xc contiki-OrisenStamp.a(queuebuf.o)
 .data.sensors_process
                0x00408728       0x10 contiki-OrisenStamp.a(sensors.o)
                0x00408728                sensors_process
 .data.RTC_process
                0x00408738       0x10 contiki-OrisenStamp.a(RTC.o)
                0x00408738                RTC_process
 .data.kbi_event_process
                0x00408748       0x10 contiki-OrisenStamp.a(kbi_events.o)
                0x00408748                kbi_event_process
 .data.contiki_maca_process
                0x00408758       0x10 contiki-OrisenStamp.a(contiki-maca.o)
                0x00408758                contiki_maca_process
 .data.ctxt     0x00408768        0x8 contiki-OrisenStamp.a(dbg-printf.o)
 .data.prm_mode
                0x00408770        0x1 contiki-OrisenStamp.a(maca.o)